running egg_info
creating ../build/serializer_nodes_demo/serializer_nodes_demo.egg-info
writing ../build/serializer_nodes_demo/serializer_nodes_demo.egg-info/PKG-INFO
writing dependency_links to ../build/serializer_nodes_demo/serializer_nodes_demo.egg-info/dependency_links.txt
writing entry points to ../build/serializer_nodes_demo/serializer_nodes_demo.egg-info/entry_points.txt
writing requirements to ../build/serializer_nodes_demo/serializer_nodes_demo.egg-info/requires.txt
writing top-level names to ../build/serializer_nodes_demo/serializer_nodes_demo.egg-info/top_level.txt
writing manifest file '../build/serializer_nodes_demo/serializer_nodes_demo.egg-info/SOURCES.txt'
reading manifest file '../build/serializer_nodes_demo/serializer_nodes_demo.egg-info/SOURCES.txt'
writing manifest file '../build/serializer_nodes_demo/serializer_nodes_demo.egg-info/SOURCES.txt'
running build
running build_py
creating /home/pi/Legacy/URC-2026/embedded_ros2_ws/src/build/serializer_nodes_demo/build
creating /home/pi/Legacy/URC-2026/embedded_ros2_ws/src/build/serializer_nodes_demo/build/lib
creating /home/pi/Legacy/URC-2026/embedded_ros2_ws/src/build/serializer_nodes_demo/build/lib/serializer_nodes_demo
copying serializer_nodes_demo/serial_demo_node_basestation.py -> /home/pi/Legacy/URC-2026/embedded_ros2_ws/src/build/serializer_nodes_demo/build/lib/serializer_nodes_demo
copying serializer_nodes_demo/__init__.py -> /home/pi/Legacy/URC-2026/embedded_ros2_ws/src/build/serializer_nodes_demo/build/lib/serializer_nodes_demo
copying serializer_nodes_demo/serial_demo_node_subscriber.py -> /home/pi/Legacy/URC-2026/embedded_ros2_ws/src/build/serializer_nodes_demo/build/lib/serializer_nodes_demo
copying serializer_nodes_demo/serial_demo_node_publisher.py -> /home/pi/Legacy/URC-2026/embedded_ros2_ws/src/build/serializer_nodes_demo/build/lib/serializer_nodes_demo
copying serializer_nodes_demo/listener_node_rover.py -> /home/pi/Legacy/URC-2026/embedded_ros2_ws/src/build/serializer_nodes_demo/build/lib/serializer_nodes_demo
running install
running install_lib
creating /home/pi/Legacy/URC-2026/embedded_ros2_ws/src/install/serializer_nodes_demo/lib/python3.10/site-packages/serializer_nodes_demo
copying /home/pi/Legacy/URC-2026/embedded_ros2_ws/src/build/serializer_nodes_demo/build/lib/serializer_nodes_demo/serial_demo_node_basestation.py -> /home/pi/Legacy/URC-2026/embedded_ros2_ws/src/install/serializer_nodes_demo/lib/python3.10/site-packages/serializer_nodes_demo
copying /home/pi/Legacy/URC-2026/embedded_ros2_ws/src/build/serializer_nodes_demo/build/lib/serializer_nodes_demo/__init__.py -> /home/pi/Legacy/URC-2026/embedded_ros2_ws/src/install/serializer_nodes_demo/lib/python3.10/site-packages/serializer_nodes_demo
copying /home/pi/Legacy/URC-2026/embedded_ros2_ws/src/build/serializer_nodes_demo/build/lib/serializer_nodes_demo/serial_demo_node_subscriber.py -> /home/pi/Legacy/URC-2026/embedded_ros2_ws/src/install/serializer_nodes_demo/lib/python3.10/site-packages/serializer_nodes_demo
copying /home/pi/Legacy/URC-2026/embedded_ros2_ws/src/build/serializer_nodes_demo/build/lib/serializer_nodes_demo/serial_demo_node_publisher.py -> /home/pi/Legacy/URC-2026/embedded_ros2_ws/src/install/serializer_nodes_demo/lib/python3.10/site-packages/serializer_nodes_demo
copying /home/pi/Legacy/URC-2026/embedded_ros2_ws/src/build/serializer_nodes_demo/build/lib/serializer_nodes_demo/listener_node_rover.py -> /home/pi/Legacy/URC-2026/embedded_ros2_ws/src/install/serializer_nodes_demo/lib/python3.10/site-packages/serializer_nodes_demo
byte-compiling /home/pi/Legacy/URC-2026/embedded_ros2_ws/src/install/serializer_nodes_demo/lib/python3.10/site-packages/serializer_nodes_demo/serial_demo_node_basestation.py to serial_demo_node_basestation.cpython-310.pyc
byte-compiling /home/pi/Legacy/URC-2026/embedded_ros2_ws/src/install/serializer_nodes_demo/lib/python3.10/site-packages/serializer_nodes_demo/__init__.py to __init__.cpython-310.pyc
byte-compiling /home/pi/Legacy/URC-2026/embedded_ros2_ws/src/install/serializer_nodes_demo/lib/python3.10/site-packages/serializer_nodes_demo/serial_demo_node_subscriber.py to serial_demo_node_subscriber.cpython-310.pyc
byte-compiling /home/pi/Legacy/URC-2026/embedded_ros2_ws/src/install/serializer_nodes_demo/lib/python3.10/site-packages/serializer_nodes_demo/serial_demo_node_publisher.py to serial_demo_node_publisher.cpython-310.pyc
byte-compiling /home/pi/Legacy/URC-2026/embedded_ros2_ws/src/install/serializer_nodes_demo/lib/python3.10/site-packages/serializer_nodes_demo/listener_node_rover.py to listener_node_rover.cpython-310.pyc
running install_data
creating /home/pi/Legacy/URC-2026/embedded_ros2_ws/src/install/serializer_nodes_demo/share/ament_index
creating /home/pi/Legacy/URC-2026/embedded_ros2_ws/src/install/serializer_nodes_demo/share/ament_index/resource_index
creating /home/pi/Legacy/URC-2026/embedded_ros2_ws/src/install/serializer_nodes_demo/share/ament_index/resource_index/packages
copying resource/serializer_nodes_demo -> /home/pi/Legacy/URC-2026/embedded_ros2_ws/src/install/serializer_nodes_demo/share/ament_index/resource_index/packages
copying package.xml -> /home/pi/Legacy/URC-2026/embedded_ros2_ws/src/install/serializer_nodes_demo/share/serializer_nodes_demo
creating /home/pi/Legacy/URC-2026/embedded_ros2_ws/src/install/serializer_nodes_demo/share/serializer_nodes_demo/launch
copying launch/telemetry_launch.yaml -> /home/pi/Legacy/URC-2026/embedded_ros2_ws/src/install/serializer_nodes_demo/share/serializer_nodes_demo/launch
running install_egg_info
Copying ../build/serializer_nodes_demo/serializer_nodes_demo.egg-info to /home/pi/Legacy/URC-2026/embedded_ros2_ws/src/install/serializer_nodes_demo/lib/python3.10/site-packages/serializer_nodes_demo-0.0.0-py3.10.egg-info
running install_scripts
Installing pub_serial_node script to /home/pi/Legacy/URC-2026/embedded_ros2_ws/src/install/serializer_nodes_demo/lib/serializer_nodes_demo
Installing sub_serial_node script to /home/pi/Legacy/URC-2026/embedded_ros2_ws/src/install/serializer_nodes_demo/lib/serializer_nodes_demo
Installing test_node script to /home/pi/Legacy/URC-2026/embedded_ros2_ws/src/install/serializer_nodes_demo/lib/serializer_nodes_demo
Installing usb_serial_node script to /home/pi/Legacy/URC-2026/embedded_ros2_ws/src/install/serializer_nodes_demo/lib/serializer_nodes_demo
writing list of installed files to '/home/pi/Legacy/URC-2026/embedded_ros2_ws/src/build/serializer_nodes_demo/install.log'
