[0.458s] DEBUG:colcon:Command line arguments: ['/usr/bin/colcon', 'build', '--packages-select', 'rover_teleop']
[0.458s] DEBUG:colcon:Parsed command line arguments: Namespace(log_base=None, log_level=None, verb_name='build', build_base='build', install_base='install', merge_install=False, symlink_install=False, test_result_base=None, continue_on_error=False, executor='parallel', parallel_workers=4, event_handlers=None, ignore_user_meta=False, metas=['./colcon.meta'], base_paths=['.'], packages_ignore=None, packages_ignore_regex=None, paths=None, packages_up_to=None, packages_up_to_regex=None, packages_above=None, packages_above_and_dependencies=None, packages_above_depth=None, packages_select_by_dep=None, packages_skip_by_dep=None, packages_skip_up_to=None, packages_select_build_failed=False, packages_skip_build_finished=False, packages_select_test_failures=False, packages_skip_test_passed=False, packages_select=['rover_teleop'], packages_skip=None, packages_select_regex=None, packages_skip_regex=None, packages_start=None, packages_end=None, allow_overriding=[], cmake_args=None, cmake_target=None, cmake_target_skip_unavailable=False, cmake_clean_cache=False, cmake_clean_first=False, cmake_force_configure=False, ament_cmake_args=None, catkin_cmake_args=None, catkin_skip_building_tests=False, verb_parser=<colcon_defaults.argument_parser.defaults.DefaultArgumentsDecorator object at 0xffffa8f18520>, verb_extension=<colcon_core.verb.build.BuildVerb object at 0xffffa9015b40>, main=<bound method BuildVerb.main of <colcon_core.verb.build.BuildVerb object at 0xffffa9015b40>>)
[1.152s] Level 1:colcon.colcon_core.package_discovery:discover_packages(colcon_meta) check parameters
[1.152s] Level 1:colcon.colcon_core.package_discovery:discover_packages(recursive) check parameters
[1.152s] Level 1:colcon.colcon_core.package_discovery:discover_packages(ignore) check parameters
[1.152s] Level 1:colcon.colcon_core.package_discovery:discover_packages(path) check parameters
[1.152s] Level 1:colcon.colcon_core.package_discovery:discover_packages(colcon_meta) discover
[1.153s] Level 1:colcon.colcon_core.package_discovery:discover_packages(recursive) discover
[1.153s] INFO:colcon.colcon_core.package_discovery:Crawling recursively for packages in '/home/pi/Legacy/URC-2026'
[1.153s] Level 1:colcon.colcon_core.package_identification:_identify(.) by extensions ['ignore', 'ignore_ament_install']
[1.154s] Level 1:colcon.colcon_core.package_identification:_identify(.) by extension 'ignore'
[1.154s] Level 1:colcon.colcon_core.package_identification:_identify(.) by extension 'ignore_ament_install'
[1.154s] Level 1:colcon.colcon_core.package_identification:_identify(.) by extensions ['colcon_pkg']
[1.154s] Level 1:colcon.colcon_core.package_identification:_identify(.) by extension 'colcon_pkg'
[1.154s] Level 1:colcon.colcon_core.package_identification:_identify(.) by extensions ['colcon_meta']
[1.154s] Level 1:colcon.colcon_core.package_identification:_identify(.) by extension 'colcon_meta'
[1.155s] Level 1:colcon.colcon_core.package_identification:_identify(.) by extensions ['ros']
[1.155s] Level 1:colcon.colcon_core.package_identification:_identify(.) by extension 'ros'
[1.204s] Level 1:colcon.colcon_core.package_identification:_identify(.) by extensions ['cmake', 'python']
[1.205s] Level 1:colcon.colcon_core.package_identification:_identify(.) by extension 'cmake'
[1.205s] Level 1:colcon.colcon_core.package_identification:_identify(.) by extension 'python'
[1.205s] Level 1:colcon.colcon_core.package_identification:_identify(.) by extensions ['python_setup_py']
[1.205s] Level 1:colcon.colcon_core.package_identification:_identify(.) by extension 'python_setup_py'
[1.205s] Level 1:colcon.colcon_core.package_identification:_identify(arm_ros2_ws) by extensions ['ignore', 'ignore_ament_install']
[1.206s] Level 1:colcon.colcon_core.package_identification:_identify(arm_ros2_ws) by extension 'ignore'
[1.206s] Level 1:colcon.colcon_core.package_identification:_identify(arm_ros2_ws) by extension 'ignore_ament_install'
[1.206s] Level 1:colcon.colcon_core.package_identification:_identify(arm_ros2_ws) by extensions ['colcon_pkg']
[1.206s] Level 1:colcon.colcon_core.package_identification:_identify(arm_ros2_ws) by extension 'colcon_pkg'
[1.207s] Level 1:colcon.colcon_core.package_identification:_identify(arm_ros2_ws) by extensions ['colcon_meta']
[1.207s] Level 1:colcon.colcon_core.package_identification:_identify(arm_ros2_ws) by extension 'colcon_meta'
[1.207s] Level 1:colcon.colcon_core.package_identification:_identify(arm_ros2_ws) by extensions ['ros']
[1.207s] Level 1:colcon.colcon_core.package_identification:_identify(arm_ros2_ws) by extension 'ros'
[1.207s] Level 1:colcon.colcon_core.package_identification:_identify(arm_ros2_ws) by extensions ['cmake', 'python']
[1.208s] Level 1:colcon.colcon_core.package_identification:_identify(arm_ros2_ws) by extension 'cmake'
[1.208s] Level 1:colcon.colcon_core.package_identification:_identify(arm_ros2_ws) by extension 'python'
[1.208s] Level 1:colcon.colcon_core.package_identification:_identify(arm_ros2_ws) by extensions ['python_setup_py']
[1.208s] Level 1:colcon.colcon_core.package_identification:_identify(arm_ros2_ws) by extension 'python_setup_py'
[1.208s] Level 1:colcon.colcon_core.package_identification:_identify(arm_ros2_ws/src) by extensions ['ignore', 'ignore_ament_install']
[1.209s] Level 1:colcon.colcon_core.package_identification:_identify(arm_ros2_ws/src) by extension 'ignore'
[1.209s] Level 1:colcon.colcon_core.package_identification:_identify(arm_ros2_ws/src) by extension 'ignore_ament_install'
[1.209s] Level 1:colcon.colcon_core.package_identification:_identify(arm_ros2_ws/src) by extensions ['colcon_pkg']
[1.209s] Level 1:colcon.colcon_core.package_identification:_identify(arm_ros2_ws/src) by extension 'colcon_pkg'
[1.209s] Level 1:colcon.colcon_core.package_identification:_identify(arm_ros2_ws/src) by extensions ['colcon_meta']
[1.209s] Level 1:colcon.colcon_core.package_identification:_identify(arm_ros2_ws/src) by extension 'colcon_meta'
[1.210s] Level 1:colcon.colcon_core.package_identification:_identify(arm_ros2_ws/src) by extensions ['ros']
[1.210s] Level 1:colcon.colcon_core.package_identification:_identify(arm_ros2_ws/src) by extension 'ros'
[1.210s] Level 1:colcon.colcon_core.package_identification:_identify(arm_ros2_ws/src) by extensions ['cmake', 'python']
[1.210s] Level 1:colcon.colcon_core.package_identification:_identify(arm_ros2_ws/src) by extension 'cmake'
[1.210s] Level 1:colcon.colcon_core.package_identification:_identify(arm_ros2_ws/src) by extension 'python'
[1.210s] Level 1:colcon.colcon_core.package_identification:_identify(arm_ros2_ws/src) by extensions ['python_setup_py']
[1.211s] Level 1:colcon.colcon_core.package_identification:_identify(arm_ros2_ws/src) by extension 'python_setup_py'
[1.211s] Level 1:colcon.colcon_core.package_identification:_identify(arm_ros2_ws/src/arm) by extensions ['ignore', 'ignore_ament_install']
[1.211s] Level 1:colcon.colcon_core.package_identification:_identify(arm_ros2_ws/src/arm) by extension 'ignore'
[1.212s] Level 1:colcon.colcon_core.package_identification:_identify(arm_ros2_ws/src/arm) by extension 'ignore_ament_install'
[1.212s] Level 1:colcon.colcon_core.package_identification:_identify(arm_ros2_ws/src/arm) by extensions ['colcon_pkg']
[1.212s] Level 1:colcon.colcon_core.package_identification:_identify(arm_ros2_ws/src/arm) by extension 'colcon_pkg'
[1.212s] Level 1:colcon.colcon_core.package_identification:_identify(arm_ros2_ws/src/arm) by extensions ['colcon_meta']
[1.212s] Level 1:colcon.colcon_core.package_identification:_identify(arm_ros2_ws/src/arm) by extension 'colcon_meta'
[1.212s] Level 1:colcon.colcon_core.package_identification:_identify(arm_ros2_ws/src/arm) by extensions ['ros']
[1.212s] Level 1:colcon.colcon_core.package_identification:_identify(arm_ros2_ws/src/arm) by extension 'ros'
[1.221s] DEBUG:colcon.colcon_core.package_identification:Package 'arm_ros2_ws/src/arm' with type 'ros.ament_cmake' and name 'arm'
[1.221s] Level 1:colcon.colcon_core.package_identification:_identify(arm_ros2_ws/src/arm_gamepad_teleop) by extensions ['ignore', 'ignore_ament_install']
[1.222s] Level 1:colcon.colcon_core.package_identification:_identify(arm_ros2_ws/src/arm_gamepad_teleop) by extension 'ignore'
[1.222s] Level 1:colcon.colcon_core.package_identification:_identify(arm_ros2_ws/src/arm_gamepad_teleop) by extension 'ignore_ament_install'
[1.222s] Level 1:colcon.colcon_core.package_identification:_identify(arm_ros2_ws/src/arm_gamepad_teleop) by extensions ['colcon_pkg']
[1.222s] Level 1:colcon.colcon_core.package_identification:_identify(arm_ros2_ws/src/arm_gamepad_teleop) by extension 'colcon_pkg'
[1.223s] Level 1:colcon.colcon_core.package_identification:_identify(arm_ros2_ws/src/arm_gamepad_teleop) by extensions ['colcon_meta']
[1.223s] Level 1:colcon.colcon_core.package_identification:_identify(arm_ros2_ws/src/arm_gamepad_teleop) by extension 'colcon_meta'
[1.223s] Level 1:colcon.colcon_core.package_identification:_identify(arm_ros2_ws/src/arm_gamepad_teleop) by extensions ['ros']
[1.223s] Level 1:colcon.colcon_core.package_identification:_identify(arm_ros2_ws/src/arm_gamepad_teleop) by extension 'ros'
[1.226s] DEBUG:colcon.colcon_core.package_identification:Package 'arm_ros2_ws/src/arm_gamepad_teleop' with type 'ros.ament_cmake' and name 'arm_gamepad_teleop'
[1.227s] Level 1:colcon.colcon_core.package_identification:_identify(arm_ros2_ws/src/arm_hardware_interface) by extensions ['ignore', 'ignore_ament_install']
[1.227s] Level 1:colcon.colcon_core.package_identification:_identify(arm_ros2_ws/src/arm_hardware_interface) by extension 'ignore'
[1.227s] Level 1:colcon.colcon_core.package_identification:_identify(arm_ros2_ws/src/arm_hardware_interface) by extension 'ignore_ament_install'
[1.228s] Level 1:colcon.colcon_core.package_identification:_identify(arm_ros2_ws/src/arm_hardware_interface) by extensions ['colcon_pkg']
[1.228s] Level 1:colcon.colcon_core.package_identification:_identify(arm_ros2_ws/src/arm_hardware_interface) by extension 'colcon_pkg'
[1.228s] Level 1:colcon.colcon_core.package_identification:_identify(arm_ros2_ws/src/arm_hardware_interface) by extensions ['colcon_meta']
[1.228s] Level 1:colcon.colcon_core.package_identification:_identify(arm_ros2_ws/src/arm_hardware_interface) by extension 'colcon_meta'
[1.228s] Level 1:colcon.colcon_core.package_identification:_identify(arm_ros2_ws/src/arm_hardware_interface) by extensions ['ros']
[1.228s] Level 1:colcon.colcon_core.package_identification:_identify(arm_ros2_ws/src/arm_hardware_interface) by extension 'ros'
[1.233s] DEBUG:colcon.colcon_core.package_identification:Package 'arm_ros2_ws/src/arm_hardware_interface' with type 'ros.ament_cmake' and name 'arm_hardware_interface'
[1.234s] Level 1:colcon.colcon_core.package_identification:_identify(arm_ros2_ws/src/arm_moveit_config) by extensions ['ignore', 'ignore_ament_install']
[1.234s] Level 1:colcon.colcon_core.package_identification:_identify(arm_ros2_ws/src/arm_moveit_config) by extension 'ignore'
[1.234s] Level 1:colcon.colcon_core.package_identification:_identify(arm_ros2_ws/src/arm_moveit_config) by extension 'ignore_ament_install'
[1.235s] Level 1:colcon.colcon_core.package_identification:_identify(arm_ros2_ws/src/arm_moveit_config) by extensions ['colcon_pkg']
[1.235s] Level 1:colcon.colcon_core.package_identification:_identify(arm_ros2_ws/src/arm_moveit_config) by extension 'colcon_pkg'
[1.235s] Level 1:colcon.colcon_core.package_identification:_identify(arm_ros2_ws/src/arm_moveit_config) by extensions ['colcon_meta']
[1.235s] Level 1:colcon.colcon_core.package_identification:_identify(arm_ros2_ws/src/arm_moveit_config) by extension 'colcon_meta'
[1.235s] Level 1:colcon.colcon_core.package_identification:_identify(arm_ros2_ws/src/arm_moveit_config) by extensions ['ros']
[1.235s] Level 1:colcon.colcon_core.package_identification:_identify(arm_ros2_ws/src/arm_moveit_config) by extension 'ros'
[1.240s] DEBUG:colcon.colcon_core.package_identification:Package 'arm_ros2_ws/src/arm_moveit_config' with type 'ros.ament_cmake' and name 'arm_moveit_config'
[1.240s] Level 1:colcon.colcon_core.package_identification:_identify(arm_ros2_ws/src/usb_cam) by extensions ['ignore', 'ignore_ament_install']
[1.241s] Level 1:colcon.colcon_core.package_identification:_identify(arm_ros2_ws/src/usb_cam) by extension 'ignore'
[1.241s] Level 1:colcon.colcon_core.package_identification:_identify(arm_ros2_ws/src/usb_cam) by extension 'ignore_ament_install'
[1.241s] Level 1:colcon.colcon_core.package_identification:_identify(arm_ros2_ws/src/usb_cam) by extensions ['colcon_pkg']
[1.241s] Level 1:colcon.colcon_core.package_identification:_identify(arm_ros2_ws/src/usb_cam) by extension 'colcon_pkg'
[1.241s] Level 1:colcon.colcon_core.package_identification:_identify(arm_ros2_ws/src/usb_cam) by extensions ['colcon_meta']
[1.242s] Level 1:colcon.colcon_core.package_identification:_identify(arm_ros2_ws/src/usb_cam) by extension 'colcon_meta'
[1.242s] Level 1:colcon.colcon_core.package_identification:_identify(arm_ros2_ws/src/usb_cam) by extensions ['ros']
[1.242s] Level 1:colcon.colcon_core.package_identification:_identify(arm_ros2_ws/src/usb_cam) by extension 'ros'
[1.242s] Level 1:colcon.colcon_core.package_identification:_identify(arm_ros2_ws/src/usb_cam) by extensions ['cmake', 'python']
[1.242s] Level 1:colcon.colcon_core.package_identification:_identify(arm_ros2_ws/src/usb_cam) by extension 'cmake'
[1.242s] Level 1:colcon.colcon_core.package_identification:_identify(arm_ros2_ws/src/usb_cam) by extension 'python'
[1.243s] Level 1:colcon.colcon_core.package_identification:_identify(arm_ros2_ws/src/usb_cam) by extensions ['python_setup_py']
[1.243s] Level 1:colcon.colcon_core.package_identification:_identify(arm_ros2_ws/src/usb_cam) by extension 'python_setup_py'
[1.243s] Level 1:colcon.colcon_core.package_identification:_identify(build) by extensions ['ignore', 'ignore_ament_install']
[1.244s] Level 1:colcon.colcon_core.package_identification:_identify(build) by extension 'ignore'
[1.244s] Level 1:colcon.colcon_core.package_identification:_identify(build) ignored
[1.244s] Level 1:colcon.colcon_core.package_identification:_identify(drive_ros2_ws) by extensions ['ignore', 'ignore_ament_install']
[1.244s] Level 1:colcon.colcon_core.package_identification:_identify(drive_ros2_ws) by extension 'ignore'
[1.245s] Level 1:colcon.colcon_core.package_identification:_identify(drive_ros2_ws) by extension 'ignore_ament_install'
[1.245s] Level 1:colcon.colcon_core.package_identification:_identify(drive_ros2_ws) by extensions ['colcon_pkg']
[1.245s] Level 1:colcon.colcon_core.package_identification:_identify(drive_ros2_ws) by extension 'colcon_pkg'
[1.245s] Level 1:colcon.colcon_core.package_identification:_identify(drive_ros2_ws) by extensions ['colcon_meta']
[1.245s] Level 1:colcon.colcon_core.package_identification:_identify(drive_ros2_ws) by extension 'colcon_meta'
[1.245s] Level 1:colcon.colcon_core.package_identification:_identify(drive_ros2_ws) by extensions ['ros']
[1.246s] Level 1:colcon.colcon_core.package_identification:_identify(drive_ros2_ws) by extension 'ros'
[1.246s] Level 1:colcon.colcon_core.package_identification:_identify(drive_ros2_ws) by extensions ['cmake', 'python']
[1.246s] Level 1:colcon.colcon_core.package_identification:_identify(drive_ros2_ws) by extension 'cmake'
[1.246s] Level 1:colcon.colcon_core.package_identification:_identify(drive_ros2_ws) by extension 'python'
[1.246s] Level 1:colcon.colcon_core.package_identification:_identify(drive_ros2_ws) by extensions ['python_setup_py']
[1.246s] Level 1:colcon.colcon_core.package_identification:_identify(drive_ros2_ws) by extension 'python_setup_py'
[1.247s] Level 1:colcon.colcon_core.package_identification:_identify(drive_ros2_ws/build) by extensions ['ignore', 'ignore_ament_install']
[1.247s] Level 1:colcon.colcon_core.package_identification:_identify(drive_ros2_ws/build) by extension 'ignore'
[1.247s] Level 1:colcon.colcon_core.package_identification:_identify(drive_ros2_ws/build) ignored
[1.248s] Level 1:colcon.colcon_core.package_identification:_identify(drive_ros2_ws/install) by extensions ['ignore', 'ignore_ament_install']
[1.248s] Level 1:colcon.colcon_core.package_identification:_identify(drive_ros2_ws/install) by extension 'ignore'
[1.248s] Level 1:colcon.colcon_core.package_identification:_identify(drive_ros2_ws/install) ignored
[1.249s] Level 1:colcon.colcon_core.package_identification:_identify(drive_ros2_ws/log) by extensions ['ignore', 'ignore_ament_install']
[1.249s] Level 1:colcon.colcon_core.package_identification:_identify(drive_ros2_ws/log) by extension 'ignore'
[1.249s] Level 1:colcon.colcon_core.package_identification:_identify(drive_ros2_ws/log) ignored
[1.249s] Level 1:colcon.colcon_core.package_identification:_identify(drive_ros2_ws/src) by extensions ['ignore', 'ignore_ament_install']
[1.250s] Level 1:colcon.colcon_core.package_identification:_identify(drive_ros2_ws/src) by extension 'ignore'
[1.250s] Level 1:colcon.colcon_core.package_identification:_identify(drive_ros2_ws/src) by extension 'ignore_ament_install'
[1.250s] Level 1:colcon.colcon_core.package_identification:_identify(drive_ros2_ws/src) by extensions ['colcon_pkg']
[1.250s] Level 1:colcon.colcon_core.package_identification:_identify(drive_ros2_ws/src) by extension 'colcon_pkg'
[1.250s] Level 1:colcon.colcon_core.package_identification:_identify(drive_ros2_ws/src) by extensions ['colcon_meta']
[1.250s] Level 1:colcon.colcon_core.package_identification:_identify(drive_ros2_ws/src) by extension 'colcon_meta'
[1.251s] Level 1:colcon.colcon_core.package_identification:_identify(drive_ros2_ws/src) by extensions ['ros']
[1.251s] Level 1:colcon.colcon_core.package_identification:_identify(drive_ros2_ws/src) by extension 'ros'
[1.251s] Level 1:colcon.colcon_core.package_identification:_identify(drive_ros2_ws/src) by extensions ['cmake', 'python']
[1.251s] Level 1:colcon.colcon_core.package_identification:_identify(drive_ros2_ws/src) by extension 'cmake'
[1.251s] Level 1:colcon.colcon_core.package_identification:_identify(drive_ros2_ws/src) by extension 'python'
[1.252s] Level 1:colcon.colcon_core.package_identification:_identify(drive_ros2_ws/src) by extensions ['python_setup_py']
[1.252s] Level 1:colcon.colcon_core.package_identification:_identify(drive_ros2_ws/src) by extension 'python_setup_py'
[1.252s] Level 1:colcon.colcon_core.package_identification:_identify(drive_ros2_ws/src/drive) by extensions ['ignore', 'ignore_ament_install']
[1.252s] Level 1:colcon.colcon_core.package_identification:_identify(drive_ros2_ws/src/drive) by extension 'ignore'
[1.253s] Level 1:colcon.colcon_core.package_identification:_identify(drive_ros2_ws/src/drive) by extension 'ignore_ament_install'
[1.253s] Level 1:colcon.colcon_core.package_identification:_identify(drive_ros2_ws/src/drive) by extensions ['colcon_pkg']
[1.253s] Level 1:colcon.colcon_core.package_identification:_identify(drive_ros2_ws/src/drive) by extension 'colcon_pkg'
[1.253s] Level 1:colcon.colcon_core.package_identification:_identify(drive_ros2_ws/src/drive) by extensions ['colcon_meta']
[1.253s] Level 1:colcon.colcon_core.package_identification:_identify(drive_ros2_ws/src/drive) by extension 'colcon_meta'
[1.253s] Level 1:colcon.colcon_core.package_identification:_identify(drive_ros2_ws/src/drive) by extensions ['ros']
[1.254s] Level 1:colcon.colcon_core.package_identification:_identify(drive_ros2_ws/src/drive) by extension 'ros'
[1.256s] DEBUG:colcon.colcon_core.package_identification:Package 'drive_ros2_ws/src/drive' with type 'ros.ament_python' and name 'drive_manager'
[1.257s] Level 1:colcon.colcon_core.package_identification:_identify(drive_ros2_ws/src/drive_teleop) by extensions ['ignore', 'ignore_ament_install']
[1.257s] Level 1:colcon.colcon_core.package_identification:_identify(drive_ros2_ws/src/drive_teleop) by extension 'ignore'
[1.257s] Level 1:colcon.colcon_core.package_identification:_identify(drive_ros2_ws/src/drive_teleop) by extension 'ignore_ament_install'
[1.257s] Level 1:colcon.colcon_core.package_identification:_identify(drive_ros2_ws/src/drive_teleop) by extensions ['colcon_pkg']
[1.257s] Level 1:colcon.colcon_core.package_identification:_identify(drive_ros2_ws/src/drive_teleop) by extension 'colcon_pkg'
[1.258s] Level 1:colcon.colcon_core.package_identification:_identify(drive_ros2_ws/src/drive_teleop) by extensions ['colcon_meta']
[1.258s] Level 1:colcon.colcon_core.package_identification:_identify(drive_ros2_ws/src/drive_teleop) by extension 'colcon_meta'
[1.258s] Level 1:colcon.colcon_core.package_identification:_identify(drive_ros2_ws/src/drive_teleop) by extensions ['ros']
[1.258s] Level 1:colcon.colcon_core.package_identification:_identify(drive_ros2_ws/src/drive_teleop) by extension 'ros'
[1.261s] DEBUG:colcon.colcon_core.package_identification:Package 'drive_ros2_ws/src/drive_teleop' with type 'ros.ament_cmake' and name 'drive_teleop'
[1.261s] Level 1:colcon.colcon_core.package_identification:_identify(embedded_ros2_ws) by extensions ['ignore', 'ignore_ament_install']
[1.262s] Level 1:colcon.colcon_core.package_identification:_identify(embedded_ros2_ws) by extension 'ignore'
[1.262s] Level 1:colcon.colcon_core.package_identification:_identify(embedded_ros2_ws) by extension 'ignore_ament_install'
[1.262s] Level 1:colcon.colcon_core.package_identification:_identify(embedded_ros2_ws) by extensions ['colcon_pkg']
[1.262s] Level 1:colcon.colcon_core.package_identification:_identify(embedded_ros2_ws) by extension 'colcon_pkg'
[1.262s] Level 1:colcon.colcon_core.package_identification:_identify(embedded_ros2_ws) by extensions ['colcon_meta']
[1.263s] Level 1:colcon.colcon_core.package_identification:_identify(embedded_ros2_ws) by extension 'colcon_meta'
[1.263s] Level 1:colcon.colcon_core.package_identification:_identify(embedded_ros2_ws) by extensions ['ros']
[1.263s] Level 1:colcon.colcon_core.package_identification:_identify(embedded_ros2_ws) by extension 'ros'
[1.263s] Level 1:colcon.colcon_core.package_identification:_identify(embedded_ros2_ws) by extensions ['cmake', 'python']
[1.263s] Level 1:colcon.colcon_core.package_identification:_identify(embedded_ros2_ws) by extension 'cmake'
[1.263s] Level 1:colcon.colcon_core.package_identification:_identify(embedded_ros2_ws) by extension 'python'
[1.264s] Level 1:colcon.colcon_core.package_identification:_identify(embedded_ros2_ws) by extensions ['python_setup_py']
[1.264s] Level 1:colcon.colcon_core.package_identification:_identify(embedded_ros2_ws) by extension 'python_setup_py'
[1.264s] Level 1:colcon.colcon_core.package_identification:_identify(embedded_ros2_ws/build) by extensions ['ignore', 'ignore_ament_install']
[1.265s] Level 1:colcon.colcon_core.package_identification:_identify(embedded_ros2_ws/build) by extension 'ignore'
[1.265s] Level 1:colcon.colcon_core.package_identification:_identify(embedded_ros2_ws/build) ignored
[1.265s] Level 1:colcon.colcon_core.package_identification:_identify(embedded_ros2_ws/install) by extensions ['ignore', 'ignore_ament_install']
[1.266s] Level 1:colcon.colcon_core.package_identification:_identify(embedded_ros2_ws/install) by extension 'ignore'
[1.266s] Level 1:colcon.colcon_core.package_identification:_identify(embedded_ros2_ws/install) ignored
[1.267s] Level 1:colcon.colcon_core.package_identification:_identify(embedded_ros2_ws/log) by extensions ['ignore', 'ignore_ament_install']
[1.268s] Level 1:colcon.colcon_core.package_identification:_identify(embedded_ros2_ws/log) by extension 'ignore'
[1.268s] Level 1:colcon.colcon_core.package_identification:_identify(embedded_ros2_ws/log) ignored
[1.268s] Level 1:colcon.colcon_core.package_identification:_identify(embedded_ros2_ws/src) by extensions ['ignore', 'ignore_ament_install']
[1.268s] Level 1:colcon.colcon_core.package_identification:_identify(embedded_ros2_ws/src) by extension 'ignore'
[1.269s] Level 1:colcon.colcon_core.package_identification:_identify(embedded_ros2_ws/src) by extension 'ignore_ament_install'
[1.269s] Level 1:colcon.colcon_core.package_identification:_identify(embedded_ros2_ws/src) by extensions ['colcon_pkg']
[1.269s] Level 1:colcon.colcon_core.package_identification:_identify(embedded_ros2_ws/src) by extension 'colcon_pkg'
[1.269s] Level 1:colcon.colcon_core.package_identification:_identify(embedded_ros2_ws/src) by extensions ['colcon_meta']
[1.269s] Level 1:colcon.colcon_core.package_identification:_identify(embedded_ros2_ws/src) by extension 'colcon_meta'
[1.269s] Level 1:colcon.colcon_core.package_identification:_identify(embedded_ros2_ws/src) by extensions ['ros']
[1.270s] Level 1:colcon.colcon_core.package_identification:_identify(embedded_ros2_ws/src) by extension 'ros'
[1.270s] Level 1:colcon.colcon_core.package_identification:_identify(embedded_ros2_ws/src) by extensions ['cmake', 'python']
[1.270s] Level 1:colcon.colcon_core.package_identification:_identify(embedded_ros2_ws/src) by extension 'cmake'
[1.270s] Level 1:colcon.colcon_core.package_identification:_identify(embedded_ros2_ws/src) by extension 'python'
[1.270s] Level 1:colcon.colcon_core.package_identification:_identify(embedded_ros2_ws/src) by extensions ['python_setup_py']
[1.270s] Level 1:colcon.colcon_core.package_identification:_identify(embedded_ros2_ws/src) by extension 'python_setup_py'
[1.271s] Level 1:colcon.colcon_core.package_identification:_identify(embedded_ros2_ws/src/cubemars) by extensions ['ignore', 'ignore_ament_install']
[1.271s] Level 1:colcon.colcon_core.package_identification:_identify(embedded_ros2_ws/src/cubemars) by extension 'ignore'
[1.271s] Level 1:colcon.colcon_core.package_identification:_identify(embedded_ros2_ws/src/cubemars) by extension 'ignore_ament_install'
[1.272s] Level 1:colcon.colcon_core.package_identification:_identify(embedded_ros2_ws/src/cubemars) by extensions ['colcon_pkg']
[1.272s] Level 1:colcon.colcon_core.package_identification:_identify(embedded_ros2_ws/src/cubemars) by extension 'colcon_pkg'
[1.272s] Level 1:colcon.colcon_core.package_identification:_identify(embedded_ros2_ws/src/cubemars) by extensions ['colcon_meta']
[1.272s] Level 1:colcon.colcon_core.package_identification:_identify(embedded_ros2_ws/src/cubemars) by extension 'colcon_meta'
[1.272s] Level 1:colcon.colcon_core.package_identification:_identify(embedded_ros2_ws/src/cubemars) by extensions ['ros']
[1.272s] Level 1:colcon.colcon_core.package_identification:_identify(embedded_ros2_ws/src/cubemars) by extension 'ros'
[1.273s] Level 1:colcon.colcon_core.package_identification:_identify(embedded_ros2_ws/src/cubemars) by extensions ['cmake', 'python']
[1.273s] Level 1:colcon.colcon_core.package_identification:_identify(embedded_ros2_ws/src/cubemars) by extension 'cmake'
[1.273s] Level 1:colcon.colcon_core.package_identification:_identify(embedded_ros2_ws/src/cubemars) by extension 'python'
[1.273s] Level 1:colcon.colcon_core.package_identification:_identify(embedded_ros2_ws/src/cubemars) by extensions ['python_setup_py']
[1.273s] Level 1:colcon.colcon_core.package_identification:_identify(embedded_ros2_ws/src/cubemars) by extension 'python_setup_py'
[1.274s] Level 1:colcon.colcon_core.package_identification:_identify(embedded_ros2_ws/src/cubemars/can_base) by extensions ['ignore', 'ignore_ament_install']
[1.274s] Level 1:colcon.colcon_core.package_identification:_identify(embedded_ros2_ws/src/cubemars/can_base) by extension 'ignore'
[1.274s] Level 1:colcon.colcon_core.package_identification:_identify(embedded_ros2_ws/src/cubemars/can_base) by extension 'ignore_ament_install'
[1.274s] Level 1:colcon.colcon_core.package_identification:_identify(embedded_ros2_ws/src/cubemars/can_base) by extensions ['colcon_pkg']
[1.274s] Level 1:colcon.colcon_core.package_identification:_identify(embedded_ros2_ws/src/cubemars/can_base) by extension 'colcon_pkg'
[1.275s] Level 1:colcon.colcon_core.package_identification:_identify(embedded_ros2_ws/src/cubemars/can_base) by extensions ['colcon_meta']
[1.275s] Level 1:colcon.colcon_core.package_identification:_identify(embedded_ros2_ws/src/cubemars/can_base) by extension 'colcon_meta'
[1.275s] Level 1:colcon.colcon_core.package_identification:_identify(embedded_ros2_ws/src/cubemars/can_base) by extensions ['ros']
[1.275s] Level 1:colcon.colcon_core.package_identification:_identify(embedded_ros2_ws/src/cubemars/can_base) by extension 'ros'
[1.275s] Level 1:colcon.colcon_core.package_identification:_identify(embedded_ros2_ws/src/cubemars/can_base) by extensions ['cmake', 'python']
[1.276s] Level 1:colcon.colcon_core.package_identification:_identify(embedded_ros2_ws/src/cubemars/can_base) by extension 'cmake'
[1.276s] Level 1:colcon.colcon_core.package_identification:_identify(embedded_ros2_ws/src/cubemars/can_base) by extension 'python'
[1.276s] Level 1:colcon.colcon_core.package_identification:_identify(embedded_ros2_ws/src/cubemars/can_base) by extensions ['python_setup_py']
[1.276s] Level 1:colcon.colcon_core.package_identification:_identify(embedded_ros2_ws/src/cubemars/can_base) by extension 'python_setup_py'
[1.277s] Level 1:colcon.colcon_core.package_identification:_identify(embedded_ros2_ws/src/cubemars/can_base/include) by extensions ['ignore', 'ignore_ament_install']
[1.277s] Level 1:colcon.colcon_core.package_identification:_identify(embedded_ros2_ws/src/cubemars/can_base/include) by extension 'ignore'
[1.277s] Level 1:colcon.colcon_core.package_identification:_identify(embedded_ros2_ws/src/cubemars/can_base/include) by extension 'ignore_ament_install'
[1.277s] Level 1:colcon.colcon_core.package_identification:_identify(embedded_ros2_ws/src/cubemars/can_base/include) by extensions ['colcon_pkg']
[1.277s] Level 1:colcon.colcon_core.package_identification:_identify(embedded_ros2_ws/src/cubemars/can_base/include) by extension 'colcon_pkg'
[1.277s] Level 1:colcon.colcon_core.package_identification:_identify(embedded_ros2_ws/src/cubemars/can_base/include) by extensions ['colcon_meta']
[1.278s] Level 1:colcon.colcon_core.package_identification:_identify(embedded_ros2_ws/src/cubemars/can_base/include) by extension 'colcon_meta'
[1.278s] Level 1:colcon.colcon_core.package_identification:_identify(embedded_ros2_ws/src/cubemars/can_base/include) by extensions ['ros']
[1.278s] Level 1:colcon.colcon_core.package_identification:_identify(embedded_ros2_ws/src/cubemars/can_base/include) by extension 'ros'
[1.278s] Level 1:colcon.colcon_core.package_identification:_identify(embedded_ros2_ws/src/cubemars/can_base/include) by extensions ['cmake', 'python']
[1.278s] Level 1:colcon.colcon_core.package_identification:_identify(embedded_ros2_ws/src/cubemars/can_base/include) by extension 'cmake'
[1.279s] Level 1:colcon.colcon_core.package_identification:_identify(embedded_ros2_ws/src/cubemars/can_base/include) by extension 'python'
[1.279s] Level 1:colcon.colcon_core.package_identification:_identify(embedded_ros2_ws/src/cubemars/can_base/include) by extensions ['python_setup_py']
[1.279s] Level 1:colcon.colcon_core.package_identification:_identify(embedded_ros2_ws/src/cubemars/can_base/include) by extension 'python_setup_py'
[1.279s] Level 1:colcon.colcon_core.package_identification:_identify(embedded_ros2_ws/src/cubemars/can_base/src) by extensions ['ignore', 'ignore_ament_install']
[1.280s] Level 1:colcon.colcon_core.package_identification:_identify(embedded_ros2_ws/src/cubemars/can_base/src) by extension 'ignore'
[1.280s] Level 1:colcon.colcon_core.package_identification:_identify(embedded_ros2_ws/src/cubemars/can_base/src) by extension 'ignore_ament_install'
[1.280s] Level 1:colcon.colcon_core.package_identification:_identify(embedded_ros2_ws/src/cubemars/can_base/src) by extensions ['colcon_pkg']
[1.280s] Level 1:colcon.colcon_core.package_identification:_identify(embedded_ros2_ws/src/cubemars/can_base/src) by extension 'colcon_pkg'
[1.280s] Level 1:colcon.colcon_core.package_identification:_identify(embedded_ros2_ws/src/cubemars/can_base/src) by extensions ['colcon_meta']
[1.280s] Level 1:colcon.colcon_core.package_identification:_identify(embedded_ros2_ws/src/cubemars/can_base/src) by extension 'colcon_meta'
[1.281s] Level 1:colcon.colcon_core.package_identification:_identify(embedded_ros2_ws/src/cubemars/can_base/src) by extensions ['ros']
[1.281s] Level 1:colcon.colcon_core.package_identification:_identify(embedded_ros2_ws/src/cubemars/can_base/src) by extension 'ros'
[1.281s] Level 1:colcon.colcon_core.package_identification:_identify(embedded_ros2_ws/src/cubemars/can_base/src) by extensions ['cmake', 'python']
[1.281s] Level 1:colcon.colcon_core.package_identification:_identify(embedded_ros2_ws/src/cubemars/can_base/src) by extension 'cmake'
[1.281s] Level 1:colcon.colcon_core.package_identification:_identify(embedded_ros2_ws/src/cubemars/can_base/src) by extension 'python'
[1.282s] Level 1:colcon.colcon_core.package_identification:_identify(embedded_ros2_ws/src/cubemars/can_base/src) by extensions ['python_setup_py']
[1.282s] Level 1:colcon.colcon_core.package_identification:_identify(embedded_ros2_ws/src/cubemars/can_base/src) by extension 'python_setup_py'
[1.282s] Level 1:colcon.colcon_core.package_identification:_identify(embedded_ros2_ws/src/cubemars/cubemars_node) by extensions ['ignore', 'ignore_ament_install']
[1.283s] Level 1:colcon.colcon_core.package_identification:_identify(embedded_ros2_ws/src/cubemars/cubemars_node) by extension 'ignore'
[1.283s] Level 1:colcon.colcon_core.package_identification:_identify(embedded_ros2_ws/src/cubemars/cubemars_node) by extension 'ignore_ament_install'
[1.283s] Level 1:colcon.colcon_core.package_identification:_identify(embedded_ros2_ws/src/cubemars/cubemars_node) by extensions ['colcon_pkg']
[1.283s] Level 1:colcon.colcon_core.package_identification:_identify(embedded_ros2_ws/src/cubemars/cubemars_node) by extension 'colcon_pkg'
[1.283s] Level 1:colcon.colcon_core.package_identification:_identify(embedded_ros2_ws/src/cubemars/cubemars_node) by extensions ['colcon_meta']
[1.283s] Level 1:colcon.colcon_core.package_identification:_identify(embedded_ros2_ws/src/cubemars/cubemars_node) by extension 'colcon_meta'
[1.284s] Level 1:colcon.colcon_core.package_identification:_identify(embedded_ros2_ws/src/cubemars/cubemars_node) by extensions ['ros']
[1.284s] Level 1:colcon.colcon_core.package_identification:_identify(embedded_ros2_ws/src/cubemars/cubemars_node) by extension 'ros'
[1.286s] DEBUG:colcon.colcon_core.package_identification:Package 'embedded_ros2_ws/src/cubemars/cubemars_node' with type 'ros.ament_cmake' and name 'cubemars_can'
[1.287s] Level 1:colcon.colcon_core.package_identification:_identify(embedded_ros2_ws/src/mock_gps) by extensions ['ignore', 'ignore_ament_install']
[1.287s] Level 1:colcon.colcon_core.package_identification:_identify(embedded_ros2_ws/src/mock_gps) by extension 'ignore'
[1.288s] Level 1:colcon.colcon_core.package_identification:_identify(embedded_ros2_ws/src/mock_gps) by extension 'ignore_ament_install'
[1.288s] Level 1:colcon.colcon_core.package_identification:_identify(embedded_ros2_ws/src/mock_gps) by extensions ['colcon_pkg']
[1.288s] Level 1:colcon.colcon_core.package_identification:_identify(embedded_ros2_ws/src/mock_gps) by extension 'colcon_pkg'
[1.288s] Level 1:colcon.colcon_core.package_identification:_identify(embedded_ros2_ws/src/mock_gps) by extensions ['colcon_meta']
[1.288s] Level 1:colcon.colcon_core.package_identification:_identify(embedded_ros2_ws/src/mock_gps) by extension 'colcon_meta'
[1.288s] Level 1:colcon.colcon_core.package_identification:_identify(embedded_ros2_ws/src/mock_gps) by extensions ['ros']
[1.289s] Level 1:colcon.colcon_core.package_identification:_identify(embedded_ros2_ws/src/mock_gps) by extension 'ros'
[1.291s] DEBUG:colcon.colcon_core.package_identification:Package 'embedded_ros2_ws/src/mock_gps' with type 'ros.ament_cmake' and name 'mock_gps'
[1.292s] Level 1:colcon.colcon_core.package_identification:_identify(embedded_ros2_ws/src/npk_sensor) by extensions ['ignore', 'ignore_ament_install']
[1.292s] Level 1:colcon.colcon_core.package_identification:_identify(embedded_ros2_ws/src/npk_sensor) by extension 'ignore'
[1.292s] Level 1:colcon.colcon_core.package_identification:_identify(embedded_ros2_ws/src/npk_sensor) by extension 'ignore_ament_install'
[1.292s] Level 1:colcon.colcon_core.package_identification:_identify(embedded_ros2_ws/src/npk_sensor) by extensions ['colcon_pkg']
[1.292s] Level 1:colcon.colcon_core.package_identification:_identify(embedded_ros2_ws/src/npk_sensor) by extension 'colcon_pkg'
[1.293s] Level 1:colcon.colcon_core.package_identification:_identify(embedded_ros2_ws/src/npk_sensor) by extensions ['colcon_meta']
[1.293s] Level 1:colcon.colcon_core.package_identification:_identify(embedded_ros2_ws/src/npk_sensor) by extension 'colcon_meta'
[1.293s] Level 1:colcon.colcon_core.package_identification:_identify(embedded_ros2_ws/src/npk_sensor) by extensions ['ros']
[1.293s] Level 1:colcon.colcon_core.package_identification:_identify(embedded_ros2_ws/src/npk_sensor) by extension 'ros'
[1.295s] DEBUG:colcon.colcon_core.package_identification:Package 'embedded_ros2_ws/src/npk_sensor' with type 'ros.ament_cmake' and name 'npk_sensor'
[1.296s] Level 1:colcon.colcon_core.package_identification:_identify(embedded_ros2_ws/src/ros_odrive) by extensions ['ignore', 'ignore_ament_install']
[1.296s] Level 1:colcon.colcon_core.package_identification:_identify(embedded_ros2_ws/src/ros_odrive) by extension 'ignore'
[1.297s] Level 1:colcon.colcon_core.package_identification:_identify(embedded_ros2_ws/src/ros_odrive) by extension 'ignore_ament_install'
[1.297s] Level 1:colcon.colcon_core.package_identification:_identify(embedded_ros2_ws/src/ros_odrive) by extensions ['colcon_pkg']
[1.297s] Level 1:colcon.colcon_core.package_identification:_identify(embedded_ros2_ws/src/ros_odrive) by extension 'colcon_pkg'
[1.297s] Level 1:colcon.colcon_core.package_identification:_identify(embedded_ros2_ws/src/ros_odrive) by extensions ['colcon_meta']
[1.297s] Level 1:colcon.colcon_core.package_identification:_identify(embedded_ros2_ws/src/ros_odrive) by extension 'colcon_meta'
[1.297s] Level 1:colcon.colcon_core.package_identification:_identify(embedded_ros2_ws/src/ros_odrive) by extensions ['ros']
[1.298s] Level 1:colcon.colcon_core.package_identification:_identify(embedded_ros2_ws/src/ros_odrive) by extension 'ros'
[1.298s] Level 1:colcon.colcon_core.package_identification:_identify(embedded_ros2_ws/src/ros_odrive) by extensions ['cmake', 'python']
[1.298s] Level 1:colcon.colcon_core.package_identification:_identify(embedded_ros2_ws/src/ros_odrive) by extension 'cmake'
[1.298s] Level 1:colcon.colcon_core.package_identification:_identify(embedded_ros2_ws/src/ros_odrive) by extension 'python'
[1.298s] Level 1:colcon.colcon_core.package_identification:_identify(embedded_ros2_ws/src/ros_odrive) by extensions ['python_setup_py']
[1.298s] Level 1:colcon.colcon_core.package_identification:_identify(embedded_ros2_ws/src/ros_odrive) by extension 'python_setup_py'
[1.299s] Level 1:colcon.colcon_core.package_identification:_identify(embedded_ros2_ws/src/ros_odrive/odrive_base) by extensions ['ignore', 'ignore_ament_install']
[1.299s] Level 1:colcon.colcon_core.package_identification:_identify(embedded_ros2_ws/src/ros_odrive/odrive_base) by extension 'ignore'
[1.300s] Level 1:colcon.colcon_core.package_identification:_identify(embedded_ros2_ws/src/ros_odrive/odrive_base) by extension 'ignore_ament_install'
[1.300s] Level 1:colcon.colcon_core.package_identification:_identify(embedded_ros2_ws/src/ros_odrive/odrive_base) by extensions ['colcon_pkg']
[1.300s] Level 1:colcon.colcon_core.package_identification:_identify(embedded_ros2_ws/src/ros_odrive/odrive_base) by extension 'colcon_pkg'
[1.300s] Level 1:colcon.colcon_core.package_identification:_identify(embedded_ros2_ws/src/ros_odrive/odrive_base) by extensions ['colcon_meta']
[1.300s] Level 1:colcon.colcon_core.package_identification:_identify(embedded_ros2_ws/src/ros_odrive/odrive_base) by extension 'colcon_meta'
[1.301s] Level 1:colcon.colcon_core.package_identification:_identify(embedded_ros2_ws/src/ros_odrive/odrive_base) by extensions ['ros']
[1.301s] Level 1:colcon.colcon_core.package_identification:_identify(embedded_ros2_ws/src/ros_odrive/odrive_base) by extension 'ros'
[1.301s] Level 1:colcon.colcon_core.package_identification:_identify(embedded_ros2_ws/src/ros_odrive/odrive_base) by extensions ['cmake', 'python']
[1.301s] Level 1:colcon.colcon_core.package_identification:_identify(embedded_ros2_ws/src/ros_odrive/odrive_base) by extension 'cmake'
[1.301s] Level 1:colcon.colcon_core.package_identification:_identify(embedded_ros2_ws/src/ros_odrive/odrive_base) by extension 'python'
[1.302s] Level 1:colcon.colcon_core.package_identification:_identify(embedded_ros2_ws/src/ros_odrive/odrive_base) by extensions ['python_setup_py']
[1.302s] Level 1:colcon.colcon_core.package_identification:_identify(embedded_ros2_ws/src/ros_odrive/odrive_base) by extension 'python_setup_py'
[1.303s] Level 1:colcon.colcon_core.package_identification:_identify(embedded_ros2_ws/src/ros_odrive/odrive_base/include) by extensions ['ignore', 'ignore_ament_install']
[1.303s] Level 1:colcon.colcon_core.package_identification:_identify(embedded_ros2_ws/src/ros_odrive/odrive_base/include) by extension 'ignore'
[1.303s] Level 1:colcon.colcon_core.package_identification:_identify(embedded_ros2_ws/src/ros_odrive/odrive_base/include) by extension 'ignore_ament_install'
[1.304s] Level 1:colcon.colcon_core.package_identification:_identify(embedded_ros2_ws/src/ros_odrive/odrive_base/include) by extensions ['colcon_pkg']
[1.304s] Level 1:colcon.colcon_core.package_identification:_identify(embedded_ros2_ws/src/ros_odrive/odrive_base/include) by extension 'colcon_pkg'
[1.304s] Level 1:colcon.colcon_core.package_identification:_identify(embedded_ros2_ws/src/ros_odrive/odrive_base/include) by extensions ['colcon_meta']
[1.304s] Level 1:colcon.colcon_core.package_identification:_identify(embedded_ros2_ws/src/ros_odrive/odrive_base/include) by extension 'colcon_meta'
[1.304s] Level 1:colcon.colcon_core.package_identification:_identify(embedded_ros2_ws/src/ros_odrive/odrive_base/include) by extensions ['ros']
[1.304s] Level 1:colcon.colcon_core.package_identification:_identify(embedded_ros2_ws/src/ros_odrive/odrive_base/include) by extension 'ros'
[1.305s] Level 1:colcon.colcon_core.package_identification:_identify(embedded_ros2_ws/src/ros_odrive/odrive_base/include) by extensions ['cmake', 'python']
[1.305s] Level 1:colcon.colcon_core.package_identification:_identify(embedded_ros2_ws/src/ros_odrive/odrive_base/include) by extension 'cmake'
[1.305s] Level 1:colcon.colcon_core.package_identification:_identify(embedded_ros2_ws/src/ros_odrive/odrive_base/include) by extension 'python'
[1.305s] Level 1:colcon.colcon_core.package_identification:_identify(embedded_ros2_ws/src/ros_odrive/odrive_base/include) by extensions ['python_setup_py']
[1.305s] Level 1:colcon.colcon_core.package_identification:_identify(embedded_ros2_ws/src/ros_odrive/odrive_base/include) by extension 'python_setup_py'
[1.306s] Level 1:colcon.colcon_core.package_identification:_identify(embedded_ros2_ws/src/ros_odrive/odrive_base/src) by extensions ['ignore', 'ignore_ament_install']
[1.306s] Level 1:colcon.colcon_core.package_identification:_identify(embedded_ros2_ws/src/ros_odrive/odrive_base/src) by extension 'ignore'
[1.306s] Level 1:colcon.colcon_core.package_identification:_identify(embedded_ros2_ws/src/ros_odrive/odrive_base/src) by extension 'ignore_ament_install'
[1.307s] Level 1:colcon.colcon_core.package_identification:_identify(embedded_ros2_ws/src/ros_odrive/odrive_base/src) by extensions ['colcon_pkg']
[1.307s] Level 1:colcon.colcon_core.package_identification:_identify(embedded_ros2_ws/src/ros_odrive/odrive_base/src) by extension 'colcon_pkg'
[1.307s] Level 1:colcon.colcon_core.package_identification:_identify(embedded_ros2_ws/src/ros_odrive/odrive_base/src) by extensions ['colcon_meta']
[1.307s] Level 1:colcon.colcon_core.package_identification:_identify(embedded_ros2_ws/src/ros_odrive/odrive_base/src) by extension 'colcon_meta'
[1.307s] Level 1:colcon.colcon_core.package_identification:_identify(embedded_ros2_ws/src/ros_odrive/odrive_base/src) by extensions ['ros']
[1.307s] Level 1:colcon.colcon_core.package_identification:_identify(embedded_ros2_ws/src/ros_odrive/odrive_base/src) by extension 'ros'
[1.308s] Level 1:colcon.colcon_core.package_identification:_identify(embedded_ros2_ws/src/ros_odrive/odrive_base/src) by extensions ['cmake', 'python']
[1.308s] Level 1:colcon.colcon_core.package_identification:_identify(embedded_ros2_ws/src/ros_odrive/odrive_base/src) by extension 'cmake'
[1.308s] Level 1:colcon.colcon_core.package_identification:_identify(embedded_ros2_ws/src/ros_odrive/odrive_base/src) by extension 'python'
[1.308s] Level 1:colcon.colcon_core.package_identification:_identify(embedded_ros2_ws/src/ros_odrive/odrive_base/src) by extensions ['python_setup_py']
[1.308s] Level 1:colcon.colcon_core.package_identification:_identify(embedded_ros2_ws/src/ros_odrive/odrive_base/src) by extension 'python_setup_py'
[1.309s] Level 1:colcon.colcon_core.package_identification:_identify(embedded_ros2_ws/src/ros_odrive/odrive_node) by extensions ['ignore', 'ignore_ament_install']
[1.309s] Level 1:colcon.colcon_core.package_identification:_identify(embedded_ros2_ws/src/ros_odrive/odrive_node) by extension 'ignore'
[1.309s] Level 1:colcon.colcon_core.package_identification:_identify(embedded_ros2_ws/src/ros_odrive/odrive_node) by extension 'ignore_ament_install'
[1.310s] Level 1:colcon.colcon_core.package_identification:_identify(embedded_ros2_ws/src/ros_odrive/odrive_node) by extensions ['colcon_pkg']
[1.310s] Level 1:colcon.colcon_core.package_identification:_identify(embedded_ros2_ws/src/ros_odrive/odrive_node) by extension 'colcon_pkg'
[1.310s] Level 1:colcon.colcon_core.package_identification:_identify(embedded_ros2_ws/src/ros_odrive/odrive_node) by extensions ['colcon_meta']
[1.310s] Level 1:colcon.colcon_core.package_identification:_identify(embedded_ros2_ws/src/ros_odrive/odrive_node) by extension 'colcon_meta'
[1.310s] Level 1:colcon.colcon_core.package_identification:_identify(embedded_ros2_ws/src/ros_odrive/odrive_node) by extensions ['ros']
[1.310s] Level 1:colcon.colcon_core.package_identification:_identify(embedded_ros2_ws/src/ros_odrive/odrive_node) by extension 'ros'
[1.313s] DEBUG:colcon.colcon_core.package_identification:Package 'embedded_ros2_ws/src/ros_odrive/odrive_node' with type 'ros.ament_cmake' and name 'odrive_can'
[1.314s] Level 1:colcon.colcon_core.package_identification:_identify(embedded_ros2_ws/src/serializer_nodes_demo) by extensions ['ignore', 'ignore_ament_install']
[1.314s] Level 1:colcon.colcon_core.package_identification:_identify(embedded_ros2_ws/src/serializer_nodes_demo) by extension 'ignore'
[1.314s] Level 1:colcon.colcon_core.package_identification:_identify(embedded_ros2_ws/src/serializer_nodes_demo) by extension 'ignore_ament_install'
[1.315s] Level 1:colcon.colcon_core.package_identification:_identify(embedded_ros2_ws/src/serializer_nodes_demo) by extensions ['colcon_pkg']
[1.315s] Level 1:colcon.colcon_core.package_identification:_identify(embedded_ros2_ws/src/serializer_nodes_demo) by extension 'colcon_pkg'
[1.315s] Level 1:colcon.colcon_core.package_identification:_identify(embedded_ros2_ws/src/serializer_nodes_demo) by extensions ['colcon_meta']
[1.315s] Level 1:colcon.colcon_core.package_identification:_identify(embedded_ros2_ws/src/serializer_nodes_demo) by extension 'colcon_meta'
[1.315s] Level 1:colcon.colcon_core.package_identification:_identify(embedded_ros2_ws/src/serializer_nodes_demo) by extensions ['ros']
[1.315s] Level 1:colcon.colcon_core.package_identification:_identify(embedded_ros2_ws/src/serializer_nodes_demo) by extension 'ros'
[1.318s] DEBUG:colcon.colcon_core.package_identification:Package 'embedded_ros2_ws/src/serializer_nodes_demo' with type 'ros.ament_python' and name 'serializer_nodes_demo'
[1.318s] Level 1:colcon.colcon_core.package_identification:_identify(embedded_ros2_ws/src/servo) by extensions ['ignore', 'ignore_ament_install']
[1.319s] Level 1:colcon.colcon_core.package_identification:_identify(embedded_ros2_ws/src/servo) by extension 'ignore'
[1.319s] Level 1:colcon.colcon_core.package_identification:_identify(embedded_ros2_ws/src/servo) by extension 'ignore_ament_install'
[1.319s] Level 1:colcon.colcon_core.package_identification:_identify(embedded_ros2_ws/src/servo) by extensions ['colcon_pkg']
[1.319s] Level 1:colcon.colcon_core.package_identification:_identify(embedded_ros2_ws/src/servo) by extension 'colcon_pkg'
[1.319s] Level 1:colcon.colcon_core.package_identification:_identify(embedded_ros2_ws/src/servo) by extensions ['colcon_meta']
[1.319s] Level 1:colcon.colcon_core.package_identification:_identify(embedded_ros2_ws/src/servo) by extension 'colcon_meta'
[1.320s] Level 1:colcon.colcon_core.package_identification:_identify(embedded_ros2_ws/src/servo) by extensions ['ros']
[1.320s] Level 1:colcon.colcon_core.package_identification:_identify(embedded_ros2_ws/src/servo) by extension 'ros'
[1.320s] Level 1:colcon.colcon_core.package_identification:_identify(embedded_ros2_ws/src/servo) by extensions ['cmake', 'python']
[1.320s] Level 1:colcon.colcon_core.package_identification:_identify(embedded_ros2_ws/src/servo) by extension 'cmake'
[1.320s] Level 1:colcon.colcon_core.package_identification:_identify(embedded_ros2_ws/src/servo) by extension 'python'
[1.321s] Level 1:colcon.colcon_core.package_identification:_identify(embedded_ros2_ws/src/servo) by extensions ['python_setup_py']
[1.321s] Level 1:colcon.colcon_core.package_identification:_identify(embedded_ros2_ws/src/servo) by extension 'python_setup_py'
[1.321s] Level 1:colcon.colcon_core.package_identification:_identify(embedded_ros2_ws/src/servo/servo_node) by extensions ['ignore', 'ignore_ament_install']
[1.322s] Level 1:colcon.colcon_core.package_identification:_identify(embedded_ros2_ws/src/servo/servo_node) by extension 'ignore'
[1.322s] Level 1:colcon.colcon_core.package_identification:_identify(embedded_ros2_ws/src/servo/servo_node) by extension 'ignore_ament_install'
[1.322s] Level 1:colcon.colcon_core.package_identification:_identify(embedded_ros2_ws/src/servo/servo_node) by extensions ['colcon_pkg']
[1.322s] Level 1:colcon.colcon_core.package_identification:_identify(embedded_ros2_ws/src/servo/servo_node) by extension 'colcon_pkg'
[1.322s] Level 1:colcon.colcon_core.package_identification:_identify(embedded_ros2_ws/src/servo/servo_node) by extensions ['colcon_meta']
[1.322s] Level 1:colcon.colcon_core.package_identification:_identify(embedded_ros2_ws/src/servo/servo_node) by extension 'colcon_meta'
[1.323s] Level 1:colcon.colcon_core.package_identification:_identify(embedded_ros2_ws/src/servo/servo_node) by extensions ['ros']
[1.323s] Level 1:colcon.colcon_core.package_identification:_identify(embedded_ros2_ws/src/servo/servo_node) by extension 'ros'
[1.325s] DEBUG:colcon.colcon_core.package_identification:Package 'embedded_ros2_ws/src/servo/servo_node' with type 'ros.ament_cmake' and name 'servo'
[1.326s] Level 1:colcon.colcon_core.package_identification:_identify(embedded_ros2_ws/src/stepper) by extensions ['ignore', 'ignore_ament_install']
[1.326s] Level 1:colcon.colcon_core.package_identification:_identify(embedded_ros2_ws/src/stepper) by extension 'ignore'
[1.327s] Level 1:colcon.colcon_core.package_identification:_identify(embedded_ros2_ws/src/stepper) by extension 'ignore_ament_install'
[1.327s] Level 1:colcon.colcon_core.package_identification:_identify(embedded_ros2_ws/src/stepper) by extensions ['colcon_pkg']
[1.327s] Level 1:colcon.colcon_core.package_identification:_identify(embedded_ros2_ws/src/stepper) by extension 'colcon_pkg'
[1.327s] Level 1:colcon.colcon_core.package_identification:_identify(embedded_ros2_ws/src/stepper) by extensions ['colcon_meta']
[1.327s] Level 1:colcon.colcon_core.package_identification:_identify(embedded_ros2_ws/src/stepper) by extension 'colcon_meta'
[1.327s] Level 1:colcon.colcon_core.package_identification:_identify(embedded_ros2_ws/src/stepper) by extensions ['ros']
[1.328s] Level 1:colcon.colcon_core.package_identification:_identify(embedded_ros2_ws/src/stepper) by extension 'ros'
[1.328s] Level 1:colcon.colcon_core.package_identification:_identify(embedded_ros2_ws/src/stepper) by extensions ['cmake', 'python']
[1.328s] Level 1:colcon.colcon_core.package_identification:_identify(embedded_ros2_ws/src/stepper) by extension 'cmake'
[1.328s] Level 1:colcon.colcon_core.package_identification:_identify(embedded_ros2_ws/src/stepper) by extension 'python'
[1.328s] Level 1:colcon.colcon_core.package_identification:_identify(embedded_ros2_ws/src/stepper) by extensions ['python_setup_py']
[1.328s] Level 1:colcon.colcon_core.package_identification:_identify(embedded_ros2_ws/src/stepper) by extension 'python_setup_py'
[1.329s] Level 1:colcon.colcon_core.package_identification:_identify(embedded_ros2_ws/src/stepper/can_base) by extensions ['ignore', 'ignore_ament_install']
[1.329s] Level 1:colcon.colcon_core.package_identification:_identify(embedded_ros2_ws/src/stepper/can_base) by extension 'ignore'
[1.329s] Level 1:colcon.colcon_core.package_identification:_identify(embedded_ros2_ws/src/stepper/can_base) by extension 'ignore_ament_install'
[1.330s] Level 1:colcon.colcon_core.package_identification:_identify(embedded_ros2_ws/src/stepper/can_base) by extensions ['colcon_pkg']
[1.330s] Level 1:colcon.colcon_core.package_identification:_identify(embedded_ros2_ws/src/stepper/can_base) by extension 'colcon_pkg'
[1.330s] Level 1:colcon.colcon_core.package_identification:_identify(embedded_ros2_ws/src/stepper/can_base) by extensions ['colcon_meta']
[1.330s] Level 1:colcon.colcon_core.package_identification:_identify(embedded_ros2_ws/src/stepper/can_base) by extension 'colcon_meta'
[1.330s] Level 1:colcon.colcon_core.package_identification:_identify(embedded_ros2_ws/src/stepper/can_base) by extensions ['ros']
[1.330s] Level 1:colcon.colcon_core.package_identification:_identify(embedded_ros2_ws/src/stepper/can_base) by extension 'ros'
[1.331s] Level 1:colcon.colcon_core.package_identification:_identify(embedded_ros2_ws/src/stepper/can_base) by extensions ['cmake', 'python']
[1.331s] Level 1:colcon.colcon_core.package_identification:_identify(embedded_ros2_ws/src/stepper/can_base) by extension 'cmake'
[1.331s] Level 1:colcon.colcon_core.package_identification:_identify(embedded_ros2_ws/src/stepper/can_base) by extension 'python'
[1.331s] Level 1:colcon.colcon_core.package_identification:_identify(embedded_ros2_ws/src/stepper/can_base) by extensions ['python_setup_py']
[1.331s] Level 1:colcon.colcon_core.package_identification:_identify(embedded_ros2_ws/src/stepper/can_base) by extension 'python_setup_py'
[1.332s] Level 1:colcon.colcon_core.package_identification:_identify(embedded_ros2_ws/src/stepper/can_base/include) by extensions ['ignore', 'ignore_ament_install']
[1.332s] Level 1:colcon.colcon_core.package_identification:_identify(embedded_ros2_ws/src/stepper/can_base/include) by extension 'ignore'
[1.332s] Level 1:colcon.colcon_core.package_identification:_identify(embedded_ros2_ws/src/stepper/can_base/include) by extension 'ignore_ament_install'
[1.333s] Level 1:colcon.colcon_core.package_identification:_identify(embedded_ros2_ws/src/stepper/can_base/include) by extensions ['colcon_pkg']
[1.333s] Level 1:colcon.colcon_core.package_identification:_identify(embedded_ros2_ws/src/stepper/can_base/include) by extension 'colcon_pkg'
[1.333s] Level 1:colcon.colcon_core.package_identification:_identify(embedded_ros2_ws/src/stepper/can_base/include) by extensions ['colcon_meta']
[1.333s] Level 1:colcon.colcon_core.package_identification:_identify(embedded_ros2_ws/src/stepper/can_base/include) by extension 'colcon_meta'
[1.333s] Level 1:colcon.colcon_core.package_identification:_identify(embedded_ros2_ws/src/stepper/can_base/include) by extensions ['ros']
[1.333s] Level 1:colcon.colcon_core.package_identification:_identify(embedded_ros2_ws/src/stepper/can_base/include) by extension 'ros'
[1.334s] Level 1:colcon.colcon_core.package_identification:_identify(embedded_ros2_ws/src/stepper/can_base/include) by extensions ['cmake', 'python']
[1.334s] Level 1:colcon.colcon_core.package_identification:_identify(embedded_ros2_ws/src/stepper/can_base/include) by extension 'cmake'
[1.334s] Level 1:colcon.colcon_core.package_identification:_identify(embedded_ros2_ws/src/stepper/can_base/include) by extension 'python'
[1.334s] Level 1:colcon.colcon_core.package_identification:_identify(embedded_ros2_ws/src/stepper/can_base/include) by extensions ['python_setup_py']
[1.334s] Level 1:colcon.colcon_core.package_identification:_identify(embedded_ros2_ws/src/stepper/can_base/include) by extension 'python_setup_py'
[1.335s] Level 1:colcon.colcon_core.package_identification:_identify(embedded_ros2_ws/src/stepper/can_base/src) by extensions ['ignore', 'ignore_ament_install']
[1.335s] Level 1:colcon.colcon_core.package_identification:_identify(embedded_ros2_ws/src/stepper/can_base/src) by extension 'ignore'
[1.335s] Level 1:colcon.colcon_core.package_identification:_identify(embedded_ros2_ws/src/stepper/can_base/src) by extension 'ignore_ament_install'
[1.335s] Level 1:colcon.colcon_core.package_identification:_identify(embedded_ros2_ws/src/stepper/can_base/src) by extensions ['colcon_pkg']
[1.336s] Level 1:colcon.colcon_core.package_identification:_identify(embedded_ros2_ws/src/stepper/can_base/src) by extension 'colcon_pkg'
[1.336s] Level 1:colcon.colcon_core.package_identification:_identify(embedded_ros2_ws/src/stepper/can_base/src) by extensions ['colcon_meta']
[1.336s] Level 1:colcon.colcon_core.package_identification:_identify(embedded_ros2_ws/src/stepper/can_base/src) by extension 'colcon_meta'
[1.336s] Level 1:colcon.colcon_core.package_identification:_identify(embedded_ros2_ws/src/stepper/can_base/src) by extensions ['ros']
[1.336s] Level 1:colcon.colcon_core.package_identification:_identify(embedded_ros2_ws/src/stepper/can_base/src) by extension 'ros'
[1.337s] Level 1:colcon.colcon_core.package_identification:_identify(embedded_ros2_ws/src/stepper/can_base/src) by extensions ['cmake', 'python']
[1.337s] Level 1:colcon.colcon_core.package_identification:_identify(embedded_ros2_ws/src/stepper/can_base/src) by extension 'cmake'
[1.337s] Level 1:colcon.colcon_core.package_identification:_identify(embedded_ros2_ws/src/stepper/can_base/src) by extension 'python'
[1.337s] Level 1:colcon.colcon_core.package_identification:_identify(embedded_ros2_ws/src/stepper/can_base/src) by extensions ['python_setup_py']
[1.337s] Level 1:colcon.colcon_core.package_identification:_identify(embedded_ros2_ws/src/stepper/can_base/src) by extension 'python_setup_py'
[1.338s] Level 1:colcon.colcon_core.package_identification:_identify(embedded_ros2_ws/src/stepper/stepper_node) by extensions ['ignore', 'ignore_ament_install']
[1.338s] Level 1:colcon.colcon_core.package_identification:_identify(embedded_ros2_ws/src/stepper/stepper_node) by extension 'ignore'
[1.338s] Level 1:colcon.colcon_core.package_identification:_identify(embedded_ros2_ws/src/stepper/stepper_node) by extension 'ignore_ament_install'
[1.338s] Level 1:colcon.colcon_core.package_identification:_identify(embedded_ros2_ws/src/stepper/stepper_node) by extensions ['colcon_pkg']
[1.338s] Level 1:colcon.colcon_core.package_identification:_identify(embedded_ros2_ws/src/stepper/stepper_node) by extension 'colcon_pkg'
[1.339s] Level 1:colcon.colcon_core.package_identification:_identify(embedded_ros2_ws/src/stepper/stepper_node) by extensions ['colcon_meta']
[1.339s] Level 1:colcon.colcon_core.package_identification:_identify(embedded_ros2_ws/src/stepper/stepper_node) by extension 'colcon_meta'
[1.339s] Level 1:colcon.colcon_core.package_identification:_identify(embedded_ros2_ws/src/stepper/stepper_node) by extensions ['ros']
[1.339s] Level 1:colcon.colcon_core.package_identification:_identify(embedded_ros2_ws/src/stepper/stepper_node) by extension 'ros'
[1.342s] DEBUG:colcon.colcon_core.package_identification:Package 'embedded_ros2_ws/src/stepper/stepper_node' with type 'ros.ament_cmake' and name 'stepper_can'
[1.342s] Level 1:colcon.colcon_core.package_identification:_identify(embedded_ros2_ws/src/yellowjacket) by extensions ['ignore', 'ignore_ament_install']
[1.343s] Level 1:colcon.colcon_core.package_identification:_identify(embedded_ros2_ws/src/yellowjacket) by extension 'ignore'
[1.343s] Level 1:colcon.colcon_core.package_identification:_identify(embedded_ros2_ws/src/yellowjacket) by extension 'ignore_ament_install'
[1.343s] Level 1:colcon.colcon_core.package_identification:_identify(embedded_ros2_ws/src/yellowjacket) by extensions ['colcon_pkg']
[1.343s] Level 1:colcon.colcon_core.package_identification:_identify(embedded_ros2_ws/src/yellowjacket) by extension 'colcon_pkg'
[1.343s] Level 1:colcon.colcon_core.package_identification:_identify(embedded_ros2_ws/src/yellowjacket) by extensions ['colcon_meta']
[1.343s] Level 1:colcon.colcon_core.package_identification:_identify(embedded_ros2_ws/src/yellowjacket) by extension 'colcon_meta'
[1.344s] Level 1:colcon.colcon_core.package_identification:_identify(embedded_ros2_ws/src/yellowjacket) by extensions ['ros']
[1.344s] Level 1:colcon.colcon_core.package_identification:_identify(embedded_ros2_ws/src/yellowjacket) by extension 'ros'
[1.344s] Level 1:colcon.colcon_core.package_identification:_identify(embedded_ros2_ws/src/yellowjacket) by extensions ['cmake', 'python']
[1.344s] Level 1:colcon.colcon_core.package_identification:_identify(embedded_ros2_ws/src/yellowjacket) by extension 'cmake'
[1.344s] Level 1:colcon.colcon_core.package_identification:_identify(embedded_ros2_ws/src/yellowjacket) by extension 'python'
[1.345s] Level 1:colcon.colcon_core.package_identification:_identify(embedded_ros2_ws/src/yellowjacket) by extensions ['python_setup_py']
[1.345s] Level 1:colcon.colcon_core.package_identification:_identify(embedded_ros2_ws/src/yellowjacket) by extension 'python_setup_py'
[1.345s] Level 1:colcon.colcon_core.package_identification:_identify(embedded_ros2_ws/src/yellowjacket/can_base) by extensions ['ignore', 'ignore_ament_install']
[1.346s] Level 1:colcon.colcon_core.package_identification:_identify(embedded_ros2_ws/src/yellowjacket/can_base) by extension 'ignore'
[1.346s] Level 1:colcon.colcon_core.package_identification:_identify(embedded_ros2_ws/src/yellowjacket/can_base) by extension 'ignore_ament_install'
[1.346s] Level 1:colcon.colcon_core.package_identification:_identify(embedded_ros2_ws/src/yellowjacket/can_base) by extensions ['colcon_pkg']
[1.346s] Level 1:colcon.colcon_core.package_identification:_identify(embedded_ros2_ws/src/yellowjacket/can_base) by extension 'colcon_pkg'
[1.346s] Level 1:colcon.colcon_core.package_identification:_identify(embedded_ros2_ws/src/yellowjacket/can_base) by extensions ['colcon_meta']
[1.346s] Level 1:colcon.colcon_core.package_identification:_identify(embedded_ros2_ws/src/yellowjacket/can_base) by extension 'colcon_meta'
[1.347s] Level 1:colcon.colcon_core.package_identification:_identify(embedded_ros2_ws/src/yellowjacket/can_base) by extensions ['ros']
[1.347s] Level 1:colcon.colcon_core.package_identification:_identify(embedded_ros2_ws/src/yellowjacket/can_base) by extension 'ros'
[1.347s] Level 1:colcon.colcon_core.package_identification:_identify(embedded_ros2_ws/src/yellowjacket/can_base) by extensions ['cmake', 'python']
[1.347s] Level 1:colcon.colcon_core.package_identification:_identify(embedded_ros2_ws/src/yellowjacket/can_base) by extension 'cmake'
[1.347s] Level 1:colcon.colcon_core.package_identification:_identify(embedded_ros2_ws/src/yellowjacket/can_base) by extension 'python'
[1.348s] Level 1:colcon.colcon_core.package_identification:_identify(embedded_ros2_ws/src/yellowjacket/can_base) by extensions ['python_setup_py']
[1.348s] Level 1:colcon.colcon_core.package_identification:_identify(embedded_ros2_ws/src/yellowjacket/can_base) by extension 'python_setup_py'
[1.348s] Level 1:colcon.colcon_core.package_identification:_identify(embedded_ros2_ws/src/yellowjacket/can_base/include) by extensions ['ignore', 'ignore_ament_install']
[1.349s] Level 1:colcon.colcon_core.package_identification:_identify(embedded_ros2_ws/src/yellowjacket/can_base/include) by extension 'ignore'
[1.349s] Level 1:colcon.colcon_core.package_identification:_identify(embedded_ros2_ws/src/yellowjacket/can_base/include) by extension 'ignore_ament_install'
[1.349s] Level 1:colcon.colcon_core.package_identification:_identify(embedded_ros2_ws/src/yellowjacket/can_base/include) by extensions ['colcon_pkg']
[1.349s] Level 1:colcon.colcon_core.package_identification:_identify(embedded_ros2_ws/src/yellowjacket/can_base/include) by extension 'colcon_pkg'
[1.349s] Level 1:colcon.colcon_core.package_identification:_identify(embedded_ros2_ws/src/yellowjacket/can_base/include) by extensions ['colcon_meta']
[1.349s] Level 1:colcon.colcon_core.package_identification:_identify(embedded_ros2_ws/src/yellowjacket/can_base/include) by extension 'colcon_meta'
[1.350s] Level 1:colcon.colcon_core.package_identification:_identify(embedded_ros2_ws/src/yellowjacket/can_base/include) by extensions ['ros']
[1.350s] Level 1:colcon.colcon_core.package_identification:_identify(embedded_ros2_ws/src/yellowjacket/can_base/include) by extension 'ros'
[1.350s] Level 1:colcon.colcon_core.package_identification:_identify(embedded_ros2_ws/src/yellowjacket/can_base/include) by extensions ['cmake', 'python']
[1.350s] Level 1:colcon.colcon_core.package_identification:_identify(embedded_ros2_ws/src/yellowjacket/can_base/include) by extension 'cmake'
[1.350s] Level 1:colcon.colcon_core.package_identification:_identify(embedded_ros2_ws/src/yellowjacket/can_base/include) by extension 'python'
[1.350s] Level 1:colcon.colcon_core.package_identification:_identify(embedded_ros2_ws/src/yellowjacket/can_base/include) by extensions ['python_setup_py']
[1.351s] Level 1:colcon.colcon_core.package_identification:_identify(embedded_ros2_ws/src/yellowjacket/can_base/include) by extension 'python_setup_py'
[1.351s] Level 1:colcon.colcon_core.package_identification:_identify(embedded_ros2_ws/src/yellowjacket/can_base/src) by extensions ['ignore', 'ignore_ament_install']
[1.351s] Level 1:colcon.colcon_core.package_identification:_identify(embedded_ros2_ws/src/yellowjacket/can_base/src) by extension 'ignore'
[1.352s] Level 1:colcon.colcon_core.package_identification:_identify(embedded_ros2_ws/src/yellowjacket/can_base/src) by extension 'ignore_ament_install'
[1.352s] Level 1:colcon.colcon_core.package_identification:_identify(embedded_ros2_ws/src/yellowjacket/can_base/src) by extensions ['colcon_pkg']
[1.352s] Level 1:colcon.colcon_core.package_identification:_identify(embedded_ros2_ws/src/yellowjacket/can_base/src) by extension 'colcon_pkg'
[1.352s] Level 1:colcon.colcon_core.package_identification:_identify(embedded_ros2_ws/src/yellowjacket/can_base/src) by extensions ['colcon_meta']
[1.352s] Level 1:colcon.colcon_core.package_identification:_identify(embedded_ros2_ws/src/yellowjacket/can_base/src) by extension 'colcon_meta'
[1.352s] Level 1:colcon.colcon_core.package_identification:_identify(embedded_ros2_ws/src/yellowjacket/can_base/src) by extensions ['ros']
[1.353s] Level 1:colcon.colcon_core.package_identification:_identify(embedded_ros2_ws/src/yellowjacket/can_base/src) by extension 'ros'
[1.353s] Level 1:colcon.colcon_core.package_identification:_identify(embedded_ros2_ws/src/yellowjacket/can_base/src) by extensions ['cmake', 'python']
[1.353s] Level 1:colcon.colcon_core.package_identification:_identify(embedded_ros2_ws/src/yellowjacket/can_base/src) by extension 'cmake'
[1.353s] Level 1:colcon.colcon_core.package_identification:_identify(embedded_ros2_ws/src/yellowjacket/can_base/src) by extension 'python'
[1.353s] Level 1:colcon.colcon_core.package_identification:_identify(embedded_ros2_ws/src/yellowjacket/can_base/src) by extensions ['python_setup_py']
[1.353s] Level 1:colcon.colcon_core.package_identification:_identify(embedded_ros2_ws/src/yellowjacket/can_base/src) by extension 'python_setup_py'
[1.354s] Level 1:colcon.colcon_core.package_identification:_identify(embedded_ros2_ws/src/yellowjacket/yellowjacket_node) by extensions ['ignore', 'ignore_ament_install']
[1.354s] Level 1:colcon.colcon_core.package_identification:_identify(embedded_ros2_ws/src/yellowjacket/yellowjacket_node) by extension 'ignore'
[1.354s] Level 1:colcon.colcon_core.package_identification:_identify(embedded_ros2_ws/src/yellowjacket/yellowjacket_node) by extension 'ignore_ament_install'
[1.355s] Level 1:colcon.colcon_core.package_identification:_identify(embedded_ros2_ws/src/yellowjacket/yellowjacket_node) by extensions ['colcon_pkg']
[1.355s] Level 1:colcon.colcon_core.package_identification:_identify(embedded_ros2_ws/src/yellowjacket/yellowjacket_node) by extension 'colcon_pkg'
[1.355s] Level 1:colcon.colcon_core.package_identification:_identify(embedded_ros2_ws/src/yellowjacket/yellowjacket_node) by extensions ['colcon_meta']
[1.355s] Level 1:colcon.colcon_core.package_identification:_identify(embedded_ros2_ws/src/yellowjacket/yellowjacket_node) by extension 'colcon_meta'
[1.355s] Level 1:colcon.colcon_core.package_identification:_identify(embedded_ros2_ws/src/yellowjacket/yellowjacket_node) by extensions ['ros']
[1.355s] Level 1:colcon.colcon_core.package_identification:_identify(embedded_ros2_ws/src/yellowjacket/yellowjacket_node) by extension 'ros'
[1.358s] DEBUG:colcon.colcon_core.package_identification:Package 'embedded_ros2_ws/src/yellowjacket/yellowjacket_node' with type 'ros.ament_cmake' and name 'yellowjacket_can'
[1.359s] Level 1:colcon.colcon_core.package_identification:_identify(install) by extensions ['ignore', 'ignore_ament_install']
[1.359s] Level 1:colcon.colcon_core.package_identification:_identify(install) by extension 'ignore'
[1.359s] Level 1:colcon.colcon_core.package_identification:_identify(install) ignored
[1.360s] Level 1:colcon.colcon_core.package_identification:_identify(log) by extensions ['ignore', 'ignore_ament_install']
[1.360s] Level 1:colcon.colcon_core.package_identification:_identify(log) by extension 'ignore'
[1.360s] Level 1:colcon.colcon_core.package_identification:_identify(log) ignored
[1.361s] Level 1:colcon.colcon_core.package_identification:_identify(rover_teleop_ws) by extensions ['ignore', 'ignore_ament_install']
[1.361s] Level 1:colcon.colcon_core.package_identification:_identify(rover_teleop_ws) by extension 'ignore'
[1.361s] Level 1:colcon.colcon_core.package_identification:_identify(rover_teleop_ws) by extension 'ignore_ament_install'
[1.361s] Level 1:colcon.colcon_core.package_identification:_identify(rover_teleop_ws) by extensions ['colcon_pkg']
[1.361s] Level 1:colcon.colcon_core.package_identification:_identify(rover_teleop_ws) by extension 'colcon_pkg'
[1.361s] Level 1:colcon.colcon_core.package_identification:_identify(rover_teleop_ws) by extensions ['colcon_meta']
[1.362s] Level 1:colcon.colcon_core.package_identification:_identify(rover_teleop_ws) by extension 'colcon_meta'
[1.362s] Level 1:colcon.colcon_core.package_identification:_identify(rover_teleop_ws) by extensions ['ros']
[1.362s] Level 1:colcon.colcon_core.package_identification:_identify(rover_teleop_ws) by extension 'ros'
[1.362s] Level 1:colcon.colcon_core.package_identification:_identify(rover_teleop_ws) by extensions ['cmake', 'python']
[1.362s] Level 1:colcon.colcon_core.package_identification:_identify(rover_teleop_ws) by extension 'cmake'
[1.362s] Level 1:colcon.colcon_core.package_identification:_identify(rover_teleop_ws) by extension 'python'
[1.363s] Level 1:colcon.colcon_core.package_identification:_identify(rover_teleop_ws) by extensions ['python_setup_py']
[1.363s] Level 1:colcon.colcon_core.package_identification:_identify(rover_teleop_ws) by extension 'python_setup_py'
[1.363s] Level 1:colcon.colcon_core.package_identification:_identify(rover_teleop_ws/build) by extensions ['ignore', 'ignore_ament_install']
[1.364s] Level 1:colcon.colcon_core.package_identification:_identify(rover_teleop_ws/build) by extension 'ignore'
[1.364s] Level 1:colcon.colcon_core.package_identification:_identify(rover_teleop_ws/build) ignored
[1.364s] Level 1:colcon.colcon_core.package_identification:_identify(rover_teleop_ws/install) by extensions ['ignore', 'ignore_ament_install']
[1.364s] Level 1:colcon.colcon_core.package_identification:_identify(rover_teleop_ws/install) by extension 'ignore'
[1.365s] Level 1:colcon.colcon_core.package_identification:_identify(rover_teleop_ws/install) ignored
[1.365s] Level 1:colcon.colcon_core.package_identification:_identify(rover_teleop_ws/log) by extensions ['ignore', 'ignore_ament_install']
[1.365s] Level 1:colcon.colcon_core.package_identification:_identify(rover_teleop_ws/log) by extension 'ignore'
[1.365s] Level 1:colcon.colcon_core.package_identification:_identify(rover_teleop_ws/log) ignored
[1.366s] Level 1:colcon.colcon_core.package_identification:_identify(rover_teleop_ws/src) by extensions ['ignore', 'ignore_ament_install']
[1.366s] Level 1:colcon.colcon_core.package_identification:_identify(rover_teleop_ws/src) by extension 'ignore'
[1.366s] Level 1:colcon.colcon_core.package_identification:_identify(rover_teleop_ws/src) by extension 'ignore_ament_install'
[1.366s] Level 1:colcon.colcon_core.package_identification:_identify(rover_teleop_ws/src) by extensions ['colcon_pkg']
[1.367s] Level 1:colcon.colcon_core.package_identification:_identify(rover_teleop_ws/src) by extension 'colcon_pkg'
[1.367s] Level 1:colcon.colcon_core.package_identification:_identify(rover_teleop_ws/src) by extensions ['colcon_meta']
[1.367s] Level 1:colcon.colcon_core.package_identification:_identify(rover_teleop_ws/src) by extension 'colcon_meta'
[1.367s] Level 1:colcon.colcon_core.package_identification:_identify(rover_teleop_ws/src) by extensions ['ros']
[1.367s] Level 1:colcon.colcon_core.package_identification:_identify(rover_teleop_ws/src) by extension 'ros'
[1.368s] Level 1:colcon.colcon_core.package_identification:_identify(rover_teleop_ws/src) by extensions ['cmake', 'python']
[1.368s] Level 1:colcon.colcon_core.package_identification:_identify(rover_teleop_ws/src) by extension 'cmake'
[1.368s] Level 1:colcon.colcon_core.package_identification:_identify(rover_teleop_ws/src) by extension 'python'
[1.368s] Level 1:colcon.colcon_core.package_identification:_identify(rover_teleop_ws/src) by extensions ['python_setup_py']
[1.368s] Level 1:colcon.colcon_core.package_identification:_identify(rover_teleop_ws/src) by extension 'python_setup_py'
[1.369s] Level 1:colcon.colcon_core.package_identification:_identify(rover_teleop_ws/src/rover_teleop) by extensions ['ignore', 'ignore_ament_install']
[1.369s] Level 1:colcon.colcon_core.package_identification:_identify(rover_teleop_ws/src/rover_teleop) by extension 'ignore'
[1.369s] Level 1:colcon.colcon_core.package_identification:_identify(rover_teleop_ws/src/rover_teleop) by extension 'ignore_ament_install'
[1.369s] Level 1:colcon.colcon_core.package_identification:_identify(rover_teleop_ws/src/rover_teleop) by extensions ['colcon_pkg']
[1.369s] Level 1:colcon.colcon_core.package_identification:_identify(rover_teleop_ws/src/rover_teleop) by extension 'colcon_pkg'
[1.369s] Level 1:colcon.colcon_core.package_identification:_identify(rover_teleop_ws/src/rover_teleop) by extensions ['colcon_meta']
[1.370s] Level 1:colcon.colcon_core.package_identification:_identify(rover_teleop_ws/src/rover_teleop) by extension 'colcon_meta'
[1.370s] Level 1:colcon.colcon_core.package_identification:_identify(rover_teleop_ws/src/rover_teleop) by extensions ['ros']
[1.370s] Level 1:colcon.colcon_core.package_identification:_identify(rover_teleop_ws/src/rover_teleop) by extension 'ros'
[1.372s] DEBUG:colcon.colcon_core.package_identification:Package 'rover_teleop_ws/src/rover_teleop' with type 'ros.ament_python' and name 'rover_teleop'
[1.373s] Level 1:colcon.colcon_core.package_discovery:discover_packages(recursive) using defaults
[1.373s] Level 1:colcon.colcon_core.package_discovery:discover_packages(ignore) discover
[1.373s] Level 1:colcon.colcon_core.package_discovery:discover_packages(ignore) using defaults
[1.373s] Level 1:colcon.colcon_core.package_discovery:discover_packages(path) discover
[1.373s] Level 1:colcon.colcon_core.package_discovery:discover_packages(path) using defaults
[1.467s] INFO:colcon.colcon_core.package_selection:Skipping not selected package 'arm' in 'arm_ros2_ws/src/arm'
[1.467s] INFO:colcon.colcon_core.package_selection:Skipping not selected package 'arm_gamepad_teleop' in 'arm_ros2_ws/src/arm_gamepad_teleop'
[1.468s] INFO:colcon.colcon_core.package_selection:Skipping not selected package 'cubemars_can' in 'embedded_ros2_ws/src/cubemars/cubemars_node'
[1.468s] INFO:colcon.colcon_core.package_selection:Skipping not selected package 'drive_teleop' in 'drive_ros2_ws/src/drive_teleop'
[1.468s] INFO:colcon.colcon_core.package_selection:Skipping not selected package 'mock_gps' in 'embedded_ros2_ws/src/mock_gps'
[1.468s] INFO:colcon.colcon_core.package_selection:Skipping not selected package 'npk_sensor' in 'embedded_ros2_ws/src/npk_sensor'
[1.468s] INFO:colcon.colcon_core.package_selection:Skipping not selected package 'odrive_can' in 'embedded_ros2_ws/src/ros_odrive/odrive_node'
[1.468s] INFO:colcon.colcon_core.package_selection:Skipping not selected package 'servo' in 'embedded_ros2_ws/src/servo/servo_node'
[1.468s] INFO:colcon.colcon_core.package_selection:Skipping not selected package 'stepper_can' in 'embedded_ros2_ws/src/stepper/stepper_node'
[1.468s] INFO:colcon.colcon_core.package_selection:Skipping not selected package 'yellowjacket_can' in 'embedded_ros2_ws/src/yellowjacket/yellowjacket_node'
[1.468s] INFO:colcon.colcon_core.package_selection:Skipping not selected package 'arm_hardware_interface' in 'arm_ros2_ws/src/arm_hardware_interface'
[1.468s] INFO:colcon.colcon_core.package_selection:Skipping not selected package 'arm_moveit_config' in 'arm_ros2_ws/src/arm_moveit_config'
[1.469s] INFO:colcon.colcon_core.package_selection:Skipping not selected package 'drive_manager' in 'drive_ros2_ws/src/drive'
[1.469s] INFO:colcon.colcon_core.package_selection:Skipping not selected package 'serializer_nodes_demo' in 'embedded_ros2_ws/src/serializer_nodes_demo'
[1.471s] Level 1:colcon.colcon_core.package_discovery:discover_packages(prefix_path) check parameters
[1.471s] Level 1:colcon.colcon_core.package_discovery:discover_packages(prefix_path) discover
[1.483s] DEBUG:colcon.colcon_installed_package_information.package_discovery:Found 2 installed packages in /home/pi/Legacy/Testing/ros2_ws/install
[1.486s] DEBUG:colcon.colcon_installed_package_information.package_discovery:Found 9 installed packages in /home/pi/Legacy/URC-2026/embedded_ros2_ws/install
[1.489s] DEBUG:colcon.colcon_installed_package_information.package_discovery:Found 2 installed packages in /home/pi/Legacy/URC-2026/drive_ros2_ws/install
[1.495s] DEBUG:colcon.colcon_installed_package_information.package_discovery:Found 185 installed packages in /opt/ros/humble
[1.503s] Level 1:colcon.colcon_core.package_discovery:discover_packages(prefix_path) using defaults
[1.650s] Level 5:colcon.colcon_core.verb:set package 'rover_teleop' build argument 'cmake_args' from command line to 'None'
[1.651s] Level 5:colcon.colcon_core.verb:set package 'rover_teleop' build argument 'cmake_target' from command line to 'None'
[1.651s] Level 5:colcon.colcon_core.verb:set package 'rover_teleop' build argument 'cmake_target_skip_unavailable' from command line to 'False'
[1.651s] Level 5:colcon.colcon_core.verb:set package 'rover_teleop' build argument 'cmake_clean_cache' from command line to 'False'
[1.651s] Level 5:colcon.colcon_core.verb:set package 'rover_teleop' build argument 'cmake_clean_first' from command line to 'False'
[1.651s] Level 5:colcon.colcon_core.verb:set package 'rover_teleop' build argument 'cmake_force_configure' from command line to 'False'
[1.651s] Level 5:colcon.colcon_core.verb:set package 'rover_teleop' build argument 'ament_cmake_args' from command line to 'None'
[1.651s] Level 5:colcon.colcon_core.verb:set package 'rover_teleop' build argument 'catkin_cmake_args' from command line to 'None'
[1.651s] Level 5:colcon.colcon_core.verb:set package 'rover_teleop' build argument 'catkin_skip_building_tests' from command line to 'False'
[1.652s] DEBUG:colcon.colcon_core.verb:Building package 'rover_teleop' with the following arguments: {'ament_cmake_args': None, 'build_base': '/home/pi/Legacy/URC-2026/build/rover_teleop', 'catkin_cmake_args': None, 'catkin_skip_building_tests': False, 'cmake_args': None, 'cmake_clean_cache': False, 'cmake_clean_first': False, 'cmake_force_configure': False, 'cmake_target': None, 'cmake_target_skip_unavailable': False, 'install_base': '/home/pi/Legacy/URC-2026/install/rover_teleop', 'merge_install': False, 'path': '/home/pi/Legacy/URC-2026/rover_teleop_ws/src/rover_teleop', 'symlink_install': False, 'test_result_base': None}
[1.652s] INFO:colcon.colcon_core.executor:Executing jobs using 'parallel' executor
[1.655s] DEBUG:colcon.colcon_parallel_executor.executor.parallel:run_until_complete
[1.656s] INFO:colcon.colcon_ros.task.ament_python.build:Building ROS package in '/home/pi/Legacy/URC-2026/rover_teleop_ws/src/rover_teleop' with build type 'ament_python'
[1.657s] Level 1:colcon.colcon_core.shell:create_environment_hook('rover_teleop', 'ament_prefix_path')
[1.668s] INFO:colcon.colcon_core.plugin_system:Skipping extension 'colcon_core.shell.bat': Not used on non-Windows systems
[1.669s] INFO:colcon.colcon_core.shell:Creating environment hook '/home/pi/Legacy/URC-2026/install/rover_teleop/share/rover_teleop/hook/ament_prefix_path.ps1'
[1.673s] INFO:colcon.colcon_core.shell:Creating environment descriptor '/home/pi/Legacy/URC-2026/install/rover_teleop/share/rover_teleop/hook/ament_prefix_path.dsv'
[1.675s] INFO:colcon.colcon_core.shell:Creating environment hook '/home/pi/Legacy/URC-2026/install/rover_teleop/share/rover_teleop/hook/ament_prefix_path.sh'
[1.678s] INFO:colcon.colcon_core.shell:Skip shell extension 'powershell' for command environment: Not usable outside of PowerShell
[1.678s] DEBUG:colcon.colcon_core.shell:Skip shell extension 'dsv' for command environment
[2.832s] INFO:colcon.colcon_core.task.python.build:Building Python package in '/home/pi/Legacy/URC-2026/rover_teleop_ws/src/rover_teleop'
[2.833s] INFO:colcon.colcon_core.shell:Skip shell extension 'powershell' for command environment: Not usable outside of PowerShell
[2.833s] DEBUG:colcon.colcon_core.shell:Skip shell extension 'dsv' for command environment
[4.452s] DEBUG:colcon.colcon_core.event_handler.log_command:Invoking command in '/home/pi/Legacy/URC-2026/rover_teleop_ws/src/rover_teleop': PYTHONPATH=/home/pi/Legacy/URC-2026/build/rover_teleop/prefix_override:/usr/lib/python3/dist-packages/colcon_core/task/python/colcon_distutils_commands:/home/pi/Legacy/URC-2026/install/rover_teleop/lib/python3.10/site-packages:${PYTHONPATH} /usr/bin/python3 -W ignore:setup.py install is deprecated -W ignore:easy_install command is deprecated setup.py egg_info --egg-base ../../../build/rover_teleop build --build-base /home/pi/Legacy/URC-2026/build/rover_teleop/build install --record /home/pi/Legacy/URC-2026/build/rover_teleop/install.log --single-version-externally-managed install_data
[5.754s] DEBUG:colcon.colcon_core.event_handler.log_command:Invoked command in '/home/pi/Legacy/URC-2026/rover_teleop_ws/src/rover_teleop' returned '0': PYTHONPATH=/home/pi/Legacy/URC-2026/build/rover_teleop/prefix_override:/usr/lib/python3/dist-packages/colcon_core/task/python/colcon_distutils_commands:/home/pi/Legacy/URC-2026/install/rover_teleop/lib/python3.10/site-packages:${PYTHONPATH} /usr/bin/python3 -W ignore:setup.py install is deprecated -W ignore:easy_install command is deprecated setup.py egg_info --egg-base ../../../build/rover_teleop build --build-base /home/pi/Legacy/URC-2026/build/rover_teleop/build install --record /home/pi/Legacy/URC-2026/build/rover_teleop/install.log --single-version-externally-managed install_data
[5.766s] Level 1:colcon.colcon_core.environment:checking '/home/pi/Legacy/URC-2026/install/rover_teleop' for CMake module files
[5.768s] Level 1:colcon.colcon_core.environment:checking '/home/pi/Legacy/URC-2026/install/rover_teleop' for CMake config files
[5.772s] Level 1:colcon.colcon_core.environment:checking '/home/pi/Legacy/URC-2026/install/rover_teleop/lib'
[5.773s] Level 1:colcon.colcon_core.environment:checking '/home/pi/Legacy/URC-2026/install/rover_teleop/bin'
[5.774s] Level 1:colcon.colcon_core.environment:checking '/home/pi/Legacy/URC-2026/install/rover_teleop/lib/pkgconfig/rover_teleop.pc'
[5.775s] Level 1:colcon.colcon_core.environment:checking '/home/pi/Legacy/URC-2026/install/rover_teleop/lib/python3.10/site-packages'
[5.775s] Level 1:colcon.colcon_core.shell:create_environment_hook('rover_teleop', 'pythonpath')
[5.776s] INFO:colcon.colcon_core.shell:Creating environment hook '/home/pi/Legacy/URC-2026/install/rover_teleop/share/rover_teleop/hook/pythonpath.ps1'
[5.777s] INFO:colcon.colcon_core.shell:Creating environment descriptor '/home/pi/Legacy/URC-2026/install/rover_teleop/share/rover_teleop/hook/pythonpath.dsv'
[5.780s] INFO:colcon.colcon_core.shell:Creating environment hook '/home/pi/Legacy/URC-2026/install/rover_teleop/share/rover_teleop/hook/pythonpath.sh'
[5.783s] Level 1:colcon.colcon_core.environment:checking '/home/pi/Legacy/URC-2026/install/rover_teleop/bin'
[5.783s] Level 1:colcon.colcon_core.environment:create_environment_scripts_only(rover_teleop)
[5.784s] INFO:colcon.colcon_core.shell:Creating package script '/home/pi/Legacy/URC-2026/install/rover_teleop/share/rover_teleop/package.ps1'
[5.787s] INFO:colcon.colcon_core.shell:Creating package descriptor '/home/pi/Legacy/URC-2026/install/rover_teleop/share/rover_teleop/package.dsv'
[5.790s] INFO:colcon.colcon_core.shell:Creating package script '/home/pi/Legacy/URC-2026/install/rover_teleop/share/rover_teleop/package.sh'
[5.793s] INFO:colcon.colcon_core.shell:Creating package script '/home/pi/Legacy/URC-2026/install/rover_teleop/share/rover_teleop/package.bash'
[5.796s] INFO:colcon.colcon_core.shell:Creating package script '/home/pi/Legacy/URC-2026/install/rover_teleop/share/rover_teleop/package.zsh'
[5.799s] Level 1:colcon.colcon_core.environment:create_file_with_runtime_dependencies(/home/pi/Legacy/URC-2026/install/rover_teleop/share/colcon-core/packages/rover_teleop)
[5.800s] DEBUG:colcon.colcon_parallel_executor.executor.parallel:closing loop
[5.801s] DEBUG:colcon.colcon_parallel_executor.executor.parallel:loop closed
[5.801s] DEBUG:colcon.colcon_parallel_executor.executor.parallel:run_until_complete finished with '0'
[5.802s] DEBUG:colcon.colcon_core.event_reactor:joining thread
[5.827s] INFO:colcon.colcon_core.plugin_system:Skipping extension 'colcon_notification.desktop_notification.notify_send': Could not find 'notify-send'
[5.827s] INFO:colcon.colcon_core.plugin_system:Skipping extension 'colcon_notification.desktop_notification.terminal_notifier': Not used on non-Darwin systems
[5.828s] INFO:colcon.colcon_core.plugin_system:Skipping extension 'colcon_notification.desktop_notification.win32': Not used on non-Windows systems
[5.828s] INFO:colcon.colcon_notification.desktop_notification:Sending desktop notification using 'notify2'
[5.831s] DEBUG:colcon.colcon_notification.desktop_notification.notify2:Failed to initialize notify2: org.freedesktop.DBus.Error.ServiceUnknown: The name org.freedesktop.Notifications was not provided by any .service files
[5.831s] DEBUG:colcon.colcon_core.event_reactor:joined thread
[5.832s] INFO:colcon.colcon_core.shell:Creating prefix script '/home/pi/Legacy/URC-2026/install/local_setup.ps1'
[5.836s] INFO:colcon.colcon_core.shell:Creating prefix util module '/home/pi/Legacy/URC-2026/install/_local_setup_util_ps1.py'
[5.842s] INFO:colcon.colcon_core.shell:Creating prefix chain script '/home/pi/Legacy/URC-2026/install/setup.ps1'
[5.851s] INFO:colcon.colcon_core.shell:Creating prefix script '/home/pi/Legacy/URC-2026/install/local_setup.sh'
[5.853s] INFO:colcon.colcon_core.shell:Creating prefix util module '/home/pi/Legacy/URC-2026/install/_local_setup_util_sh.py'
[5.855s] INFO:colcon.colcon_core.shell:Creating prefix chain script '/home/pi/Legacy/URC-2026/install/setup.sh'
[5.864s] INFO:colcon.colcon_core.shell:Creating prefix script '/home/pi/Legacy/URC-2026/install/local_setup.bash'
[5.866s] INFO:colcon.colcon_core.shell:Creating prefix chain script '/home/pi/Legacy/URC-2026/install/setup.bash'
[5.874s] INFO:colcon.colcon_core.shell:Creating prefix script '/home/pi/Legacy/URC-2026/install/local_setup.zsh'
[5.876s] INFO:colcon.colcon_core.shell:Creating prefix chain script '/home/pi/Legacy/URC-2026/install/setup.zsh'
