[3.766s] Invoking command in '/home/pi/Legacy/URC-2026/drive_ros2_ws/src/drive': CMAKE_PREFIX_PATH=/home/pi/Legacy/URC-2026/drive_ros2_ws/install/drive_teleop:/home/pi/Legacy/URC-2026/embedded_ros2_ws/install/yellowjacket_can:/home/pi/Legacy/URC-2026/embedded_ros2_ws/install/stepper_can:/home/pi/Legacy/URC-2026/embedded_ros2_ws/install/servo:/home/pi/Legacy/URC-2026/embedded_ros2_ws/install/odrive_can:/home/pi/Legacy/URC-2026/embedded_ros2_ws/install/npk_sensor:/home/pi/Legacy/URC-2026/embedded_ros2_ws/install/mock_gps:/home/pi/Legacy/URC-2026/embedded_ros2_ws/install/cubemars_can:/home/pi/Legacy/Testing/ros2_ws/install/odrive_can LD_LIBRARY_PATH=/home/pi/Legacy/URC-2026/drive_ros2_ws/install/drive_teleop/lib:/home/pi/Legacy/URC-2026/embedded_ros2_ws/install/yellowjacket_can/lib:/home/pi/Legacy/URC-2026/embedded_ros2_ws/install/stepper_can/lib:/home/pi/Legacy/URC-2026/embedded_ros2_ws/install/servo/lib:/home/pi/Legacy/URC-2026/embedded_ros2_ws/install/odrive_can/lib:/home/pi/Legacy/URC-2026/embedded_ros2_ws/install/npk_sensor/lib:/home/pi/Legacy/URC-2026/embedded_ros2_ws/install/cubemars_can/lib:/home/pi/Legacy/Testing/ros2_ws/install/odrive_can/lib:/opt/ros/humble/lib/aarch64-linux-gnu:/opt/ros/humble/lib PYTHONPATH=/home/pi/Legacy/URC-2026/drive_ros2_ws/build/drive_manager/prefix_override:/usr/lib/python3/dist-packages/colcon_core/task/python/colcon_distutils_commands:/home/pi/Legacy/URC-2026/drive_ros2_ws/install/drive_manager/lib/python3.10/site-packages:${PYTHONPATH} /usr/bin/python3 -W ignore:setup.py install is deprecated -W ignore:easy_install command is deprecated setup.py egg_info --egg-base ../../build/drive_manager build --build-base /home/pi/Legacy/URC-2026/drive_ros2_ws/build/drive_manager/build install --record /home/pi/Legacy/URC-2026/drive_ros2_ws/build/drive_manager/install.log --single-version-externally-managed install_data
[5.522s] running egg_info
[5.525s] writing ../../build/drive_manager/drive_manager.egg-info/PKG-INFO
[5.527s] writing dependency_links to ../../build/drive_manager/drive_manager.egg-info/dependency_links.txt
[5.528s] writing entry points to ../../build/drive_manager/drive_manager.egg-info/entry_points.txt
[5.529s] writing requirements to ../../build/drive_manager/drive_manager.egg-info/requires.txt
[5.531s] writing top-level names to ../../build/drive_manager/drive_manager.egg-info/top_level.txt
[5.541s] reading manifest file '../../build/drive_manager/drive_manager.egg-info/SOURCES.txt'
[5.543s] adding license file 'LICENSE'
[5.546s] writing manifest file '../../build/drive_manager/drive_manager.egg-info/SOURCES.txt'
[5.547s] running build
[5.548s] running build_py
[5.552s] copying src/drive_manager_node.py -> /home/pi/Legacy/URC-2026/drive_ros2_ws/build/drive_manager/build/lib/src
[5.553s] running install
[5.553s] running install_lib
[5.556s] copying /home/pi/Legacy/URC-2026/drive_ros2_ws/build/drive_manager/build/lib/src/drive_manager_node.py -> /home/pi/Legacy/URC-2026/drive_ros2_ws/install/drive_manager/lib/python3.10/site-packages/src
[5.560s] byte-compiling /home/pi/Legacy/URC-2026/drive_ros2_ws/install/drive_manager/lib/python3.10/site-packages/src/drive_manager_node.py to drive_manager_node.cpython-310.pyc
[5.572s] running install_data
[5.573s] running install_egg_info
[5.576s] removing '/home/pi/Legacy/URC-2026/drive_ros2_ws/install/drive_manager/lib/python3.10/site-packages/drive_manager-0.0.0-py3.10.egg-info' (and everything under it)
[5.578s] Copying ../../build/drive_manager/drive_manager.egg-info to /home/pi/Legacy/URC-2026/drive_ros2_ws/install/drive_manager/lib/python3.10/site-packages/drive_manager-0.0.0-py3.10.egg-info
[5.587s] running install_scripts
[5.699s] Installing drive_manager_node script to /home/pi/Legacy/URC-2026/drive_ros2_ws/install/drive_manager/lib/drive_manager
[5.702s] writing list of installed files to '/home/pi/Legacy/URC-2026/drive_ros2_ws/build/drive_manager/install.log'
[5.861s] Invoked command in '/home/pi/Legacy/URC-2026/drive_ros2_ws/src/drive' returned '0': CMAKE_PREFIX_PATH=/home/pi/Legacy/URC-2026/drive_ros2_ws/install/drive_teleop:/home/pi/Legacy/URC-2026/embedded_ros2_ws/install/yellowjacket_can:/home/pi/Legacy/URC-2026/embedded_ros2_ws/install/stepper_can:/home/pi/Legacy/URC-2026/embedded_ros2_ws/install/servo:/home/pi/Legacy/URC-2026/embedded_ros2_ws/install/odrive_can:/home/pi/Legacy/URC-2026/embedded_ros2_ws/install/npk_sensor:/home/pi/Legacy/URC-2026/embedded_ros2_ws/install/mock_gps:/home/pi/Legacy/URC-2026/embedded_ros2_ws/install/cubemars_can:/home/pi/Legacy/Testing/ros2_ws/install/odrive_can LD_LIBRARY_PATH=/home/pi/Legacy/URC-2026/drive_ros2_ws/install/drive_teleop/lib:/home/pi/Legacy/URC-2026/embedded_ros2_ws/install/yellowjacket_can/lib:/home/pi/Legacy/URC-2026/embedded_ros2_ws/install/stepper_can/lib:/home/pi/Legacy/URC-2026/embedded_ros2_ws/install/servo/lib:/home/pi/Legacy/URC-2026/embedded_ros2_ws/install/odrive_can/lib:/home/pi/Legacy/URC-2026/embedded_ros2_ws/install/npk_sensor/lib:/home/pi/Legacy/URC-2026/embedded_ros2_ws/install/cubemars_can/lib:/home/pi/Legacy/Testing/ros2_ws/install/odrive_can/lib:/opt/ros/humble/lib/aarch64-linux-gnu:/opt/ros/humble/lib PYTHONPATH=/home/pi/Legacy/URC-2026/drive_ros2_ws/build/drive_manager/prefix_override:/usr/lib/python3/dist-packages/colcon_core/task/python/colcon_distutils_commands:/home/pi/Legacy/URC-2026/drive_ros2_ws/install/drive_manager/lib/python3.10/site-packages:${PYTHONPATH} /usr/bin/python3 -W ignore:setup.py install is deprecated -W ignore:easy_install command is deprecated setup.py egg_info --egg-base ../../build/drive_manager build --build-base /home/pi/Legacy/URC-2026/drive_ros2_ws/build/drive_manager/build install --record /home/pi/Legacy/URC-2026/drive_ros2_ws/build/drive_manager/install.log --single-version-externally-managed install_data
