[0.072s] Invoking command in '/home/pi/Legacy/URC-2026/embedded_ros2_ws/build/stepper_can': CMAKE_PREFIX_PATH=${CMAKE_PREFIX_PATH}:/home/pi/Legacy/URC-2026/embedded_ros2_ws/install/blender_motor:/home/pi/Legacy/Testing/ros2_ws/install/rover_motor_command:/home/pi/Legacy/URC-2026/drive_ros2_ws/install/drive_manager:/opt/ros/humble /usr/bin/cmake --build /home/pi/Legacy/URC-2026/embedded_ros2_ws/build/stepper_can -- -j4 -l4
[0.438s] [35m[1mConsolidate compiler generated dependencies of target stepper_can__rosidl_generator_c[0m
[0.461s] [  1%] Built target stepper_can__cpp
[0.599s] [ 11%] Built target stepper_can__rosidl_generator_c
[0.613s] [35m[1mConsolidate compiler generated dependencies of target stepper_can__rosidl_typesupport_cpp[0m
[0.647s] [35m[1mConsolidate compiler generated dependencies of target stepper_can__rosidl_typesupport_fastrtps_cpp[0m
[0.658s] [ 11%] Built target ament_cmake_python_copy_stepper_can
[0.761s] [35m[1mConsolidate compiler generated dependencies of target stepper_can__rosidl_typesupport_introspection_cpp[0m
[0.837s] [35m[1mConsolidate compiler generated dependencies of target stepper_can__rosidl_typesupport_fastrtps_c[0m
[0.847s] [ 21%] Built target stepper_can__rosidl_typesupport_cpp
[0.870s] [ 31%] Built target stepper_can__rosidl_typesupport_fastrtps_cpp
[0.942s] [ 41%] Built target stepper_can__rosidl_typesupport_introspection_cpp
[1.022s] [35m[1mConsolidate compiler generated dependencies of target stepper_can__rosidl_typesupport_c[0m
[1.029s] [35m[1mConsolidate compiler generated dependencies of target stepper_can__rosidl_typesupport_introspection_c[0m
[1.075s] [ 51%] Built target stepper_can__rosidl_typesupport_fastrtps_c
[1.194s] [ 61%] Built target stepper_can__rosidl_typesupport_introspection_c
[1.228s] [ 71%] Built target stepper_can__rosidl_typesupport_c
[1.242s] [35m[1mConsolidate compiler generated dependencies of target stepper_can_node[0m
[1.504s] [ 71%] Built target stepper_can
[1.554s] [ 80%] Built target stepper_can_node
[1.673s] [ 81%] Built target stepper_can__py
[1.748s] [35m[1mConsolidate compiler generated dependencies of target stepper_can__rosidl_generator_py[0m
[1.930s] [ 90%] Built target stepper_can__rosidl_generator_py
[2.076s] [35m[1mConsolidate compiler generated dependencies of target stepper_can__rosidl_typesupport_fastrtps_c__pyext[0m
[2.089s] [35m[1mConsolidate compiler generated dependencies of target stepper_can__rosidl_typesupport_introspection_c__pyext[0m
[2.110s] [35m[1mConsolidate compiler generated dependencies of target stepper_can__rosidl_typesupport_c__pyext[0m
[2.216s] [ 93%] Built target stepper_can__rosidl_typesupport_c__pyext
[2.281s] [ 96%] Built target stepper_can__rosidl_typesupport_fastrtps_c__pyext
[2.296s] [100%] Built target stepper_can__rosidl_typesupport_introspection_c__pyext
[2.973s] running egg_info
[2.979s] writing stepper_can.egg-info/PKG-INFO
[2.981s] writing dependency_links to stepper_can.egg-info/dependency_links.txt
[2.984s] writing top-level names to stepper_can.egg-info/top_level.txt
[2.999s] reading manifest file 'stepper_can.egg-info/SOURCES.txt'
[3.004s] writing manifest file 'stepper_can.egg-info/SOURCES.txt'
[3.187s] [100%] Built target ament_cmake_python_build_stepper_can_egg
[3.258s] Invoked command in '/home/pi/Legacy/URC-2026/embedded_ros2_ws/build/stepper_can' returned '0': CMAKE_PREFIX_PATH=${CMAKE_PREFIX_PATH}:/home/pi/Legacy/URC-2026/embedded_ros2_ws/install/blender_motor:/home/pi/Legacy/Testing/ros2_ws/install/rover_motor_command:/home/pi/Legacy/URC-2026/drive_ros2_ws/install/drive_manager:/opt/ros/humble /usr/bin/cmake --build /home/pi/Legacy/URC-2026/embedded_ros2_ws/build/stepper_can -- -j4 -l4
[3.267s] Invoking command in '/home/pi/Legacy/URC-2026/embedded_ros2_ws/build/stepper_can': CMAKE_PREFIX_PATH=${CMAKE_PREFIX_PATH}:/home/pi/Legacy/URC-2026/embedded_ros2_ws/install/blender_motor:/home/pi/Legacy/Testing/ros2_ws/install/rover_motor_command:/home/pi/Legacy/URC-2026/drive_ros2_ws/install/drive_manager:/opt/ros/humble /usr/bin/cmake --install /home/pi/Legacy/URC-2026/embedded_ros2_ws/build/stepper_can
[3.317s] -- Install configuration: ""
[3.318s] -- Up-to-date: /home/pi/Legacy/URC-2026/embedded_ros2_ws/install/stepper_can/share/ament_index/resource_index/rosidl_interfaces/stepper_can
[3.319s] -- Up-to-date: /home/pi/Legacy/URC-2026/embedded_ros2_ws/install/stepper_can/include/stepper_can/stepper_can
[3.319s] -- Up-to-date: /home/pi/Legacy/URC-2026/embedded_ros2_ws/install/stepper_can/include/stepper_can/stepper_can/msg
[3.320s] -- Up-to-date: /home/pi/Legacy/URC-2026/embedded_ros2_ws/install/stepper_can/include/stepper_can/stepper_can/msg/o_drive_status.h
[3.320s] -- Up-to-date: /home/pi/Legacy/URC-2026/embedded_ros2_ws/install/stepper_can/include/stepper_can/stepper_can/msg/controller_status.h
[3.321s] -- Up-to-date: /home/pi/Legacy/URC-2026/embedded_ros2_ws/install/stepper_can/include/stepper_can/stepper_can/msg/control_message.h
[3.321s] -- Up-to-date: /home/pi/Legacy/URC-2026/embedded_ros2_ws/install/stepper_can/include/stepper_can/stepper_can/msg/rosidl_generator_c__visibility_control.h
[3.322s] -- Up-to-date: /home/pi/Legacy/URC-2026/embedded_ros2_ws/install/stepper_can/include/stepper_can/stepper_can/msg/detail
[3.322s] -- Up-to-date: /home/pi/Legacy/URC-2026/embedded_ros2_ws/install/stepper_can/include/stepper_can/stepper_can/msg/detail/control_message__functions.c
[3.323s] -- Up-to-date: /home/pi/Legacy/URC-2026/embedded_ros2_ws/install/stepper_can/include/stepper_can/stepper_can/msg/detail/o_drive_status__functions.c
[3.324s] -- Up-to-date: /home/pi/Legacy/URC-2026/embedded_ros2_ws/install/stepper_can/include/stepper_can/stepper_can/msg/detail/controller_status__functions.c
[3.329s] -- Up-to-date: /home/pi/Legacy/URC-2026/embedded_ros2_ws/install/stepper_can/include/stepper_can/stepper_can/msg/detail/o_drive_status__struct.h
[3.331s] -- Up-to-date: /home/pi/Legacy/URC-2026/embedded_ros2_ws/install/stepper_can/include/stepper_can/stepper_can/msg/detail/o_drive_status__type_support.h
[3.331s] -- Up-to-date: /home/pi/Legacy/URC-2026/embedded_ros2_ws/install/stepper_can/include/stepper_can/stepper_can/msg/detail/controller_status__functions.h
[3.332s] -- Up-to-date: /home/pi/Legacy/URC-2026/embedded_ros2_ws/install/stepper_can/include/stepper_can/stepper_can/msg/detail/o_drive_status__functions.h
[3.333s] -- Up-to-date: /home/pi/Legacy/URC-2026/embedded_ros2_ws/install/stepper_can/include/stepper_can/stepper_can/msg/detail/control_message__struct.h
[3.334s] -- Up-to-date: /home/pi/Legacy/URC-2026/embedded_ros2_ws/install/stepper_can/include/stepper_can/stepper_can/msg/detail/control_message__type_support.h
[3.334s] -- Up-to-date: /home/pi/Legacy/URC-2026/embedded_ros2_ws/install/stepper_can/include/stepper_can/stepper_can/msg/detail/controller_status__type_support.h
[3.335s] -- Up-to-date: /home/pi/Legacy/URC-2026/embedded_ros2_ws/install/stepper_can/include/stepper_can/stepper_can/msg/detail/control_message__functions.h
[3.338s] -- Up-to-date: /home/pi/Legacy/URC-2026/embedded_ros2_ws/install/stepper_can/include/stepper_can/stepper_can/msg/detail/controller_status__struct.h
[3.338s] -- Up-to-date: /home/pi/Legacy/URC-2026/embedded_ros2_ws/install/stepper_can/include/stepper_can/stepper_can/srv
[3.339s] -- Up-to-date: /home/pi/Legacy/URC-2026/embedded_ros2_ws/install/stepper_can/include/stepper_can/stepper_can/srv/axis_state.h
[3.339s] -- Up-to-date: /home/pi/Legacy/URC-2026/embedded_ros2_ws/install/stepper_can/include/stepper_can/stepper_can/srv/detail
[3.346s] -- Up-to-date: /home/pi/Legacy/URC-2026/embedded_ros2_ws/install/stepper_can/include/stepper_can/stepper_can/srv/detail/axis_state__struct.h
[3.346s] -- Up-to-date: /home/pi/Legacy/URC-2026/embedded_ros2_ws/install/stepper_can/include/stepper_can/stepper_can/srv/detail/axis_state__functions.h
[3.347s] -- Up-to-date: /home/pi/Legacy/URC-2026/embedded_ros2_ws/install/stepper_can/include/stepper_can/stepper_can/srv/detail/axis_state__type_support.h
[3.348s] -- Up-to-date: /home/pi/Legacy/URC-2026/embedded_ros2_ws/install/stepper_can/include/stepper_can/stepper_can/srv/detail/axis_state__functions.c
[3.348s] -- Up-to-date: /home/pi/Legacy/URC-2026/embedded_ros2_ws/install/stepper_can/share/stepper_can/environment/library_path.sh
[3.349s] -- Up-to-date: /home/pi/Legacy/URC-2026/embedded_ros2_ws/install/stepper_can/share/stepper_can/environment/library_path.dsv
[3.350s] -- Up-to-date: /home/pi/Legacy/URC-2026/embedded_ros2_ws/install/stepper_can/lib/libstepper_can__rosidl_generator_c.so
[3.350s] -- Up-to-date: /home/pi/Legacy/URC-2026/embedded_ros2_ws/install/stepper_can/include/stepper_can/stepper_can
[3.351s] -- Up-to-date: /home/pi/Legacy/URC-2026/embedded_ros2_ws/install/stepper_can/include/stepper_can/stepper_can/msg
[3.352s] -- Up-to-date: /home/pi/Legacy/URC-2026/embedded_ros2_ws/install/stepper_can/include/stepper_can/stepper_can/msg/rosidl_typesupport_fastrtps_c__visibility_control.h
[3.354s] -- Up-to-date: /home/pi/Legacy/URC-2026/embedded_ros2_ws/install/stepper_can/include/stepper_can/stepper_can/msg/detail
[3.355s] -- Up-to-date: /home/pi/Legacy/URC-2026/embedded_ros2_ws/install/stepper_can/include/stepper_can/stepper_can/msg/detail/controller_status__rosidl_typesupport_fastrtps_c.h
[3.355s] -- Up-to-date: /home/pi/Legacy/URC-2026/embedded_ros2_ws/install/stepper_can/include/stepper_can/stepper_can/msg/detail/control_message__rosidl_typesupport_fastrtps_c.h
[3.361s] -- Up-to-date: /home/pi/Legacy/URC-2026/embedded_ros2_ws/install/stepper_can/include/stepper_can/stepper_can/msg/detail/o_drive_status__rosidl_typesupport_fastrtps_c.h
[3.362s] -- Up-to-date: /home/pi/Legacy/URC-2026/embedded_ros2_ws/install/stepper_can/include/stepper_can/stepper_can/srv
[3.362s] -- Up-to-date: /home/pi/Legacy/URC-2026/embedded_ros2_ws/install/stepper_can/include/stepper_can/stepper_can/srv/detail
[3.363s] -- Up-to-date: /home/pi/Legacy/URC-2026/embedded_ros2_ws/install/stepper_can/include/stepper_can/stepper_can/srv/detail/axis_state__rosidl_typesupport_fastrtps_c.h
[3.363s] -- Up-to-date: /home/pi/Legacy/URC-2026/embedded_ros2_ws/install/stepper_can/lib/libstepper_can__rosidl_typesupport_fastrtps_c.so
[3.364s] -- Up-to-date: /home/pi/Legacy/URC-2026/embedded_ros2_ws/install/stepper_can/include/stepper_can/stepper_can
[3.364s] -- Up-to-date: /home/pi/Legacy/URC-2026/embedded_ros2_ws/install/stepper_can/include/stepper_can/stepper_can/msg
[3.365s] -- Up-to-date: /home/pi/Legacy/URC-2026/embedded_ros2_ws/install/stepper_can/include/stepper_can/stepper_can/msg/controller_status.hpp
[3.365s] -- Up-to-date: /home/pi/Legacy/URC-2026/embedded_ros2_ws/install/stepper_can/include/stepper_can/stepper_can/msg/control_message.hpp
[3.366s] -- Up-to-date: /home/pi/Legacy/URC-2026/embedded_ros2_ws/install/stepper_can/include/stepper_can/stepper_can/msg/detail
[3.366s] -- Up-to-date: /home/pi/Legacy/URC-2026/embedded_ros2_ws/install/stepper_can/include/stepper_can/stepper_can/msg/detail/controller_status__type_support.hpp
[3.370s] -- Up-to-date: /home/pi/Legacy/URC-2026/embedded_ros2_ws/install/stepper_can/include/stepper_can/stepper_can/msg/detail/control_message__type_support.hpp
[3.370s] -- Up-to-date: /home/pi/Legacy/URC-2026/embedded_ros2_ws/install/stepper_can/include/stepper_can/stepper_can/msg/detail/controller_status__builder.hpp
[3.371s] -- Up-to-date: /home/pi/Legacy/URC-2026/embedded_ros2_ws/install/stepper_can/include/stepper_can/stepper_can/msg/detail/o_drive_status__builder.hpp
[3.371s] -- Up-to-date: /home/pi/Legacy/URC-2026/embedded_ros2_ws/install/stepper_can/include/stepper_can/stepper_can/msg/detail/control_message__traits.hpp
[3.372s] -- Up-to-date: /home/pi/Legacy/URC-2026/embedded_ros2_ws/install/stepper_can/include/stepper_can/stepper_can/msg/detail/o_drive_status__traits.hpp
[3.382s] -- Up-to-date: /home/pi/Legacy/URC-2026/embedded_ros2_ws/install/stepper_can/include/stepper_can/stepper_can/msg/detail/controller_status__traits.hpp
[3.382s] -- Up-to-date: /home/pi/Legacy/URC-2026/embedded_ros2_ws/install/stepper_can/include/stepper_can/stepper_can/msg/detail/o_drive_status__struct.hpp
[3.383s] -- Up-to-date: /home/pi/Legacy/URC-2026/embedded_ros2_ws/install/stepper_can/include/stepper_can/stepper_can/msg/detail/controller_status__struct.hpp
[3.383s] -- Up-to-date: /home/pi/Legacy/URC-2026/embedded_ros2_ws/install/stepper_can/include/stepper_can/stepper_can/msg/detail/control_message__struct.hpp
[3.384s] -- Up-to-date: /home/pi/Legacy/URC-2026/embedded_ros2_ws/install/stepper_can/include/stepper_can/stepper_can/msg/detail/o_drive_status__type_support.hpp
[3.384s] -- Up-to-date: /home/pi/Legacy/URC-2026/embedded_ros2_ws/install/stepper_can/include/stepper_can/stepper_can/msg/detail/control_message__builder.hpp
[3.385s] -- Up-to-date: /home/pi/Legacy/URC-2026/embedded_ros2_ws/install/stepper_can/include/stepper_can/stepper_can/msg/o_drive_status.hpp
[3.385s] -- Up-to-date: /home/pi/Legacy/URC-2026/embedded_ros2_ws/install/stepper_can/include/stepper_can/stepper_can/msg/rosidl_generator_cpp__visibility_control.hpp
[3.386s] -- Up-to-date: /home/pi/Legacy/URC-2026/embedded_ros2_ws/install/stepper_can/include/stepper_can/stepper_can/srv
[3.387s] -- Up-to-date: /home/pi/Legacy/URC-2026/embedded_ros2_ws/install/stepper_can/include/stepper_can/stepper_can/srv/axis_state.hpp
[3.388s] -- Up-to-date: /home/pi/Legacy/URC-2026/embedded_ros2_ws/install/stepper_can/include/stepper_can/stepper_can/srv/detail
[3.401s] -- Up-to-date: /home/pi/Legacy/URC-2026/embedded_ros2_ws/install/stepper_can/include/stepper_can/stepper_can/srv/detail/axis_state__traits.hpp
[3.403s] -- Up-to-date: /home/pi/Legacy/URC-2026/embedded_ros2_ws/install/stepper_can/include/stepper_can/stepper_can/srv/detail/axis_state__builder.hpp
[3.404s] -- Up-to-date: /home/pi/Legacy/URC-2026/embedded_ros2_ws/install/stepper_can/include/stepper_can/stepper_can/srv/detail/axis_state__type_support.hpp
[3.406s] -- Up-to-date: /home/pi/Legacy/URC-2026/embedded_ros2_ws/install/stepper_can/include/stepper_can/stepper_can/srv/detail/axis_state__struct.hpp
[3.407s] -- Up-to-date: /home/pi/Legacy/URC-2026/embedded_ros2_ws/install/stepper_can/include/stepper_can/stepper_can
[3.407s] -- Up-to-date: /home/pi/Legacy/URC-2026/embedded_ros2_ws/install/stepper_can/include/stepper_can/stepper_can/msg
[3.408s] -- Up-to-date: /home/pi/Legacy/URC-2026/embedded_ros2_ws/install/stepper_can/include/stepper_can/stepper_can/msg/rosidl_typesupport_fastrtps_cpp__visibility_control.h
[3.409s] -- Up-to-date: /home/pi/Legacy/URC-2026/embedded_ros2_ws/install/stepper_can/include/stepper_can/stepper_can/msg/detail
[3.410s] -- Up-to-date: /home/pi/Legacy/URC-2026/embedded_ros2_ws/install/stepper_can/include/stepper_can/stepper_can/msg/detail/dds_fastrtps
[3.411s] -- Up-to-date: /home/pi/Legacy/URC-2026/embedded_ros2_ws/install/stepper_can/include/stepper_can/stepper_can/msg/detail/controller_status__rosidl_typesupport_fastrtps_cpp.hpp
[3.411s] -- Up-to-date: /home/pi/Legacy/URC-2026/embedded_ros2_ws/install/stepper_can/include/stepper_can/stepper_can/msg/detail/control_message__rosidl_typesupport_fastrtps_cpp.hpp
[3.412s] -- Up-to-date: /home/pi/Legacy/URC-2026/embedded_ros2_ws/install/stepper_can/include/stepper_can/stepper_can/msg/detail/o_drive_status__rosidl_typesupport_fastrtps_cpp.hpp
[3.413s] -- Up-to-date: /home/pi/Legacy/URC-2026/embedded_ros2_ws/install/stepper_can/include/stepper_can/stepper_can/srv
[3.413s] -- Up-to-date: /home/pi/Legacy/URC-2026/embedded_ros2_ws/install/stepper_can/include/stepper_can/stepper_can/srv/detail
[3.413s] -- Up-to-date: /home/pi/Legacy/URC-2026/embedded_ros2_ws/install/stepper_can/include/stepper_can/stepper_can/srv/detail/dds_fastrtps
[3.414s] -- Up-to-date: /home/pi/Legacy/URC-2026/embedded_ros2_ws/install/stepper_can/include/stepper_can/stepper_can/srv/detail/axis_state__rosidl_typesupport_fastrtps_cpp.hpp
[3.415s] -- Up-to-date: /home/pi/Legacy/URC-2026/embedded_ros2_ws/install/stepper_can/lib/libstepper_can__rosidl_typesupport_fastrtps_cpp.so
[3.417s] -- Up-to-date: /home/pi/Legacy/URC-2026/embedded_ros2_ws/install/stepper_can/include/stepper_can/stepper_can
[3.426s] -- Up-to-date: /home/pi/Legacy/URC-2026/embedded_ros2_ws/install/stepper_can/include/stepper_can/stepper_can/msg
[3.427s] -- Up-to-date: /home/pi/Legacy/URC-2026/embedded_ros2_ws/install/stepper_can/include/stepper_can/stepper_can/msg/detail
[3.428s] -- Up-to-date: /home/pi/Legacy/URC-2026/embedded_ros2_ws/install/stepper_can/include/stepper_can/stepper_can/msg/detail/o_drive_status__rosidl_typesupport_introspection_c.h
[3.430s] -- Up-to-date: /home/pi/Legacy/URC-2026/embedded_ros2_ws/install/stepper_can/include/stepper_can/stepper_can/msg/detail/control_message__rosidl_typesupport_introspection_c.h
[3.432s] -- Up-to-date: /home/pi/Legacy/URC-2026/embedded_ros2_ws/install/stepper_can/include/stepper_can/stepper_can/msg/detail/control_message__type_support.c
[3.433s] -- Up-to-date: /home/pi/Legacy/URC-2026/embedded_ros2_ws/install/stepper_can/include/stepper_can/stepper_can/msg/detail/controller_status__rosidl_typesupport_introspection_c.h
[3.433s] -- Up-to-date: /home/pi/Legacy/URC-2026/embedded_ros2_ws/install/stepper_can/include/stepper_can/stepper_can/msg/detail/o_drive_status__type_support.c
[3.434s] -- Up-to-date: /home/pi/Legacy/URC-2026/embedded_ros2_ws/install/stepper_can/include/stepper_can/stepper_can/msg/detail/controller_status__type_support.c
[3.434s] -- Up-to-date: /home/pi/Legacy/URC-2026/embedded_ros2_ws/install/stepper_can/include/stepper_can/stepper_can/msg/rosidl_typesupport_introspection_c__visibility_control.h
[3.434s] -- Up-to-date: /home/pi/Legacy/URC-2026/embedded_ros2_ws/install/stepper_can/include/stepper_can/stepper_can/srv
[3.435s] -- Up-to-date: /home/pi/Legacy/URC-2026/embedded_ros2_ws/install/stepper_can/include/stepper_can/stepper_can/srv/detail
[3.435s] -- Up-to-date: /home/pi/Legacy/URC-2026/embedded_ros2_ws/install/stepper_can/include/stepper_can/stepper_can/srv/detail/axis_state__type_support.c
[3.436s] -- Up-to-date: /home/pi/Legacy/URC-2026/embedded_ros2_ws/install/stepper_can/include/stepper_can/stepper_can/srv/detail/axis_state__rosidl_typesupport_introspection_c.h
[3.437s] -- Up-to-date: /home/pi/Legacy/URC-2026/embedded_ros2_ws/install/stepper_can/lib/libstepper_can__rosidl_typesupport_introspection_c.so
[3.437s] -- Up-to-date: /home/pi/Legacy/URC-2026/embedded_ros2_ws/install/stepper_can/lib/libstepper_can__rosidl_typesupport_c.so
[3.438s] -- Up-to-date: /home/pi/Legacy/URC-2026/embedded_ros2_ws/install/stepper_can/include/stepper_can/stepper_can
[3.438s] -- Up-to-date: /home/pi/Legacy/URC-2026/embedded_ros2_ws/install/stepper_can/include/stepper_can/stepper_can/msg
[3.439s] -- Up-to-date: /home/pi/Legacy/URC-2026/embedded_ros2_ws/install/stepper_can/include/stepper_can/stepper_can/msg/detail
[3.440s] -- Up-to-date: /home/pi/Legacy/URC-2026/embedded_ros2_ws/install/stepper_can/include/stepper_can/stepper_can/msg/detail/control_message__type_support.cpp
[3.441s] -- Up-to-date: /home/pi/Legacy/URC-2026/embedded_ros2_ws/install/stepper_can/include/stepper_can/stepper_can/msg/detail/control_message__rosidl_typesupport_introspection_cpp.hpp
[3.453s] -- Up-to-date: /home/pi/Legacy/URC-2026/embedded_ros2_ws/install/stepper_can/include/stepper_can/stepper_can/msg/detail/controller_status__type_support.cpp
[3.454s] -- Up-to-date: /home/pi/Legacy/URC-2026/embedded_ros2_ws/install/stepper_can/include/stepper_can/stepper_can/msg/detail/controller_status__rosidl_typesupport_introspection_cpp.hpp
[3.454s] -- Up-to-date: /home/pi/Legacy/URC-2026/embedded_ros2_ws/install/stepper_can/include/stepper_can/stepper_can/msg/detail/o_drive_status__type_support.cpp
[3.455s] -- Up-to-date: /home/pi/Legacy/URC-2026/embedded_ros2_ws/install/stepper_can/include/stepper_can/stepper_can/msg/detail/o_drive_status__rosidl_typesupport_introspection_cpp.hpp
[3.455s] -- Up-to-date: /home/pi/Legacy/URC-2026/embedded_ros2_ws/install/stepper_can/include/stepper_can/stepper_can/srv
[3.455s] -- Up-to-date: /home/pi/Legacy/URC-2026/embedded_ros2_ws/install/stepper_can/include/stepper_can/stepper_can/srv/detail
[3.456s] -- Up-to-date: /home/pi/Legacy/URC-2026/embedded_ros2_ws/install/stepper_can/include/stepper_can/stepper_can/srv/detail/axis_state__rosidl_typesupport_introspection_cpp.hpp
[3.456s] -- Up-to-date: /home/pi/Legacy/URC-2026/embedded_ros2_ws/install/stepper_can/include/stepper_can/stepper_can/srv/detail/axis_state__type_support.cpp
[3.456s] -- Up-to-date: /home/pi/Legacy/URC-2026/embedded_ros2_ws/install/stepper_can/lib/libstepper_can__rosidl_typesupport_introspection_cpp.so
[3.457s] -- Up-to-date: /home/pi/Legacy/URC-2026/embedded_ros2_ws/install/stepper_can/lib/libstepper_can__rosidl_typesupport_cpp.so
[3.457s] -- Up-to-date: /home/pi/Legacy/URC-2026/embedded_ros2_ws/install/stepper_can/share/stepper_can/environment/pythonpath.sh
[3.458s] -- Up-to-date: /home/pi/Legacy/URC-2026/embedded_ros2_ws/install/stepper_can/share/stepper_can/environment/pythonpath.dsv
[3.458s] -- Up-to-date: /home/pi/Legacy/URC-2026/embedded_ros2_ws/install/stepper_can/local/lib/python3.10/dist-packages/stepper_can-0.0.1-py3.10.egg-info
[3.458s] -- Installing: /home/pi/Legacy/URC-2026/embedded_ros2_ws/install/stepper_can/local/lib/python3.10/dist-packages/stepper_can-0.0.1-py3.10.egg-info/PKG-INFO
[3.458s] -- Installing: /home/pi/Legacy/URC-2026/embedded_ros2_ws/install/stepper_can/local/lib/python3.10/dist-packages/stepper_can-0.0.1-py3.10.egg-info/top_level.txt
[3.459s] -- Installing: /home/pi/Legacy/URC-2026/embedded_ros2_ws/install/stepper_can/local/lib/python3.10/dist-packages/stepper_can-0.0.1-py3.10.egg-info/SOURCES.txt
[3.459s] -- Installing: /home/pi/Legacy/URC-2026/embedded_ros2_ws/install/stepper_can/local/lib/python3.10/dist-packages/stepper_can-0.0.1-py3.10.egg-info/dependency_links.txt
[3.459s] -- Up-to-date: /home/pi/Legacy/URC-2026/embedded_ros2_ws/install/stepper_can/local/lib/python3.10/dist-packages/stepper_can
[3.460s] -- Up-to-date: /home/pi/Legacy/URC-2026/embedded_ros2_ws/install/stepper_can/local/lib/python3.10/dist-packages/stepper_can/__init__.py
[3.460s] -- Up-to-date: /home/pi/Legacy/URC-2026/embedded_ros2_ws/install/stepper_can/local/lib/python3.10/dist-packages/stepper_can/stepper_can_s__rosidl_typesupport_introspection_c.cpython-310-aarch64-linux-gnu.so
[3.460s] -- Up-to-date: /home/pi/Legacy/URC-2026/embedded_ros2_ws/install/stepper_can/local/lib/python3.10/dist-packages/stepper_can/_stepper_can_s.ep.rosidl_typesupport_c.c
[3.461s] -- Up-to-date: /home/pi/Legacy/URC-2026/embedded_ros2_ws/install/stepper_can/local/lib/python3.10/dist-packages/stepper_can/libstepper_can__rosidl_generator_py.so
[3.461s] -- Up-to-date: /home/pi/Legacy/URC-2026/embedded_ros2_ws/install/stepper_can/local/lib/python3.10/dist-packages/stepper_can/stepper_can_s__rosidl_typesupport_fastrtps_c.cpython-310-aarch64-linux-gnu.so
[3.462s] -- Up-to-date: /home/pi/Legacy/URC-2026/embedded_ros2_ws/install/stepper_can/local/lib/python3.10/dist-packages/stepper_can/msg
[3.462s] -- Up-to-date: /home/pi/Legacy/URC-2026/embedded_ros2_ws/install/stepper_can/local/lib/python3.10/dist-packages/stepper_can/msg/__init__.py
[3.463s] -- Up-to-date: /home/pi/Legacy/URC-2026/embedded_ros2_ws/install/stepper_can/local/lib/python3.10/dist-packages/stepper_can/msg/_controller_status_s.c
[3.464s] -- Up-to-date: /home/pi/Legacy/URC-2026/embedded_ros2_ws/install/stepper_can/local/lib/python3.10/dist-packages/stepper_can/msg/_control_message_s.c
[3.464s] -- Up-to-date: /home/pi/Legacy/URC-2026/embedded_ros2_ws/install/stepper_can/local/lib/python3.10/dist-packages/stepper_can/msg/_o_drive_status_s.c
[3.465s] -- Up-to-date: /home/pi/Legacy/URC-2026/embedded_ros2_ws/install/stepper_can/local/lib/python3.10/dist-packages/stepper_can/msg/_controller_status.py
[3.478s] -- Up-to-date: /home/pi/Legacy/URC-2026/embedded_ros2_ws/install/stepper_can/local/lib/python3.10/dist-packages/stepper_can/msg/_control_message.py
[3.478s] -- Up-to-date: /home/pi/Legacy/URC-2026/embedded_ros2_ws/install/stepper_can/local/lib/python3.10/dist-packages/stepper_can/msg/_o_drive_status.py
[3.479s] -- Up-to-date: /home/pi/Legacy/URC-2026/embedded_ros2_ws/install/stepper_can/local/lib/python3.10/dist-packages/stepper_can/_stepper_can_s.ep.rosidl_typesupport_fastrtps_c.c
[3.479s] -- Up-to-date: /home/pi/Legacy/URC-2026/embedded_ros2_ws/install/stepper_can/local/lib/python3.10/dist-packages/stepper_can/stepper_can_s__rosidl_typesupport_c.cpython-310-aarch64-linux-gnu.so
[3.480s] -- Up-to-date: /home/pi/Legacy/URC-2026/embedded_ros2_ws/install/stepper_can/local/lib/python3.10/dist-packages/stepper_can/srv
[3.481s] -- Up-to-date: /home/pi/Legacy/URC-2026/embedded_ros2_ws/install/stepper_can/local/lib/python3.10/dist-packages/stepper_can/srv/__init__.py
[3.481s] -- Up-to-date: /home/pi/Legacy/URC-2026/embedded_ros2_ws/install/stepper_can/local/lib/python3.10/dist-packages/stepper_can/srv/_axis_state.py
[3.482s] -- Up-to-date: /home/pi/Legacy/URC-2026/embedded_ros2_ws/install/stepper_can/local/lib/python3.10/dist-packages/stepper_can/srv/_axis_state_s.c
[3.483s] -- Up-to-date: /home/pi/Legacy/URC-2026/embedded_ros2_ws/install/stepper_can/local/lib/python3.10/dist-packages/stepper_can/_stepper_can_s.ep.rosidl_typesupport_introspection_c.c
[3.690s] Listing '/home/pi/Legacy/URC-2026/embedded_ros2_ws/install/stepper_can/local/lib/python3.10/dist-packages/stepper_can'...
[3.690s] Listing '/home/pi/Legacy/URC-2026/embedded_ros2_ws/install/stepper_can/local/lib/python3.10/dist-packages/stepper_can/msg'...
[3.691s] Listing '/home/pi/Legacy/URC-2026/embedded_ros2_ws/install/stepper_can/local/lib/python3.10/dist-packages/stepper_can/srv'...
[3.733s] -- Up-to-date: /home/pi/Legacy/URC-2026/embedded_ros2_ws/install/stepper_can/local/lib/python3.10/dist-packages/stepper_can/stepper_can_s__rosidl_typesupport_fastrtps_c.cpython-310-aarch64-linux-gnu.so
[3.734s] -- Up-to-date: /home/pi/Legacy/URC-2026/embedded_ros2_ws/install/stepper_can/local/lib/python3.10/dist-packages/stepper_can/stepper_can_s__rosidl_typesupport_introspection_c.cpython-310-aarch64-linux-gnu.so
[3.738s] -- Up-to-date: /home/pi/Legacy/URC-2026/embedded_ros2_ws/install/stepper_can/local/lib/python3.10/dist-packages/stepper_can/stepper_can_s__rosidl_typesupport_c.cpython-310-aarch64-linux-gnu.so
[3.742s] -- Up-to-date: /home/pi/Legacy/URC-2026/embedded_ros2_ws/install/stepper_can/lib/libstepper_can__rosidl_generator_py.so
[3.745s] -- Up-to-date: /home/pi/Legacy/URC-2026/embedded_ros2_ws/install/stepper_can/share/stepper_can/msg/ControlMessage.idl
[3.746s] -- Up-to-date: /home/pi/Legacy/URC-2026/embedded_ros2_ws/install/stepper_can/share/stepper_can/msg/ControllerStatus.idl
[3.748s] -- Up-to-date: /home/pi/Legacy/URC-2026/embedded_ros2_ws/install/stepper_can/share/stepper_can/msg/ODriveStatus.idl
[3.750s] -- Up-to-date: /home/pi/Legacy/URC-2026/embedded_ros2_ws/install/stepper_can/share/stepper_can/srv/AxisState.idl
[3.751s] -- Up-to-date: /home/pi/Legacy/URC-2026/embedded_ros2_ws/install/stepper_can/share/stepper_can/msg/ControlMessage.msg
[3.753s] -- Up-to-date: /home/pi/Legacy/URC-2026/embedded_ros2_ws/install/stepper_can/share/stepper_can/msg/ControllerStatus.msg
[3.755s] -- Up-to-date: /home/pi/Legacy/URC-2026/embedded_ros2_ws/install/stepper_can/share/stepper_can/msg/ODriveStatus.msg
[3.756s] -- Up-to-date: /home/pi/Legacy/URC-2026/embedded_ros2_ws/install/stepper_can/share/stepper_can/srv/AxisState.srv
[3.758s] -- Up-to-date: /home/pi/Legacy/URC-2026/embedded_ros2_ws/install/stepper_can/share/stepper_can/srv/AxisState_Request.msg
[3.760s] -- Up-to-date: /home/pi/Legacy/URC-2026/embedded_ros2_ws/install/stepper_can/share/stepper_can/srv/AxisState_Response.msg
[3.763s] -- Up-to-date: /home/pi/Legacy/URC-2026/embedded_ros2_ws/install/stepper_can/lib/stepper_can/stepper_can_node
[3.766s] -- Up-to-date: /home/pi/Legacy/URC-2026/embedded_ros2_ws/install/stepper_can/share/stepper_can/launch
[3.767s] -- Up-to-date: /home/pi/Legacy/URC-2026/embedded_ros2_ws/install/stepper_can/share/stepper_can/launch/example_launch.yaml
[3.769s] -- Up-to-date: /home/pi/Legacy/URC-2026/embedded_ros2_ws/install/stepper_can/share/ament_index/resource_index/package_run_dependencies/stepper_can
[3.771s] -- Up-to-date: /home/pi/Legacy/URC-2026/embedded_ros2_ws/install/stepper_can/share/ament_index/resource_index/parent_prefix_path/stepper_can
[3.773s] -- Up-to-date: /home/pi/Legacy/URC-2026/embedded_ros2_ws/install/stepper_can/share/stepper_can/environment/ament_prefix_path.sh
[3.775s] -- Up-to-date: /home/pi/Legacy/URC-2026/embedded_ros2_ws/install/stepper_can/share/stepper_can/environment/ament_prefix_path.dsv
[3.776s] -- Up-to-date: /home/pi/Legacy/URC-2026/embedded_ros2_ws/install/stepper_can/share/stepper_can/environment/path.sh
[3.778s] -- Up-to-date: /home/pi/Legacy/URC-2026/embedded_ros2_ws/install/stepper_can/share/stepper_can/environment/path.dsv
[3.780s] -- Up-to-date: /home/pi/Legacy/URC-2026/embedded_ros2_ws/install/stepper_can/share/stepper_can/local_setup.bash
[3.782s] -- Up-to-date: /home/pi/Legacy/URC-2026/embedded_ros2_ws/install/stepper_can/share/stepper_can/local_setup.sh
[3.784s] -- Up-to-date: /home/pi/Legacy/URC-2026/embedded_ros2_ws/install/stepper_can/share/stepper_can/local_setup.zsh
[3.786s] -- Up-to-date: /home/pi/Legacy/URC-2026/embedded_ros2_ws/install/stepper_can/share/stepper_can/local_setup.dsv
[3.788s] -- Installing: /home/pi/Legacy/URC-2026/embedded_ros2_ws/install/stepper_can/share/stepper_can/package.dsv
[3.792s] -- Up-to-date: /home/pi/Legacy/URC-2026/embedded_ros2_ws/install/stepper_can/share/ament_index/resource_index/packages/stepper_can
[3.795s] -- Up-to-date: /home/pi/Legacy/URC-2026/embedded_ros2_ws/install/stepper_can/share/stepper_can/cmake/export_stepper_can__rosidl_generator_cExport.cmake
[3.797s] -- Up-to-date: /home/pi/Legacy/URC-2026/embedded_ros2_ws/install/stepper_can/share/stepper_can/cmake/export_stepper_can__rosidl_generator_cExport-noconfig.cmake
[3.800s] -- Up-to-date: /home/pi/Legacy/URC-2026/embedded_ros2_ws/install/stepper_can/share/stepper_can/cmake/export_stepper_can__rosidl_typesupport_fastrtps_cExport.cmake
[3.804s] -- Up-to-date: /home/pi/Legacy/URC-2026/embedded_ros2_ws/install/stepper_can/share/stepper_can/cmake/export_stepper_can__rosidl_typesupport_fastrtps_cExport-noconfig.cmake
[3.807s] -- Up-to-date: /home/pi/Legacy/URC-2026/embedded_ros2_ws/install/stepper_can/share/stepper_can/cmake/export_stepper_can__rosidl_generator_cppExport.cmake
[3.811s] -- Up-to-date: /home/pi/Legacy/URC-2026/embedded_ros2_ws/install/stepper_can/share/stepper_can/cmake/export_stepper_can__rosidl_typesupport_fastrtps_cppExport.cmake
[3.813s] -- Up-to-date: /home/pi/Legacy/URC-2026/embedded_ros2_ws/install/stepper_can/share/stepper_can/cmake/export_stepper_can__rosidl_typesupport_fastrtps_cppExport-noconfig.cmake
[3.817s] -- Up-to-date: /home/pi/Legacy/URC-2026/embedded_ros2_ws/install/stepper_can/share/stepper_can/cmake/stepper_can__rosidl_typesupport_introspection_cExport.cmake
[3.819s] -- Up-to-date: /home/pi/Legacy/URC-2026/embedded_ros2_ws/install/stepper_can/share/stepper_can/cmake/stepper_can__rosidl_typesupport_introspection_cExport-noconfig.cmake
[3.822s] -- Up-to-date: /home/pi/Legacy/URC-2026/embedded_ros2_ws/install/stepper_can/share/stepper_can/cmake/stepper_can__rosidl_typesupport_cExport.cmake
[3.825s] -- Up-to-date: /home/pi/Legacy/URC-2026/embedded_ros2_ws/install/stepper_can/share/stepper_can/cmake/stepper_can__rosidl_typesupport_cExport-noconfig.cmake
[3.829s] -- Up-to-date: /home/pi/Legacy/URC-2026/embedded_ros2_ws/install/stepper_can/share/stepper_can/cmake/stepper_can__rosidl_typesupport_introspection_cppExport.cmake
[3.832s] -- Up-to-date: /home/pi/Legacy/URC-2026/embedded_ros2_ws/install/stepper_can/share/stepper_can/cmake/stepper_can__rosidl_typesupport_introspection_cppExport-noconfig.cmake
[3.837s] -- Up-to-date: /home/pi/Legacy/URC-2026/embedded_ros2_ws/install/stepper_can/share/stepper_can/cmake/stepper_can__rosidl_typesupport_cppExport.cmake
[3.840s] -- Up-to-date: /home/pi/Legacy/URC-2026/embedded_ros2_ws/install/stepper_can/share/stepper_can/cmake/stepper_can__rosidl_typesupport_cppExport-noconfig.cmake
[3.843s] -- Up-to-date: /home/pi/Legacy/URC-2026/embedded_ros2_ws/install/stepper_can/share/stepper_can/cmake/export_stepper_can__rosidl_generator_pyExport.cmake
[3.845s] -- Up-to-date: /home/pi/Legacy/URC-2026/embedded_ros2_ws/install/stepper_can/share/stepper_can/cmake/export_stepper_can__rosidl_generator_pyExport-noconfig.cmake
[3.847s] -- Up-to-date: /home/pi/Legacy/URC-2026/embedded_ros2_ws/install/stepper_can/share/stepper_can/cmake/rosidl_cmake-extras.cmake
[3.849s] -- Up-to-date: /home/pi/Legacy/URC-2026/embedded_ros2_ws/install/stepper_can/share/stepper_can/cmake/ament_cmake_export_include_directories-extras.cmake
[3.851s] -- Up-to-date: /home/pi/Legacy/URC-2026/embedded_ros2_ws/install/stepper_can/share/stepper_can/cmake/ament_cmake_export_libraries-extras.cmake
[3.852s] -- Up-to-date: /home/pi/Legacy/URC-2026/embedded_ros2_ws/install/stepper_can/share/stepper_can/cmake/ament_cmake_export_targets-extras.cmake
[3.855s] -- Up-to-date: /home/pi/Legacy/URC-2026/embedded_ros2_ws/install/stepper_can/share/stepper_can/cmake/rosidl_cmake_export_typesupport_targets-extras.cmake
[3.857s] -- Up-to-date: /home/pi/Legacy/URC-2026/embedded_ros2_ws/install/stepper_can/share/stepper_can/cmake/ament_cmake_export_dependencies-extras.cmake
[3.858s] -- Up-to-date: /home/pi/Legacy/URC-2026/embedded_ros2_ws/install/stepper_can/share/stepper_can/cmake/rosidl_cmake_export_typesupport_libraries-extras.cmake
[3.860s] -- Up-to-date: /home/pi/Legacy/URC-2026/embedded_ros2_ws/install/stepper_can/share/stepper_can/cmake/stepper_canConfig.cmake
[3.861s] -- Up-to-date: /home/pi/Legacy/URC-2026/embedded_ros2_ws/install/stepper_can/share/stepper_can/cmake/stepper_canConfig-version.cmake
[3.863s] -- Up-to-date: /home/pi/Legacy/URC-2026/embedded_ros2_ws/install/stepper_can/share/stepper_can/package.xml
[3.874s] Invoked command in '/home/pi/Legacy/URC-2026/embedded_ros2_ws/build/stepper_can' returned '0': CMAKE_PREFIX_PATH=${CMAKE_PREFIX_PATH}:/home/pi/Legacy/URC-2026/embedded_ros2_ws/install/blender_motor:/home/pi/Legacy/Testing/ros2_ws/install/rover_motor_command:/home/pi/Legacy/URC-2026/drive_ros2_ws/install/drive_manager:/opt/ros/humble /usr/bin/cmake --install /home/pi/Legacy/URC-2026/embedded_ros2_ws/build/stepper_can
