-- The C compiler identification is GNU 11.4.0
-- The CXX compiler identification is GNU 11.4.0
-- Detecting C compiler ABI info
-- Detecting C compiler ABI info - done
-- Check for working C compiler: /usr/bin/cc - skipped
-- Detecting C compile features
-- Detecting C compile features - done
-- Detecting CXX compiler ABI info
-- Detecting CXX compiler ABI info - done
-- Check for working CXX compiler: /usr/bin/c++ - skipped
-- Detecting CXX compile features
-- Detecting CXX compile features - done
-- Found ament_cmake: 1.3.12 (/opt/ros/humble/share/ament_cmake/cmake)
-- Found Python3: /usr/bin/python3 (found version "3.10.12") found components: Interpreter 
-- Found rclcpp: 16.0.17 (/opt/ros/humble/share/rclcpp/cmake)
-- Found rosidl_generator_c: 3.1.8 (/opt/ros/humble/share/rosidl_generator_c/cmake)
-- Found rosidl_adapter: 3.1.8 (/opt/ros/humble/share/rosidl_adapter/cmake)
-- Found rosidl_generator_cpp: 3.1.8 (/opt/ros/humble/share/rosidl_generator_cpp/cmake)
-- Using all available rosidl_typesupport_c: rosidl_typesupport_fastrtps_c;rosidl_typesupport_introspection_c
-- Using all available rosidl_typesupport_cpp: rosidl_typesupport_fastrtps_cpp;rosidl_typesupport_introspection_cpp
-- Found rmw_implementation_cmake: 6.1.2 (/opt/ros/humble/share/rmw_implementation_cmake/cmake)
-- Found rmw_fastrtps_cpp: 6.2.9 (/opt/ros/humble/share/rmw_fastrtps_cpp/cmake)
-- Found OpenSSL: /usr/lib/aarch64-linux-gnu/libcrypto.so (found version "3.0.2")  
-- Found FastRTPS: /opt/ros/humble/include  
-- Using RMW implementation 'rmw_fastrtps_cpp' as default
-- Looking for pthread.h
-- Looking for pthread.h - found
-- Performing Test CMAKE_HAVE_LIBC_PTHREAD
-- Performing Test CMAKE_HAVE_LIBC_PTHREAD - Success
-- Found Threads: TRUE  
-- Found sensor_msgs: 4.9.0 (/opt/ros/humble/share/sensor_msgs/cmake)
-- Found rosidl_default_generators: 1.2.0 (/opt/ros/humble/share/rosidl_default_generators/cmake)
-- Found ament_cmake_ros: 0.10.0 (/opt/ros/humble/share/ament_cmake_ros/cmake)
-- Using all available rosidl_typesupport_c: rosidl_typesupport_fastrtps_c;rosidl_typesupport_introspection_c
-- Using all available rosidl_typesupport_cpp: rosidl_typesupport_fastrtps_cpp;rosidl_typesupport_introspection_cpp
-- Found PythonInterp: /usr/bin/python3 (found suitable version "3.10.12", minimum required is "3.6") 
-- Found python_cmake_module: 0.10.0 (/opt/ros/humble/share/python_cmake_module/cmake)
-- Found PythonLibs: /usr/lib/aarch64-linux-gnu/libpython3.10.so (found suitable version "3.10.12", minimum required is "3.5") 
-- Using PYTHON_EXECUTABLE: /usr/bin/python3
-- Using PYTHON_INCLUDE_DIRS: /usr/include/python3.10
-- Using PYTHON_LIBRARIES: /usr/lib/aarch64-linux-gnu/libpython3.10.so
-- Found PythonExtra: .so  
-- Found ament_lint_auto: 0.12.14 (/opt/ros/humble/share/ament_lint_auto/cmake)
-- Added test 'cppcheck' to perform static code analysis on C / C++ code
-- Configured cppcheck include dirs: $<BUILD_INTERFACE:/home/pi/Legacy/URC-2026/drive_ros2_ws/src/drive_teleop/include>
-- Configured cppcheck exclude dirs and/or files: 
-- Added test 'lint_cmake' to check CMake code style
-- Added test 'uncrustify' to check C / C++ code style
-- Configured uncrustify additional arguments: 
-- Added test 'xmllint' to check XML markup files
-- Configuring done
-- Generating done
-- Build files have been written to: /home/pi/Legacy/URC-2026/drive_ros2_ws/build/drive_teleop
[  3%] [34m[1mGenerating C code for ROS interfaces[0m
[  6%] [34m[1mGenerating C++ code for ROS interfaces[0m
[  6%] Built target ament_cmake_python_copy_drive_teleop
[  9%] [32mBuilding C object CMakeFiles/drive_teleop__rosidl_generator_c.dir/rosidl_generator_c/drive_teleop/msg/detail/drive_control_message__functions.c.o[0m
[  9%] Built target drive_teleop__cpp
[ 12%] [34m[1mGenerating C++ type support for eProsima Fast-RTPS[0m
[ 15%] [34m[1mGenerating C++ type support dispatch for ROS interfaces[0m
running egg_info
creating drive_teleop.egg-info
writing drive_teleop.egg-info/PKG-INFO
writing dependency_links to drive_teleop.egg-info/dependency_links.txt
writing top-level names to drive_teleop.egg-info/top_level.txt
writing manifest file 'drive_teleop.egg-info/SOURCES.txt'
reading manifest file 'drive_teleop.egg-info/SOURCES.txt'
writing manifest file 'drive_teleop.egg-info/SOURCES.txt'
[ 18%] [32m[1mLinking C shared library libdrive_teleop__rosidl_generator_c.so[0m
[ 18%] Built target ament_cmake_python_build_drive_teleop_egg
[ 21%] [34m[1mGenerating C++ introspection for ROS interfaces[0m
[ 21%] Built target drive_teleop__rosidl_generator_c
[ 24%] [34m[1mGenerating C type support for eProsima Fast-RTPS[0m
[ 27%] [32mBuilding CXX object CMakeFiles/drive_teleop__rosidl_typesupport_cpp.dir/rosidl_typesupport_cpp/drive_teleop/msg/drive_control_message__type_support.cpp.o[0m
[ 30%] [32mBuilding CXX object CMakeFiles/drive_teleop__rosidl_typesupport_fastrtps_cpp.dir/rosidl_typesupport_fastrtps_cpp/drive_teleop/msg/detail/dds_fastrtps/drive_control_message__type_support.cpp.o[0m
[ 33%] [32mBuilding CXX object CMakeFiles/drive_teleop__rosidl_typesupport_introspection_cpp.dir/rosidl_typesupport_introspection_cpp/drive_teleop/msg/detail/drive_control_message__type_support.cpp.o[0m
[ 36%] [32mBuilding CXX object CMakeFiles/drive_teleop__rosidl_typesupport_fastrtps_c.dir/rosidl_typesupport_fastrtps_c/drive_teleop/msg/detail/drive_control_message__type_support_c.cpp.o[0m
[ 39%] [32m[1mLinking CXX shared library libdrive_teleop__rosidl_typesupport_cpp.so[0m
[ 39%] Built target drive_teleop__rosidl_typesupport_cpp
[ 42%] [34m[1mGenerating C introspection for ROS interfaces[0m
[ 45%] [32m[1mLinking CXX shared library libdrive_teleop__rosidl_typesupport_fastrtps_cpp.so[0m
[ 48%] [32m[1mLinking CXX shared library libdrive_teleop__rosidl_typesupport_fastrtps_c.so[0m
[ 48%] Built target drive_teleop__rosidl_typesupport_fastrtps_cpp
[ 51%] [32m[1mLinking CXX shared library libdrive_teleop__rosidl_typesupport_introspection_cpp.so[0m
[ 54%] [34m[1mGenerating C type support dispatch for ROS interfaces[0m
[ 54%] Built target drive_teleop__rosidl_typesupport_fastrtps_c
[ 54%] Built target drive_teleop__rosidl_typesupport_introspection_cpp
[ 57%] [32mBuilding CXX object CMakeFiles/drive_teleop_node.dir/src/drive_teleop_node.cpp.o[0m
[ 60%] [32mBuilding C object CMakeFiles/drive_teleop__rosidl_typesupport_introspection_c.dir/rosidl_typesupport_introspection_c/drive_teleop/msg/detail/drive_control_message__type_support.c.o[0m
[ 63%] [32m[1mLinking C shared library libdrive_teleop__rosidl_typesupport_introspection_c.so[0m
[ 63%] Built target drive_teleop__rosidl_typesupport_introspection_c
[ 66%] [32mBuilding CXX object CMakeFiles/drive_teleop__rosidl_typesupport_c.dir/rosidl_typesupport_c/drive_teleop/msg/drive_control_message__type_support.cpp.o[0m
[ 69%] [32m[1mLinking CXX shared library libdrive_teleop__rosidl_typesupport_c.so[0m
[ 69%] Built target drive_teleop__rosidl_typesupport_c
[ 69%] Built target drive_teleop
[ 72%] [34m[1mGenerating Python code for ROS interfaces[0m
[ 72%] Built target drive_teleop__py
[ 75%] [32mBuilding C object CMakeFiles/drive_teleop__rosidl_generator_py.dir/rosidl_generator_py/drive_teleop/msg/_drive_control_message_s.c.o[0m
[ 78%] [32m[1mLinking C shared library rosidl_generator_py/drive_teleop/libdrive_teleop__rosidl_generator_py.so[0m
[ 78%] Built target drive_teleop__rosidl_generator_py
[ 81%] [32mBuilding C object CMakeFiles/drive_teleop__rosidl_typesupport_fastrtps_c__pyext.dir/rosidl_generator_py/drive_teleop/_drive_teleop_s.ep.rosidl_typesupport_fastrtps_c.c.o[0m
[ 84%] [32mBuilding C object CMakeFiles/drive_teleop__rosidl_typesupport_c__pyext.dir/rosidl_generator_py/drive_teleop/_drive_teleop_s.ep.rosidl_typesupport_c.c.o[0m
[ 87%] [32mBuilding C object CMakeFiles/drive_teleop__rosidl_typesupport_introspection_c__pyext.dir/rosidl_generator_py/drive_teleop/_drive_teleop_s.ep.rosidl_typesupport_introspection_c.c.o[0m
[ 90%] [32m[1mLinking C shared library rosidl_generator_py/drive_teleop/drive_teleop_s__rosidl_typesupport_c.cpython-310-aarch64-linux-gnu.so[0m
[ 93%] [32m[1mLinking C shared library rosidl_generator_py/drive_teleop/drive_teleop_s__rosidl_typesupport_introspection_c.cpython-310-aarch64-linux-gnu.so[0m
[ 96%] [32m[1mLinking C shared library rosidl_generator_py/drive_teleop/drive_teleop_s__rosidl_typesupport_fastrtps_c.cpython-310-aarch64-linux-gnu.so[0m
[ 96%] Built target drive_teleop__rosidl_typesupport_c__pyext
[ 96%] Built target drive_teleop__rosidl_typesupport_fastrtps_c__pyext
[ 96%] Built target drive_teleop__rosidl_typesupport_introspection_c__pyext
[100%] [32m[1mLinking CXX executable drive_teleop_node[0m
[100%] Built target drive_teleop_node
-- Install configuration: ""
-- Installing: /home/pi/Legacy/URC-2026/drive_ros2_ws/install/drive_teleop/share/ament_index/resource_index/rosidl_interfaces/drive_teleop
-- Installing: /home/pi/Legacy/URC-2026/drive_ros2_ws/install/drive_teleop/include/drive_teleop/drive_teleop
-- Installing: /home/pi/Legacy/URC-2026/drive_ros2_ws/install/drive_teleop/include/drive_teleop/drive_teleop/msg
-- Installing: /home/pi/Legacy/URC-2026/drive_ros2_ws/install/drive_teleop/include/drive_teleop/drive_teleop/msg/drive_control_message.h
-- Installing: /home/pi/Legacy/URC-2026/drive_ros2_ws/install/drive_teleop/include/drive_teleop/drive_teleop/msg/rosidl_generator_c__visibility_control.h
-- Installing: /home/pi/Legacy/URC-2026/drive_ros2_ws/install/drive_teleop/include/drive_teleop/drive_teleop/msg/detail
-- Installing: /home/pi/Legacy/URC-2026/drive_ros2_ws/install/drive_teleop/include/drive_teleop/drive_teleop/msg/detail/drive_control_message__struct.h
-- Installing: /home/pi/Legacy/URC-2026/drive_ros2_ws/install/drive_teleop/include/drive_teleop/drive_teleop/msg/detail/drive_control_message__functions.c
-- Installing: /home/pi/Legacy/URC-2026/drive_ros2_ws/install/drive_teleop/include/drive_teleop/drive_teleop/msg/detail/drive_control_message__type_support.h
-- Installing: /home/pi/Legacy/URC-2026/drive_ros2_ws/install/drive_teleop/include/drive_teleop/drive_teleop/msg/detail/drive_control_message__functions.h
-- Installing: /home/pi/Legacy/URC-2026/drive_ros2_ws/install/drive_teleop/share/drive_teleop/environment/library_path.sh
-- Installing: /home/pi/Legacy/URC-2026/drive_ros2_ws/install/drive_teleop/share/drive_teleop/environment/library_path.dsv
-- Installing: /home/pi/Legacy/URC-2026/drive_ros2_ws/install/drive_teleop/lib/libdrive_teleop__rosidl_generator_c.so
-- Set runtime path of "/home/pi/Legacy/URC-2026/drive_ros2_ws/install/drive_teleop/lib/libdrive_teleop__rosidl_generator_c.so" to ""
-- Up-to-date: /home/pi/Legacy/URC-2026/drive_ros2_ws/install/drive_teleop/include/drive_teleop/drive_teleop
-- Up-to-date: /home/pi/Legacy/URC-2026/drive_ros2_ws/install/drive_teleop/include/drive_teleop/drive_teleop/msg
-- Installing: /home/pi/Legacy/URC-2026/drive_ros2_ws/install/drive_teleop/include/drive_teleop/drive_teleop/msg/rosidl_typesupport_fastrtps_c__visibility_control.h
-- Up-to-date: /home/pi/Legacy/URC-2026/drive_ros2_ws/install/drive_teleop/include/drive_teleop/drive_teleop/msg/detail
-- Installing: /home/pi/Legacy/URC-2026/drive_ros2_ws/install/drive_teleop/include/drive_teleop/drive_teleop/msg/detail/drive_control_message__rosidl_typesupport_fastrtps_c.h
-- Installing: /home/pi/Legacy/URC-2026/drive_ros2_ws/install/drive_teleop/lib/libdrive_teleop__rosidl_typesupport_fastrtps_c.so
-- Set runtime path of "/home/pi/Legacy/URC-2026/drive_ros2_ws/install/drive_teleop/lib/libdrive_teleop__rosidl_typesupport_fastrtps_c.so" to ""
-- Up-to-date: /home/pi/Legacy/URC-2026/drive_ros2_ws/install/drive_teleop/include/drive_teleop/drive_teleop
-- Up-to-date: /home/pi/Legacy/URC-2026/drive_ros2_ws/install/drive_teleop/include/drive_teleop/drive_teleop/msg
-- Installing: /home/pi/Legacy/URC-2026/drive_ros2_ws/install/drive_teleop/include/drive_teleop/drive_teleop/msg/drive_control_message.hpp
-- Up-to-date: /home/pi/Legacy/URC-2026/drive_ros2_ws/install/drive_teleop/include/drive_teleop/drive_teleop/msg/detail
-- Installing: /home/pi/Legacy/URC-2026/drive_ros2_ws/install/drive_teleop/include/drive_teleop/drive_teleop/msg/detail/drive_control_message__type_support.hpp
-- Installing: /home/pi/Legacy/URC-2026/drive_ros2_ws/install/drive_teleop/include/drive_teleop/drive_teleop/msg/detail/drive_control_message__struct.hpp
-- Installing: /home/pi/Legacy/URC-2026/drive_ros2_ws/install/drive_teleop/include/drive_teleop/drive_teleop/msg/detail/drive_control_message__builder.hpp
-- Installing: /home/pi/Legacy/URC-2026/drive_ros2_ws/install/drive_teleop/include/drive_teleop/drive_teleop/msg/detail/drive_control_message__traits.hpp
-- Installing: /home/pi/Legacy/URC-2026/drive_ros2_ws/install/drive_teleop/include/drive_teleop/drive_teleop/msg/rosidl_generator_cpp__visibility_control.hpp
-- Up-to-date: /home/pi/Legacy/URC-2026/drive_ros2_ws/install/drive_teleop/include/drive_teleop/drive_teleop
-- Up-to-date: /home/pi/Legacy/URC-2026/drive_ros2_ws/install/drive_teleop/include/drive_teleop/drive_teleop/msg
-- Installing: /home/pi/Legacy/URC-2026/drive_ros2_ws/install/drive_teleop/include/drive_teleop/drive_teleop/msg/rosidl_typesupport_fastrtps_cpp__visibility_control.h
-- Up-to-date: /home/pi/Legacy/URC-2026/drive_ros2_ws/install/drive_teleop/include/drive_teleop/drive_teleop/msg/detail
-- Installing: /home/pi/Legacy/URC-2026/drive_ros2_ws/install/drive_teleop/include/drive_teleop/drive_teleop/msg/detail/dds_fastrtps
-- Installing: /home/pi/Legacy/URC-2026/drive_ros2_ws/install/drive_teleop/include/drive_teleop/drive_teleop/msg/detail/drive_control_message__rosidl_typesupport_fastrtps_cpp.hpp
-- Installing: /home/pi/Legacy/URC-2026/drive_ros2_ws/install/drive_teleop/lib/libdrive_teleop__rosidl_typesupport_fastrtps_cpp.so
-- Set runtime path of "/home/pi/Legacy/URC-2026/drive_ros2_ws/install/drive_teleop/lib/libdrive_teleop__rosidl_typesupport_fastrtps_cpp.so" to ""
-- Up-to-date: /home/pi/Legacy/URC-2026/drive_ros2_ws/install/drive_teleop/include/drive_teleop/drive_teleop
-- Up-to-date: /home/pi/Legacy/URC-2026/drive_ros2_ws/install/drive_teleop/include/drive_teleop/drive_teleop/msg
-- Up-to-date: /home/pi/Legacy/URC-2026/drive_ros2_ws/install/drive_teleop/include/drive_teleop/drive_teleop/msg/detail
-- Installing: /home/pi/Legacy/URC-2026/drive_ros2_ws/install/drive_teleop/include/drive_teleop/drive_teleop/msg/detail/drive_control_message__rosidl_typesupport_introspection_c.h
-- Installing: /home/pi/Legacy/URC-2026/drive_ros2_ws/install/drive_teleop/include/drive_teleop/drive_teleop/msg/detail/drive_control_message__type_support.c
-- Installing: /home/pi/Legacy/URC-2026/drive_ros2_ws/install/drive_teleop/include/drive_teleop/drive_teleop/msg/rosidl_typesupport_introspection_c__visibility_control.h
-- Installing: /home/pi/Legacy/URC-2026/drive_ros2_ws/install/drive_teleop/lib/libdrive_teleop__rosidl_typesupport_introspection_c.so
-- Set runtime path of "/home/pi/Legacy/URC-2026/drive_ros2_ws/install/drive_teleop/lib/libdrive_teleop__rosidl_typesupport_introspection_c.so" to ""
-- Installing: /home/pi/Legacy/URC-2026/drive_ros2_ws/install/drive_teleop/lib/libdrive_teleop__rosidl_typesupport_c.so
-- Set runtime path of "/home/pi/Legacy/URC-2026/drive_ros2_ws/install/drive_teleop/lib/libdrive_teleop__rosidl_typesupport_c.so" to ""
-- Up-to-date: /home/pi/Legacy/URC-2026/drive_ros2_ws/install/drive_teleop/include/drive_teleop/drive_teleop
-- Up-to-date: /home/pi/Legacy/URC-2026/drive_ros2_ws/install/drive_teleop/include/drive_teleop/drive_teleop/msg
-- Up-to-date: /home/pi/Legacy/URC-2026/drive_ros2_ws/install/drive_teleop/include/drive_teleop/drive_teleop/msg/detail
-- Installing: /home/pi/Legacy/URC-2026/drive_ros2_ws/install/drive_teleop/include/drive_teleop/drive_teleop/msg/detail/drive_control_message__rosidl_typesupport_introspection_cpp.hpp
-- Installing: /home/pi/Legacy/URC-2026/drive_ros2_ws/install/drive_teleop/include/drive_teleop/drive_teleop/msg/detail/drive_control_message__type_support.cpp
-- Installing: /home/pi/Legacy/URC-2026/drive_ros2_ws/install/drive_teleop/lib/libdrive_teleop__rosidl_typesupport_introspection_cpp.so
-- Set runtime path of "/home/pi/Legacy/URC-2026/drive_ros2_ws/install/drive_teleop/lib/libdrive_teleop__rosidl_typesupport_introspection_cpp.so" to ""
-- Installing: /home/pi/Legacy/URC-2026/drive_ros2_ws/install/drive_teleop/lib/libdrive_teleop__rosidl_typesupport_cpp.so
-- Set runtime path of "/home/pi/Legacy/URC-2026/drive_ros2_ws/install/drive_teleop/lib/libdrive_teleop__rosidl_typesupport_cpp.so" to ""
-- Installing: /home/pi/Legacy/URC-2026/drive_ros2_ws/install/drive_teleop/share/drive_teleop/environment/pythonpath.sh
-- Installing: /home/pi/Legacy/URC-2026/drive_ros2_ws/install/drive_teleop/share/drive_teleop/environment/pythonpath.dsv
-- Installing: /home/pi/Legacy/URC-2026/drive_ros2_ws/install/drive_teleop/local/lib/python3.10/dist-packages/drive_teleop-0.0.0-py3.10.egg-info
-- Installing: /home/pi/Legacy/URC-2026/drive_ros2_ws/install/drive_teleop/local/lib/python3.10/dist-packages/drive_teleop-0.0.0-py3.10.egg-info/PKG-INFO
-- Installing: /home/pi/Legacy/URC-2026/drive_ros2_ws/install/drive_teleop/local/lib/python3.10/dist-packages/drive_teleop-0.0.0-py3.10.egg-info/top_level.txt
-- Installing: /home/pi/Legacy/URC-2026/drive_ros2_ws/install/drive_teleop/local/lib/python3.10/dist-packages/drive_teleop-0.0.0-py3.10.egg-info/SOURCES.txt
-- Installing: /home/pi/Legacy/URC-2026/drive_ros2_ws/install/drive_teleop/local/lib/python3.10/dist-packages/drive_teleop-0.0.0-py3.10.egg-info/dependency_links.txt
-- Installing: /home/pi/Legacy/URC-2026/drive_ros2_ws/install/drive_teleop/local/lib/python3.10/dist-packages/drive_teleop
-- Installing: /home/pi/Legacy/URC-2026/drive_ros2_ws/install/drive_teleop/local/lib/python3.10/dist-packages/drive_teleop/drive_teleop_s__rosidl_typesupport_fastrtps_c.cpython-310-aarch64-linux-gnu.so
-- Installing: /home/pi/Legacy/URC-2026/drive_ros2_ws/install/drive_teleop/local/lib/python3.10/dist-packages/drive_teleop/__init__.py
-- Installing: /home/pi/Legacy/URC-2026/drive_ros2_ws/install/drive_teleop/local/lib/python3.10/dist-packages/drive_teleop/drive_teleop_s__rosidl_typesupport_c.cpython-310-aarch64-linux-gnu.so
-- Installing: /home/pi/Legacy/URC-2026/drive_ros2_ws/install/drive_teleop/local/lib/python3.10/dist-packages/drive_teleop/_drive_teleop_s.ep.rosidl_typesupport_c.c
-- Installing: /home/pi/Legacy/URC-2026/drive_ros2_ws/install/drive_teleop/local/lib/python3.10/dist-packages/drive_teleop/_drive_teleop_s.ep.rosidl_typesupport_fastrtps_c.c
-- Installing: /home/pi/Legacy/URC-2026/drive_ros2_ws/install/drive_teleop/local/lib/python3.10/dist-packages/drive_teleop/msg
-- Installing: /home/pi/Legacy/URC-2026/drive_ros2_ws/install/drive_teleop/local/lib/python3.10/dist-packages/drive_teleop/msg/__init__.py
-- Installing: /home/pi/Legacy/URC-2026/drive_ros2_ws/install/drive_teleop/local/lib/python3.10/dist-packages/drive_teleop/msg/_drive_control_message.py
-- Installing: /home/pi/Legacy/URC-2026/drive_ros2_ws/install/drive_teleop/local/lib/python3.10/dist-packages/drive_teleop/msg/_drive_control_message_s.c
-- Installing: /home/pi/Legacy/URC-2026/drive_ros2_ws/install/drive_teleop/local/lib/python3.10/dist-packages/drive_teleop/_drive_teleop_s.ep.rosidl_typesupport_introspection_c.c
-- Installing: /home/pi/Legacy/URC-2026/drive_ros2_ws/install/drive_teleop/local/lib/python3.10/dist-packages/drive_teleop/drive_teleop_s__rosidl_typesupport_introspection_c.cpython-310-aarch64-linux-gnu.so
-- Installing: /home/pi/Legacy/URC-2026/drive_ros2_ws/install/drive_teleop/local/lib/python3.10/dist-packages/drive_teleop/libdrive_teleop__rosidl_generator_py.so
Listing '/home/pi/Legacy/URC-2026/drive_ros2_ws/install/drive_teleop/local/lib/python3.10/dist-packages/drive_teleop'...
Compiling '/home/pi/Legacy/URC-2026/drive_ros2_ws/install/drive_teleop/local/lib/python3.10/dist-packages/drive_teleop/__init__.py'...
Listing '/home/pi/Legacy/URC-2026/drive_ros2_ws/install/drive_teleop/local/lib/python3.10/dist-packages/drive_teleop/msg'...
Compiling '/home/pi/Legacy/URC-2026/drive_ros2_ws/install/drive_teleop/local/lib/python3.10/dist-packages/drive_teleop/msg/__init__.py'...
Compiling '/home/pi/Legacy/URC-2026/drive_ros2_ws/install/drive_teleop/local/lib/python3.10/dist-packages/drive_teleop/msg/_drive_control_message.py'...
-- Installing: /home/pi/Legacy/URC-2026/drive_ros2_ws/install/drive_teleop/local/lib/python3.10/dist-packages/drive_teleop/drive_teleop_s__rosidl_typesupport_fastrtps_c.cpython-310-aarch64-linux-gnu.so
-- Set runtime path of "/home/pi/Legacy/URC-2026/drive_ros2_ws/install/drive_teleop/local/lib/python3.10/dist-packages/drive_teleop/drive_teleop_s__rosidl_typesupport_fastrtps_c.cpython-310-aarch64-linux-gnu.so" to ""
-- Installing: /home/pi/Legacy/URC-2026/drive_ros2_ws/install/drive_teleop/local/lib/python3.10/dist-packages/drive_teleop/drive_teleop_s__rosidl_typesupport_introspection_c.cpython-310-aarch64-linux-gnu.so
-- Set runtime path of "/home/pi/Legacy/URC-2026/drive_ros2_ws/install/drive_teleop/local/lib/python3.10/dist-packages/drive_teleop/drive_teleop_s__rosidl_typesupport_introspection_c.cpython-310-aarch64-linux-gnu.so" to ""
-- Installing: /home/pi/Legacy/URC-2026/drive_ros2_ws/install/drive_teleop/local/lib/python3.10/dist-packages/drive_teleop/drive_teleop_s__rosidl_typesupport_c.cpython-310-aarch64-linux-gnu.so
-- Set runtime path of "/home/pi/Legacy/URC-2026/drive_ros2_ws/install/drive_teleop/local/lib/python3.10/dist-packages/drive_teleop/drive_teleop_s__rosidl_typesupport_c.cpython-310-aarch64-linux-gnu.so" to ""
-- Installing: /home/pi/Legacy/URC-2026/drive_ros2_ws/install/drive_teleop/lib/libdrive_teleop__rosidl_generator_py.so
-- Set runtime path of "/home/pi/Legacy/URC-2026/drive_ros2_ws/install/drive_teleop/lib/libdrive_teleop__rosidl_generator_py.so" to ""
-- Installing: /home/pi/Legacy/URC-2026/drive_ros2_ws/install/drive_teleop/share/drive_teleop/msg/DriveControlMessage.idl
-- Installing: /home/pi/Legacy/URC-2026/drive_ros2_ws/install/drive_teleop/share/drive_teleop/msg/DriveControlMessage.msg
-- Installing: /home/pi/Legacy/URC-2026/drive_ros2_ws/install/drive_teleop/lib/drive_teleop/drive_teleop_node
-- Set runtime path of "/home/pi/Legacy/URC-2026/drive_ros2_ws/install/drive_teleop/lib/drive_teleop/drive_teleop_node" to ""
-- Installing: /home/pi/Legacy/URC-2026/drive_ros2_ws/install/drive_teleop/share/ament_index/resource_index/package_run_dependencies/drive_teleop
-- Installing: /home/pi/Legacy/URC-2026/drive_ros2_ws/install/drive_teleop/share/ament_index/resource_index/parent_prefix_path/drive_teleop
-- Installing: /home/pi/Legacy/URC-2026/drive_ros2_ws/install/drive_teleop/share/drive_teleop/environment/ament_prefix_path.sh
-- Installing: /home/pi/Legacy/URC-2026/drive_ros2_ws/install/drive_teleop/share/drive_teleop/environment/ament_prefix_path.dsv
-- Installing: /home/pi/Legacy/URC-2026/drive_ros2_ws/install/drive_teleop/share/drive_teleop/environment/path.sh
-- Installing: /home/pi/Legacy/URC-2026/drive_ros2_ws/install/drive_teleop/share/drive_teleop/environment/path.dsv
-- Installing: /home/pi/Legacy/URC-2026/drive_ros2_ws/install/drive_teleop/share/drive_teleop/local_setup.bash
-- Installing: /home/pi/Legacy/URC-2026/drive_ros2_ws/install/drive_teleop/share/drive_teleop/local_setup.sh
-- Installing: /home/pi/Legacy/URC-2026/drive_ros2_ws/install/drive_teleop/share/drive_teleop/local_setup.zsh
-- Installing: /home/pi/Legacy/URC-2026/drive_ros2_ws/install/drive_teleop/share/drive_teleop/local_setup.dsv
-- Installing: /home/pi/Legacy/URC-2026/drive_ros2_ws/install/drive_teleop/share/drive_teleop/package.dsv
-- Installing: /home/pi/Legacy/URC-2026/drive_ros2_ws/install/drive_teleop/share/ament_index/resource_index/packages/drive_teleop
-- Installing: /home/pi/Legacy/URC-2026/drive_ros2_ws/install/drive_teleop/share/drive_teleop/cmake/export_drive_teleop__rosidl_generator_cExport.cmake
-- Installing: /home/pi/Legacy/URC-2026/drive_ros2_ws/install/drive_teleop/share/drive_teleop/cmake/export_drive_teleop__rosidl_generator_cExport-noconfig.cmake
-- Installing: /home/pi/Legacy/URC-2026/drive_ros2_ws/install/drive_teleop/share/drive_teleop/cmake/export_drive_teleop__rosidl_typesupport_fastrtps_cExport.cmake
-- Installing: /home/pi/Legacy/URC-2026/drive_ros2_ws/install/drive_teleop/share/drive_teleop/cmake/export_drive_teleop__rosidl_typesupport_fastrtps_cExport-noconfig.cmake
-- Installing: /home/pi/Legacy/URC-2026/drive_ros2_ws/install/drive_teleop/share/drive_teleop/cmake/export_drive_teleop__rosidl_generator_cppExport.cmake
-- Installing: /home/pi/Legacy/URC-2026/drive_ros2_ws/install/drive_teleop/share/drive_teleop/cmake/export_drive_teleop__rosidl_typesupport_fastrtps_cppExport.cmake
-- Installing: /home/pi/Legacy/URC-2026/drive_ros2_ws/install/drive_teleop/share/drive_teleop/cmake/export_drive_teleop__rosidl_typesupport_fastrtps_cppExport-noconfig.cmake
-- Installing: /home/pi/Legacy/URC-2026/drive_ros2_ws/install/drive_teleop/share/drive_teleop/cmake/drive_teleop__rosidl_typesupport_introspection_cExport.cmake
-- Installing: /home/pi/Legacy/URC-2026/drive_ros2_ws/install/drive_teleop/share/drive_teleop/cmake/drive_teleop__rosidl_typesupport_introspection_cExport-noconfig.cmake
-- Installing: /home/pi/Legacy/URC-2026/drive_ros2_ws/install/drive_teleop/share/drive_teleop/cmake/drive_teleop__rosidl_typesupport_cExport.cmake
-- Installing: /home/pi/Legacy/URC-2026/drive_ros2_ws/install/drive_teleop/share/drive_teleop/cmake/drive_teleop__rosidl_typesupport_cExport-noconfig.cmake
-- Installing: /home/pi/Legacy/URC-2026/drive_ros2_ws/install/drive_teleop/share/drive_teleop/cmake/drive_teleop__rosidl_typesupport_introspection_cppExport.cmake
-- Installing: /home/pi/Legacy/URC-2026/drive_ros2_ws/install/drive_teleop/share/drive_teleop/cmake/drive_teleop__rosidl_typesupport_introspection_cppExport-noconfig.cmake
-- Installing: /home/pi/Legacy/URC-2026/drive_ros2_ws/install/drive_teleop/share/drive_teleop/cmake/drive_teleop__rosidl_typesupport_cppExport.cmake
-- Installing: /home/pi/Legacy/URC-2026/drive_ros2_ws/install/drive_teleop/share/drive_teleop/cmake/drive_teleop__rosidl_typesupport_cppExport-noconfig.cmake
-- Installing: /home/pi/Legacy/URC-2026/drive_ros2_ws/install/drive_teleop/share/drive_teleop/cmake/export_drive_teleop__rosidl_generator_pyExport.cmake
-- Installing: /home/pi/Legacy/URC-2026/drive_ros2_ws/install/drive_teleop/share/drive_teleop/cmake/export_drive_teleop__rosidl_generator_pyExport-noconfig.cmake
-- Installing: /home/pi/Legacy/URC-2026/drive_ros2_ws/install/drive_teleop/share/drive_teleop/cmake/rosidl_cmake-extras.cmake
-- Installing: /home/pi/Legacy/URC-2026/drive_ros2_ws/install/drive_teleop/share/drive_teleop/cmake/ament_cmake_export_dependencies-extras.cmake
-- Installing: /home/pi/Legacy/URC-2026/drive_ros2_ws/install/drive_teleop/share/drive_teleop/cmake/ament_cmake_export_include_directories-extras.cmake
-- Installing: /home/pi/Legacy/URC-2026/drive_ros2_ws/install/drive_teleop/share/drive_teleop/cmake/ament_cmake_export_libraries-extras.cmake
-- Installing: /home/pi/Legacy/URC-2026/drive_ros2_ws/install/drive_teleop/share/drive_teleop/cmake/ament_cmake_export_targets-extras.cmake
-- Installing: /home/pi/Legacy/URC-2026/drive_ros2_ws/install/drive_teleop/share/drive_teleop/cmake/rosidl_cmake_export_typesupport_targets-extras.cmake
-- Installing: /home/pi/Legacy/URC-2026/drive_ros2_ws/install/drive_teleop/share/drive_teleop/cmake/rosidl_cmake_export_typesupport_libraries-extras.cmake
-- Installing: /home/pi/Legacy/URC-2026/drive_ros2_ws/install/drive_teleop/share/drive_teleop/cmake/drive_teleopConfig.cmake
-- Installing: /home/pi/Legacy/URC-2026/drive_ros2_ws/install/drive_teleop/share/drive_teleop/cmake/drive_teleopConfig-version.cmake
-- Installing: /home/pi/Legacy/URC-2026/drive_ros2_ws/install/drive_teleop/share/drive_teleop/package.xml
