[0.057s] Invoking command in '/home/pi/Legacy/URC-2026/drive_ros2_ws/build/drive_teleop': CMAKE_PREFIX_PATH=${CMAKE_PREFIX_PATH}:/home/pi/Legacy/URC-2026/drive_ros2_ws/install/drive_manager:/home/pi/Legacy/URC-2026/embedded_ros2_ws/install/serializer_nodes_demo:/home/pi/Legacy/URC-2026/embedded_ros2_ws/install/drive:/home/pi/Legacy/Testing/ros2_ws/install/rover_motor_command:/opt/ros/humble /usr/bin/cmake /home/pi/Legacy/URC-2026/drive_ros2_ws/src/drive_teleop -DCMAKE_INSTALL_PREFIX=/home/pi/Legacy/URC-2026/drive_ros2_ws/install/drive_teleop
[0.622s] -- The C compiler identification is GNU 11.4.0
[1.053s] -- The CXX compiler identification is GNU 11.4.0
[1.110s] -- Detecting C compiler ABI info
[1.566s] -- Detecting C compiler ABI info - done
[1.592s] -- Check for working C compiler: /usr/bin/cc - skipped
[1.593s] -- Detecting C compile features
[1.597s] -- Detecting C compile features - done
[1.626s] -- Detecting CXX compiler ABI info
[2.112s] -- Detecting CXX compiler ABI info - done
[2.142s] -- Check for working CXX compiler: /usr/bin/c++ - skipped
[2.144s] -- Detecting CXX compile features
[2.146s] -- Detecting CXX compile features - done
[2.194s] -- Found ament_cmake: 1.3.12 (/opt/ros/humble/share/ament_cmake/cmake)
[3.425s] -- Found Python3: /usr/bin/python3 (found version "3.10.12") found components: Interpreter 
[4.406s] -- Found rclcpp: 16.0.17 (/opt/ros/humble/share/rclcpp/cmake)
[4.935s] -- Found rosidl_generator_c: 3.1.8 (/opt/ros/humble/share/rosidl_generator_c/cmake)
[5.016s] -- Found rosidl_adapter: 3.1.8 (/opt/ros/humble/share/rosidl_adapter/cmake)
[5.130s] -- Found rosidl_generator_cpp: 3.1.8 (/opt/ros/humble/share/rosidl_generator_cpp/cmake)
[5.259s] -- Using all available rosidl_typesupport_c: rosidl_typesupport_fastrtps_c;rosidl_typesupport_introspection_c
[5.420s] -- Using all available rosidl_typesupport_cpp: rosidl_typesupport_fastrtps_cpp;rosidl_typesupport_introspection_cpp
[5.905s] -- Found rmw_implementation_cmake: 6.1.2 (/opt/ros/humble/share/rmw_implementation_cmake/cmake)
[5.944s] -- Found rmw_fastrtps_cpp: 6.2.9 (/opt/ros/humble/share/rmw_fastrtps_cpp/cmake)
[6.570s] -- Found OpenSSL: /usr/lib/aarch64-linux-gnu/libcrypto.so (found version "3.0.2")  
[6.720s] -- Found FastRTPS: /opt/ros/humble/include  
[6.974s] -- Using RMW implementation 'rmw_fastrtps_cpp' as default
[7.076s] -- Looking for pthread.h
[7.469s] -- Looking for pthread.h - found
[7.472s] -- Performing Test CMAKE_HAVE_LIBC_PTHREAD
[7.851s] -- Performing Test CMAKE_HAVE_LIBC_PTHREAD - Success
[7.857s] -- Found Threads: TRUE  
[8.169s] -- Found sensor_msgs: 4.9.0 (/opt/ros/humble/share/sensor_msgs/cmake)
[8.346s] -- Found rosidl_default_generators: 1.2.0 (/opt/ros/humble/share/rosidl_default_generators/cmake)
[9.767s] -- Found ament_cmake_ros: 0.10.0 (/opt/ros/humble/share/ament_cmake_ros/cmake)
[11.696s] -- Using all available rosidl_typesupport_c: rosidl_typesupport_fastrtps_c;rosidl_typesupport_introspection_c
[12.428s] -- Using all available rosidl_typesupport_cpp: rosidl_typesupport_fastrtps_cpp;rosidl_typesupport_introspection_cpp
[12.556s] -- Found PythonInterp: /usr/bin/python3 (found suitable version "3.10.12", minimum required is "3.6") 
[12.587s] -- Found python_cmake_module: 0.10.0 (/opt/ros/humble/share/python_cmake_module/cmake)
[12.721s] -- Found PythonLibs: /usr/lib/aarch64-linux-gnu/libpython3.10.so (found suitable version "3.10.12", minimum required is "3.5") 
[12.721s] -- Using PYTHON_EXECUTABLE: /usr/bin/python3
[12.722s] -- Using PYTHON_INCLUDE_DIRS: /usr/include/python3.10
[12.722s] -- Using PYTHON_LIBRARIES: /usr/lib/aarch64-linux-gnu/libpython3.10.so
[12.839s] -- Found PythonExtra: .so  
[13.121s] -- Found ament_lint_auto: 0.12.14 (/opt/ros/humble/share/ament_lint_auto/cmake)
[13.370s] -- Added test 'cppcheck' to perform static code analysis on C / C++ code
[13.372s] -- Configured cppcheck include dirs: $<BUILD_INTERFACE:/home/pi/Legacy/URC-2026/drive_ros2_ws/src/drive_teleop/include>
[13.373s] -- Configured cppcheck exclude dirs and/or files: 
[13.380s] -- Added test 'lint_cmake' to check CMake code style
[13.392s] -- Added test 'uncrustify' to check C / C++ code style
[13.393s] -- Configured uncrustify additional arguments: 
[13.398s] -- Added test 'xmllint' to check XML markup files
[13.420s] -- Configuring done
[13.656s] -- Generating done
[13.712s] -- Build files have been written to: /home/pi/Legacy/URC-2026/drive_ros2_ws/build/drive_teleop
[13.762s] Invoked command in '/home/pi/Legacy/URC-2026/drive_ros2_ws/build/drive_teleop' returned '0': CMAKE_PREFIX_PATH=${CMAKE_PREFIX_PATH}:/home/pi/Legacy/URC-2026/drive_ros2_ws/install/drive_manager:/home/pi/Legacy/URC-2026/embedded_ros2_ws/install/serializer_nodes_demo:/home/pi/Legacy/URC-2026/embedded_ros2_ws/install/drive:/home/pi/Legacy/Testing/ros2_ws/install/rover_motor_command:/opt/ros/humble /usr/bin/cmake /home/pi/Legacy/URC-2026/drive_ros2_ws/src/drive_teleop -DCMAKE_INSTALL_PREFIX=/home/pi/Legacy/URC-2026/drive_ros2_ws/install/drive_teleop
[13.772s] Invoking command in '/home/pi/Legacy/URC-2026/drive_ros2_ws/build/drive_teleop': CMAKE_PREFIX_PATH=${CMAKE_PREFIX_PATH}:/home/pi/Legacy/URC-2026/drive_ros2_ws/install/drive_manager:/home/pi/Legacy/URC-2026/embedded_ros2_ws/install/serializer_nodes_demo:/home/pi/Legacy/URC-2026/embedded_ros2_ws/install/drive:/home/pi/Legacy/Testing/ros2_ws/install/rover_motor_command:/opt/ros/humble /usr/bin/cmake --build /home/pi/Legacy/URC-2026/drive_ros2_ws/build/drive_teleop -- -j4 -l4
[14.010s] [  3%] [34m[1mGenerating C code for ROS interfaces[0m
[14.068s] [  6%] [34m[1mGenerating C++ code for ROS interfaces[0m
[14.116s] [  6%] Built target ament_cmake_python_copy_drive_teleop
[15.512s] [  9%] [32mBuilding C object CMakeFiles/drive_teleop__rosidl_generator_c.dir/rosidl_generator_c/drive_teleop/msg/detail/drive_control_message__functions.c.o[0m
[15.520s] [  9%] Built target drive_teleop__cpp
[15.586s] [ 12%] [34m[1mGenerating C++ type support for eProsima Fast-RTPS[0m
[15.591s] [ 15%] [34m[1mGenerating C++ type support dispatch for ROS interfaces[0m
[15.786s] running egg_info
[15.789s] creating drive_teleop.egg-info
[15.790s] writing drive_teleop.egg-info/PKG-INFO
[15.791s] writing dependency_links to drive_teleop.egg-info/dependency_links.txt
[15.792s] writing top-level names to drive_teleop.egg-info/top_level.txt
[15.794s] writing manifest file 'drive_teleop.egg-info/SOURCES.txt'
[15.804s] reading manifest file 'drive_teleop.egg-info/SOURCES.txt'
[15.807s] writing manifest file 'drive_teleop.egg-info/SOURCES.txt'
[15.884s] [ 18%] [32m[1mLinking C shared library libdrive_teleop__rosidl_generator_c.so[0m
[16.020s] [ 18%] Built target ament_cmake_python_build_drive_teleop_egg
[16.099s] [ 21%] [34m[1mGenerating C++ introspection for ROS interfaces[0m
[16.156s] [ 21%] Built target drive_teleop__rosidl_generator_c
[16.225s] [ 24%] [34m[1mGenerating C type support for eProsima Fast-RTPS[0m
[17.025s] [ 27%] [32mBuilding CXX object CMakeFiles/drive_teleop__rosidl_typesupport_cpp.dir/rosidl_typesupport_cpp/drive_teleop/msg/drive_control_message__type_support.cpp.o[0m
[17.219s] [ 30%] [32mBuilding CXX object CMakeFiles/drive_teleop__rosidl_typesupport_fastrtps_cpp.dir/rosidl_typesupport_fastrtps_cpp/drive_teleop/msg/detail/dds_fastrtps/drive_control_message__type_support.cpp.o[0m
[17.638s] [ 33%] [32mBuilding CXX object CMakeFiles/drive_teleop__rosidl_typesupport_introspection_cpp.dir/rosidl_typesupport_introspection_cpp/drive_teleop/msg/detail/drive_control_message__type_support.cpp.o[0m
[17.742s] [ 36%] [32mBuilding CXX object CMakeFiles/drive_teleop__rosidl_typesupport_fastrtps_c.dir/rosidl_typesupport_fastrtps_c/drive_teleop/msg/detail/drive_control_message__type_support_c.cpp.o[0m
[18.728s] [ 39%] [32m[1mLinking CXX shared library libdrive_teleop__rosidl_typesupport_cpp.so[0m
[19.004s] [ 39%] Built target drive_teleop__rosidl_typesupport_cpp
[19.081s] [ 42%] [34m[1mGenerating C introspection for ROS interfaces[0m
[19.788s] [ 45%] [32m[1mLinking CXX shared library libdrive_teleop__rosidl_typesupport_fastrtps_cpp.so[0m
[20.125s] [ 48%] [32m[1mLinking CXX shared library libdrive_teleop__rosidl_typesupport_fastrtps_c.so[0m
[20.286s] [ 48%] Built target drive_teleop__rosidl_typesupport_fastrtps_cpp
[20.355s] [ 51%] [32m[1mLinking CXX shared library libdrive_teleop__rosidl_typesupport_introspection_cpp.so[0m
[20.360s] [ 54%] [34m[1mGenerating C type support dispatch for ROS interfaces[0m
[20.654s] [ 54%] Built target drive_teleop__rosidl_typesupport_fastrtps_c
[20.797s] [ 54%] Built target drive_teleop__rosidl_typesupport_introspection_cpp
[20.803s] [ 57%] [32mBuilding CXX object CMakeFiles/drive_teleop_node.dir/src/drive_teleop_node.cpp.o[0m
[20.841s] [ 60%] [32mBuilding C object CMakeFiles/drive_teleop__rosidl_typesupport_introspection_c.dir/rosidl_typesupport_introspection_c/drive_teleop/msg/detail/drive_control_message__type_support.c.o[0m
[21.060s] [ 63%] [32m[1mLinking C shared library libdrive_teleop__rosidl_typesupport_introspection_c.so[0m
[21.228s] [ 63%] Built target drive_teleop__rosidl_typesupport_introspection_c
[21.637s] [ 66%] [32mBuilding CXX object CMakeFiles/drive_teleop__rosidl_typesupport_c.dir/rosidl_typesupport_c/drive_teleop/msg/drive_control_message__type_support.cpp.o[0m
[21.809s] [ 69%] [32m[1mLinking CXX shared library libdrive_teleop__rosidl_typesupport_c.so[0m
[21.995s] [ 69%] Built target drive_teleop__rosidl_typesupport_c
[22.098s] [ 69%] Built target drive_teleop
[22.204s] [ 72%] [34m[1mGenerating Python code for ROS interfaces[0m
[23.687s] [ 72%] Built target drive_teleop__py
[23.805s] [ 75%] [32mBuilding C object CMakeFiles/drive_teleop__rosidl_generator_py.dir/rosidl_generator_py/drive_teleop/msg/_drive_control_message_s.c.o[0m
[24.341s] [ 78%] [32m[1mLinking C shared library rosidl_generator_py/drive_teleop/libdrive_teleop__rosidl_generator_py.so[0m
[24.581s] [ 78%] Built target drive_teleop__rosidl_generator_py
[24.728s] [ 81%] [32mBuilding C object CMakeFiles/drive_teleop__rosidl_typesupport_fastrtps_c__pyext.dir/rosidl_generator_py/drive_teleop/_drive_teleop_s.ep.rosidl_typesupport_fastrtps_c.c.o[0m
[24.733s] [ 84%] [32mBuilding C object CMakeFiles/drive_teleop__rosidl_typesupport_c__pyext.dir/rosidl_generator_py/drive_teleop/_drive_teleop_s.ep.rosidl_typesupport_c.c.o[0m
[24.748s] [ 87%] [32mBuilding C object CMakeFiles/drive_teleop__rosidl_typesupport_introspection_c__pyext.dir/rosidl_generator_py/drive_teleop/_drive_teleop_s.ep.rosidl_typesupport_introspection_c.c.o[0m
[25.386s] [ 90%] [32m[1mLinking C shared library rosidl_generator_py/drive_teleop/drive_teleop_s__rosidl_typesupport_c.cpython-310-aarch64-linux-gnu.so[0m
[25.398s] [ 93%] [32m[1mLinking C shared library rosidl_generator_py/drive_teleop/drive_teleop_s__rosidl_typesupport_introspection_c.cpython-310-aarch64-linux-gnu.so[0m
[25.404s] [ 96%] [32m[1mLinking C shared library rosidl_generator_py/drive_teleop/drive_teleop_s__rosidl_typesupport_fastrtps_c.cpython-310-aarch64-linux-gnu.so[0m
[25.733s] [ 96%] Built target drive_teleop__rosidl_typesupport_c__pyext
[25.743s] [ 96%] Built target drive_teleop__rosidl_typesupport_fastrtps_c__pyext
[25.755s] [ 96%] Built target drive_teleop__rosidl_typesupport_introspection_c__pyext
[54.243s] [100%] [32m[1mLinking CXX executable drive_teleop_node[0m
[56.386s] [100%] Built target drive_teleop_node
[56.507s] Invoked command in '/home/pi/Legacy/URC-2026/drive_ros2_ws/build/drive_teleop' returned '0': CMAKE_PREFIX_PATH=${CMAKE_PREFIX_PATH}:/home/pi/Legacy/URC-2026/drive_ros2_ws/install/drive_manager:/home/pi/Legacy/URC-2026/embedded_ros2_ws/install/serializer_nodes_demo:/home/pi/Legacy/URC-2026/embedded_ros2_ws/install/drive:/home/pi/Legacy/Testing/ros2_ws/install/rover_motor_command:/opt/ros/humble /usr/bin/cmake --build /home/pi/Legacy/URC-2026/drive_ros2_ws/build/drive_teleop -- -j4 -l4
[56.636s] Invoking command in '/home/pi/Legacy/URC-2026/drive_ros2_ws/build/drive_teleop': CMAKE_PREFIX_PATH=${CMAKE_PREFIX_PATH}:/home/pi/Legacy/URC-2026/drive_ros2_ws/install/drive_manager:/home/pi/Legacy/URC-2026/embedded_ros2_ws/install/serializer_nodes_demo:/home/pi/Legacy/URC-2026/embedded_ros2_ws/install/drive:/home/pi/Legacy/Testing/ros2_ws/install/rover_motor_command:/opt/ros/humble /usr/bin/cmake --install /home/pi/Legacy/URC-2026/drive_ros2_ws/build/drive_teleop
[56.711s] -- Install configuration: ""
[56.715s] -- Installing: /home/pi/Legacy/URC-2026/drive_ros2_ws/install/drive_teleop/share/ament_index/resource_index/rosidl_interfaces/drive_teleop
[56.718s] -- Installing: /home/pi/Legacy/URC-2026/drive_ros2_ws/install/drive_teleop/include/drive_teleop/drive_teleop
[56.721s] -- Installing: /home/pi/Legacy/URC-2026/drive_ros2_ws/install/drive_teleop/include/drive_teleop/drive_teleop/msg
[56.724s] -- Installing: /home/pi/Legacy/URC-2026/drive_ros2_ws/install/drive_teleop/include/drive_teleop/drive_teleop/msg/drive_control_message.h
[56.727s] -- Installing: /home/pi/Legacy/URC-2026/drive_ros2_ws/install/drive_teleop/include/drive_teleop/drive_teleop/msg/rosidl_generator_c__visibility_control.h
[56.730s] -- Installing: /home/pi/Legacy/URC-2026/drive_ros2_ws/install/drive_teleop/include/drive_teleop/drive_teleop/msg/detail
[56.732s] -- Installing: /home/pi/Legacy/URC-2026/drive_ros2_ws/install/drive_teleop/include/drive_teleop/drive_teleop/msg/detail/drive_control_message__struct.h
[56.735s] -- Installing: /home/pi/Legacy/URC-2026/drive_ros2_ws/install/drive_teleop/include/drive_teleop/drive_teleop/msg/detail/drive_control_message__functions.c
[56.739s] -- Installing: /home/pi/Legacy/URC-2026/drive_ros2_ws/install/drive_teleop/include/drive_teleop/drive_teleop/msg/detail/drive_control_message__type_support.h
[56.742s] -- Installing: /home/pi/Legacy/URC-2026/drive_ros2_ws/install/drive_teleop/include/drive_teleop/drive_teleop/msg/detail/drive_control_message__functions.h
[56.746s] -- Installing: /home/pi/Legacy/URC-2026/drive_ros2_ws/install/drive_teleop/share/drive_teleop/environment/library_path.sh
[56.758s] -- Installing: /home/pi/Legacy/URC-2026/drive_ros2_ws/install/drive_teleop/share/drive_teleop/environment/library_path.dsv
[56.761s] -- Installing: /home/pi/Legacy/URC-2026/drive_ros2_ws/install/drive_teleop/lib/libdrive_teleop__rosidl_generator_c.so
[56.766s] -- Set runtime path of "/home/pi/Legacy/URC-2026/drive_ros2_ws/install/drive_teleop/lib/libdrive_teleop__rosidl_generator_c.so" to ""
[56.768s] -- Up-to-date: /home/pi/Legacy/URC-2026/drive_ros2_ws/install/drive_teleop/include/drive_teleop/drive_teleop
[56.770s] -- Up-to-date: /home/pi/Legacy/URC-2026/drive_ros2_ws/install/drive_teleop/include/drive_teleop/drive_teleop/msg
[56.772s] -- Installing: /home/pi/Legacy/URC-2026/drive_ros2_ws/install/drive_teleop/include/drive_teleop/drive_teleop/msg/rosidl_typesupport_fastrtps_c__visibility_control.h
[56.775s] -- Up-to-date: /home/pi/Legacy/URC-2026/drive_ros2_ws/install/drive_teleop/include/drive_teleop/drive_teleop/msg/detail
[56.777s] -- Installing: /home/pi/Legacy/URC-2026/drive_ros2_ws/install/drive_teleop/include/drive_teleop/drive_teleop/msg/detail/drive_control_message__rosidl_typesupport_fastrtps_c.h
[56.781s] -- Installing: /home/pi/Legacy/URC-2026/drive_ros2_ws/install/drive_teleop/lib/libdrive_teleop__rosidl_typesupport_fastrtps_c.so
[56.785s] -- Set runtime path of "/home/pi/Legacy/URC-2026/drive_ros2_ws/install/drive_teleop/lib/libdrive_teleop__rosidl_typesupport_fastrtps_c.so" to ""
[56.787s] -- Up-to-date: /home/pi/Legacy/URC-2026/drive_ros2_ws/install/drive_teleop/include/drive_teleop/drive_teleop
[56.789s] -- Up-to-date: /home/pi/Legacy/URC-2026/drive_ros2_ws/install/drive_teleop/include/drive_teleop/drive_teleop/msg
[56.791s] -- Installing: /home/pi/Legacy/URC-2026/drive_ros2_ws/install/drive_teleop/include/drive_teleop/drive_teleop/msg/drive_control_message.hpp
[56.795s] -- Up-to-date: /home/pi/Legacy/URC-2026/drive_ros2_ws/install/drive_teleop/include/drive_teleop/drive_teleop/msg/detail
[56.797s] -- Installing: /home/pi/Legacy/URC-2026/drive_ros2_ws/install/drive_teleop/include/drive_teleop/drive_teleop/msg/detail/drive_control_message__type_support.hpp
[56.800s] -- Installing: /home/pi/Legacy/URC-2026/drive_ros2_ws/install/drive_teleop/include/drive_teleop/drive_teleop/msg/detail/drive_control_message__struct.hpp
[56.803s] -- Installing: /home/pi/Legacy/URC-2026/drive_ros2_ws/install/drive_teleop/include/drive_teleop/drive_teleop/msg/detail/drive_control_message__builder.hpp
[56.806s] -- Installing: /home/pi/Legacy/URC-2026/drive_ros2_ws/install/drive_teleop/include/drive_teleop/drive_teleop/msg/detail/drive_control_message__traits.hpp
[56.810s] -- Installing: /home/pi/Legacy/URC-2026/drive_ros2_ws/install/drive_teleop/include/drive_teleop/drive_teleop/msg/rosidl_generator_cpp__visibility_control.hpp
[56.813s] -- Up-to-date: /home/pi/Legacy/URC-2026/drive_ros2_ws/install/drive_teleop/include/drive_teleop/drive_teleop
[56.815s] -- Up-to-date: /home/pi/Legacy/URC-2026/drive_ros2_ws/install/drive_teleop/include/drive_teleop/drive_teleop/msg
[56.817s] -- Installing: /home/pi/Legacy/URC-2026/drive_ros2_ws/install/drive_teleop/include/drive_teleop/drive_teleop/msg/rosidl_typesupport_fastrtps_cpp__visibility_control.h
[56.820s] -- Up-to-date: /home/pi/Legacy/URC-2026/drive_ros2_ws/install/drive_teleop/include/drive_teleop/drive_teleop/msg/detail
[56.823s] -- Installing: /home/pi/Legacy/URC-2026/drive_ros2_ws/install/drive_teleop/include/drive_teleop/drive_teleop/msg/detail/dds_fastrtps
[56.825s] -- Installing: /home/pi/Legacy/URC-2026/drive_ros2_ws/install/drive_teleop/include/drive_teleop/drive_teleop/msg/detail/drive_control_message__rosidl_typesupport_fastrtps_cpp.hpp
[56.829s] -- Installing: /home/pi/Legacy/URC-2026/drive_ros2_ws/install/drive_teleop/lib/libdrive_teleop__rosidl_typesupport_fastrtps_cpp.so
[56.834s] -- Set runtime path of "/home/pi/Legacy/URC-2026/drive_ros2_ws/install/drive_teleop/lib/libdrive_teleop__rosidl_typesupport_fastrtps_cpp.so" to ""
[56.836s] -- Up-to-date: /home/pi/Legacy/URC-2026/drive_ros2_ws/install/drive_teleop/include/drive_teleop/drive_teleop
[56.839s] -- Up-to-date: /home/pi/Legacy/URC-2026/drive_ros2_ws/install/drive_teleop/include/drive_teleop/drive_teleop/msg
[56.841s] -- Up-to-date: /home/pi/Legacy/URC-2026/drive_ros2_ws/install/drive_teleop/include/drive_teleop/drive_teleop/msg/detail
[56.843s] -- Installing: /home/pi/Legacy/URC-2026/drive_ros2_ws/install/drive_teleop/include/drive_teleop/drive_teleop/msg/detail/drive_control_message__rosidl_typesupport_introspection_c.h
[56.846s] -- Installing: /home/pi/Legacy/URC-2026/drive_ros2_ws/install/drive_teleop/include/drive_teleop/drive_teleop/msg/detail/drive_control_message__type_support.c
[56.849s] -- Installing: /home/pi/Legacy/URC-2026/drive_ros2_ws/install/drive_teleop/include/drive_teleop/drive_teleop/msg/rosidl_typesupport_introspection_c__visibility_control.h
[56.853s] -- Installing: /home/pi/Legacy/URC-2026/drive_ros2_ws/install/drive_teleop/lib/libdrive_teleop__rosidl_typesupport_introspection_c.so
[56.858s] -- Set runtime path of "/home/pi/Legacy/URC-2026/drive_ros2_ws/install/drive_teleop/lib/libdrive_teleop__rosidl_typesupport_introspection_c.so" to ""
[56.860s] -- Installing: /home/pi/Legacy/URC-2026/drive_ros2_ws/install/drive_teleop/lib/libdrive_teleop__rosidl_typesupport_c.so
[56.865s] -- Set runtime path of "/home/pi/Legacy/URC-2026/drive_ros2_ws/install/drive_teleop/lib/libdrive_teleop__rosidl_typesupport_c.so" to ""
[56.866s] -- Up-to-date: /home/pi/Legacy/URC-2026/drive_ros2_ws/install/drive_teleop/include/drive_teleop/drive_teleop
[56.868s] -- Up-to-date: /home/pi/Legacy/URC-2026/drive_ros2_ws/install/drive_teleop/include/drive_teleop/drive_teleop/msg
[56.870s] -- Up-to-date: /home/pi/Legacy/URC-2026/drive_ros2_ws/install/drive_teleop/include/drive_teleop/drive_teleop/msg/detail
[56.872s] -- Installing: /home/pi/Legacy/URC-2026/drive_ros2_ws/install/drive_teleop/include/drive_teleop/drive_teleop/msg/detail/drive_control_message__rosidl_typesupport_introspection_cpp.hpp
[56.876s] -- Installing: /home/pi/Legacy/URC-2026/drive_ros2_ws/install/drive_teleop/include/drive_teleop/drive_teleop/msg/detail/drive_control_message__type_support.cpp
[56.880s] -- Installing: /home/pi/Legacy/URC-2026/drive_ros2_ws/install/drive_teleop/lib/libdrive_teleop__rosidl_typesupport_introspection_cpp.so
[56.887s] -- Set runtime path of "/home/pi/Legacy/URC-2026/drive_ros2_ws/install/drive_teleop/lib/libdrive_teleop__rosidl_typesupport_introspection_cpp.so" to ""
[56.889s] -- Installing: /home/pi/Legacy/URC-2026/drive_ros2_ws/install/drive_teleop/lib/libdrive_teleop__rosidl_typesupport_cpp.so
[56.899s] -- Set runtime path of "/home/pi/Legacy/URC-2026/drive_ros2_ws/install/drive_teleop/lib/libdrive_teleop__rosidl_typesupport_cpp.so" to ""
[56.907s] -- Installing: /home/pi/Legacy/URC-2026/drive_ros2_ws/install/drive_teleop/share/drive_teleop/environment/pythonpath.sh
[56.908s] -- Installing: /home/pi/Legacy/URC-2026/drive_ros2_ws/install/drive_teleop/share/drive_teleop/environment/pythonpath.dsv
[56.909s] -- Installing: /home/pi/Legacy/URC-2026/drive_ros2_ws/install/drive_teleop/local/lib/python3.10/dist-packages/drive_teleop-0.0.0-py3.10.egg-info
[56.918s] -- Installing: /home/pi/Legacy/URC-2026/drive_ros2_ws/install/drive_teleop/local/lib/python3.10/dist-packages/drive_teleop-0.0.0-py3.10.egg-info/PKG-INFO
[56.919s] -- Installing: /home/pi/Legacy/URC-2026/drive_ros2_ws/install/drive_teleop/local/lib/python3.10/dist-packages/drive_teleop-0.0.0-py3.10.egg-info/top_level.txt
[56.928s] -- Installing: /home/pi/Legacy/URC-2026/drive_ros2_ws/install/drive_teleop/local/lib/python3.10/dist-packages/drive_teleop-0.0.0-py3.10.egg-info/SOURCES.txt
[56.930s] -- Installing: /home/pi/Legacy/URC-2026/drive_ros2_ws/install/drive_teleop/local/lib/python3.10/dist-packages/drive_teleop-0.0.0-py3.10.egg-info/dependency_links.txt
[56.932s] -- Installing: /home/pi/Legacy/URC-2026/drive_ros2_ws/install/drive_teleop/local/lib/python3.10/dist-packages/drive_teleop
[56.933s] -- Installing: /home/pi/Legacy/URC-2026/drive_ros2_ws/install/drive_teleop/local/lib/python3.10/dist-packages/drive_teleop/drive_teleop_s__rosidl_typesupport_fastrtps_c.cpython-310-aarch64-linux-gnu.so
[56.935s] -- Installing: /home/pi/Legacy/URC-2026/drive_ros2_ws/install/drive_teleop/local/lib/python3.10/dist-packages/drive_teleop/__init__.py
[56.941s] -- Installing: /home/pi/Legacy/URC-2026/drive_ros2_ws/install/drive_teleop/local/lib/python3.10/dist-packages/drive_teleop/drive_teleop_s__rosidl_typesupport_c.cpython-310-aarch64-linux-gnu.so
[56.945s] -- Installing: /home/pi/Legacy/URC-2026/drive_ros2_ws/install/drive_teleop/local/lib/python3.10/dist-packages/drive_teleop/_drive_teleop_s.ep.rosidl_typesupport_c.c
[56.948s] -- Installing: /home/pi/Legacy/URC-2026/drive_ros2_ws/install/drive_teleop/local/lib/python3.10/dist-packages/drive_teleop/_drive_teleop_s.ep.rosidl_typesupport_fastrtps_c.c
[56.949s] -- Installing: /home/pi/Legacy/URC-2026/drive_ros2_ws/install/drive_teleop/local/lib/python3.10/dist-packages/drive_teleop/msg
[56.952s] -- Installing: /home/pi/Legacy/URC-2026/drive_ros2_ws/install/drive_teleop/local/lib/python3.10/dist-packages/drive_teleop/msg/__init__.py
[56.959s] -- Installing: /home/pi/Legacy/URC-2026/drive_ros2_ws/install/drive_teleop/local/lib/python3.10/dist-packages/drive_teleop/msg/_drive_control_message.py
[56.961s] -- Installing: /home/pi/Legacy/URC-2026/drive_ros2_ws/install/drive_teleop/local/lib/python3.10/dist-packages/drive_teleop/msg/_drive_control_message_s.c
[56.962s] -- Installing: /home/pi/Legacy/URC-2026/drive_ros2_ws/install/drive_teleop/local/lib/python3.10/dist-packages/drive_teleop/_drive_teleop_s.ep.rosidl_typesupport_introspection_c.c
[56.972s] -- Installing: /home/pi/Legacy/URC-2026/drive_ros2_ws/install/drive_teleop/local/lib/python3.10/dist-packages/drive_teleop/drive_teleop_s__rosidl_typesupport_introspection_c.cpython-310-aarch64-linux-gnu.so
[56.973s] -- Installing: /home/pi/Legacy/URC-2026/drive_ros2_ws/install/drive_teleop/local/lib/python3.10/dist-packages/drive_teleop/libdrive_teleop__rosidl_generator_py.so
[57.239s] Listing '/home/pi/Legacy/URC-2026/drive_ros2_ws/install/drive_teleop/local/lib/python3.10/dist-packages/drive_teleop'...
[57.240s] Compiling '/home/pi/Legacy/URC-2026/drive_ros2_ws/install/drive_teleop/local/lib/python3.10/dist-packages/drive_teleop/__init__.py'...
[57.241s] Listing '/home/pi/Legacy/URC-2026/drive_ros2_ws/install/drive_teleop/local/lib/python3.10/dist-packages/drive_teleop/msg'...
[57.242s] Compiling '/home/pi/Legacy/URC-2026/drive_ros2_ws/install/drive_teleop/local/lib/python3.10/dist-packages/drive_teleop/msg/__init__.py'...
[57.243s] Compiling '/home/pi/Legacy/URC-2026/drive_ros2_ws/install/drive_teleop/local/lib/python3.10/dist-packages/drive_teleop/msg/_drive_control_message.py'...
[57.266s] -- Installing: /home/pi/Legacy/URC-2026/drive_ros2_ws/install/drive_teleop/local/lib/python3.10/dist-packages/drive_teleop/drive_teleop_s__rosidl_typesupport_fastrtps_c.cpython-310-aarch64-linux-gnu.so
[57.269s] -- Set runtime path of "/home/pi/Legacy/URC-2026/drive_ros2_ws/install/drive_teleop/local/lib/python3.10/dist-packages/drive_teleop/drive_teleop_s__rosidl_typesupport_fastrtps_c.cpython-310-aarch64-linux-gnu.so" to ""
[57.270s] -- Installing: /home/pi/Legacy/URC-2026/drive_ros2_ws/install/drive_teleop/local/lib/python3.10/dist-packages/drive_teleop/drive_teleop_s__rosidl_typesupport_introspection_c.cpython-310-aarch64-linux-gnu.so
[57.274s] -- Set runtime path of "/home/pi/Legacy/URC-2026/drive_ros2_ws/install/drive_teleop/local/lib/python3.10/dist-packages/drive_teleop/drive_teleop_s__rosidl_typesupport_introspection_c.cpython-310-aarch64-linux-gnu.so" to ""
[57.276s] -- Installing: /home/pi/Legacy/URC-2026/drive_ros2_ws/install/drive_teleop/local/lib/python3.10/dist-packages/drive_teleop/drive_teleop_s__rosidl_typesupport_c.cpython-310-aarch64-linux-gnu.so
[57.280s] -- Set runtime path of "/home/pi/Legacy/URC-2026/drive_ros2_ws/install/drive_teleop/local/lib/python3.10/dist-packages/drive_teleop/drive_teleop_s__rosidl_typesupport_c.cpython-310-aarch64-linux-gnu.so" to ""
[57.280s] -- Installing: /home/pi/Legacy/URC-2026/drive_ros2_ws/install/drive_teleop/lib/libdrive_teleop__rosidl_generator_py.so
[57.284s] -- Set runtime path of "/home/pi/Legacy/URC-2026/drive_ros2_ws/install/drive_teleop/lib/libdrive_teleop__rosidl_generator_py.so" to ""
[57.284s] -- Installing: /home/pi/Legacy/URC-2026/drive_ros2_ws/install/drive_teleop/share/drive_teleop/msg/DriveControlMessage.idl
[57.286s] -- Installing: /home/pi/Legacy/URC-2026/drive_ros2_ws/install/drive_teleop/share/drive_teleop/msg/DriveControlMessage.msg
[57.287s] -- Installing: /home/pi/Legacy/URC-2026/drive_ros2_ws/install/drive_teleop/lib/drive_teleop/drive_teleop_node
[57.322s] -- Set runtime path of "/home/pi/Legacy/URC-2026/drive_ros2_ws/install/drive_teleop/lib/drive_teleop/drive_teleop_node" to ""
[57.323s] -- Installing: /home/pi/Legacy/URC-2026/drive_ros2_ws/install/drive_teleop/share/ament_index/resource_index/package_run_dependencies/drive_teleop
[57.325s] -- Installing: /home/pi/Legacy/URC-2026/drive_ros2_ws/install/drive_teleop/share/ament_index/resource_index/parent_prefix_path/drive_teleop
[57.326s] -- Installing: /home/pi/Legacy/URC-2026/drive_ros2_ws/install/drive_teleop/share/drive_teleop/environment/ament_prefix_path.sh
[57.328s] -- Installing: /home/pi/Legacy/URC-2026/drive_ros2_ws/install/drive_teleop/share/drive_teleop/environment/ament_prefix_path.dsv
[57.329s] -- Installing: /home/pi/Legacy/URC-2026/drive_ros2_ws/install/drive_teleop/share/drive_teleop/environment/path.sh
[57.330s] -- Installing: /home/pi/Legacy/URC-2026/drive_ros2_ws/install/drive_teleop/share/drive_teleop/environment/path.dsv
[57.331s] -- Installing: /home/pi/Legacy/URC-2026/drive_ros2_ws/install/drive_teleop/share/drive_teleop/local_setup.bash
[57.333s] -- Installing: /home/pi/Legacy/URC-2026/drive_ros2_ws/install/drive_teleop/share/drive_teleop/local_setup.sh
[57.334s] -- Installing: /home/pi/Legacy/URC-2026/drive_ros2_ws/install/drive_teleop/share/drive_teleop/local_setup.zsh
[57.335s] -- Installing: /home/pi/Legacy/URC-2026/drive_ros2_ws/install/drive_teleop/share/drive_teleop/local_setup.dsv
[57.336s] -- Installing: /home/pi/Legacy/URC-2026/drive_ros2_ws/install/drive_teleop/share/drive_teleop/package.dsv
[57.338s] -- Installing: /home/pi/Legacy/URC-2026/drive_ros2_ws/install/drive_teleop/share/ament_index/resource_index/packages/drive_teleop
[57.339s] -- Installing: /home/pi/Legacy/URC-2026/drive_ros2_ws/install/drive_teleop/share/drive_teleop/cmake/export_drive_teleop__rosidl_generator_cExport.cmake
[57.341s] -- Installing: /home/pi/Legacy/URC-2026/drive_ros2_ws/install/drive_teleop/share/drive_teleop/cmake/export_drive_teleop__rosidl_generator_cExport-noconfig.cmake
[57.342s] -- Installing: /home/pi/Legacy/URC-2026/drive_ros2_ws/install/drive_teleop/share/drive_teleop/cmake/export_drive_teleop__rosidl_typesupport_fastrtps_cExport.cmake
[57.344s] -- Installing: /home/pi/Legacy/URC-2026/drive_ros2_ws/install/drive_teleop/share/drive_teleop/cmake/export_drive_teleop__rosidl_typesupport_fastrtps_cExport-noconfig.cmake
[57.346s] -- Installing: /home/pi/Legacy/URC-2026/drive_ros2_ws/install/drive_teleop/share/drive_teleop/cmake/export_drive_teleop__rosidl_generator_cppExport.cmake
[57.347s] -- Installing: /home/pi/Legacy/URC-2026/drive_ros2_ws/install/drive_teleop/share/drive_teleop/cmake/export_drive_teleop__rosidl_typesupport_fastrtps_cppExport.cmake
[57.349s] -- Installing: /home/pi/Legacy/URC-2026/drive_ros2_ws/install/drive_teleop/share/drive_teleop/cmake/export_drive_teleop__rosidl_typesupport_fastrtps_cppExport-noconfig.cmake
[57.350s] -- Installing: /home/pi/Legacy/URC-2026/drive_ros2_ws/install/drive_teleop/share/drive_teleop/cmake/drive_teleop__rosidl_typesupport_introspection_cExport.cmake
[57.352s] -- Installing: /home/pi/Legacy/URC-2026/drive_ros2_ws/install/drive_teleop/share/drive_teleop/cmake/drive_teleop__rosidl_typesupport_introspection_cExport-noconfig.cmake
[57.354s] -- Installing: /home/pi/Legacy/URC-2026/drive_ros2_ws/install/drive_teleop/share/drive_teleop/cmake/drive_teleop__rosidl_typesupport_cExport.cmake
[57.355s] -- Installing: /home/pi/Legacy/URC-2026/drive_ros2_ws/install/drive_teleop/share/drive_teleop/cmake/drive_teleop__rosidl_typesupport_cExport-noconfig.cmake
[57.357s] -- Installing: /home/pi/Legacy/URC-2026/drive_ros2_ws/install/drive_teleop/share/drive_teleop/cmake/drive_teleop__rosidl_typesupport_introspection_cppExport.cmake
[57.358s] -- Installing: /home/pi/Legacy/URC-2026/drive_ros2_ws/install/drive_teleop/share/drive_teleop/cmake/drive_teleop__rosidl_typesupport_introspection_cppExport-noconfig.cmake
[57.360s] -- Installing: /home/pi/Legacy/URC-2026/drive_ros2_ws/install/drive_teleop/share/drive_teleop/cmake/drive_teleop__rosidl_typesupport_cppExport.cmake
[57.361s] -- Installing: /home/pi/Legacy/URC-2026/drive_ros2_ws/install/drive_teleop/share/drive_teleop/cmake/drive_teleop__rosidl_typesupport_cppExport-noconfig.cmake
[57.363s] -- Installing: /home/pi/Legacy/URC-2026/drive_ros2_ws/install/drive_teleop/share/drive_teleop/cmake/export_drive_teleop__rosidl_generator_pyExport.cmake
[57.365s] -- Installing: /home/pi/Legacy/URC-2026/drive_ros2_ws/install/drive_teleop/share/drive_teleop/cmake/export_drive_teleop__rosidl_generator_pyExport-noconfig.cmake
[57.366s] -- Installing: /home/pi/Legacy/URC-2026/drive_ros2_ws/install/drive_teleop/share/drive_teleop/cmake/rosidl_cmake-extras.cmake
[57.367s] -- Installing: /home/pi/Legacy/URC-2026/drive_ros2_ws/install/drive_teleop/share/drive_teleop/cmake/ament_cmake_export_dependencies-extras.cmake
[57.369s] -- Installing: /home/pi/Legacy/URC-2026/drive_ros2_ws/install/drive_teleop/share/drive_teleop/cmake/ament_cmake_export_include_directories-extras.cmake
[57.370s] -- Installing: /home/pi/Legacy/URC-2026/drive_ros2_ws/install/drive_teleop/share/drive_teleop/cmake/ament_cmake_export_libraries-extras.cmake
[57.371s] -- Installing: /home/pi/Legacy/URC-2026/drive_ros2_ws/install/drive_teleop/share/drive_teleop/cmake/ament_cmake_export_targets-extras.cmake
[57.373s] -- Installing: /home/pi/Legacy/URC-2026/drive_ros2_ws/install/drive_teleop/share/drive_teleop/cmake/rosidl_cmake_export_typesupport_targets-extras.cmake
[57.374s] -- Installing: /home/pi/Legacy/URC-2026/drive_ros2_ws/install/drive_teleop/share/drive_teleop/cmake/rosidl_cmake_export_typesupport_libraries-extras.cmake
[57.376s] -- Installing: /home/pi/Legacy/URC-2026/drive_ros2_ws/install/drive_teleop/share/drive_teleop/cmake/drive_teleopConfig.cmake
[57.377s] -- Installing: /home/pi/Legacy/URC-2026/drive_ros2_ws/install/drive_teleop/share/drive_teleop/cmake/drive_teleopConfig-version.cmake
[57.378s] -- Installing: /home/pi/Legacy/URC-2026/drive_ros2_ws/install/drive_teleop/share/drive_teleop/package.xml
[57.387s] Invoked command in '/home/pi/Legacy/URC-2026/drive_ros2_ws/build/drive_teleop' returned '0': CMAKE_PREFIX_PATH=${CMAKE_PREFIX_PATH}:/home/pi/Legacy/URC-2026/drive_ros2_ws/install/drive_manager:/home/pi/Legacy/URC-2026/embedded_ros2_ws/install/serializer_nodes_demo:/home/pi/Legacy/URC-2026/embedded_ros2_ws/install/drive:/home/pi/Legacy/Testing/ros2_ws/install/rover_motor_command:/opt/ros/humble /usr/bin/cmake --install /home/pi/Legacy/URC-2026/drive_ros2_ws/build/drive_teleop
