[  1%] Built target yellowjacket_can__cpp
[ 11%] Built target yellowjacket_can__rosidl_generator_c
[ 11%] Built target ament_cmake_python_copy_yellowjacket_can
[ 21%] Built target yellowjacket_can__rosidl_typesupport_cpp
[ 40%] Built target yellowjacket_can__rosidl_typesupport_fastrtps_cpp
[ 41%] Built target yellowjacket_can__rosidl_typesupport_introspection_cpp
[ 51%] Built target yellowjacket_can__rosidl_typesupport_fastrtps_c
[ 61%] Built target yellowjacket_can__rosidl_typesupport_introspection_c
[ 71%] Built target yellowjacket_can__rosidl_typesupport_c
[ 80%] Built target yellowjacket_can_node
[ 80%] Built target yellowjacket_can
[ 81%] Built target yellowjacket_can__py
[ 90%] Built target yellowjacket_can__rosidl_generator_py
[ 93%] Built target yellowjacket_can__rosidl_typesupport_introspection_c__pyext
[ 96%] Built target yellowjacket_can__rosidl_typesupport_fastrtps_c__pyext
[100%] Built target yellowjacket_can__rosidl_typesupport_c__pyext
running egg_info
writing yellowjacket_can.egg-info/PKG-INFO
writing dependency_links to yellowjacket_can.egg-info/dependency_links.txt
writing top-level names to yellowjacket_can.egg-info/top_level.txt
reading manifest file 'yellowjacket_can.egg-info/SOURCES.txt'
writing manifest file 'yellowjacket_can.egg-info/SOURCES.txt'
[100%] Built target ament_cmake_python_build_yellowjacket_can_egg
-- Install configuration: ""
-- Up-to-date: /home/pi/Legacy/URC-2026/embedded_ros2_ws/install/yellowjacket_can/share/ament_index/resource_index/rosidl_interfaces/yellowjacket_can
-- Up-to-date: /home/pi/Legacy/URC-2026/embedded_ros2_ws/install/yellowjacket_can/include/yellowjacket_can/yellowjacket_can
-- Up-to-date: /home/pi/Legacy/URC-2026/embedded_ros2_ws/install/yellowjacket_can/include/yellowjacket_can/yellowjacket_can/msg
-- Up-to-date: /home/pi/Legacy/URC-2026/embedded_ros2_ws/install/yellowjacket_can/include/yellowjacket_can/yellowjacket_can/msg/o_drive_status.h
-- Up-to-date: /home/pi/Legacy/URC-2026/embedded_ros2_ws/install/yellowjacket_can/include/yellowjacket_can/yellowjacket_can/msg/controller_status.h
-- Up-to-date: /home/pi/Legacy/URC-2026/embedded_ros2_ws/install/yellowjacket_can/include/yellowjacket_can/yellowjacket_can/msg/control_message.h
-- Up-to-date: /home/pi/Legacy/URC-2026/embedded_ros2_ws/install/yellowjacket_can/include/yellowjacket_can/yellowjacket_can/msg/rosidl_generator_c__visibility_control.h
-- Up-to-date: /home/pi/Legacy/URC-2026/embedded_ros2_ws/install/yellowjacket_can/include/yellowjacket_can/yellowjacket_can/msg/detail
-- Up-to-date: /home/pi/Legacy/URC-2026/embedded_ros2_ws/install/yellowjacket_can/include/yellowjacket_can/yellowjacket_can/msg/detail/control_message__functions.c
-- Up-to-date: /home/pi/Legacy/URC-2026/embedded_ros2_ws/install/yellowjacket_can/include/yellowjacket_can/yellowjacket_can/msg/detail/o_drive_status__functions.c
-- Up-to-date: /home/pi/Legacy/URC-2026/embedded_ros2_ws/install/yellowjacket_can/include/yellowjacket_can/yellowjacket_can/msg/detail/controller_status__functions.c
-- Up-to-date: /home/pi/Legacy/URC-2026/embedded_ros2_ws/install/yellowjacket_can/include/yellowjacket_can/yellowjacket_can/msg/detail/o_drive_status__struct.h
-- Up-to-date: /home/pi/Legacy/URC-2026/embedded_ros2_ws/install/yellowjacket_can/include/yellowjacket_can/yellowjacket_can/msg/detail/o_drive_status__type_support.h
-- Up-to-date: /home/pi/Legacy/URC-2026/embedded_ros2_ws/install/yellowjacket_can/include/yellowjacket_can/yellowjacket_can/msg/detail/controller_status__functions.h
-- Up-to-date: /home/pi/Legacy/URC-2026/embedded_ros2_ws/install/yellowjacket_can/include/yellowjacket_can/yellowjacket_can/msg/detail/o_drive_status__functions.h
-- Up-to-date: /home/pi/Legacy/URC-2026/embedded_ros2_ws/install/yellowjacket_can/include/yellowjacket_can/yellowjacket_can/msg/detail/control_message__struct.h
-- Up-to-date: /home/pi/Legacy/URC-2026/embedded_ros2_ws/install/yellowjacket_can/include/yellowjacket_can/yellowjacket_can/msg/detail/control_message__type_support.h
-- Up-to-date: /home/pi/Legacy/URC-2026/embedded_ros2_ws/install/yellowjacket_can/include/yellowjacket_can/yellowjacket_can/msg/detail/controller_status__type_support.h
-- Up-to-date: /home/pi/Legacy/URC-2026/embedded_ros2_ws/install/yellowjacket_can/include/yellowjacket_can/yellowjacket_can/msg/detail/control_message__functions.h
-- Up-to-date: /home/pi/Legacy/URC-2026/embedded_ros2_ws/install/yellowjacket_can/include/yellowjacket_can/yellowjacket_can/msg/detail/controller_status__struct.h
-- Up-to-date: /home/pi/Legacy/URC-2026/embedded_ros2_ws/install/yellowjacket_can/include/yellowjacket_can/yellowjacket_can/srv
-- Up-to-date: /home/pi/Legacy/URC-2026/embedded_ros2_ws/install/yellowjacket_can/include/yellowjacket_can/yellowjacket_can/srv/axis_state.h
-- Up-to-date: /home/pi/Legacy/URC-2026/embedded_ros2_ws/install/yellowjacket_can/include/yellowjacket_can/yellowjacket_can/srv/detail
-- Up-to-date: /home/pi/Legacy/URC-2026/embedded_ros2_ws/install/yellowjacket_can/include/yellowjacket_can/yellowjacket_can/srv/detail/axis_state__struct.h
-- Up-to-date: /home/pi/Legacy/URC-2026/embedded_ros2_ws/install/yellowjacket_can/include/yellowjacket_can/yellowjacket_can/srv/detail/axis_state__functions.h
-- Up-to-date: /home/pi/Legacy/URC-2026/embedded_ros2_ws/install/yellowjacket_can/include/yellowjacket_can/yellowjacket_can/srv/detail/axis_state__type_support.h
-- Up-to-date: /home/pi/Legacy/URC-2026/embedded_ros2_ws/install/yellowjacket_can/include/yellowjacket_can/yellowjacket_can/srv/detail/axis_state__functions.c
-- Up-to-date: /home/pi/Legacy/URC-2026/embedded_ros2_ws/install/yellowjacket_can/share/yellowjacket_can/environment/library_path.sh
-- Up-to-date: /home/pi/Legacy/URC-2026/embedded_ros2_ws/install/yellowjacket_can/share/yellowjacket_can/environment/library_path.dsv
-- Up-to-date: /home/pi/Legacy/URC-2026/embedded_ros2_ws/install/yellowjacket_can/lib/libyellowjacket_can__rosidl_generator_c.so
-- Up-to-date: /home/pi/Legacy/URC-2026/embedded_ros2_ws/install/yellowjacket_can/include/yellowjacket_can/yellowjacket_can
-- Up-to-date: /home/pi/Legacy/URC-2026/embedded_ros2_ws/install/yellowjacket_can/include/yellowjacket_can/yellowjacket_can/msg
-- Up-to-date: /home/pi/Legacy/URC-2026/embedded_ros2_ws/install/yellowjacket_can/include/yellowjacket_can/yellowjacket_can/msg/rosidl_typesupport_fastrtps_c__visibility_control.h
-- Up-to-date: /home/pi/Legacy/URC-2026/embedded_ros2_ws/install/yellowjacket_can/include/yellowjacket_can/yellowjacket_can/msg/detail
-- Up-to-date: /home/pi/Legacy/URC-2026/embedded_ros2_ws/install/yellowjacket_can/include/yellowjacket_can/yellowjacket_can/msg/detail/controller_status__rosidl_typesupport_fastrtps_c.h
-- Up-to-date: /home/pi/Legacy/URC-2026/embedded_ros2_ws/install/yellowjacket_can/include/yellowjacket_can/yellowjacket_can/msg/detail/control_message__rosidl_typesupport_fastrtps_c.h
-- Up-to-date: /home/pi/Legacy/URC-2026/embedded_ros2_ws/install/yellowjacket_can/include/yellowjacket_can/yellowjacket_can/msg/detail/o_drive_status__rosidl_typesupport_fastrtps_c.h
-- Up-to-date: /home/pi/Legacy/URC-2026/embedded_ros2_ws/install/yellowjacket_can/include/yellowjacket_can/yellowjacket_can/srv
-- Up-to-date: /home/pi/Legacy/URC-2026/embedded_ros2_ws/install/yellowjacket_can/include/yellowjacket_can/yellowjacket_can/srv/detail
-- Up-to-date: /home/pi/Legacy/URC-2026/embedded_ros2_ws/install/yellowjacket_can/include/yellowjacket_can/yellowjacket_can/srv/detail/axis_state__rosidl_typesupport_fastrtps_c.h
-- Up-to-date: /home/pi/Legacy/URC-2026/embedded_ros2_ws/install/yellowjacket_can/lib/libyellowjacket_can__rosidl_typesupport_fastrtps_c.so
-- Up-to-date: /home/pi/Legacy/URC-2026/embedded_ros2_ws/install/yellowjacket_can/include/yellowjacket_can/yellowjacket_can
-- Up-to-date: /home/pi/Legacy/URC-2026/embedded_ros2_ws/install/yellowjacket_can/include/yellowjacket_can/yellowjacket_can/msg
-- Up-to-date: /home/pi/Legacy/URC-2026/embedded_ros2_ws/install/yellowjacket_can/include/yellowjacket_can/yellowjacket_can/msg/controller_status.hpp
-- Up-to-date: /home/pi/Legacy/URC-2026/embedded_ros2_ws/install/yellowjacket_can/include/yellowjacket_can/yellowjacket_can/msg/control_message.hpp
-- Up-to-date: /home/pi/Legacy/URC-2026/embedded_ros2_ws/install/yellowjacket_can/include/yellowjacket_can/yellowjacket_can/msg/detail
-- Up-to-date: /home/pi/Legacy/URC-2026/embedded_ros2_ws/install/yellowjacket_can/include/yellowjacket_can/yellowjacket_can/msg/detail/controller_status__type_support.hpp
-- Up-to-date: /home/pi/Legacy/URC-2026/embedded_ros2_ws/install/yellowjacket_can/include/yellowjacket_can/yellowjacket_can/msg/detail/control_message__type_support.hpp
-- Up-to-date: /home/pi/Legacy/URC-2026/embedded_ros2_ws/install/yellowjacket_can/include/yellowjacket_can/yellowjacket_can/msg/detail/controller_status__builder.hpp
-- Up-to-date: /home/pi/Legacy/URC-2026/embedded_ros2_ws/install/yellowjacket_can/include/yellowjacket_can/yellowjacket_can/msg/detail/o_drive_status__builder.hpp
-- Up-to-date: /home/pi/Legacy/URC-2026/embedded_ros2_ws/install/yellowjacket_can/include/yellowjacket_can/yellowjacket_can/msg/detail/control_message__traits.hpp
-- Up-to-date: /home/pi/Legacy/URC-2026/embedded_ros2_ws/install/yellowjacket_can/include/yellowjacket_can/yellowjacket_can/msg/detail/o_drive_status__traits.hpp
-- Up-to-date: /home/pi/Legacy/URC-2026/embedded_ros2_ws/install/yellowjacket_can/include/yellowjacket_can/yellowjacket_can/msg/detail/controller_status__traits.hpp
-- Up-to-date: /home/pi/Legacy/URC-2026/embedded_ros2_ws/install/yellowjacket_can/include/yellowjacket_can/yellowjacket_can/msg/detail/o_drive_status__struct.hpp
-- Up-to-date: /home/pi/Legacy/URC-2026/embedded_ros2_ws/install/yellowjacket_can/include/yellowjacket_can/yellowjacket_can/msg/detail/controller_status__struct.hpp
-- Up-to-date: /home/pi/Legacy/URC-2026/embedded_ros2_ws/install/yellowjacket_can/include/yellowjacket_can/yellowjacket_can/msg/detail/control_message__struct.hpp
-- Up-to-date: /home/pi/Legacy/URC-2026/embedded_ros2_ws/install/yellowjacket_can/include/yellowjacket_can/yellowjacket_can/msg/detail/o_drive_status__type_support.hpp
-- Up-to-date: /home/pi/Legacy/URC-2026/embedded_ros2_ws/install/yellowjacket_can/include/yellowjacket_can/yellowjacket_can/msg/detail/control_message__builder.hpp
-- Up-to-date: /home/pi/Legacy/URC-2026/embedded_ros2_ws/install/yellowjacket_can/include/yellowjacket_can/yellowjacket_can/msg/o_drive_status.hpp
-- Up-to-date: /home/pi/Legacy/URC-2026/embedded_ros2_ws/install/yellowjacket_can/include/yellowjacket_can/yellowjacket_can/msg/rosidl_generator_cpp__visibility_control.hpp
-- Up-to-date: /home/pi/Legacy/URC-2026/embedded_ros2_ws/install/yellowjacket_can/include/yellowjacket_can/yellowjacket_can/srv
-- Up-to-date: /home/pi/Legacy/URC-2026/embedded_ros2_ws/install/yellowjacket_can/include/yellowjacket_can/yellowjacket_can/srv/axis_state.hpp
-- Up-to-date: /home/pi/Legacy/URC-2026/embedded_ros2_ws/install/yellowjacket_can/include/yellowjacket_can/yellowjacket_can/srv/detail
-- Up-to-date: /home/pi/Legacy/URC-2026/embedded_ros2_ws/install/yellowjacket_can/include/yellowjacket_can/yellowjacket_can/srv/detail/axis_state__traits.hpp
-- Up-to-date: /home/pi/Legacy/URC-2026/embedded_ros2_ws/install/yellowjacket_can/include/yellowjacket_can/yellowjacket_can/srv/detail/axis_state__builder.hpp
-- Up-to-date: /home/pi/Legacy/URC-2026/embedded_ros2_ws/install/yellowjacket_can/include/yellowjacket_can/yellowjacket_can/srv/detail/axis_state__type_support.hpp
-- Up-to-date: /home/pi/Legacy/URC-2026/embedded_ros2_ws/install/yellowjacket_can/include/yellowjacket_can/yellowjacket_can/srv/detail/axis_state__struct.hpp
-- Up-to-date: /home/pi/Legacy/URC-2026/embedded_ros2_ws/install/yellowjacket_can/include/yellowjacket_can/yellowjacket_can
-- Up-to-date: /home/pi/Legacy/URC-2026/embedded_ros2_ws/install/yellowjacket_can/include/yellowjacket_can/yellowjacket_can/msg
-- Up-to-date: /home/pi/Legacy/URC-2026/embedded_ros2_ws/install/yellowjacket_can/include/yellowjacket_can/yellowjacket_can/msg/rosidl_typesupport_fastrtps_cpp__visibility_control.h
-- Up-to-date: /home/pi/Legacy/URC-2026/embedded_ros2_ws/install/yellowjacket_can/include/yellowjacket_can/yellowjacket_can/msg/detail
-- Up-to-date: /home/pi/Legacy/URC-2026/embedded_ros2_ws/install/yellowjacket_can/include/yellowjacket_can/yellowjacket_can/msg/detail/dds_fastrtps
-- Up-to-date: /home/pi/Legacy/URC-2026/embedded_ros2_ws/install/yellowjacket_can/include/yellowjacket_can/yellowjacket_can/msg/detail/controller_status__rosidl_typesupport_fastrtps_cpp.hpp
-- Up-to-date: /home/pi/Legacy/URC-2026/embedded_ros2_ws/install/yellowjacket_can/include/yellowjacket_can/yellowjacket_can/msg/detail/control_message__rosidl_typesupport_fastrtps_cpp.hpp
-- Up-to-date: /home/pi/Legacy/URC-2026/embedded_ros2_ws/install/yellowjacket_can/include/yellowjacket_can/yellowjacket_can/msg/detail/o_drive_status__rosidl_typesupport_fastrtps_cpp.hpp
-- Up-to-date: /home/pi/Legacy/URC-2026/embedded_ros2_ws/install/yellowjacket_can/include/yellowjacket_can/yellowjacket_can/srv
-- Up-to-date: /home/pi/Legacy/URC-2026/embedded_ros2_ws/install/yellowjacket_can/include/yellowjacket_can/yellowjacket_can/srv/detail
-- Up-to-date: /home/pi/Legacy/URC-2026/embedded_ros2_ws/install/yellowjacket_can/include/yellowjacket_can/yellowjacket_can/srv/detail/dds_fastrtps
-- Up-to-date: /home/pi/Legacy/URC-2026/embedded_ros2_ws/install/yellowjacket_can/include/yellowjacket_can/yellowjacket_can/srv/detail/axis_state__rosidl_typesupport_fastrtps_cpp.hpp
-- Up-to-date: /home/pi/Legacy/URC-2026/embedded_ros2_ws/install/yellowjacket_can/lib/libyellowjacket_can__rosidl_typesupport_fastrtps_cpp.so
-- Up-to-date: /home/pi/Legacy/URC-2026/embedded_ros2_ws/install/yellowjacket_can/include/yellowjacket_can/yellowjacket_can
-- Up-to-date: /home/pi/Legacy/URC-2026/embedded_ros2_ws/install/yellowjacket_can/include/yellowjacket_can/yellowjacket_can/msg
-- Up-to-date: /home/pi/Legacy/URC-2026/embedded_ros2_ws/install/yellowjacket_can/include/yellowjacket_can/yellowjacket_can/msg/detail
-- Up-to-date: /home/pi/Legacy/URC-2026/embedded_ros2_ws/install/yellowjacket_can/include/yellowjacket_can/yellowjacket_can/msg/detail/o_drive_status__rosidl_typesupport_introspection_c.h
-- Up-to-date: /home/pi/Legacy/URC-2026/embedded_ros2_ws/install/yellowjacket_can/include/yellowjacket_can/yellowjacket_can/msg/detail/control_message__rosidl_typesupport_introspection_c.h
-- Up-to-date: /home/pi/Legacy/URC-2026/embedded_ros2_ws/install/yellowjacket_can/include/yellowjacket_can/yellowjacket_can/msg/detail/control_message__type_support.c
-- Up-to-date: /home/pi/Legacy/URC-2026/embedded_ros2_ws/install/yellowjacket_can/include/yellowjacket_can/yellowjacket_can/msg/detail/controller_status__rosidl_typesupport_introspection_c.h
-- Up-to-date: /home/pi/Legacy/URC-2026/embedded_ros2_ws/install/yellowjacket_can/include/yellowjacket_can/yellowjacket_can/msg/detail/o_drive_status__type_support.c
-- Up-to-date: /home/pi/Legacy/URC-2026/embedded_ros2_ws/install/yellowjacket_can/include/yellowjacket_can/yellowjacket_can/msg/detail/controller_status__type_support.c
-- Up-to-date: /home/pi/Legacy/URC-2026/embedded_ros2_ws/install/yellowjacket_can/include/yellowjacket_can/yellowjacket_can/msg/rosidl_typesupport_introspection_c__visibility_control.h
-- Up-to-date: /home/pi/Legacy/URC-2026/embedded_ros2_ws/install/yellowjacket_can/include/yellowjacket_can/yellowjacket_can/srv
-- Up-to-date: /home/pi/Legacy/URC-2026/embedded_ros2_ws/install/yellowjacket_can/include/yellowjacket_can/yellowjacket_can/srv/detail
-- Up-to-date: /home/pi/Legacy/URC-2026/embedded_ros2_ws/install/yellowjacket_can/include/yellowjacket_can/yellowjacket_can/srv/detail/axis_state__type_support.c
-- Up-to-date: /home/pi/Legacy/URC-2026/embedded_ros2_ws/install/yellowjacket_can/include/yellowjacket_can/yellowjacket_can/srv/detail/axis_state__rosidl_typesupport_introspection_c.h
-- Up-to-date: /home/pi/Legacy/URC-2026/embedded_ros2_ws/install/yellowjacket_can/lib/libyellowjacket_can__rosidl_typesupport_introspection_c.so
-- Up-to-date: /home/pi/Legacy/URC-2026/embedded_ros2_ws/install/yellowjacket_can/lib/libyellowjacket_can__rosidl_typesupport_c.so
-- Up-to-date: /home/pi/Legacy/URC-2026/embedded_ros2_ws/install/yellowjacket_can/include/yellowjacket_can/yellowjacket_can
-- Up-to-date: /home/pi/Legacy/URC-2026/embedded_ros2_ws/install/yellowjacket_can/include/yellowjacket_can/yellowjacket_can/msg
-- Up-to-date: /home/pi/Legacy/URC-2026/embedded_ros2_ws/install/yellowjacket_can/include/yellowjacket_can/yellowjacket_can/msg/detail
-- Up-to-date: /home/pi/Legacy/URC-2026/embedded_ros2_ws/install/yellowjacket_can/include/yellowjacket_can/yellowjacket_can/msg/detail/control_message__type_support.cpp
-- Up-to-date: /home/pi/Legacy/URC-2026/embedded_ros2_ws/install/yellowjacket_can/include/yellowjacket_can/yellowjacket_can/msg/detail/control_message__rosidl_typesupport_introspection_cpp.hpp
-- Up-to-date: /home/pi/Legacy/URC-2026/embedded_ros2_ws/install/yellowjacket_can/include/yellowjacket_can/yellowjacket_can/msg/detail/controller_status__type_support.cpp
-- Up-to-date: /home/pi/Legacy/URC-2026/embedded_ros2_ws/install/yellowjacket_can/include/yellowjacket_can/yellowjacket_can/msg/detail/controller_status__rosidl_typesupport_introspection_cpp.hpp
-- Up-to-date: /home/pi/Legacy/URC-2026/embedded_ros2_ws/install/yellowjacket_can/include/yellowjacket_can/yellowjacket_can/msg/detail/o_drive_status__type_support.cpp
-- Up-to-date: /home/pi/Legacy/URC-2026/embedded_ros2_ws/install/yellowjacket_can/include/yellowjacket_can/yellowjacket_can/msg/detail/o_drive_status__rosidl_typesupport_introspection_cpp.hpp
-- Up-to-date: /home/pi/Legacy/URC-2026/embedded_ros2_ws/install/yellowjacket_can/include/yellowjacket_can/yellowjacket_can/srv
-- Up-to-date: /home/pi/Legacy/URC-2026/embedded_ros2_ws/install/yellowjacket_can/include/yellowjacket_can/yellowjacket_can/srv/detail
-- Up-to-date: /home/pi/Legacy/URC-2026/embedded_ros2_ws/install/yellowjacket_can/include/yellowjacket_can/yellowjacket_can/srv/detail/axis_state__rosidl_typesupport_introspection_cpp.hpp
-- Up-to-date: /home/pi/Legacy/URC-2026/embedded_ros2_ws/install/yellowjacket_can/include/yellowjacket_can/yellowjacket_can/srv/detail/axis_state__type_support.cpp
-- Up-to-date: /home/pi/Legacy/URC-2026/embedded_ros2_ws/install/yellowjacket_can/lib/libyellowjacket_can__rosidl_typesupport_introspection_cpp.so
-- Up-to-date: /home/pi/Legacy/URC-2026/embedded_ros2_ws/install/yellowjacket_can/lib/libyellowjacket_can__rosidl_typesupport_cpp.so
-- Up-to-date: /home/pi/Legacy/URC-2026/embedded_ros2_ws/install/yellowjacket_can/share/yellowjacket_can/environment/pythonpath.sh
-- Up-to-date: /home/pi/Legacy/URC-2026/embedded_ros2_ws/install/yellowjacket_can/share/yellowjacket_can/environment/pythonpath.dsv
-- Up-to-date: /home/pi/Legacy/URC-2026/embedded_ros2_ws/install/yellowjacket_can/local/lib/python3.10/dist-packages/yellowjacket_can-0.0.1-py3.10.egg-info
-- Installing: /home/pi/Legacy/URC-2026/embedded_ros2_ws/install/yellowjacket_can/local/lib/python3.10/dist-packages/yellowjacket_can-0.0.1-py3.10.egg-info/PKG-INFO
-- Installing: /home/pi/Legacy/URC-2026/embedded_ros2_ws/install/yellowjacket_can/local/lib/python3.10/dist-packages/yellowjacket_can-0.0.1-py3.10.egg-info/top_level.txt
-- Installing: /home/pi/Legacy/URC-2026/embedded_ros2_ws/install/yellowjacket_can/local/lib/python3.10/dist-packages/yellowjacket_can-0.0.1-py3.10.egg-info/SOURCES.txt
-- Installing: /home/pi/Legacy/URC-2026/embedded_ros2_ws/install/yellowjacket_can/local/lib/python3.10/dist-packages/yellowjacket_can-0.0.1-py3.10.egg-info/dependency_links.txt
-- Up-to-date: /home/pi/Legacy/URC-2026/embedded_ros2_ws/install/yellowjacket_can/local/lib/python3.10/dist-packages/yellowjacket_can
-- Up-to-date: /home/pi/Legacy/URC-2026/embedded_ros2_ws/install/yellowjacket_can/local/lib/python3.10/dist-packages/yellowjacket_can/_yellowjacket_can_s.ep.rosidl_typesupport_introspection_c.c
-- Up-to-date: /home/pi/Legacy/URC-2026/embedded_ros2_ws/install/yellowjacket_can/local/lib/python3.10/dist-packages/yellowjacket_can/yellowjacket_can_s__rosidl_typesupport_c.cpython-310-aarch64-linux-gnu.so
-- Up-to-date: /home/pi/Legacy/URC-2026/embedded_ros2_ws/install/yellowjacket_can/local/lib/python3.10/dist-packages/yellowjacket_can/__init__.py
-- Up-to-date: /home/pi/Legacy/URC-2026/embedded_ros2_ws/install/yellowjacket_can/local/lib/python3.10/dist-packages/yellowjacket_can/yellowjacket_can_s__rosidl_typesupport_introspection_c.cpython-310-aarch64-linux-gnu.so
-- Up-to-date: /home/pi/Legacy/URC-2026/embedded_ros2_ws/install/yellowjacket_can/local/lib/python3.10/dist-packages/yellowjacket_can/_yellowjacket_can_s.ep.rosidl_typesupport_c.c
-- Up-to-date: /home/pi/Legacy/URC-2026/embedded_ros2_ws/install/yellowjacket_can/local/lib/python3.10/dist-packages/yellowjacket_can/_yellowjacket_can_s.ep.rosidl_typesupport_fastrtps_c.c
-- Up-to-date: /home/pi/Legacy/URC-2026/embedded_ros2_ws/install/yellowjacket_can/local/lib/python3.10/dist-packages/yellowjacket_can/msg
-- Up-to-date: /home/pi/Legacy/URC-2026/embedded_ros2_ws/install/yellowjacket_can/local/lib/python3.10/dist-packages/yellowjacket_can/msg/__init__.py
-- Up-to-date: /home/pi/Legacy/URC-2026/embedded_ros2_ws/install/yellowjacket_can/local/lib/python3.10/dist-packages/yellowjacket_can/msg/_controller_status_s.c
-- Up-to-date: /home/pi/Legacy/URC-2026/embedded_ros2_ws/install/yellowjacket_can/local/lib/python3.10/dist-packages/yellowjacket_can/msg/_control_message_s.c
-- Up-to-date: /home/pi/Legacy/URC-2026/embedded_ros2_ws/install/yellowjacket_can/local/lib/python3.10/dist-packages/yellowjacket_can/msg/_o_drive_status_s.c
-- Up-to-date: /home/pi/Legacy/URC-2026/embedded_ros2_ws/install/yellowjacket_can/local/lib/python3.10/dist-packages/yellowjacket_can/msg/_controller_status.py
-- Up-to-date: /home/pi/Legacy/URC-2026/embedded_ros2_ws/install/yellowjacket_can/local/lib/python3.10/dist-packages/yellowjacket_can/msg/_control_message.py
-- Up-to-date: /home/pi/Legacy/URC-2026/embedded_ros2_ws/install/yellowjacket_can/local/lib/python3.10/dist-packages/yellowjacket_can/msg/_o_drive_status.py
-- Up-to-date: /home/pi/Legacy/URC-2026/embedded_ros2_ws/install/yellowjacket_can/local/lib/python3.10/dist-packages/yellowjacket_can/libyellowjacket_can__rosidl_generator_py.so
-- Up-to-date: /home/pi/Legacy/URC-2026/embedded_ros2_ws/install/yellowjacket_can/local/lib/python3.10/dist-packages/yellowjacket_can/srv
-- Up-to-date: /home/pi/Legacy/URC-2026/embedded_ros2_ws/install/yellowjacket_can/local/lib/python3.10/dist-packages/yellowjacket_can/srv/__init__.py
-- Up-to-date: /home/pi/Legacy/URC-2026/embedded_ros2_ws/install/yellowjacket_can/local/lib/python3.10/dist-packages/yellowjacket_can/srv/_axis_state.py
-- Up-to-date: /home/pi/Legacy/URC-2026/embedded_ros2_ws/install/yellowjacket_can/local/lib/python3.10/dist-packages/yellowjacket_can/srv/_axis_state_s.c
-- Up-to-date: /home/pi/Legacy/URC-2026/embedded_ros2_ws/install/yellowjacket_can/local/lib/python3.10/dist-packages/yellowjacket_can/yellowjacket_can_s__rosidl_typesupport_fastrtps_c.cpython-310-aarch64-linux-gnu.so
Listing '/home/pi/Legacy/URC-2026/embedded_ros2_ws/install/yellowjacket_can/local/lib/python3.10/dist-packages/yellowjacket_can'...
Listing '/home/pi/Legacy/URC-2026/embedded_ros2_ws/install/yellowjacket_can/local/lib/python3.10/dist-packages/yellowjacket_can/msg'...
Listing '/home/pi/Legacy/URC-2026/embedded_ros2_ws/install/yellowjacket_can/local/lib/python3.10/dist-packages/yellowjacket_can/srv'...
-- Up-to-date: /home/pi/Legacy/URC-2026/embedded_ros2_ws/install/yellowjacket_can/local/lib/python3.10/dist-packages/yellowjacket_can/yellowjacket_can_s__rosidl_typesupport_fastrtps_c.cpython-310-aarch64-linux-gnu.so
-- Up-to-date: /home/pi/Legacy/URC-2026/embedded_ros2_ws/install/yellowjacket_can/local/lib/python3.10/dist-packages/yellowjacket_can/yellowjacket_can_s__rosidl_typesupport_introspection_c.cpython-310-aarch64-linux-gnu.so
-- Up-to-date: /home/pi/Legacy/URC-2026/embedded_ros2_ws/install/yellowjacket_can/local/lib/python3.10/dist-packages/yellowjacket_can/yellowjacket_can_s__rosidl_typesupport_c.cpython-310-aarch64-linux-gnu.so
-- Up-to-date: /home/pi/Legacy/URC-2026/embedded_ros2_ws/install/yellowjacket_can/lib/libyellowjacket_can__rosidl_generator_py.so
-- Up-to-date: /home/pi/Legacy/URC-2026/embedded_ros2_ws/install/yellowjacket_can/share/yellowjacket_can/msg/ControlMessage.idl
-- Up-to-date: /home/pi/Legacy/URC-2026/embedded_ros2_ws/install/yellowjacket_can/share/yellowjacket_can/msg/ControllerStatus.idl
-- Up-to-date: /home/pi/Legacy/URC-2026/embedded_ros2_ws/install/yellowjacket_can/share/yellowjacket_can/msg/ODriveStatus.idl
-- Up-to-date: /home/pi/Legacy/URC-2026/embedded_ros2_ws/install/yellowjacket_can/share/yellowjacket_can/srv/AxisState.idl
-- Up-to-date: /home/pi/Legacy/URC-2026/embedded_ros2_ws/install/yellowjacket_can/share/yellowjacket_can/msg/ControlMessage.msg
-- Up-to-date: /home/pi/Legacy/URC-2026/embedded_ros2_ws/install/yellowjacket_can/share/yellowjacket_can/msg/ControllerStatus.msg
-- Up-to-date: /home/pi/Legacy/URC-2026/embedded_ros2_ws/install/yellowjacket_can/share/yellowjacket_can/msg/ODriveStatus.msg
-- Up-to-date: /home/pi/Legacy/URC-2026/embedded_ros2_ws/install/yellowjacket_can/share/yellowjacket_can/srv/AxisState.srv
-- Up-to-date: /home/pi/Legacy/URC-2026/embedded_ros2_ws/install/yellowjacket_can/share/yellowjacket_can/srv/AxisState_Request.msg
-- Up-to-date: /home/pi/Legacy/URC-2026/embedded_ros2_ws/install/yellowjacket_can/share/yellowjacket_can/srv/AxisState_Response.msg
-- Up-to-date: /home/pi/Legacy/URC-2026/embedded_ros2_ws/install/yellowjacket_can/lib/yellowjacket_can/yellowjacket_can_node
-- Up-to-date: /home/pi/Legacy/URC-2026/embedded_ros2_ws/install/yellowjacket_can/share/yellowjacket_can/launch
-- Up-to-date: /home/pi/Legacy/URC-2026/embedded_ros2_ws/install/yellowjacket_can/share/yellowjacket_can/launch/example_launch.yaml
-- Up-to-date: /home/pi/Legacy/URC-2026/embedded_ros2_ws/install/yellowjacket_can/share/yellowjacket_can/launch/example_launch2.yaml
-- Up-to-date: /home/pi/Legacy/URC-2026/embedded_ros2_ws/install/yellowjacket_can/share/ament_index/resource_index/package_run_dependencies/yellowjacket_can
-- Up-to-date: /home/pi/Legacy/URC-2026/embedded_ros2_ws/install/yellowjacket_can/share/ament_index/resource_index/parent_prefix_path/yellowjacket_can
-- Up-to-date: /home/pi/Legacy/URC-2026/embedded_ros2_ws/install/yellowjacket_can/share/yellowjacket_can/environment/ament_prefix_path.sh
-- Up-to-date: /home/pi/Legacy/URC-2026/embedded_ros2_ws/install/yellowjacket_can/share/yellowjacket_can/environment/ament_prefix_path.dsv
-- Up-to-date: /home/pi/Legacy/URC-2026/embedded_ros2_ws/install/yellowjacket_can/share/yellowjacket_can/environment/path.sh
-- Up-to-date: /home/pi/Legacy/URC-2026/embedded_ros2_ws/install/yellowjacket_can/share/yellowjacket_can/environment/path.dsv
-- Up-to-date: /home/pi/Legacy/URC-2026/embedded_ros2_ws/install/yellowjacket_can/share/yellowjacket_can/local_setup.bash
-- Up-to-date: /home/pi/Legacy/URC-2026/embedded_ros2_ws/install/yellowjacket_can/share/yellowjacket_can/local_setup.sh
-- Up-to-date: /home/pi/Legacy/URC-2026/embedded_ros2_ws/install/yellowjacket_can/share/yellowjacket_can/local_setup.zsh
-- Up-to-date: /home/pi/Legacy/URC-2026/embedded_ros2_ws/install/yellowjacket_can/share/yellowjacket_can/local_setup.dsv
-- Installing: /home/pi/Legacy/URC-2026/embedded_ros2_ws/install/yellowjacket_can/share/yellowjacket_can/package.dsv
-- Up-to-date: /home/pi/Legacy/URC-2026/embedded_ros2_ws/install/yellowjacket_can/share/ament_index/resource_index/packages/yellowjacket_can
-- Up-to-date: /home/pi/Legacy/URC-2026/embedded_ros2_ws/install/yellowjacket_can/share/yellowjacket_can/cmake/export_yellowjacket_can__rosidl_generator_cExport.cmake
-- Up-to-date: /home/pi/Legacy/URC-2026/embedded_ros2_ws/install/yellowjacket_can/share/yellowjacket_can/cmake/export_yellowjacket_can__rosidl_generator_cExport-noconfig.cmake
-- Up-to-date: /home/pi/Legacy/URC-2026/embedded_ros2_ws/install/yellowjacket_can/share/yellowjacket_can/cmake/export_yellowjacket_can__rosidl_typesupport_fastrtps_cExport.cmake
-- Up-to-date: /home/pi/Legacy/URC-2026/embedded_ros2_ws/install/yellowjacket_can/share/yellowjacket_can/cmake/export_yellowjacket_can__rosidl_typesupport_fastrtps_cExport-noconfig.cmake
-- Up-to-date: /home/pi/Legacy/URC-2026/embedded_ros2_ws/install/yellowjacket_can/share/yellowjacket_can/cmake/export_yellowjacket_can__rosidl_generator_cppExport.cmake
-- Up-to-date: /home/pi/Legacy/URC-2026/embedded_ros2_ws/install/yellowjacket_can/share/yellowjacket_can/cmake/export_yellowjacket_can__rosidl_typesupport_fastrtps_cppExport.cmake
-- Up-to-date: /home/pi/Legacy/URC-2026/embedded_ros2_ws/install/yellowjacket_can/share/yellowjacket_can/cmake/export_yellowjacket_can__rosidl_typesupport_fastrtps_cppExport-noconfig.cmake
-- Up-to-date: /home/pi/Legacy/URC-2026/embedded_ros2_ws/install/yellowjacket_can/share/yellowjacket_can/cmake/yellowjacket_can__rosidl_typesupport_introspection_cExport.cmake
-- Up-to-date: /home/pi/Legacy/URC-2026/embedded_ros2_ws/install/yellowjacket_can/share/yellowjacket_can/cmake/yellowjacket_can__rosidl_typesupport_introspection_cExport-noconfig.cmake
-- Up-to-date: /home/pi/Legacy/URC-2026/embedded_ros2_ws/install/yellowjacket_can/share/yellowjacket_can/cmake/yellowjacket_can__rosidl_typesupport_cExport.cmake
-- Up-to-date: /home/pi/Legacy/URC-2026/embedded_ros2_ws/install/yellowjacket_can/share/yellowjacket_can/cmake/yellowjacket_can__rosidl_typesupport_cExport-noconfig.cmake
-- Up-to-date: /home/pi/Legacy/URC-2026/embedded_ros2_ws/install/yellowjacket_can/share/yellowjacket_can/cmake/yellowjacket_can__rosidl_typesupport_introspection_cppExport.cmake
-- Up-to-date: /home/pi/Legacy/URC-2026/embedded_ros2_ws/install/yellowjacket_can/share/yellowjacket_can/cmake/yellowjacket_can__rosidl_typesupport_introspection_cppExport-noconfig.cmake
-- Up-to-date: /home/pi/Legacy/URC-2026/embedded_ros2_ws/install/yellowjacket_can/share/yellowjacket_can/cmake/yellowjacket_can__rosidl_typesupport_cppExport.cmake
-- Up-to-date: /home/pi/Legacy/URC-2026/embedded_ros2_ws/install/yellowjacket_can/share/yellowjacket_can/cmake/yellowjacket_can__rosidl_typesupport_cppExport-noconfig.cmake
-- Up-to-date: /home/pi/Legacy/URC-2026/embedded_ros2_ws/install/yellowjacket_can/share/yellowjacket_can/cmake/export_yellowjacket_can__rosidl_generator_pyExport.cmake
-- Up-to-date: /home/pi/Legacy/URC-2026/embedded_ros2_ws/install/yellowjacket_can/share/yellowjacket_can/cmake/export_yellowjacket_can__rosidl_generator_pyExport-noconfig.cmake
-- Up-to-date: /home/pi/Legacy/URC-2026/embedded_ros2_ws/install/yellowjacket_can/share/yellowjacket_can/cmake/rosidl_cmake-extras.cmake
-- Up-to-date: /home/pi/Legacy/URC-2026/embedded_ros2_ws/install/yellowjacket_can/share/yellowjacket_can/cmake/ament_cmake_export_include_directories-extras.cmake
-- Up-to-date: /home/pi/Legacy/URC-2026/embedded_ros2_ws/install/yellowjacket_can/share/yellowjacket_can/cmake/ament_cmake_export_libraries-extras.cmake
-- Up-to-date: /home/pi/Legacy/URC-2026/embedded_ros2_ws/install/yellowjacket_can/share/yellowjacket_can/cmake/ament_cmake_export_targets-extras.cmake
-- Up-to-date: /home/pi/Legacy/URC-2026/embedded_ros2_ws/install/yellowjacket_can/share/yellowjacket_can/cmake/rosidl_cmake_export_typesupport_targets-extras.cmake
-- Up-to-date: /home/pi/Legacy/URC-2026/embedded_ros2_ws/install/yellowjacket_can/share/yellowjacket_can/cmake/ament_cmake_export_dependencies-extras.cmake
-- Up-to-date: /home/pi/Legacy/URC-2026/embedded_ros2_ws/install/yellowjacket_can/share/yellowjacket_can/cmake/rosidl_cmake_export_typesupport_libraries-extras.cmake
-- Up-to-date: /home/pi/Legacy/URC-2026/embedded_ros2_ws/install/yellowjacket_can/share/yellowjacket_can/cmake/yellowjacket_canConfig.cmake
-- Up-to-date: /home/pi/Legacy/URC-2026/embedded_ros2_ws/install/yellowjacket_can/share/yellowjacket_can/cmake/yellowjacket_canConfig-version.cmake
-- Up-to-date: /home/pi/Legacy/URC-2026/embedded_ros2_ws/install/yellowjacket_can/share/yellowjacket_can/package.xml
