[0.075s] Invoking command in '/home/pi/Legacy/URC-2026/embedded_ros2_ws/build/yellowjacket_can': CMAKE_PREFIX_PATH=${CMAKE_PREFIX_PATH}:/home/pi/Legacy/URC-2026/embedded_ros2_ws/install/blender_motor:/home/pi/Legacy/Testing/ros2_ws/install/rover_motor_command:/home/pi/Legacy/URC-2026/drive_ros2_ws/install/drive_manager:/opt/ros/humble /usr/bin/cmake --build /home/pi/Legacy/URC-2026/embedded_ros2_ws/build/yellowjacket_can -- -j4 -l4
[0.590s] [  1%] Built target yellowjacket_can__cpp
[0.621s] [ 11%] Built target yellowjacket_can__rosidl_generator_c
[0.674s] [ 11%] Built target ament_cmake_python_copy_yellowjacket_can
[0.967s] [ 21%] Built target yellowjacket_can__rosidl_typesupport_cpp
[1.005s] [ 40%] Built target yellowjacket_can__rosidl_typesupport_fastrtps_cpp
[1.018s] [ 41%] Built target yellowjacket_can__rosidl_typesupport_introspection_cpp
[1.102s] [ 51%] Built target yellowjacket_can__rosidl_typesupport_fastrtps_c
[1.280s] [ 61%] Built target yellowjacket_can__rosidl_typesupport_introspection_c
[1.375s] [ 71%] Built target yellowjacket_can__rosidl_typesupport_c
[1.514s] [ 80%] Built target yellowjacket_can_node
[1.647s] [ 80%] Built target yellowjacket_can
[1.983s] [ 81%] Built target yellowjacket_can__py
[2.267s] [ 90%] Built target yellowjacket_can__rosidl_generator_py
[2.698s] [ 93%] Built target yellowjacket_can__rosidl_typesupport_introspection_c__pyext
[2.736s] [ 96%] Built target yellowjacket_can__rosidl_typesupport_fastrtps_c__pyext
[2.740s] [100%] Built target yellowjacket_can__rosidl_typesupport_c__pyext
[4.604s] running egg_info
[4.618s] writing yellowjacket_can.egg-info/PKG-INFO
[4.620s] writing dependency_links to yellowjacket_can.egg-info/dependency_links.txt
[4.621s] writing top-level names to yellowjacket_can.egg-info/top_level.txt
[4.636s] reading manifest file 'yellowjacket_can.egg-info/SOURCES.txt'
[4.640s] writing manifest file 'yellowjacket_can.egg-info/SOURCES.txt'
[4.947s] [100%] Built target ament_cmake_python_build_yellowjacket_can_egg
[5.047s] Invoked command in '/home/pi/Legacy/URC-2026/embedded_ros2_ws/build/yellowjacket_can' returned '0': CMAKE_PREFIX_PATH=${CMAKE_PREFIX_PATH}:/home/pi/Legacy/URC-2026/embedded_ros2_ws/install/blender_motor:/home/pi/Legacy/Testing/ros2_ws/install/rover_motor_command:/home/pi/Legacy/URC-2026/drive_ros2_ws/install/drive_manager:/opt/ros/humble /usr/bin/cmake --build /home/pi/Legacy/URC-2026/embedded_ros2_ws/build/yellowjacket_can -- -j4 -l4
[5.049s] Invoking command in '/home/pi/Legacy/URC-2026/embedded_ros2_ws/build/yellowjacket_can': CMAKE_PREFIX_PATH=${CMAKE_PREFIX_PATH}:/home/pi/Legacy/URC-2026/embedded_ros2_ws/install/blender_motor:/home/pi/Legacy/Testing/ros2_ws/install/rover_motor_command:/home/pi/Legacy/URC-2026/drive_ros2_ws/install/drive_manager:/opt/ros/humble /usr/bin/cmake --install /home/pi/Legacy/URC-2026/embedded_ros2_ws/build/yellowjacket_can
[5.145s] -- Install configuration: ""
[5.147s] -- Up-to-date: /home/pi/Legacy/URC-2026/embedded_ros2_ws/install/yellowjacket_can/share/ament_index/resource_index/rosidl_interfaces/yellowjacket_can
[5.150s] -- Up-to-date: /home/pi/Legacy/URC-2026/embedded_ros2_ws/install/yellowjacket_can/include/yellowjacket_can/yellowjacket_can
[5.160s] -- Up-to-date: /home/pi/Legacy/URC-2026/embedded_ros2_ws/install/yellowjacket_can/include/yellowjacket_can/yellowjacket_can/msg
[5.168s] -- Up-to-date: /home/pi/Legacy/URC-2026/embedded_ros2_ws/install/yellowjacket_can/include/yellowjacket_can/yellowjacket_can/msg/o_drive_status.h
[5.169s] -- Up-to-date: /home/pi/Legacy/URC-2026/embedded_ros2_ws/install/yellowjacket_can/include/yellowjacket_can/yellowjacket_can/msg/controller_status.h
[5.171s] -- Up-to-date: /home/pi/Legacy/URC-2026/embedded_ros2_ws/install/yellowjacket_can/include/yellowjacket_can/yellowjacket_can/msg/control_message.h
[5.172s] -- Up-to-date: /home/pi/Legacy/URC-2026/embedded_ros2_ws/install/yellowjacket_can/include/yellowjacket_can/yellowjacket_can/msg/rosidl_generator_c__visibility_control.h
[5.173s] -- Up-to-date: /home/pi/Legacy/URC-2026/embedded_ros2_ws/install/yellowjacket_can/include/yellowjacket_can/yellowjacket_can/msg/detail
[5.175s] -- Up-to-date: /home/pi/Legacy/URC-2026/embedded_ros2_ws/install/yellowjacket_can/include/yellowjacket_can/yellowjacket_can/msg/detail/control_message__functions.c
[5.177s] -- Up-to-date: /home/pi/Legacy/URC-2026/embedded_ros2_ws/install/yellowjacket_can/include/yellowjacket_can/yellowjacket_can/msg/detail/o_drive_status__functions.c
[5.178s] -- Up-to-date: /home/pi/Legacy/URC-2026/embedded_ros2_ws/install/yellowjacket_can/include/yellowjacket_can/yellowjacket_can/msg/detail/controller_status__functions.c
[5.180s] -- Up-to-date: /home/pi/Legacy/URC-2026/embedded_ros2_ws/install/yellowjacket_can/include/yellowjacket_can/yellowjacket_can/msg/detail/o_drive_status__struct.h
[5.182s] -- Up-to-date: /home/pi/Legacy/URC-2026/embedded_ros2_ws/install/yellowjacket_can/include/yellowjacket_can/yellowjacket_can/msg/detail/o_drive_status__type_support.h
[5.183s] -- Up-to-date: /home/pi/Legacy/URC-2026/embedded_ros2_ws/install/yellowjacket_can/include/yellowjacket_can/yellowjacket_can/msg/detail/controller_status__functions.h
[5.185s] -- Up-to-date: /home/pi/Legacy/URC-2026/embedded_ros2_ws/install/yellowjacket_can/include/yellowjacket_can/yellowjacket_can/msg/detail/o_drive_status__functions.h
[5.204s] -- Up-to-date: /home/pi/Legacy/URC-2026/embedded_ros2_ws/install/yellowjacket_can/include/yellowjacket_can/yellowjacket_can/msg/detail/control_message__struct.h
[5.205s] -- Up-to-date: /home/pi/Legacy/URC-2026/embedded_ros2_ws/install/yellowjacket_can/include/yellowjacket_can/yellowjacket_can/msg/detail/control_message__type_support.h
[5.207s] -- Up-to-date: /home/pi/Legacy/URC-2026/embedded_ros2_ws/install/yellowjacket_can/include/yellowjacket_can/yellowjacket_can/msg/detail/controller_status__type_support.h
[5.208s] -- Up-to-date: /home/pi/Legacy/URC-2026/embedded_ros2_ws/install/yellowjacket_can/include/yellowjacket_can/yellowjacket_can/msg/detail/control_message__functions.h
[5.210s] -- Up-to-date: /home/pi/Legacy/URC-2026/embedded_ros2_ws/install/yellowjacket_can/include/yellowjacket_can/yellowjacket_can/msg/detail/controller_status__struct.h
[5.213s] -- Up-to-date: /home/pi/Legacy/URC-2026/embedded_ros2_ws/install/yellowjacket_can/include/yellowjacket_can/yellowjacket_can/srv
[5.226s] -- Up-to-date: /home/pi/Legacy/URC-2026/embedded_ros2_ws/install/yellowjacket_can/include/yellowjacket_can/yellowjacket_can/srv/axis_state.h
[5.236s] -- Up-to-date: /home/pi/Legacy/URC-2026/embedded_ros2_ws/install/yellowjacket_can/include/yellowjacket_can/yellowjacket_can/srv/detail
[5.238s] -- Up-to-date: /home/pi/Legacy/URC-2026/embedded_ros2_ws/install/yellowjacket_can/include/yellowjacket_can/yellowjacket_can/srv/detail/axis_state__struct.h
[5.240s] -- Up-to-date: /home/pi/Legacy/URC-2026/embedded_ros2_ws/install/yellowjacket_can/include/yellowjacket_can/yellowjacket_can/srv/detail/axis_state__functions.h
[5.241s] -- Up-to-date: /home/pi/Legacy/URC-2026/embedded_ros2_ws/install/yellowjacket_can/include/yellowjacket_can/yellowjacket_can/srv/detail/axis_state__type_support.h
[5.243s] -- Up-to-date: /home/pi/Legacy/URC-2026/embedded_ros2_ws/install/yellowjacket_can/include/yellowjacket_can/yellowjacket_can/srv/detail/axis_state__functions.c
[5.244s] -- Up-to-date: /home/pi/Legacy/URC-2026/embedded_ros2_ws/install/yellowjacket_can/share/yellowjacket_can/environment/library_path.sh
[5.246s] -- Up-to-date: /home/pi/Legacy/URC-2026/embedded_ros2_ws/install/yellowjacket_can/share/yellowjacket_can/environment/library_path.dsv
[5.252s] -- Up-to-date: /home/pi/Legacy/URC-2026/embedded_ros2_ws/install/yellowjacket_can/lib/libyellowjacket_can__rosidl_generator_c.so
[5.255s] -- Up-to-date: /home/pi/Legacy/URC-2026/embedded_ros2_ws/install/yellowjacket_can/include/yellowjacket_can/yellowjacket_can
[5.257s] -- Up-to-date: /home/pi/Legacy/URC-2026/embedded_ros2_ws/install/yellowjacket_can/include/yellowjacket_can/yellowjacket_can/msg
[5.259s] -- Up-to-date: /home/pi/Legacy/URC-2026/embedded_ros2_ws/install/yellowjacket_can/include/yellowjacket_can/yellowjacket_can/msg/rosidl_typesupport_fastrtps_c__visibility_control.h
[5.261s] -- Up-to-date: /home/pi/Legacy/URC-2026/embedded_ros2_ws/install/yellowjacket_can/include/yellowjacket_can/yellowjacket_can/msg/detail
[5.262s] -- Up-to-date: /home/pi/Legacy/URC-2026/embedded_ros2_ws/install/yellowjacket_can/include/yellowjacket_can/yellowjacket_can/msg/detail/controller_status__rosidl_typesupport_fastrtps_c.h
[5.264s] -- Up-to-date: /home/pi/Legacy/URC-2026/embedded_ros2_ws/install/yellowjacket_can/include/yellowjacket_can/yellowjacket_can/msg/detail/control_message__rosidl_typesupport_fastrtps_c.h
[5.265s] -- Up-to-date: /home/pi/Legacy/URC-2026/embedded_ros2_ws/install/yellowjacket_can/include/yellowjacket_can/yellowjacket_can/msg/detail/o_drive_status__rosidl_typesupport_fastrtps_c.h
[5.267s] -- Up-to-date: /home/pi/Legacy/URC-2026/embedded_ros2_ws/install/yellowjacket_can/include/yellowjacket_can/yellowjacket_can/srv
[5.268s] -- Up-to-date: /home/pi/Legacy/URC-2026/embedded_ros2_ws/install/yellowjacket_can/include/yellowjacket_can/yellowjacket_can/srv/detail
[5.270s] -- Up-to-date: /home/pi/Legacy/URC-2026/embedded_ros2_ws/install/yellowjacket_can/include/yellowjacket_can/yellowjacket_can/srv/detail/axis_state__rosidl_typesupport_fastrtps_c.h
[5.273s] -- Up-to-date: /home/pi/Legacy/URC-2026/embedded_ros2_ws/install/yellowjacket_can/lib/libyellowjacket_can__rosidl_typesupport_fastrtps_c.so
[5.275s] -- Up-to-date: /home/pi/Legacy/URC-2026/embedded_ros2_ws/install/yellowjacket_can/include/yellowjacket_can/yellowjacket_can
[5.277s] -- Up-to-date: /home/pi/Legacy/URC-2026/embedded_ros2_ws/install/yellowjacket_can/include/yellowjacket_can/yellowjacket_can/msg
[5.279s] -- Up-to-date: /home/pi/Legacy/URC-2026/embedded_ros2_ws/install/yellowjacket_can/include/yellowjacket_can/yellowjacket_can/msg/controller_status.hpp
[5.281s] -- Up-to-date: /home/pi/Legacy/URC-2026/embedded_ros2_ws/install/yellowjacket_can/include/yellowjacket_can/yellowjacket_can/msg/control_message.hpp
[5.283s] -- Up-to-date: /home/pi/Legacy/URC-2026/embedded_ros2_ws/install/yellowjacket_can/include/yellowjacket_can/yellowjacket_can/msg/detail
[5.285s] -- Up-to-date: /home/pi/Legacy/URC-2026/embedded_ros2_ws/install/yellowjacket_can/include/yellowjacket_can/yellowjacket_can/msg/detail/controller_status__type_support.hpp
[5.286s] -- Up-to-date: /home/pi/Legacy/URC-2026/embedded_ros2_ws/install/yellowjacket_can/include/yellowjacket_can/yellowjacket_can/msg/detail/control_message__type_support.hpp
[5.288s] -- Up-to-date: /home/pi/Legacy/URC-2026/embedded_ros2_ws/install/yellowjacket_can/include/yellowjacket_can/yellowjacket_can/msg/detail/controller_status__builder.hpp
[5.290s] -- Up-to-date: /home/pi/Legacy/URC-2026/embedded_ros2_ws/install/yellowjacket_can/include/yellowjacket_can/yellowjacket_can/msg/detail/o_drive_status__builder.hpp
[5.291s] -- Up-to-date: /home/pi/Legacy/URC-2026/embedded_ros2_ws/install/yellowjacket_can/include/yellowjacket_can/yellowjacket_can/msg/detail/control_message__traits.hpp
[5.292s] -- Up-to-date: /home/pi/Legacy/URC-2026/embedded_ros2_ws/install/yellowjacket_can/include/yellowjacket_can/yellowjacket_can/msg/detail/o_drive_status__traits.hpp
[5.294s] -- Up-to-date: /home/pi/Legacy/URC-2026/embedded_ros2_ws/install/yellowjacket_can/include/yellowjacket_can/yellowjacket_can/msg/detail/controller_status__traits.hpp
[5.295s] -- Up-to-date: /home/pi/Legacy/URC-2026/embedded_ros2_ws/install/yellowjacket_can/include/yellowjacket_can/yellowjacket_can/msg/detail/o_drive_status__struct.hpp
[5.297s] -- Up-to-date: /home/pi/Legacy/URC-2026/embedded_ros2_ws/install/yellowjacket_can/include/yellowjacket_can/yellowjacket_can/msg/detail/controller_status__struct.hpp
[5.298s] -- Up-to-date: /home/pi/Legacy/URC-2026/embedded_ros2_ws/install/yellowjacket_can/include/yellowjacket_can/yellowjacket_can/msg/detail/control_message__struct.hpp
[5.300s] -- Up-to-date: /home/pi/Legacy/URC-2026/embedded_ros2_ws/install/yellowjacket_can/include/yellowjacket_can/yellowjacket_can/msg/detail/o_drive_status__type_support.hpp
[5.301s] -- Up-to-date: /home/pi/Legacy/URC-2026/embedded_ros2_ws/install/yellowjacket_can/include/yellowjacket_can/yellowjacket_can/msg/detail/control_message__builder.hpp
[5.303s] -- Up-to-date: /home/pi/Legacy/URC-2026/embedded_ros2_ws/install/yellowjacket_can/include/yellowjacket_can/yellowjacket_can/msg/o_drive_status.hpp
[5.304s] -- Up-to-date: /home/pi/Legacy/URC-2026/embedded_ros2_ws/install/yellowjacket_can/include/yellowjacket_can/yellowjacket_can/msg/rosidl_generator_cpp__visibility_control.hpp
[5.306s] -- Up-to-date: /home/pi/Legacy/URC-2026/embedded_ros2_ws/install/yellowjacket_can/include/yellowjacket_can/yellowjacket_can/srv
[5.308s] -- Up-to-date: /home/pi/Legacy/URC-2026/embedded_ros2_ws/install/yellowjacket_can/include/yellowjacket_can/yellowjacket_can/srv/axis_state.hpp
[5.310s] -- Up-to-date: /home/pi/Legacy/URC-2026/embedded_ros2_ws/install/yellowjacket_can/include/yellowjacket_can/yellowjacket_can/srv/detail
[5.310s] -- Up-to-date: /home/pi/Legacy/URC-2026/embedded_ros2_ws/install/yellowjacket_can/include/yellowjacket_can/yellowjacket_can/srv/detail/axis_state__traits.hpp
[5.315s] -- Up-to-date: /home/pi/Legacy/URC-2026/embedded_ros2_ws/install/yellowjacket_can/include/yellowjacket_can/yellowjacket_can/srv/detail/axis_state__builder.hpp
[5.316s] -- Up-to-date: /home/pi/Legacy/URC-2026/embedded_ros2_ws/install/yellowjacket_can/include/yellowjacket_can/yellowjacket_can/srv/detail/axis_state__type_support.hpp
[5.316s] -- Up-to-date: /home/pi/Legacy/URC-2026/embedded_ros2_ws/install/yellowjacket_can/include/yellowjacket_can/yellowjacket_can/srv/detail/axis_state__struct.hpp
[5.317s] -- Up-to-date: /home/pi/Legacy/URC-2026/embedded_ros2_ws/install/yellowjacket_can/include/yellowjacket_can/yellowjacket_can
[5.321s] -- Up-to-date: /home/pi/Legacy/URC-2026/embedded_ros2_ws/install/yellowjacket_can/include/yellowjacket_can/yellowjacket_can/msg
[5.325s] -- Up-to-date: /home/pi/Legacy/URC-2026/embedded_ros2_ws/install/yellowjacket_can/include/yellowjacket_can/yellowjacket_can/msg/rosidl_typesupport_fastrtps_cpp__visibility_control.h
[5.325s] -- Up-to-date: /home/pi/Legacy/URC-2026/embedded_ros2_ws/install/yellowjacket_can/include/yellowjacket_can/yellowjacket_can/msg/detail
[5.326s] -- Up-to-date: /home/pi/Legacy/URC-2026/embedded_ros2_ws/install/yellowjacket_can/include/yellowjacket_can/yellowjacket_can/msg/detail/dds_fastrtps
[5.327s] -- Up-to-date: /home/pi/Legacy/URC-2026/embedded_ros2_ws/install/yellowjacket_can/include/yellowjacket_can/yellowjacket_can/msg/detail/controller_status__rosidl_typesupport_fastrtps_cpp.hpp
[5.327s] -- Up-to-date: /home/pi/Legacy/URC-2026/embedded_ros2_ws/install/yellowjacket_can/include/yellowjacket_can/yellowjacket_can/msg/detail/control_message__rosidl_typesupport_fastrtps_cpp.hpp
[5.332s] -- Up-to-date: /home/pi/Legacy/URC-2026/embedded_ros2_ws/install/yellowjacket_can/include/yellowjacket_can/yellowjacket_can/msg/detail/o_drive_status__rosidl_typesupport_fastrtps_cpp.hpp
[5.332s] -- Up-to-date: /home/pi/Legacy/URC-2026/embedded_ros2_ws/install/yellowjacket_can/include/yellowjacket_can/yellowjacket_can/srv
[5.333s] -- Up-to-date: /home/pi/Legacy/URC-2026/embedded_ros2_ws/install/yellowjacket_can/include/yellowjacket_can/yellowjacket_can/srv/detail
[5.333s] -- Up-to-date: /home/pi/Legacy/URC-2026/embedded_ros2_ws/install/yellowjacket_can/include/yellowjacket_can/yellowjacket_can/srv/detail/dds_fastrtps
[5.334s] -- Up-to-date: /home/pi/Legacy/URC-2026/embedded_ros2_ws/install/yellowjacket_can/include/yellowjacket_can/yellowjacket_can/srv/detail/axis_state__rosidl_typesupport_fastrtps_cpp.hpp
[5.339s] -- Up-to-date: /home/pi/Legacy/URC-2026/embedded_ros2_ws/install/yellowjacket_can/lib/libyellowjacket_can__rosidl_typesupport_fastrtps_cpp.so
[5.339s] -- Up-to-date: /home/pi/Legacy/URC-2026/embedded_ros2_ws/install/yellowjacket_can/include/yellowjacket_can/yellowjacket_can
[5.341s] -- Up-to-date: /home/pi/Legacy/URC-2026/embedded_ros2_ws/install/yellowjacket_can/include/yellowjacket_can/yellowjacket_can/msg
[5.342s] -- Up-to-date: /home/pi/Legacy/URC-2026/embedded_ros2_ws/install/yellowjacket_can/include/yellowjacket_can/yellowjacket_can/msg/detail
[5.344s] -- Up-to-date: /home/pi/Legacy/URC-2026/embedded_ros2_ws/install/yellowjacket_can/include/yellowjacket_can/yellowjacket_can/msg/detail/o_drive_status__rosidl_typesupport_introspection_c.h
[5.345s] -- Up-to-date: /home/pi/Legacy/URC-2026/embedded_ros2_ws/install/yellowjacket_can/include/yellowjacket_can/yellowjacket_can/msg/detail/control_message__rosidl_typesupport_introspection_c.h
[5.347s] -- Up-to-date: /home/pi/Legacy/URC-2026/embedded_ros2_ws/install/yellowjacket_can/include/yellowjacket_can/yellowjacket_can/msg/detail/control_message__type_support.c
[5.348s] -- Up-to-date: /home/pi/Legacy/URC-2026/embedded_ros2_ws/install/yellowjacket_can/include/yellowjacket_can/yellowjacket_can/msg/detail/controller_status__rosidl_typesupport_introspection_c.h
[5.351s] -- Up-to-date: /home/pi/Legacy/URC-2026/embedded_ros2_ws/install/yellowjacket_can/include/yellowjacket_can/yellowjacket_can/msg/detail/o_drive_status__type_support.c
[5.352s] -- Up-to-date: /home/pi/Legacy/URC-2026/embedded_ros2_ws/install/yellowjacket_can/include/yellowjacket_can/yellowjacket_can/msg/detail/controller_status__type_support.c
[5.355s] -- Up-to-date: /home/pi/Legacy/URC-2026/embedded_ros2_ws/install/yellowjacket_can/include/yellowjacket_can/yellowjacket_can/msg/rosidl_typesupport_introspection_c__visibility_control.h
[5.355s] -- Up-to-date: /home/pi/Legacy/URC-2026/embedded_ros2_ws/install/yellowjacket_can/include/yellowjacket_can/yellowjacket_can/srv
[5.356s] -- Up-to-date: /home/pi/Legacy/URC-2026/embedded_ros2_ws/install/yellowjacket_can/include/yellowjacket_can/yellowjacket_can/srv/detail
[5.363s] -- Up-to-date: /home/pi/Legacy/URC-2026/embedded_ros2_ws/install/yellowjacket_can/include/yellowjacket_can/yellowjacket_can/srv/detail/axis_state__type_support.c
[5.363s] -- Up-to-date: /home/pi/Legacy/URC-2026/embedded_ros2_ws/install/yellowjacket_can/include/yellowjacket_can/yellowjacket_can/srv/detail/axis_state__rosidl_typesupport_introspection_c.h
[5.364s] -- Up-to-date: /home/pi/Legacy/URC-2026/embedded_ros2_ws/install/yellowjacket_can/lib/libyellowjacket_can__rosidl_typesupport_introspection_c.so
[5.367s] -- Up-to-date: /home/pi/Legacy/URC-2026/embedded_ros2_ws/install/yellowjacket_can/lib/libyellowjacket_can__rosidl_typesupport_c.so
[5.370s] -- Up-to-date: /home/pi/Legacy/URC-2026/embedded_ros2_ws/install/yellowjacket_can/include/yellowjacket_can/yellowjacket_can
[5.371s] -- Up-to-date: /home/pi/Legacy/URC-2026/embedded_ros2_ws/install/yellowjacket_can/include/yellowjacket_can/yellowjacket_can/msg
[5.373s] -- Up-to-date: /home/pi/Legacy/URC-2026/embedded_ros2_ws/install/yellowjacket_can/include/yellowjacket_can/yellowjacket_can/msg/detail
[5.374s] -- Up-to-date: /home/pi/Legacy/URC-2026/embedded_ros2_ws/install/yellowjacket_can/include/yellowjacket_can/yellowjacket_can/msg/detail/control_message__type_support.cpp
[5.376s] -- Up-to-date: /home/pi/Legacy/URC-2026/embedded_ros2_ws/install/yellowjacket_can/include/yellowjacket_can/yellowjacket_can/msg/detail/control_message__rosidl_typesupport_introspection_cpp.hpp
[5.378s] -- Up-to-date: /home/pi/Legacy/URC-2026/embedded_ros2_ws/install/yellowjacket_can/include/yellowjacket_can/yellowjacket_can/msg/detail/controller_status__type_support.cpp
[5.379s] -- Up-to-date: /home/pi/Legacy/URC-2026/embedded_ros2_ws/install/yellowjacket_can/include/yellowjacket_can/yellowjacket_can/msg/detail/controller_status__rosidl_typesupport_introspection_cpp.hpp
[5.381s] -- Up-to-date: /home/pi/Legacy/URC-2026/embedded_ros2_ws/install/yellowjacket_can/include/yellowjacket_can/yellowjacket_can/msg/detail/o_drive_status__type_support.cpp
[5.383s] -- Up-to-date: /home/pi/Legacy/URC-2026/embedded_ros2_ws/install/yellowjacket_can/include/yellowjacket_can/yellowjacket_can/msg/detail/o_drive_status__rosidl_typesupport_introspection_cpp.hpp
[5.384s] -- Up-to-date: /home/pi/Legacy/URC-2026/embedded_ros2_ws/install/yellowjacket_can/include/yellowjacket_can/yellowjacket_can/srv
[5.386s] -- Up-to-date: /home/pi/Legacy/URC-2026/embedded_ros2_ws/install/yellowjacket_can/include/yellowjacket_can/yellowjacket_can/srv/detail
[5.387s] -- Up-to-date: /home/pi/Legacy/URC-2026/embedded_ros2_ws/install/yellowjacket_can/include/yellowjacket_can/yellowjacket_can/srv/detail/axis_state__rosidl_typesupport_introspection_cpp.hpp
[5.389s] -- Up-to-date: /home/pi/Legacy/URC-2026/embedded_ros2_ws/install/yellowjacket_can/include/yellowjacket_can/yellowjacket_can/srv/detail/axis_state__type_support.cpp
[5.392s] -- Up-to-date: /home/pi/Legacy/URC-2026/embedded_ros2_ws/install/yellowjacket_can/lib/libyellowjacket_can__rosidl_typesupport_introspection_cpp.so
[5.395s] -- Up-to-date: /home/pi/Legacy/URC-2026/embedded_ros2_ws/install/yellowjacket_can/lib/libyellowjacket_can__rosidl_typesupport_cpp.so
[5.398s] -- Up-to-date: /home/pi/Legacy/URC-2026/embedded_ros2_ws/install/yellowjacket_can/share/yellowjacket_can/environment/pythonpath.sh
[5.400s] -- Up-to-date: /home/pi/Legacy/URC-2026/embedded_ros2_ws/install/yellowjacket_can/share/yellowjacket_can/environment/pythonpath.dsv
[5.402s] -- Up-to-date: /home/pi/Legacy/URC-2026/embedded_ros2_ws/install/yellowjacket_can/local/lib/python3.10/dist-packages/yellowjacket_can-0.0.1-py3.10.egg-info
[5.404s] -- Installing: /home/pi/Legacy/URC-2026/embedded_ros2_ws/install/yellowjacket_can/local/lib/python3.10/dist-packages/yellowjacket_can-0.0.1-py3.10.egg-info/PKG-INFO
[5.407s] -- Installing: /home/pi/Legacy/URC-2026/embedded_ros2_ws/install/yellowjacket_can/local/lib/python3.10/dist-packages/yellowjacket_can-0.0.1-py3.10.egg-info/top_level.txt
[5.410s] -- Installing: /home/pi/Legacy/URC-2026/embedded_ros2_ws/install/yellowjacket_can/local/lib/python3.10/dist-packages/yellowjacket_can-0.0.1-py3.10.egg-info/SOURCES.txt
[5.414s] -- Installing: /home/pi/Legacy/URC-2026/embedded_ros2_ws/install/yellowjacket_can/local/lib/python3.10/dist-packages/yellowjacket_can-0.0.1-py3.10.egg-info/dependency_links.txt
[5.417s] -- Up-to-date: /home/pi/Legacy/URC-2026/embedded_ros2_ws/install/yellowjacket_can/local/lib/python3.10/dist-packages/yellowjacket_can
[5.420s] -- Up-to-date: /home/pi/Legacy/URC-2026/embedded_ros2_ws/install/yellowjacket_can/local/lib/python3.10/dist-packages/yellowjacket_can/_yellowjacket_can_s.ep.rosidl_typesupport_introspection_c.c
[5.421s] -- Up-to-date: /home/pi/Legacy/URC-2026/embedded_ros2_ws/install/yellowjacket_can/local/lib/python3.10/dist-packages/yellowjacket_can/yellowjacket_can_s__rosidl_typesupport_c.cpython-310-aarch64-linux-gnu.so
[5.424s] -- Up-to-date: /home/pi/Legacy/URC-2026/embedded_ros2_ws/install/yellowjacket_can/local/lib/python3.10/dist-packages/yellowjacket_can/__init__.py
[5.426s] -- Up-to-date: /home/pi/Legacy/URC-2026/embedded_ros2_ws/install/yellowjacket_can/local/lib/python3.10/dist-packages/yellowjacket_can/yellowjacket_can_s__rosidl_typesupport_introspection_c.cpython-310-aarch64-linux-gnu.so
[5.428s] -- Up-to-date: /home/pi/Legacy/URC-2026/embedded_ros2_ws/install/yellowjacket_can/local/lib/python3.10/dist-packages/yellowjacket_can/_yellowjacket_can_s.ep.rosidl_typesupport_c.c
[5.429s] -- Up-to-date: /home/pi/Legacy/URC-2026/embedded_ros2_ws/install/yellowjacket_can/local/lib/python3.10/dist-packages/yellowjacket_can/_yellowjacket_can_s.ep.rosidl_typesupport_fastrtps_c.c
[5.431s] -- Up-to-date: /home/pi/Legacy/URC-2026/embedded_ros2_ws/install/yellowjacket_can/local/lib/python3.10/dist-packages/yellowjacket_can/msg
[5.433s] -- Up-to-date: /home/pi/Legacy/URC-2026/embedded_ros2_ws/install/yellowjacket_can/local/lib/python3.10/dist-packages/yellowjacket_can/msg/__init__.py
[5.434s] -- Up-to-date: /home/pi/Legacy/URC-2026/embedded_ros2_ws/install/yellowjacket_can/local/lib/python3.10/dist-packages/yellowjacket_can/msg/_controller_status_s.c
[5.436s] -- Up-to-date: /home/pi/Legacy/URC-2026/embedded_ros2_ws/install/yellowjacket_can/local/lib/python3.10/dist-packages/yellowjacket_can/msg/_control_message_s.c
[5.437s] -- Up-to-date: /home/pi/Legacy/URC-2026/embedded_ros2_ws/install/yellowjacket_can/local/lib/python3.10/dist-packages/yellowjacket_can/msg/_o_drive_status_s.c
[5.439s] -- Up-to-date: /home/pi/Legacy/URC-2026/embedded_ros2_ws/install/yellowjacket_can/local/lib/python3.10/dist-packages/yellowjacket_can/msg/_controller_status.py
[5.440s] -- Up-to-date: /home/pi/Legacy/URC-2026/embedded_ros2_ws/install/yellowjacket_can/local/lib/python3.10/dist-packages/yellowjacket_can/msg/_control_message.py
[5.441s] -- Up-to-date: /home/pi/Legacy/URC-2026/embedded_ros2_ws/install/yellowjacket_can/local/lib/python3.10/dist-packages/yellowjacket_can/msg/_o_drive_status.py
[5.443s] -- Up-to-date: /home/pi/Legacy/URC-2026/embedded_ros2_ws/install/yellowjacket_can/local/lib/python3.10/dist-packages/yellowjacket_can/libyellowjacket_can__rosidl_generator_py.so
[5.445s] -- Up-to-date: /home/pi/Legacy/URC-2026/embedded_ros2_ws/install/yellowjacket_can/local/lib/python3.10/dist-packages/yellowjacket_can/srv
[5.446s] -- Up-to-date: /home/pi/Legacy/URC-2026/embedded_ros2_ws/install/yellowjacket_can/local/lib/python3.10/dist-packages/yellowjacket_can/srv/__init__.py
[5.448s] -- Up-to-date: /home/pi/Legacy/URC-2026/embedded_ros2_ws/install/yellowjacket_can/local/lib/python3.10/dist-packages/yellowjacket_can/srv/_axis_state.py
[5.449s] -- Up-to-date: /home/pi/Legacy/URC-2026/embedded_ros2_ws/install/yellowjacket_can/local/lib/python3.10/dist-packages/yellowjacket_can/srv/_axis_state_s.c
[5.451s] -- Up-to-date: /home/pi/Legacy/URC-2026/embedded_ros2_ws/install/yellowjacket_can/local/lib/python3.10/dist-packages/yellowjacket_can/yellowjacket_can_s__rosidl_typesupport_fastrtps_c.cpython-310-aarch64-linux-gnu.so
[5.897s] Listing '/home/pi/Legacy/URC-2026/embedded_ros2_ws/install/yellowjacket_can/local/lib/python3.10/dist-packages/yellowjacket_can'...
[5.900s] Listing '/home/pi/Legacy/URC-2026/embedded_ros2_ws/install/yellowjacket_can/local/lib/python3.10/dist-packages/yellowjacket_can/msg'...
[5.902s] Listing '/home/pi/Legacy/URC-2026/embedded_ros2_ws/install/yellowjacket_can/local/lib/python3.10/dist-packages/yellowjacket_can/srv'...
[5.946s] -- Up-to-date: /home/pi/Legacy/URC-2026/embedded_ros2_ws/install/yellowjacket_can/local/lib/python3.10/dist-packages/yellowjacket_can/yellowjacket_can_s__rosidl_typesupport_fastrtps_c.cpython-310-aarch64-linux-gnu.so
[5.951s] -- Up-to-date: /home/pi/Legacy/URC-2026/embedded_ros2_ws/install/yellowjacket_can/local/lib/python3.10/dist-packages/yellowjacket_can/yellowjacket_can_s__rosidl_typesupport_introspection_c.cpython-310-aarch64-linux-gnu.so
[5.952s] -- Up-to-date: /home/pi/Legacy/URC-2026/embedded_ros2_ws/install/yellowjacket_can/local/lib/python3.10/dist-packages/yellowjacket_can/yellowjacket_can_s__rosidl_typesupport_c.cpython-310-aarch64-linux-gnu.so
[5.959s] -- Up-to-date: /home/pi/Legacy/URC-2026/embedded_ros2_ws/install/yellowjacket_can/lib/libyellowjacket_can__rosidl_generator_py.so
[5.960s] -- Up-to-date: /home/pi/Legacy/URC-2026/embedded_ros2_ws/install/yellowjacket_can/share/yellowjacket_can/msg/ControlMessage.idl
[5.960s] -- Up-to-date: /home/pi/Legacy/URC-2026/embedded_ros2_ws/install/yellowjacket_can/share/yellowjacket_can/msg/ControllerStatus.idl
[5.961s] -- Up-to-date: /home/pi/Legacy/URC-2026/embedded_ros2_ws/install/yellowjacket_can/share/yellowjacket_can/msg/ODriveStatus.idl
[5.961s] -- Up-to-date: /home/pi/Legacy/URC-2026/embedded_ros2_ws/install/yellowjacket_can/share/yellowjacket_can/srv/AxisState.idl
[5.962s] -- Up-to-date: /home/pi/Legacy/URC-2026/embedded_ros2_ws/install/yellowjacket_can/share/yellowjacket_can/msg/ControlMessage.msg
[5.962s] -- Up-to-date: /home/pi/Legacy/URC-2026/embedded_ros2_ws/install/yellowjacket_can/share/yellowjacket_can/msg/ControllerStatus.msg
[5.963s] -- Up-to-date: /home/pi/Legacy/URC-2026/embedded_ros2_ws/install/yellowjacket_can/share/yellowjacket_can/msg/ODriveStatus.msg
[5.963s] -- Up-to-date: /home/pi/Legacy/URC-2026/embedded_ros2_ws/install/yellowjacket_can/share/yellowjacket_can/srv/AxisState.srv
[5.964s] -- Up-to-date: /home/pi/Legacy/URC-2026/embedded_ros2_ws/install/yellowjacket_can/share/yellowjacket_can/srv/AxisState_Request.msg
[5.964s] -- Up-to-date: /home/pi/Legacy/URC-2026/embedded_ros2_ws/install/yellowjacket_can/share/yellowjacket_can/srv/AxisState_Response.msg
[5.965s] -- Up-to-date: /home/pi/Legacy/URC-2026/embedded_ros2_ws/install/yellowjacket_can/lib/yellowjacket_can/yellowjacket_can_node
[5.966s] -- Up-to-date: /home/pi/Legacy/URC-2026/embedded_ros2_ws/install/yellowjacket_can/share/yellowjacket_can/launch
[5.967s] -- Up-to-date: /home/pi/Legacy/URC-2026/embedded_ros2_ws/install/yellowjacket_can/share/yellowjacket_can/launch/example_launch.yaml
[5.967s] -- Up-to-date: /home/pi/Legacy/URC-2026/embedded_ros2_ws/install/yellowjacket_can/share/yellowjacket_can/launch/example_launch2.yaml
[5.968s] -- Up-to-date: /home/pi/Legacy/URC-2026/embedded_ros2_ws/install/yellowjacket_can/share/ament_index/resource_index/package_run_dependencies/yellowjacket_can
[5.969s] -- Up-to-date: /home/pi/Legacy/URC-2026/embedded_ros2_ws/install/yellowjacket_can/share/ament_index/resource_index/parent_prefix_path/yellowjacket_can
[5.970s] -- Up-to-date: /home/pi/Legacy/URC-2026/embedded_ros2_ws/install/yellowjacket_can/share/yellowjacket_can/environment/ament_prefix_path.sh
[5.971s] -- Up-to-date: /home/pi/Legacy/URC-2026/embedded_ros2_ws/install/yellowjacket_can/share/yellowjacket_can/environment/ament_prefix_path.dsv
[5.972s] -- Up-to-date: /home/pi/Legacy/URC-2026/embedded_ros2_ws/install/yellowjacket_can/share/yellowjacket_can/environment/path.sh
[5.972s] -- Up-to-date: /home/pi/Legacy/URC-2026/embedded_ros2_ws/install/yellowjacket_can/share/yellowjacket_can/environment/path.dsv
[5.973s] -- Up-to-date: /home/pi/Legacy/URC-2026/embedded_ros2_ws/install/yellowjacket_can/share/yellowjacket_can/local_setup.bash
[5.973s] -- Up-to-date: /home/pi/Legacy/URC-2026/embedded_ros2_ws/install/yellowjacket_can/share/yellowjacket_can/local_setup.sh
[5.974s] -- Up-to-date: /home/pi/Legacy/URC-2026/embedded_ros2_ws/install/yellowjacket_can/share/yellowjacket_can/local_setup.zsh
[5.974s] -- Up-to-date: /home/pi/Legacy/URC-2026/embedded_ros2_ws/install/yellowjacket_can/share/yellowjacket_can/local_setup.dsv
[5.975s] -- Installing: /home/pi/Legacy/URC-2026/embedded_ros2_ws/install/yellowjacket_can/share/yellowjacket_can/package.dsv
[5.985s] -- Up-to-date: /home/pi/Legacy/URC-2026/embedded_ros2_ws/install/yellowjacket_can/share/ament_index/resource_index/packages/yellowjacket_can
[5.987s] -- Up-to-date: /home/pi/Legacy/URC-2026/embedded_ros2_ws/install/yellowjacket_can/share/yellowjacket_can/cmake/export_yellowjacket_can__rosidl_generator_cExport.cmake
[5.987s] -- Up-to-date: /home/pi/Legacy/URC-2026/embedded_ros2_ws/install/yellowjacket_can/share/yellowjacket_can/cmake/export_yellowjacket_can__rosidl_generator_cExport-noconfig.cmake
[5.990s] -- Up-to-date: /home/pi/Legacy/URC-2026/embedded_ros2_ws/install/yellowjacket_can/share/yellowjacket_can/cmake/export_yellowjacket_can__rosidl_typesupport_fastrtps_cExport.cmake
[5.991s] -- Up-to-date: /home/pi/Legacy/URC-2026/embedded_ros2_ws/install/yellowjacket_can/share/yellowjacket_can/cmake/export_yellowjacket_can__rosidl_typesupport_fastrtps_cExport-noconfig.cmake
[5.991s] -- Up-to-date: /home/pi/Legacy/URC-2026/embedded_ros2_ws/install/yellowjacket_can/share/yellowjacket_can/cmake/export_yellowjacket_can__rosidl_generator_cppExport.cmake
[5.994s] -- Up-to-date: /home/pi/Legacy/URC-2026/embedded_ros2_ws/install/yellowjacket_can/share/yellowjacket_can/cmake/export_yellowjacket_can__rosidl_typesupport_fastrtps_cppExport.cmake
[5.995s] -- Up-to-date: /home/pi/Legacy/URC-2026/embedded_ros2_ws/install/yellowjacket_can/share/yellowjacket_can/cmake/export_yellowjacket_can__rosidl_typesupport_fastrtps_cppExport-noconfig.cmake
[5.995s] -- Up-to-date: /home/pi/Legacy/URC-2026/embedded_ros2_ws/install/yellowjacket_can/share/yellowjacket_can/cmake/yellowjacket_can__rosidl_typesupport_introspection_cExport.cmake
[5.996s] -- Up-to-date: /home/pi/Legacy/URC-2026/embedded_ros2_ws/install/yellowjacket_can/share/yellowjacket_can/cmake/yellowjacket_can__rosidl_typesupport_introspection_cExport-noconfig.cmake
[5.997s] -- Up-to-date: /home/pi/Legacy/URC-2026/embedded_ros2_ws/install/yellowjacket_can/share/yellowjacket_can/cmake/yellowjacket_can__rosidl_typesupport_cExport.cmake
[5.997s] -- Up-to-date: /home/pi/Legacy/URC-2026/embedded_ros2_ws/install/yellowjacket_can/share/yellowjacket_can/cmake/yellowjacket_can__rosidl_typesupport_cExport-noconfig.cmake
[5.998s] -- Up-to-date: /home/pi/Legacy/URC-2026/embedded_ros2_ws/install/yellowjacket_can/share/yellowjacket_can/cmake/yellowjacket_can__rosidl_typesupport_introspection_cppExport.cmake
[5.998s] -- Up-to-date: /home/pi/Legacy/URC-2026/embedded_ros2_ws/install/yellowjacket_can/share/yellowjacket_can/cmake/yellowjacket_can__rosidl_typesupport_introspection_cppExport-noconfig.cmake
[5.999s] -- Up-to-date: /home/pi/Legacy/URC-2026/embedded_ros2_ws/install/yellowjacket_can/share/yellowjacket_can/cmake/yellowjacket_can__rosidl_typesupport_cppExport.cmake
[5.999s] -- Up-to-date: /home/pi/Legacy/URC-2026/embedded_ros2_ws/install/yellowjacket_can/share/yellowjacket_can/cmake/yellowjacket_can__rosidl_typesupport_cppExport-noconfig.cmake
[5.999s] -- Up-to-date: /home/pi/Legacy/URC-2026/embedded_ros2_ws/install/yellowjacket_can/share/yellowjacket_can/cmake/export_yellowjacket_can__rosidl_generator_pyExport.cmake
[6.000s] -- Up-to-date: /home/pi/Legacy/URC-2026/embedded_ros2_ws/install/yellowjacket_can/share/yellowjacket_can/cmake/export_yellowjacket_can__rosidl_generator_pyExport-noconfig.cmake
[6.001s] -- Up-to-date: /home/pi/Legacy/URC-2026/embedded_ros2_ws/install/yellowjacket_can/share/yellowjacket_can/cmake/rosidl_cmake-extras.cmake
[6.001s] -- Up-to-date: /home/pi/Legacy/URC-2026/embedded_ros2_ws/install/yellowjacket_can/share/yellowjacket_can/cmake/ament_cmake_export_include_directories-extras.cmake
[6.011s] -- Up-to-date: /home/pi/Legacy/URC-2026/embedded_ros2_ws/install/yellowjacket_can/share/yellowjacket_can/cmake/ament_cmake_export_libraries-extras.cmake
[6.012s] -- Up-to-date: /home/pi/Legacy/URC-2026/embedded_ros2_ws/install/yellowjacket_can/share/yellowjacket_can/cmake/ament_cmake_export_targets-extras.cmake
[6.012s] -- Up-to-date: /home/pi/Legacy/URC-2026/embedded_ros2_ws/install/yellowjacket_can/share/yellowjacket_can/cmake/rosidl_cmake_export_typesupport_targets-extras.cmake
[6.014s] -- Up-to-date: /home/pi/Legacy/URC-2026/embedded_ros2_ws/install/yellowjacket_can/share/yellowjacket_can/cmake/ament_cmake_export_dependencies-extras.cmake
[6.015s] -- Up-to-date: /home/pi/Legacy/URC-2026/embedded_ros2_ws/install/yellowjacket_can/share/yellowjacket_can/cmake/rosidl_cmake_export_typesupport_libraries-extras.cmake
[6.015s] -- Up-to-date: /home/pi/Legacy/URC-2026/embedded_ros2_ws/install/yellowjacket_can/share/yellowjacket_can/cmake/yellowjacket_canConfig.cmake
[6.016s] -- Up-to-date: /home/pi/Legacy/URC-2026/embedded_ros2_ws/install/yellowjacket_can/share/yellowjacket_can/cmake/yellowjacket_canConfig-version.cmake
[6.016s] -- Up-to-date: /home/pi/Legacy/URC-2026/embedded_ros2_ws/install/yellowjacket_can/share/yellowjacket_can/package.xml
[6.080s] Invoked command in '/home/pi/Legacy/URC-2026/embedded_ros2_ws/build/yellowjacket_can' returned '0': CMAKE_PREFIX_PATH=${CMAKE_PREFIX_PATH}:/home/pi/Legacy/URC-2026/embedded_ros2_ws/install/blender_motor:/home/pi/Legacy/Testing/ros2_ws/install/rover_motor_command:/home/pi/Legacy/URC-2026/drive_ros2_ws/install/drive_manager:/opt/ros/humble /usr/bin/cmake --install /home/pi/Legacy/URC-2026/embedded_ros2_ws/build/yellowjacket_can
