[100%] Built target mock_gps_node
-- Install configuration: ""
-- Up-to-date: /home/pi/Legacy/URC-2026/embedded_ros2_ws/install/mock_gps/lib/mock_gps/mock_gps_node
-- Up-to-date: /home/pi/Legacy/URC-2026/embedded_ros2_ws/install/mock_gps/share/mock_gps/launch
-- Up-to-date: /home/pi/Legacy/URC-2026/embedded_ros2_ws/install/mock_gps/share/mock_gps/launch/gnss.launch.py
-- Up-to-date: /home/pi/Legacy/URC-2026/embedded_ros2_ws/install/mock_gps/share/ament_index/resource_index/package_run_dependencies/mock_gps
-- Up-to-date: /home/pi/Legacy/URC-2026/embedded_ros2_ws/install/mock_gps/share/ament_index/resource_index/parent_prefix_path/mock_gps
-- Up-to-date: /home/pi/Legacy/URC-2026/embedded_ros2_ws/install/mock_gps/share/mock_gps/environment/ament_prefix_path.sh
-- Up-to-date: /home/pi/Legacy/URC-2026/embedded_ros2_ws/install/mock_gps/share/mock_gps/environment/ament_prefix_path.dsv
-- Up-to-date: /home/pi/Legacy/URC-2026/embedded_ros2_ws/install/mock_gps/share/mock_gps/environment/path.sh
-- Up-to-date: /home/pi/Legacy/URC-2026/embedded_ros2_ws/install/mock_gps/share/mock_gps/environment/path.dsv
-- Up-to-date: /home/pi/Legacy/URC-2026/embedded_ros2_ws/install/mock_gps/share/mock_gps/local_setup.bash
-- Up-to-date: /home/pi/Legacy/URC-2026/embedded_ros2_ws/install/mock_gps/share/mock_gps/local_setup.sh
-- Up-to-date: /home/pi/Legacy/URC-2026/embedded_ros2_ws/install/mock_gps/share/mock_gps/local_setup.zsh
-- Up-to-date: /home/pi/Legacy/URC-2026/embedded_ros2_ws/install/mock_gps/share/mock_gps/local_setup.dsv
-- Installing: /home/pi/Legacy/URC-2026/embedded_ros2_ws/install/mock_gps/share/mock_gps/package.dsv
-- Up-to-date: /home/pi/Legacy/URC-2026/embedded_ros2_ws/install/mock_gps/share/ament_index/resource_index/packages/mock_gps
-- Up-to-date: /home/pi/Legacy/URC-2026/embedded_ros2_ws/install/mock_gps/share/mock_gps/cmake/mock_gpsConfig.cmake
-- Up-to-date: /home/pi/Legacy/URC-2026/embedded_ros2_ws/install/mock_gps/share/mock_gps/cmake/mock_gpsConfig-version.cmake
-- Up-to-date: /home/pi/Legacy/URC-2026/embedded_ros2_ws/install/mock_gps/share/mock_gps/package.xml
