[0.122s] Invoking command in '/home/pi/Legacy/URC-2026/embedded_ros2_ws/build/mock_gps': CMAKE_PREFIX_PATH=${CMAKE_PREFIX_PATH}:/home/pi/Legacy/URC-2026/embedded_ros2_ws/install/blender_motor:/home/pi/Legacy/Testing/ros2_ws/install/rover_motor_command:/home/pi/Legacy/URC-2026/drive_ros2_ws/install/drive_manager:/opt/ros/humble /usr/bin/cmake --build /home/pi/Legacy/URC-2026/embedded_ros2_ws/build/mock_gps -- -j4 -l4
[0.530s] [100%] Built target mock_gps_node
[0.651s] Invoked command in '/home/pi/Legacy/URC-2026/embedded_ros2_ws/build/mock_gps' returned '0': CMAKE_PREFIX_PATH=${CMAKE_PREFIX_PATH}:/home/pi/Legacy/URC-2026/embedded_ros2_ws/install/blender_motor:/home/pi/Legacy/Testing/ros2_ws/install/rover_motor_command:/home/pi/Legacy/URC-2026/drive_ros2_ws/install/drive_manager:/opt/ros/humble /usr/bin/cmake --build /home/pi/Legacy/URC-2026/embedded_ros2_ws/build/mock_gps -- -j4 -l4
[0.728s] Invoking command in '/home/pi/Legacy/URC-2026/embedded_ros2_ws/build/mock_gps': CMAKE_PREFIX_PATH=${CMAKE_PREFIX_PATH}:/home/pi/Legacy/URC-2026/embedded_ros2_ws/install/blender_motor:/home/pi/Legacy/Testing/ros2_ws/install/rover_motor_command:/home/pi/Legacy/URC-2026/drive_ros2_ws/install/drive_manager:/opt/ros/humble /usr/bin/cmake --install /home/pi/Legacy/URC-2026/embedded_ros2_ws/build/mock_gps
[0.786s] -- Install configuration: ""
[0.790s] -- Up-to-date: /home/pi/Legacy/URC-2026/embedded_ros2_ws/install/mock_gps/lib/mock_gps/mock_gps_node
[0.792s] -- Up-to-date: /home/pi/Legacy/URC-2026/embedded_ros2_ws/install/mock_gps/share/mock_gps/launch
[0.794s] -- Up-to-date: /home/pi/Legacy/URC-2026/embedded_ros2_ws/install/mock_gps/share/mock_gps/launch/gnss.launch.py
[0.796s] -- Up-to-date: /home/pi/Legacy/URC-2026/embedded_ros2_ws/install/mock_gps/share/ament_index/resource_index/package_run_dependencies/mock_gps
[0.798s] -- Up-to-date: /home/pi/Legacy/URC-2026/embedded_ros2_ws/install/mock_gps/share/ament_index/resource_index/parent_prefix_path/mock_gps
[0.800s] -- Up-to-date: /home/pi/Legacy/URC-2026/embedded_ros2_ws/install/mock_gps/share/mock_gps/environment/ament_prefix_path.sh
[0.802s] -- Up-to-date: /home/pi/Legacy/URC-2026/embedded_ros2_ws/install/mock_gps/share/mock_gps/environment/ament_prefix_path.dsv
[0.804s] -- Up-to-date: /home/pi/Legacy/URC-2026/embedded_ros2_ws/install/mock_gps/share/mock_gps/environment/path.sh
[0.805s] -- Up-to-date: /home/pi/Legacy/URC-2026/embedded_ros2_ws/install/mock_gps/share/mock_gps/environment/path.dsv
[0.807s] -- Up-to-date: /home/pi/Legacy/URC-2026/embedded_ros2_ws/install/mock_gps/share/mock_gps/local_setup.bash
[0.810s] -- Up-to-date: /home/pi/Legacy/URC-2026/embedded_ros2_ws/install/mock_gps/share/mock_gps/local_setup.sh
[0.812s] -- Up-to-date: /home/pi/Legacy/URC-2026/embedded_ros2_ws/install/mock_gps/share/mock_gps/local_setup.zsh
[0.814s] -- Up-to-date: /home/pi/Legacy/URC-2026/embedded_ros2_ws/install/mock_gps/share/mock_gps/local_setup.dsv
[0.816s] -- Installing: /home/pi/Legacy/URC-2026/embedded_ros2_ws/install/mock_gps/share/mock_gps/package.dsv
[0.819s] -- Up-to-date: /home/pi/Legacy/URC-2026/embedded_ros2_ws/install/mock_gps/share/ament_index/resource_index/packages/mock_gps
[0.822s] -- Up-to-date: /home/pi/Legacy/URC-2026/embedded_ros2_ws/install/mock_gps/share/mock_gps/cmake/mock_gpsConfig.cmake
[0.826s] -- Up-to-date: /home/pi/Legacy/URC-2026/embedded_ros2_ws/install/mock_gps/share/mock_gps/cmake/mock_gpsConfig-version.cmake
[0.829s] -- Up-to-date: /home/pi/Legacy/URC-2026/embedded_ros2_ws/install/mock_gps/share/mock_gps/package.xml
[0.845s] Invoked command in '/home/pi/Legacy/URC-2026/embedded_ros2_ws/build/mock_gps' returned '0': CMAKE_PREFIX_PATH=${CMAKE_PREFIX_PATH}:/home/pi/Legacy/URC-2026/embedded_ros2_ws/install/blender_motor:/home/pi/Legacy/Testing/ros2_ws/install/rover_motor_command:/home/pi/Legacy/URC-2026/drive_ros2_ws/install/drive_manager:/opt/ros/humble /usr/bin/cmake --install /home/pi/Legacy/URC-2026/embedded_ros2_ws/build/mock_gps
