[0.111s] Invoking command in '/home/pi/Legacy/URC-2026/embedded_ros2_ws/build/npk_sensor': CMAKE_PREFIX_PATH=${CMAKE_PREFIX_PATH}:/home/pi/Legacy/URC-2026/embedded_ros2_ws/install/blender_motor:/home/pi/Legacy/Testing/ros2_ws/install/rover_motor_command:/home/pi/Legacy/URC-2026/drive_ros2_ws/install/drive_manager:/opt/ros/humble /usr/bin/cmake --build /home/pi/Legacy/URC-2026/embedded_ros2_ws/build/npk_sensor -- -j4 -l4
[0.453s] [  3%] Built target npk_sensor__cpp
[0.457s] [35m[1mConsolidate compiler generated dependencies of target npk_sensor__rosidl_generator_c[0m
[0.518s] [35m[1mConsolidate compiler generated dependencies of target npk_sensor__rosidl_typesupport_cpp[0m
[0.522s] [  3%] Built target ament_cmake_python_copy_npk_sensor
[0.605s] [  3%] Built target ament_cmake_python_copy_src
[0.644s] [35m[1mConsolidate compiler generated dependencies of target npk_sensor__rosidl_typesupport_fastrtps_cpp[0m
[0.652s] [ 12%] Built target npk_sensor__rosidl_generator_c
[0.672s] [ 22%] Built target npk_sensor__rosidl_typesupport_cpp
[0.763s] [35m[1mConsolidate compiler generated dependencies of target npk_sensor__rosidl_typesupport_introspection_cpp[0m
[0.810s] [ 32%] Built target npk_sensor__rosidl_typesupport_fastrtps_cpp
[0.935s] [ 41%] Built target npk_sensor__rosidl_typesupport_introspection_cpp
[0.977s] [35m[1mConsolidate compiler generated dependencies of target npk_sensor__rosidl_typesupport_fastrtps_c[0m
[1.114s] [35m[1mConsolidate compiler generated dependencies of target npk_sensor__rosidl_typesupport_introspection_c[0m
[1.166s] [ 51%] Built target npk_sensor__rosidl_typesupport_fastrtps_c
[1.236s] [ 61%] Built target npk_sensor__rosidl_typesupport_introspection_c
[1.303s] [35m[1mConsolidate compiler generated dependencies of target npk_sensor__rosidl_typesupport_c[0m
[1.482s] [ 70%] Built target npk_sensor__rosidl_typesupport_c
[1.788s] [ 70%] Built target npk_sensor
[2.094s] [ 74%] Built target npk_sensor__py
[2.252s] [35m[1mConsolidate compiler generated dependencies of target npk_sensor__rosidl_generator_py[0m
[2.448s] [ 80%] Built target npk_sensor__rosidl_generator_py
[2.597s] [35m[1mConsolidate compiler generated dependencies of target npk_sensor__rosidl_typesupport_fastrtps_c__pyext[0m
[2.621s] [35m[1mConsolidate compiler generated dependencies of target npk_sensor__rosidl_typesupport_introspection_c__pyext[0m
[2.789s] [ 87%] Built target npk_sensor__rosidl_typesupport_fastrtps_c__pyext
[2.802s] [ 93%] Built target npk_sensor__rosidl_typesupport_introspection_c__pyext
[2.839s] running egg_info
[2.843s] writing npk_sensor.egg-info/PKG-INFO
[2.848s] writing dependency_links to npk_sensor.egg-info/dependency_links.txt
[2.850s] writing top-level names to npk_sensor.egg-info/top_level.txt
[2.866s] reading manifest file 'npk_sensor.egg-info/SOURCES.txt'
[2.870s] writing manifest file 'npk_sensor.egg-info/SOURCES.txt'
[2.884s] [35m[1mConsolidate compiler generated dependencies of target npk_sensor__rosidl_typesupport_c__pyext[0m
[3.012s] running egg_info
[3.016s] writing src.egg-info/PKG-INFO
[3.018s] writing dependency_links to src.egg-info/dependency_links.txt
[3.020s] writing top-level names to src.egg-info/top_level.txt
[3.034s] reading manifest file 'src.egg-info/SOURCES.txt'
[3.037s] writing manifest file 'src.egg-info/SOURCES.txt'
[3.081s] [100%] Built target npk_sensor__rosidl_typesupport_c__pyext
[3.141s] [100%] Built target ament_cmake_python_build_npk_sensor_egg
[3.214s] [100%] Built target ament_cmake_python_build_src_egg
[3.281s] Invoked command in '/home/pi/Legacy/URC-2026/embedded_ros2_ws/build/npk_sensor' returned '0': CMAKE_PREFIX_PATH=${CMAKE_PREFIX_PATH}:/home/pi/Legacy/URC-2026/embedded_ros2_ws/install/blender_motor:/home/pi/Legacy/Testing/ros2_ws/install/rover_motor_command:/home/pi/Legacy/URC-2026/drive_ros2_ws/install/drive_manager:/opt/ros/humble /usr/bin/cmake --build /home/pi/Legacy/URC-2026/embedded_ros2_ws/build/npk_sensor -- -j4 -l4
[3.283s] Invoking command in '/home/pi/Legacy/URC-2026/embedded_ros2_ws/build/npk_sensor': CMAKE_PREFIX_PATH=${CMAKE_PREFIX_PATH}:/home/pi/Legacy/URC-2026/embedded_ros2_ws/install/blender_motor:/home/pi/Legacy/Testing/ros2_ws/install/rover_motor_command:/home/pi/Legacy/URC-2026/drive_ros2_ws/install/drive_manager:/opt/ros/humble /usr/bin/cmake --install /home/pi/Legacy/URC-2026/embedded_ros2_ws/build/npk_sensor
[3.335s] -- Install configuration: ""
[3.336s] -- Up-to-date: /home/pi/Legacy/URC-2026/embedded_ros2_ws/install/npk_sensor/share/ament_index/resource_index/rosidl_interfaces/npk_sensor
[3.337s] -- Up-to-date: /home/pi/Legacy/URC-2026/embedded_ros2_ws/install/npk_sensor/include/npk_sensor/npk_sensor
[3.339s] -- Up-to-date: /home/pi/Legacy/URC-2026/embedded_ros2_ws/install/npk_sensor/include/npk_sensor/npk_sensor/msg
[3.340s] -- Up-to-date: /home/pi/Legacy/URC-2026/embedded_ros2_ws/install/npk_sensor/include/npk_sensor/npk_sensor/msg/rosidl_generator_c__visibility_control.h
[3.340s] -- Up-to-date: /home/pi/Legacy/URC-2026/embedded_ros2_ws/install/npk_sensor/include/npk_sensor/npk_sensor/srv
[3.341s] -- Up-to-date: /home/pi/Legacy/URC-2026/embedded_ros2_ws/install/npk_sensor/include/npk_sensor/npk_sensor/srv/detail
[3.342s] -- Up-to-date: /home/pi/Legacy/URC-2026/embedded_ros2_ws/install/npk_sensor/include/npk_sensor/npk_sensor/srv/detail/get_soil_data__struct.h
[3.343s] -- Up-to-date: /home/pi/Legacy/URC-2026/embedded_ros2_ws/install/npk_sensor/include/npk_sensor/npk_sensor/srv/detail/get_soil_data__functions.c
[3.343s] -- Up-to-date: /home/pi/Legacy/URC-2026/embedded_ros2_ws/install/npk_sensor/include/npk_sensor/npk_sensor/srv/detail/get_soil_data__functions.h
[3.344s] -- Up-to-date: /home/pi/Legacy/URC-2026/embedded_ros2_ws/install/npk_sensor/include/npk_sensor/npk_sensor/srv/detail/get_soil_data__type_support.h
[3.344s] -- Up-to-date: /home/pi/Legacy/URC-2026/embedded_ros2_ws/install/npk_sensor/include/npk_sensor/npk_sensor/srv/get_soil_data.h
[3.352s] -- Up-to-date: /home/pi/Legacy/URC-2026/embedded_ros2_ws/install/npk_sensor/share/npk_sensor/environment/library_path.sh
[3.354s] -- Up-to-date: /home/pi/Legacy/URC-2026/embedded_ros2_ws/install/npk_sensor/share/npk_sensor/environment/library_path.dsv
[3.354s] -- Up-to-date: /home/pi/Legacy/URC-2026/embedded_ros2_ws/install/npk_sensor/lib/libnpk_sensor__rosidl_generator_c.so
[3.355s] -- Up-to-date: /home/pi/Legacy/URC-2026/embedded_ros2_ws/install/npk_sensor/include/npk_sensor/npk_sensor
[3.355s] -- Up-to-date: /home/pi/Legacy/URC-2026/embedded_ros2_ws/install/npk_sensor/include/npk_sensor/npk_sensor/msg
[3.356s] -- Up-to-date: /home/pi/Legacy/URC-2026/embedded_ros2_ws/install/npk_sensor/include/npk_sensor/npk_sensor/msg/rosidl_typesupport_fastrtps_c__visibility_control.h
[3.357s] -- Up-to-date: /home/pi/Legacy/URC-2026/embedded_ros2_ws/install/npk_sensor/include/npk_sensor/npk_sensor/srv
[3.358s] -- Up-to-date: /home/pi/Legacy/URC-2026/embedded_ros2_ws/install/npk_sensor/include/npk_sensor/npk_sensor/srv/detail
[3.359s] -- Up-to-date: /home/pi/Legacy/URC-2026/embedded_ros2_ws/install/npk_sensor/include/npk_sensor/npk_sensor/srv/detail/get_soil_data__rosidl_typesupport_fastrtps_c.h
[3.359s] -- Up-to-date: /home/pi/Legacy/URC-2026/embedded_ros2_ws/install/npk_sensor/lib/libnpk_sensor__rosidl_typesupport_fastrtps_c.so
[3.360s] -- Up-to-date: /home/pi/Legacy/URC-2026/embedded_ros2_ws/install/npk_sensor/include/npk_sensor/npk_sensor
[3.360s] -- Up-to-date: /home/pi/Legacy/URC-2026/embedded_ros2_ws/install/npk_sensor/include/npk_sensor/npk_sensor/msg
[3.361s] -- Up-to-date: /home/pi/Legacy/URC-2026/embedded_ros2_ws/install/npk_sensor/include/npk_sensor/npk_sensor/msg/rosidl_typesupport_introspection_c__visibility_control.h
[3.361s] -- Up-to-date: /home/pi/Legacy/URC-2026/embedded_ros2_ws/install/npk_sensor/include/npk_sensor/npk_sensor/srv
[3.362s] -- Up-to-date: /home/pi/Legacy/URC-2026/embedded_ros2_ws/install/npk_sensor/include/npk_sensor/npk_sensor/srv/detail
[3.362s] -- Up-to-date: /home/pi/Legacy/URC-2026/embedded_ros2_ws/install/npk_sensor/include/npk_sensor/npk_sensor/srv/detail/get_soil_data__type_support.c
[3.363s] -- Up-to-date: /home/pi/Legacy/URC-2026/embedded_ros2_ws/install/npk_sensor/include/npk_sensor/npk_sensor/srv/detail/get_soil_data__rosidl_typesupport_introspection_c.h
[3.363s] -- Up-to-date: /home/pi/Legacy/URC-2026/embedded_ros2_ws/install/npk_sensor/lib/libnpk_sensor__rosidl_typesupport_introspection_c.so
[3.364s] -- Up-to-date: /home/pi/Legacy/URC-2026/embedded_ros2_ws/install/npk_sensor/lib/libnpk_sensor__rosidl_typesupport_c.so
[3.365s] -- Up-to-date: /home/pi/Legacy/URC-2026/embedded_ros2_ws/install/npk_sensor/include/npk_sensor/npk_sensor
[3.366s] -- Up-to-date: /home/pi/Legacy/URC-2026/embedded_ros2_ws/install/npk_sensor/include/npk_sensor/npk_sensor/msg
[3.366s] -- Up-to-date: /home/pi/Legacy/URC-2026/embedded_ros2_ws/install/npk_sensor/include/npk_sensor/npk_sensor/msg/rosidl_generator_cpp__visibility_control.hpp
[3.367s] -- Up-to-date: /home/pi/Legacy/URC-2026/embedded_ros2_ws/install/npk_sensor/include/npk_sensor/npk_sensor/srv
[3.368s] -- Up-to-date: /home/pi/Legacy/URC-2026/embedded_ros2_ws/install/npk_sensor/include/npk_sensor/npk_sensor/srv/get_soil_data.hpp
[3.369s] -- Up-to-date: /home/pi/Legacy/URC-2026/embedded_ros2_ws/install/npk_sensor/include/npk_sensor/npk_sensor/srv/detail
[3.370s] -- Up-to-date: /home/pi/Legacy/URC-2026/embedded_ros2_ws/install/npk_sensor/include/npk_sensor/npk_sensor/srv/detail/get_soil_data__traits.hpp
[3.371s] -- Up-to-date: /home/pi/Legacy/URC-2026/embedded_ros2_ws/install/npk_sensor/include/npk_sensor/npk_sensor/srv/detail/get_soil_data__type_support.hpp
[3.371s] -- Up-to-date: /home/pi/Legacy/URC-2026/embedded_ros2_ws/install/npk_sensor/include/npk_sensor/npk_sensor/srv/detail/get_soil_data__builder.hpp
[3.372s] -- Up-to-date: /home/pi/Legacy/URC-2026/embedded_ros2_ws/install/npk_sensor/include/npk_sensor/npk_sensor/srv/detail/get_soil_data__struct.hpp
[3.372s] -- Up-to-date: /home/pi/Legacy/URC-2026/embedded_ros2_ws/install/npk_sensor/include/npk_sensor/npk_sensor
[3.373s] -- Up-to-date: /home/pi/Legacy/URC-2026/embedded_ros2_ws/install/npk_sensor/include/npk_sensor/npk_sensor/msg
[3.374s] -- Up-to-date: /home/pi/Legacy/URC-2026/embedded_ros2_ws/install/npk_sensor/include/npk_sensor/npk_sensor/msg/rosidl_typesupport_fastrtps_cpp__visibility_control.h
[3.374s] -- Up-to-date: /home/pi/Legacy/URC-2026/embedded_ros2_ws/install/npk_sensor/include/npk_sensor/npk_sensor/srv
[3.375s] -- Up-to-date: /home/pi/Legacy/URC-2026/embedded_ros2_ws/install/npk_sensor/include/npk_sensor/npk_sensor/srv/detail
[3.376s] -- Up-to-date: /home/pi/Legacy/URC-2026/embedded_ros2_ws/install/npk_sensor/include/npk_sensor/npk_sensor/srv/detail/dds_fastrtps
[3.377s] -- Up-to-date: /home/pi/Legacy/URC-2026/embedded_ros2_ws/install/npk_sensor/include/npk_sensor/npk_sensor/srv/detail/get_soil_data__rosidl_typesupport_fastrtps_cpp.hpp
[3.377s] -- Up-to-date: /home/pi/Legacy/URC-2026/embedded_ros2_ws/install/npk_sensor/lib/libnpk_sensor__rosidl_typesupport_fastrtps_cpp.so
[3.378s] -- Up-to-date: /home/pi/Legacy/URC-2026/embedded_ros2_ws/install/npk_sensor/include/npk_sensor/npk_sensor
[3.379s] -- Up-to-date: /home/pi/Legacy/URC-2026/embedded_ros2_ws/install/npk_sensor/include/npk_sensor/npk_sensor/srv
[3.379s] -- Up-to-date: /home/pi/Legacy/URC-2026/embedded_ros2_ws/install/npk_sensor/include/npk_sensor/npk_sensor/srv/detail
[3.379s] -- Up-to-date: /home/pi/Legacy/URC-2026/embedded_ros2_ws/install/npk_sensor/include/npk_sensor/npk_sensor/srv/detail/get_soil_data__rosidl_typesupport_introspection_cpp.hpp
[3.380s] -- Up-to-date: /home/pi/Legacy/URC-2026/embedded_ros2_ws/install/npk_sensor/include/npk_sensor/npk_sensor/srv/detail/get_soil_data__type_support.cpp
[3.381s] -- Up-to-date: /home/pi/Legacy/URC-2026/embedded_ros2_ws/install/npk_sensor/lib/libnpk_sensor__rosidl_typesupport_introspection_cpp.so
[3.381s] -- Up-to-date: /home/pi/Legacy/URC-2026/embedded_ros2_ws/install/npk_sensor/lib/libnpk_sensor__rosidl_typesupport_cpp.so
[3.383s] -- Up-to-date: /home/pi/Legacy/URC-2026/embedded_ros2_ws/install/npk_sensor/share/npk_sensor/environment/pythonpath.sh
[3.384s] -- Up-to-date: /home/pi/Legacy/URC-2026/embedded_ros2_ws/install/npk_sensor/share/npk_sensor/environment/pythonpath.dsv
[3.385s] -- Up-to-date: /home/pi/Legacy/URC-2026/embedded_ros2_ws/install/npk_sensor/local/lib/python3.10/dist-packages/npk_sensor-0.0.0-py3.10.egg-info
[3.385s] -- Installing: /home/pi/Legacy/URC-2026/embedded_ros2_ws/install/npk_sensor/local/lib/python3.10/dist-packages/npk_sensor-0.0.0-py3.10.egg-info/PKG-INFO
[3.387s] -- Installing: /home/pi/Legacy/URC-2026/embedded_ros2_ws/install/npk_sensor/local/lib/python3.10/dist-packages/npk_sensor-0.0.0-py3.10.egg-info/top_level.txt
[3.388s] -- Installing: /home/pi/Legacy/URC-2026/embedded_ros2_ws/install/npk_sensor/local/lib/python3.10/dist-packages/npk_sensor-0.0.0-py3.10.egg-info/SOURCES.txt
[3.398s] -- Installing: /home/pi/Legacy/URC-2026/embedded_ros2_ws/install/npk_sensor/local/lib/python3.10/dist-packages/npk_sensor-0.0.0-py3.10.egg-info/dependency_links.txt
[3.399s] -- Up-to-date: /home/pi/Legacy/URC-2026/embedded_ros2_ws/install/npk_sensor/local/lib/python3.10/dist-packages/npk_sensor
[3.400s] -- Up-to-date: /home/pi/Legacy/URC-2026/embedded_ros2_ws/install/npk_sensor/local/lib/python3.10/dist-packages/npk_sensor/_npk_sensor_s.ep.rosidl_typesupport_c.c
[3.400s] -- Up-to-date: /home/pi/Legacy/URC-2026/embedded_ros2_ws/install/npk_sensor/local/lib/python3.10/dist-packages/npk_sensor/__init__.py
[3.401s] -- Up-to-date: /home/pi/Legacy/URC-2026/embedded_ros2_ws/install/npk_sensor/local/lib/python3.10/dist-packages/npk_sensor/_npk_sensor_s.ep.rosidl_typesupport_fastrtps_c.c
[3.401s] -- Up-to-date: /home/pi/Legacy/URC-2026/embedded_ros2_ws/install/npk_sensor/local/lib/python3.10/dist-packages/npk_sensor/npk_sensor_s__rosidl_typesupport_introspection_c.cpython-310-aarch64-linux-gnu.so
[3.402s] -- Up-to-date: /home/pi/Legacy/URC-2026/embedded_ros2_ws/install/npk_sensor/local/lib/python3.10/dist-packages/npk_sensor/_npk_sensor_s.ep.rosidl_typesupport_introspection_c.c
[3.403s] -- Up-to-date: /home/pi/Legacy/URC-2026/embedded_ros2_ws/install/npk_sensor/local/lib/python3.10/dist-packages/npk_sensor/npk_sensor_s__rosidl_typesupport_fastrtps_c.cpython-310-aarch64-linux-gnu.so
[3.403s] -- Up-to-date: /home/pi/Legacy/URC-2026/embedded_ros2_ws/install/npk_sensor/local/lib/python3.10/dist-packages/npk_sensor/libnpk_sensor__rosidl_generator_py.so
[3.404s] -- Up-to-date: /home/pi/Legacy/URC-2026/embedded_ros2_ws/install/npk_sensor/local/lib/python3.10/dist-packages/npk_sensor/npk_sensor_s__rosidl_typesupport_c.cpython-310-aarch64-linux-gnu.so
[3.404s] -- Up-to-date: /home/pi/Legacy/URC-2026/embedded_ros2_ws/install/npk_sensor/local/lib/python3.10/dist-packages/npk_sensor/srv
[3.405s] -- Up-to-date: /home/pi/Legacy/URC-2026/embedded_ros2_ws/install/npk_sensor/local/lib/python3.10/dist-packages/npk_sensor/srv/_get_soil_data.py
[3.406s] -- Up-to-date: /home/pi/Legacy/URC-2026/embedded_ros2_ws/install/npk_sensor/local/lib/python3.10/dist-packages/npk_sensor/srv/_get_soil_data_s.c
[3.406s] -- Up-to-date: /home/pi/Legacy/URC-2026/embedded_ros2_ws/install/npk_sensor/local/lib/python3.10/dist-packages/npk_sensor/srv/__init__.py
[3.640s] Listing '/home/pi/Legacy/URC-2026/embedded_ros2_ws/install/npk_sensor/local/lib/python3.10/dist-packages/npk_sensor'...
[3.641s] Listing '/home/pi/Legacy/URC-2026/embedded_ros2_ws/install/npk_sensor/local/lib/python3.10/dist-packages/npk_sensor/srv'...
[3.686s] -- Up-to-date: /home/pi/Legacy/URC-2026/embedded_ros2_ws/install/npk_sensor/local/lib/python3.10/dist-packages/npk_sensor/npk_sensor_s__rosidl_typesupport_fastrtps_c.cpython-310-aarch64-linux-gnu.so
[3.690s] -- Up-to-date: /home/pi/Legacy/URC-2026/embedded_ros2_ws/install/npk_sensor/local/lib/python3.10/dist-packages/npk_sensor/npk_sensor_s__rosidl_typesupport_introspection_c.cpython-310-aarch64-linux-gnu.so
[3.693s] -- Up-to-date: /home/pi/Legacy/URC-2026/embedded_ros2_ws/install/npk_sensor/local/lib/python3.10/dist-packages/npk_sensor/npk_sensor_s__rosidl_typesupport_c.cpython-310-aarch64-linux-gnu.so
[3.697s] -- Up-to-date: /home/pi/Legacy/URC-2026/embedded_ros2_ws/install/npk_sensor/lib/libnpk_sensor__rosidl_generator_py.so
[3.700s] -- Up-to-date: /home/pi/Legacy/URC-2026/embedded_ros2_ws/install/npk_sensor/share/npk_sensor/srv/GetSoilData.idl
[3.702s] -- Up-to-date: /home/pi/Legacy/URC-2026/embedded_ros2_ws/install/npk_sensor/share/npk_sensor/srv/GetSoilData.srv
[3.704s] -- Up-to-date: /home/pi/Legacy/URC-2026/embedded_ros2_ws/install/npk_sensor/share/npk_sensor/srv/GetSoilData_Request.msg
[3.706s] -- Up-to-date: /home/pi/Legacy/URC-2026/embedded_ros2_ws/install/npk_sensor/share/npk_sensor/srv/GetSoilData_Response.msg
[3.708s] -- Up-to-date: /home/pi/Legacy/URC-2026/embedded_ros2_ws/install/npk_sensor/local/lib/python3.10/dist-packages/src-0.0.0-py3.10.egg-info
[3.710s] -- Installing: /home/pi/Legacy/URC-2026/embedded_ros2_ws/install/npk_sensor/local/lib/python3.10/dist-packages/src-0.0.0-py3.10.egg-info/PKG-INFO
[3.713s] -- Installing: /home/pi/Legacy/URC-2026/embedded_ros2_ws/install/npk_sensor/local/lib/python3.10/dist-packages/src-0.0.0-py3.10.egg-info/top_level.txt
[3.716s] -- Installing: /home/pi/Legacy/URC-2026/embedded_ros2_ws/install/npk_sensor/local/lib/python3.10/dist-packages/src-0.0.0-py3.10.egg-info/SOURCES.txt
[3.718s] -- Installing: /home/pi/Legacy/URC-2026/embedded_ros2_ws/install/npk_sensor/local/lib/python3.10/dist-packages/src-0.0.0-py3.10.egg-info/dependency_links.txt
[3.721s] -- Up-to-date: /home/pi/Legacy/URC-2026/embedded_ros2_ws/install/npk_sensor/local/lib/python3.10/dist-packages/src
[3.722s] -- Up-to-date: /home/pi/Legacy/URC-2026/embedded_ros2_ws/install/npk_sensor/local/lib/python3.10/dist-packages/src/__init__.py
[3.724s] -- Up-to-date: /home/pi/Legacy/URC-2026/embedded_ros2_ws/install/npk_sensor/local/lib/python3.10/dist-packages/src/npk_sensor_node.py
[4.006s] Listing '/home/pi/Legacy/URC-2026/embedded_ros2_ws/install/npk_sensor/local/lib/python3.10/dist-packages/src'...
[4.039s] -- Up-to-date: /home/pi/Legacy/URC-2026/embedded_ros2_ws/install/npk_sensor/lib/npk_sensor/npk_node
[4.040s] -- Up-to-date: /home/pi/Legacy/URC-2026/embedded_ros2_ws/install/npk_sensor/share/npk_sensor/launch
[4.040s] -- Up-to-date: /home/pi/Legacy/URC-2026/embedded_ros2_ws/install/npk_sensor/share/npk_sensor/launch/example_launch.yaml
[4.041s] -- Up-to-date: /home/pi/Legacy/URC-2026/embedded_ros2_ws/install/npk_sensor/share/ament_index/resource_index/package_run_dependencies/npk_sensor
[4.042s] -- Up-to-date: /home/pi/Legacy/URC-2026/embedded_ros2_ws/install/npk_sensor/share/ament_index/resource_index/parent_prefix_path/npk_sensor
[4.042s] -- Up-to-date: /home/pi/Legacy/URC-2026/embedded_ros2_ws/install/npk_sensor/share/npk_sensor/environment/ament_prefix_path.sh
[4.044s] -- Up-to-date: /home/pi/Legacy/URC-2026/embedded_ros2_ws/install/npk_sensor/share/npk_sensor/environment/ament_prefix_path.dsv
[4.045s] -- Up-to-date: /home/pi/Legacy/URC-2026/embedded_ros2_ws/install/npk_sensor/share/npk_sensor/environment/path.sh
[4.046s] -- Up-to-date: /home/pi/Legacy/URC-2026/embedded_ros2_ws/install/npk_sensor/share/npk_sensor/environment/path.dsv
[4.047s] -- Up-to-date: /home/pi/Legacy/URC-2026/embedded_ros2_ws/install/npk_sensor/share/npk_sensor/local_setup.bash
[4.048s] -- Up-to-date: /home/pi/Legacy/URC-2026/embedded_ros2_ws/install/npk_sensor/share/npk_sensor/local_setup.sh
[4.049s] -- Up-to-date: /home/pi/Legacy/URC-2026/embedded_ros2_ws/install/npk_sensor/share/npk_sensor/local_setup.zsh
[4.049s] -- Up-to-date: /home/pi/Legacy/URC-2026/embedded_ros2_ws/install/npk_sensor/share/npk_sensor/local_setup.dsv
[4.050s] -- Installing: /home/pi/Legacy/URC-2026/embedded_ros2_ws/install/npk_sensor/share/npk_sensor/package.dsv
[4.051s] -- Up-to-date: /home/pi/Legacy/URC-2026/embedded_ros2_ws/install/npk_sensor/share/ament_index/resource_index/packages/npk_sensor
[4.052s] -- Up-to-date: /home/pi/Legacy/URC-2026/embedded_ros2_ws/install/npk_sensor/share/npk_sensor/cmake/export_npk_sensor__rosidl_generator_cExport.cmake
[4.054s] -- Up-to-date: /home/pi/Legacy/URC-2026/embedded_ros2_ws/install/npk_sensor/share/npk_sensor/cmake/export_npk_sensor__rosidl_generator_cExport-noconfig.cmake
[4.056s] -- Up-to-date: /home/pi/Legacy/URC-2026/embedded_ros2_ws/install/npk_sensor/share/npk_sensor/cmake/export_npk_sensor__rosidl_typesupport_fastrtps_cExport.cmake
[4.059s] -- Up-to-date: /home/pi/Legacy/URC-2026/embedded_ros2_ws/install/npk_sensor/share/npk_sensor/cmake/export_npk_sensor__rosidl_typesupport_fastrtps_cExport-noconfig.cmake
[4.059s] -- Up-to-date: /home/pi/Legacy/URC-2026/embedded_ros2_ws/install/npk_sensor/share/npk_sensor/cmake/npk_sensor__rosidl_typesupport_introspection_cExport.cmake
[4.062s] -- Up-to-date: /home/pi/Legacy/URC-2026/embedded_ros2_ws/install/npk_sensor/share/npk_sensor/cmake/npk_sensor__rosidl_typesupport_introspection_cExport-noconfig.cmake
[4.063s] -- Up-to-date: /home/pi/Legacy/URC-2026/embedded_ros2_ws/install/npk_sensor/share/npk_sensor/cmake/npk_sensor__rosidl_typesupport_cExport.cmake
[4.064s] -- Up-to-date: /home/pi/Legacy/URC-2026/embedded_ros2_ws/install/npk_sensor/share/npk_sensor/cmake/npk_sensor__rosidl_typesupport_cExport-noconfig.cmake
[4.066s] -- Up-to-date: /home/pi/Legacy/URC-2026/embedded_ros2_ws/install/npk_sensor/share/npk_sensor/cmake/export_npk_sensor__rosidl_generator_cppExport.cmake
[4.068s] -- Up-to-date: /home/pi/Legacy/URC-2026/embedded_ros2_ws/install/npk_sensor/share/npk_sensor/cmake/export_npk_sensor__rosidl_typesupport_fastrtps_cppExport.cmake
[4.070s] -- Up-to-date: /home/pi/Legacy/URC-2026/embedded_ros2_ws/install/npk_sensor/share/npk_sensor/cmake/export_npk_sensor__rosidl_typesupport_fastrtps_cppExport-noconfig.cmake
[4.072s] -- Up-to-date: /home/pi/Legacy/URC-2026/embedded_ros2_ws/install/npk_sensor/share/npk_sensor/cmake/npk_sensor__rosidl_typesupport_introspection_cppExport.cmake
[4.074s] -- Up-to-date: /home/pi/Legacy/URC-2026/embedded_ros2_ws/install/npk_sensor/share/npk_sensor/cmake/npk_sensor__rosidl_typesupport_introspection_cppExport-noconfig.cmake
[4.076s] -- Up-to-date: /home/pi/Legacy/URC-2026/embedded_ros2_ws/install/npk_sensor/share/npk_sensor/cmake/npk_sensor__rosidl_typesupport_cppExport.cmake
[4.078s] -- Up-to-date: /home/pi/Legacy/URC-2026/embedded_ros2_ws/install/npk_sensor/share/npk_sensor/cmake/npk_sensor__rosidl_typesupport_cppExport-noconfig.cmake
[4.081s] -- Up-to-date: /home/pi/Legacy/URC-2026/embedded_ros2_ws/install/npk_sensor/share/npk_sensor/cmake/export_npk_sensor__rosidl_generator_pyExport.cmake
[4.084s] -- Up-to-date: /home/pi/Legacy/URC-2026/embedded_ros2_ws/install/npk_sensor/share/npk_sensor/cmake/export_npk_sensor__rosidl_generator_pyExport-noconfig.cmake
[4.086s] -- Up-to-date: /home/pi/Legacy/URC-2026/embedded_ros2_ws/install/npk_sensor/share/npk_sensor/cmake/rosidl_cmake-extras.cmake
[4.087s] -- Up-to-date: /home/pi/Legacy/URC-2026/embedded_ros2_ws/install/npk_sensor/share/npk_sensor/cmake/ament_cmake_export_include_directories-extras.cmake
[4.090s] -- Up-to-date: /home/pi/Legacy/URC-2026/embedded_ros2_ws/install/npk_sensor/share/npk_sensor/cmake/ament_cmake_export_libraries-extras.cmake
[4.093s] -- Up-to-date: /home/pi/Legacy/URC-2026/embedded_ros2_ws/install/npk_sensor/share/npk_sensor/cmake/ament_cmake_export_targets-extras.cmake
[4.095s] -- Up-to-date: /home/pi/Legacy/URC-2026/embedded_ros2_ws/install/npk_sensor/share/npk_sensor/cmake/rosidl_cmake_export_typesupport_targets-extras.cmake
[4.097s] -- Up-to-date: /home/pi/Legacy/URC-2026/embedded_ros2_ws/install/npk_sensor/share/npk_sensor/cmake/ament_cmake_export_dependencies-extras.cmake
[4.098s] -- Up-to-date: /home/pi/Legacy/URC-2026/embedded_ros2_ws/install/npk_sensor/share/npk_sensor/cmake/rosidl_cmake_export_typesupport_libraries-extras.cmake
[4.100s] -- Up-to-date: /home/pi/Legacy/URC-2026/embedded_ros2_ws/install/npk_sensor/share/npk_sensor/cmake/npk_sensorConfig.cmake
[4.103s] -- Up-to-date: /home/pi/Legacy/URC-2026/embedded_ros2_ws/install/npk_sensor/share/npk_sensor/cmake/npk_sensorConfig-version.cmake
[4.103s] -- Up-to-date: /home/pi/Legacy/URC-2026/embedded_ros2_ws/install/npk_sensor/share/npk_sensor/package.xml
[4.125s] Invoked command in '/home/pi/Legacy/URC-2026/embedded_ros2_ws/build/npk_sensor' returned '0': CMAKE_PREFIX_PATH=${CMAKE_PREFIX_PATH}:/home/pi/Legacy/URC-2026/embedded_ros2_ws/install/blender_motor:/home/pi/Legacy/Testing/ros2_ws/install/rover_motor_command:/home/pi/Legacy/URC-2026/drive_ros2_ws/install/drive_manager:/opt/ros/humble /usr/bin/cmake --install /home/pi/Legacy/URC-2026/embedded_ros2_ws/build/npk_sensor
