[  3%] Built target npk_sensor__cpp
[ 12%] Built target npk_sensor__rosidl_generator_c
[ 12%] Built target ament_cmake_python_copy_npk_sensor
[ 12%] Built target ament_cmake_python_copy_src
[ 22%] Built target npk_sensor__rosidl_typesupport_cpp
[ 32%] Built target npk_sensor__rosidl_typesupport_fastrtps_cpp
[ 41%] Built target npk_sensor__rosidl_typesupport_introspection_cpp
[ 51%] Built target npk_sensor__rosidl_typesupport_fastrtps_c
[ 61%] Built target npk_sensor__rosidl_typesupport_introspection_c
[ 70%] Built target npk_sensor__rosidl_typesupport_c
[ 70%] Built target npk_sensor
[ 74%] Built target npk_sensor__py
[ 80%] Built target npk_sensor__rosidl_generator_py
running egg_info
writing npk_sensor.egg-info/PKG-INFO
writing dependency_links to npk_sensor.egg-info/dependency_links.txt
writing top-level names to npk_sensor.egg-info/top_level.txt
[ 87%] Built target npk_sensor__rosidl_typesupport_introspection_c__pyext
[ 93%] Built target npk_sensor__rosidl_typesupport_fastrtps_c__pyext
reading manifest file 'npk_sensor.egg-info/SOURCES.txt'
writing manifest file 'npk_sensor.egg-info/SOURCES.txt'
[100%] Built target npk_sensor__rosidl_typesupport_c__pyext
[100%] Built target ament_cmake_python_build_npk_sensor_egg
running egg_info
writing src.egg-info/PKG-INFO
writing dependency_links to src.egg-info/dependency_links.txt
writing top-level names to src.egg-info/top_level.txt
reading manifest file 'src.egg-info/SOURCES.txt'
writing manifest file 'src.egg-info/SOURCES.txt'
[100%] Built target ament_cmake_python_build_src_egg
-- Install configuration: ""
-- Up-to-date: /home/pi/Legacy/URC-2026/embedded_ros2_ws/install/npk_sensor/share/ament_index/resource_index/rosidl_interfaces/npk_sensor
-- Up-to-date: /home/pi/Legacy/URC-2026/embedded_ros2_ws/install/npk_sensor/include/npk_sensor/npk_sensor
-- Up-to-date: /home/pi/Legacy/URC-2026/embedded_ros2_ws/install/npk_sensor/include/npk_sensor/npk_sensor/msg
-- Up-to-date: /home/pi/Legacy/URC-2026/embedded_ros2_ws/install/npk_sensor/include/npk_sensor/npk_sensor/msg/rosidl_generator_c__visibility_control.h
-- Up-to-date: /home/pi/Legacy/URC-2026/embedded_ros2_ws/install/npk_sensor/include/npk_sensor/npk_sensor/srv
-- Up-to-date: /home/pi/Legacy/URC-2026/embedded_ros2_ws/install/npk_sensor/include/npk_sensor/npk_sensor/srv/detail
-- Up-to-date: /home/pi/Legacy/URC-2026/embedded_ros2_ws/install/npk_sensor/include/npk_sensor/npk_sensor/srv/detail/get_soil_data__struct.h
-- Up-to-date: /home/pi/Legacy/URC-2026/embedded_ros2_ws/install/npk_sensor/include/npk_sensor/npk_sensor/srv/detail/get_soil_data__functions.c
-- Up-to-date: /home/pi/Legacy/URC-2026/embedded_ros2_ws/install/npk_sensor/include/npk_sensor/npk_sensor/srv/detail/get_soil_data__functions.h
-- Up-to-date: /home/pi/Legacy/URC-2026/embedded_ros2_ws/install/npk_sensor/include/npk_sensor/npk_sensor/srv/detail/get_soil_data__type_support.h
-- Up-to-date: /home/pi/Legacy/URC-2026/embedded_ros2_ws/install/npk_sensor/include/npk_sensor/npk_sensor/srv/get_soil_data.h
-- Up-to-date: /home/pi/Legacy/URC-2026/embedded_ros2_ws/install/npk_sensor/share/npk_sensor/environment/library_path.sh
-- Up-to-date: /home/pi/Legacy/URC-2026/embedded_ros2_ws/install/npk_sensor/share/npk_sensor/environment/library_path.dsv
-- Up-to-date: /home/pi/Legacy/URC-2026/embedded_ros2_ws/install/npk_sensor/lib/libnpk_sensor__rosidl_generator_c.so
-- Up-to-date: /home/pi/Legacy/URC-2026/embedded_ros2_ws/install/npk_sensor/include/npk_sensor/npk_sensor
-- Up-to-date: /home/pi/Legacy/URC-2026/embedded_ros2_ws/install/npk_sensor/include/npk_sensor/npk_sensor/msg
-- Up-to-date: /home/pi/Legacy/URC-2026/embedded_ros2_ws/install/npk_sensor/include/npk_sensor/npk_sensor/msg/rosidl_typesupport_fastrtps_c__visibility_control.h
-- Up-to-date: /home/pi/Legacy/URC-2026/embedded_ros2_ws/install/npk_sensor/include/npk_sensor/npk_sensor/srv
-- Up-to-date: /home/pi/Legacy/URC-2026/embedded_ros2_ws/install/npk_sensor/include/npk_sensor/npk_sensor/srv/detail
-- Up-to-date: /home/pi/Legacy/URC-2026/embedded_ros2_ws/install/npk_sensor/include/npk_sensor/npk_sensor/srv/detail/get_soil_data__rosidl_typesupport_fastrtps_c.h
-- Up-to-date: /home/pi/Legacy/URC-2026/embedded_ros2_ws/install/npk_sensor/lib/libnpk_sensor__rosidl_typesupport_fastrtps_c.so
-- Up-to-date: /home/pi/Legacy/URC-2026/embedded_ros2_ws/install/npk_sensor/include/npk_sensor/npk_sensor
-- Up-to-date: /home/pi/Legacy/URC-2026/embedded_ros2_ws/install/npk_sensor/include/npk_sensor/npk_sensor/msg
-- Up-to-date: /home/pi/Legacy/URC-2026/embedded_ros2_ws/install/npk_sensor/include/npk_sensor/npk_sensor/msg/rosidl_typesupport_introspection_c__visibility_control.h
-- Up-to-date: /home/pi/Legacy/URC-2026/embedded_ros2_ws/install/npk_sensor/include/npk_sensor/npk_sensor/srv
-- Up-to-date: /home/pi/Legacy/URC-2026/embedded_ros2_ws/install/npk_sensor/include/npk_sensor/npk_sensor/srv/detail
-- Up-to-date: /home/pi/Legacy/URC-2026/embedded_ros2_ws/install/npk_sensor/include/npk_sensor/npk_sensor/srv/detail/get_soil_data__type_support.c
-- Up-to-date: /home/pi/Legacy/URC-2026/embedded_ros2_ws/install/npk_sensor/include/npk_sensor/npk_sensor/srv/detail/get_soil_data__rosidl_typesupport_introspection_c.h
-- Up-to-date: /home/pi/Legacy/URC-2026/embedded_ros2_ws/install/npk_sensor/lib/libnpk_sensor__rosidl_typesupport_introspection_c.so
-- Up-to-date: /home/pi/Legacy/URC-2026/embedded_ros2_ws/install/npk_sensor/lib/libnpk_sensor__rosidl_typesupport_c.so
-- Up-to-date: /home/pi/Legacy/URC-2026/embedded_ros2_ws/install/npk_sensor/include/npk_sensor/npk_sensor
-- Up-to-date: /home/pi/Legacy/URC-2026/embedded_ros2_ws/install/npk_sensor/include/npk_sensor/npk_sensor/msg
-- Up-to-date: /home/pi/Legacy/URC-2026/embedded_ros2_ws/install/npk_sensor/include/npk_sensor/npk_sensor/msg/rosidl_generator_cpp__visibility_control.hpp
-- Up-to-date: /home/pi/Legacy/URC-2026/embedded_ros2_ws/install/npk_sensor/include/npk_sensor/npk_sensor/srv
-- Up-to-date: /home/pi/Legacy/URC-2026/embedded_ros2_ws/install/npk_sensor/include/npk_sensor/npk_sensor/srv/get_soil_data.hpp
-- Up-to-date: /home/pi/Legacy/URC-2026/embedded_ros2_ws/install/npk_sensor/include/npk_sensor/npk_sensor/srv/detail
-- Up-to-date: /home/pi/Legacy/URC-2026/embedded_ros2_ws/install/npk_sensor/include/npk_sensor/npk_sensor/srv/detail/get_soil_data__traits.hpp
-- Up-to-date: /home/pi/Legacy/URC-2026/embedded_ros2_ws/install/npk_sensor/include/npk_sensor/npk_sensor/srv/detail/get_soil_data__type_support.hpp
-- Up-to-date: /home/pi/Legacy/URC-2026/embedded_ros2_ws/install/npk_sensor/include/npk_sensor/npk_sensor/srv/detail/get_soil_data__builder.hpp
-- Up-to-date: /home/pi/Legacy/URC-2026/embedded_ros2_ws/install/npk_sensor/include/npk_sensor/npk_sensor/srv/detail/get_soil_data__struct.hpp
-- Up-to-date: /home/pi/Legacy/URC-2026/embedded_ros2_ws/install/npk_sensor/include/npk_sensor/npk_sensor
-- Up-to-date: /home/pi/Legacy/URC-2026/embedded_ros2_ws/install/npk_sensor/include/npk_sensor/npk_sensor/msg
-- Up-to-date: /home/pi/Legacy/URC-2026/embedded_ros2_ws/install/npk_sensor/include/npk_sensor/npk_sensor/msg/rosidl_typesupport_fastrtps_cpp__visibility_control.h
-- Up-to-date: /home/pi/Legacy/URC-2026/embedded_ros2_ws/install/npk_sensor/include/npk_sensor/npk_sensor/srv
-- Up-to-date: /home/pi/Legacy/URC-2026/embedded_ros2_ws/install/npk_sensor/include/npk_sensor/npk_sensor/srv/detail
-- Up-to-date: /home/pi/Legacy/URC-2026/embedded_ros2_ws/install/npk_sensor/include/npk_sensor/npk_sensor/srv/detail/dds_fastrtps
-- Up-to-date: /home/pi/Legacy/URC-2026/embedded_ros2_ws/install/npk_sensor/include/npk_sensor/npk_sensor/srv/detail/get_soil_data__rosidl_typesupport_fastrtps_cpp.hpp
-- Up-to-date: /home/pi/Legacy/URC-2026/embedded_ros2_ws/install/npk_sensor/lib/libnpk_sensor__rosidl_typesupport_fastrtps_cpp.so
-- Up-to-date: /home/pi/Legacy/URC-2026/embedded_ros2_ws/install/npk_sensor/include/npk_sensor/npk_sensor
-- Up-to-date: /home/pi/Legacy/URC-2026/embedded_ros2_ws/install/npk_sensor/include/npk_sensor/npk_sensor/srv
-- Up-to-date: /home/pi/Legacy/URC-2026/embedded_ros2_ws/install/npk_sensor/include/npk_sensor/npk_sensor/srv/detail
-- Up-to-date: /home/pi/Legacy/URC-2026/embedded_ros2_ws/install/npk_sensor/include/npk_sensor/npk_sensor/srv/detail/get_soil_data__rosidl_typesupport_introspection_cpp.hpp
-- Up-to-date: /home/pi/Legacy/URC-2026/embedded_ros2_ws/install/npk_sensor/include/npk_sensor/npk_sensor/srv/detail/get_soil_data__type_support.cpp
-- Up-to-date: /home/pi/Legacy/URC-2026/embedded_ros2_ws/install/npk_sensor/lib/libnpk_sensor__rosidl_typesupport_introspection_cpp.so
-- Up-to-date: /home/pi/Legacy/URC-2026/embedded_ros2_ws/install/npk_sensor/lib/libnpk_sensor__rosidl_typesupport_cpp.so
-- Up-to-date: /home/pi/Legacy/URC-2026/embedded_ros2_ws/install/npk_sensor/share/npk_sensor/environment/pythonpath.sh
-- Up-to-date: /home/pi/Legacy/URC-2026/embedded_ros2_ws/install/npk_sensor/share/npk_sensor/environment/pythonpath.dsv
-- Up-to-date: /home/pi/Legacy/URC-2026/embedded_ros2_ws/install/npk_sensor/local/lib/python3.10/dist-packages/npk_sensor-0.0.0-py3.10.egg-info
-- Installing: /home/pi/Legacy/URC-2026/embedded_ros2_ws/install/npk_sensor/local/lib/python3.10/dist-packages/npk_sensor-0.0.0-py3.10.egg-info/PKG-INFO
-- Installing: /home/pi/Legacy/URC-2026/embedded_ros2_ws/install/npk_sensor/local/lib/python3.10/dist-packages/npk_sensor-0.0.0-py3.10.egg-info/top_level.txt
-- Installing: /home/pi/Legacy/URC-2026/embedded_ros2_ws/install/npk_sensor/local/lib/python3.10/dist-packages/npk_sensor-0.0.0-py3.10.egg-info/SOURCES.txt
-- Installing: /home/pi/Legacy/URC-2026/embedded_ros2_ws/install/npk_sensor/local/lib/python3.10/dist-packages/npk_sensor-0.0.0-py3.10.egg-info/dependency_links.txt
-- Up-to-date: /home/pi/Legacy/URC-2026/embedded_ros2_ws/install/npk_sensor/local/lib/python3.10/dist-packages/npk_sensor
-- Up-to-date: /home/pi/Legacy/URC-2026/embedded_ros2_ws/install/npk_sensor/local/lib/python3.10/dist-packages/npk_sensor/_npk_sensor_s.ep.rosidl_typesupport_c.c
-- Up-to-date: /home/pi/Legacy/URC-2026/embedded_ros2_ws/install/npk_sensor/local/lib/python3.10/dist-packages/npk_sensor/__init__.py
-- Up-to-date: /home/pi/Legacy/URC-2026/embedded_ros2_ws/install/npk_sensor/local/lib/python3.10/dist-packages/npk_sensor/_npk_sensor_s.ep.rosidl_typesupport_fastrtps_c.c
-- Up-to-date: /home/pi/Legacy/URC-2026/embedded_ros2_ws/install/npk_sensor/local/lib/python3.10/dist-packages/npk_sensor/npk_sensor_s__rosidl_typesupport_introspection_c.cpython-310-aarch64-linux-gnu.so
-- Up-to-date: /home/pi/Legacy/URC-2026/embedded_ros2_ws/install/npk_sensor/local/lib/python3.10/dist-packages/npk_sensor/_npk_sensor_s.ep.rosidl_typesupport_introspection_c.c
-- Up-to-date: /home/pi/Legacy/URC-2026/embedded_ros2_ws/install/npk_sensor/local/lib/python3.10/dist-packages/npk_sensor/npk_sensor_s__rosidl_typesupport_fastrtps_c.cpython-310-aarch64-linux-gnu.so
-- Up-to-date: /home/pi/Legacy/URC-2026/embedded_ros2_ws/install/npk_sensor/local/lib/python3.10/dist-packages/npk_sensor/libnpk_sensor__rosidl_generator_py.so
-- Up-to-date: /home/pi/Legacy/URC-2026/embedded_ros2_ws/install/npk_sensor/local/lib/python3.10/dist-packages/npk_sensor/npk_sensor_s__rosidl_typesupport_c.cpython-310-aarch64-linux-gnu.so
-- Up-to-date: /home/pi/Legacy/URC-2026/embedded_ros2_ws/install/npk_sensor/local/lib/python3.10/dist-packages/npk_sensor/srv
-- Up-to-date: /home/pi/Legacy/URC-2026/embedded_ros2_ws/install/npk_sensor/local/lib/python3.10/dist-packages/npk_sensor/srv/_get_soil_data.py
-- Up-to-date: /home/pi/Legacy/URC-2026/embedded_ros2_ws/install/npk_sensor/local/lib/python3.10/dist-packages/npk_sensor/srv/_get_soil_data_s.c
-- Up-to-date: /home/pi/Legacy/URC-2026/embedded_ros2_ws/install/npk_sensor/local/lib/python3.10/dist-packages/npk_sensor/srv/__init__.py
Listing '/home/pi/Legacy/URC-2026/embedded_ros2_ws/install/npk_sensor/local/lib/python3.10/dist-packages/npk_sensor'...
Listing '/home/pi/Legacy/URC-2026/embedded_ros2_ws/install/npk_sensor/local/lib/python3.10/dist-packages/npk_sensor/srv'...
-- Up-to-date: /home/pi/Legacy/URC-2026/embedded_ros2_ws/install/npk_sensor/local/lib/python3.10/dist-packages/npk_sensor/npk_sensor_s__rosidl_typesupport_fastrtps_c.cpython-310-aarch64-linux-gnu.so
-- Up-to-date: /home/pi/Legacy/URC-2026/embedded_ros2_ws/install/npk_sensor/local/lib/python3.10/dist-packages/npk_sensor/npk_sensor_s__rosidl_typesupport_introspection_c.cpython-310-aarch64-linux-gnu.so
-- Up-to-date: /home/pi/Legacy/URC-2026/embedded_ros2_ws/install/npk_sensor/local/lib/python3.10/dist-packages/npk_sensor/npk_sensor_s__rosidl_typesupport_c.cpython-310-aarch64-linux-gnu.so
-- Up-to-date: /home/pi/Legacy/URC-2026/embedded_ros2_ws/install/npk_sensor/lib/libnpk_sensor__rosidl_generator_py.so
-- Up-to-date: /home/pi/Legacy/URC-2026/embedded_ros2_ws/install/npk_sensor/share/npk_sensor/srv/GetSoilData.idl
-- Up-to-date: /home/pi/Legacy/URC-2026/embedded_ros2_ws/install/npk_sensor/share/npk_sensor/srv/GetSoilData.srv
-- Up-to-date: /home/pi/Legacy/URC-2026/embedded_ros2_ws/install/npk_sensor/share/npk_sensor/srv/GetSoilData_Request.msg
-- Up-to-date: /home/pi/Legacy/URC-2026/embedded_ros2_ws/install/npk_sensor/share/npk_sensor/srv/GetSoilData_Response.msg
-- Up-to-date: /home/pi/Legacy/URC-2026/embedded_ros2_ws/install/npk_sensor/local/lib/python3.10/dist-packages/src-0.0.0-py3.10.egg-info
-- Installing: /home/pi/Legacy/URC-2026/embedded_ros2_ws/install/npk_sensor/local/lib/python3.10/dist-packages/src-0.0.0-py3.10.egg-info/PKG-INFO
-- Installing: /home/pi/Legacy/URC-2026/embedded_ros2_ws/install/npk_sensor/local/lib/python3.10/dist-packages/src-0.0.0-py3.10.egg-info/top_level.txt
-- Installing: /home/pi/Legacy/URC-2026/embedded_ros2_ws/install/npk_sensor/local/lib/python3.10/dist-packages/src-0.0.0-py3.10.egg-info/SOURCES.txt
-- Installing: /home/pi/Legacy/URC-2026/embedded_ros2_ws/install/npk_sensor/local/lib/python3.10/dist-packages/src-0.0.0-py3.10.egg-info/dependency_links.txt
-- Up-to-date: /home/pi/Legacy/URC-2026/embedded_ros2_ws/install/npk_sensor/local/lib/python3.10/dist-packages/src
-- Up-to-date: /home/pi/Legacy/URC-2026/embedded_ros2_ws/install/npk_sensor/local/lib/python3.10/dist-packages/src/__init__.py
-- Up-to-date: /home/pi/Legacy/URC-2026/embedded_ros2_ws/install/npk_sensor/local/lib/python3.10/dist-packages/src/npk_sensor_node.py
Listing '/home/pi/Legacy/URC-2026/embedded_ros2_ws/install/npk_sensor/local/lib/python3.10/dist-packages/src'...
-- Up-to-date: /home/pi/Legacy/URC-2026/embedded_ros2_ws/install/npk_sensor/lib/npk_sensor/npk_node
-- Up-to-date: /home/pi/Legacy/URC-2026/embedded_ros2_ws/install/npk_sensor/share/npk_sensor/launch
-- Up-to-date: /home/pi/Legacy/URC-2026/embedded_ros2_ws/install/npk_sensor/share/npk_sensor/launch/example_launch.yaml
-- Up-to-date: /home/pi/Legacy/URC-2026/embedded_ros2_ws/install/npk_sensor/share/ament_index/resource_index/package_run_dependencies/npk_sensor
-- Up-to-date: /home/pi/Legacy/URC-2026/embedded_ros2_ws/install/npk_sensor/share/ament_index/resource_index/parent_prefix_path/npk_sensor
-- Up-to-date: /home/pi/Legacy/URC-2026/embedded_ros2_ws/install/npk_sensor/share/npk_sensor/environment/ament_prefix_path.sh
-- Up-to-date: /home/pi/Legacy/URC-2026/embedded_ros2_ws/install/npk_sensor/share/npk_sensor/environment/ament_prefix_path.dsv
-- Up-to-date: /home/pi/Legacy/URC-2026/embedded_ros2_ws/install/npk_sensor/share/npk_sensor/environment/path.sh
-- Up-to-date: /home/pi/Legacy/URC-2026/embedded_ros2_ws/install/npk_sensor/share/npk_sensor/environment/path.dsv
-- Up-to-date: /home/pi/Legacy/URC-2026/embedded_ros2_ws/install/npk_sensor/share/npk_sensor/local_setup.bash
-- Up-to-date: /home/pi/Legacy/URC-2026/embedded_ros2_ws/install/npk_sensor/share/npk_sensor/local_setup.sh
-- Up-to-date: /home/pi/Legacy/URC-2026/embedded_ros2_ws/install/npk_sensor/share/npk_sensor/local_setup.zsh
-- Up-to-date: /home/pi/Legacy/URC-2026/embedded_ros2_ws/install/npk_sensor/share/npk_sensor/local_setup.dsv
-- Installing: /home/pi/Legacy/URC-2026/embedded_ros2_ws/install/npk_sensor/share/npk_sensor/package.dsv
-- Up-to-date: /home/pi/Legacy/URC-2026/embedded_ros2_ws/install/npk_sensor/share/ament_index/resource_index/packages/npk_sensor
-- Up-to-date: /home/pi/Legacy/URC-2026/embedded_ros2_ws/install/npk_sensor/share/npk_sensor/cmake/export_npk_sensor__rosidl_generator_cExport.cmake
-- Up-to-date: /home/pi/Legacy/URC-2026/embedded_ros2_ws/install/npk_sensor/share/npk_sensor/cmake/export_npk_sensor__rosidl_generator_cExport-noconfig.cmake
-- Up-to-date: /home/pi/Legacy/URC-2026/embedded_ros2_ws/install/npk_sensor/share/npk_sensor/cmake/export_npk_sensor__rosidl_typesupport_fastrtps_cExport.cmake
-- Up-to-date: /home/pi/Legacy/URC-2026/embedded_ros2_ws/install/npk_sensor/share/npk_sensor/cmake/export_npk_sensor__rosidl_typesupport_fastrtps_cExport-noconfig.cmake
-- Up-to-date: /home/pi/Legacy/URC-2026/embedded_ros2_ws/install/npk_sensor/share/npk_sensor/cmake/npk_sensor__rosidl_typesupport_introspection_cExport.cmake
-- Up-to-date: /home/pi/Legacy/URC-2026/embedded_ros2_ws/install/npk_sensor/share/npk_sensor/cmake/npk_sensor__rosidl_typesupport_introspection_cExport-noconfig.cmake
-- Up-to-date: /home/pi/Legacy/URC-2026/embedded_ros2_ws/install/npk_sensor/share/npk_sensor/cmake/npk_sensor__rosidl_typesupport_cExport.cmake
-- Up-to-date: /home/pi/Legacy/URC-2026/embedded_ros2_ws/install/npk_sensor/share/npk_sensor/cmake/npk_sensor__rosidl_typesupport_cExport-noconfig.cmake
-- Up-to-date: /home/pi/Legacy/URC-2026/embedded_ros2_ws/install/npk_sensor/share/npk_sensor/cmake/export_npk_sensor__rosidl_generator_cppExport.cmake
-- Up-to-date: /home/pi/Legacy/URC-2026/embedded_ros2_ws/install/npk_sensor/share/npk_sensor/cmake/export_npk_sensor__rosidl_typesupport_fastrtps_cppExport.cmake
-- Up-to-date: /home/pi/Legacy/URC-2026/embedded_ros2_ws/install/npk_sensor/share/npk_sensor/cmake/export_npk_sensor__rosidl_typesupport_fastrtps_cppExport-noconfig.cmake
-- Up-to-date: /home/pi/Legacy/URC-2026/embedded_ros2_ws/install/npk_sensor/share/npk_sensor/cmake/npk_sensor__rosidl_typesupport_introspection_cppExport.cmake
-- Up-to-date: /home/pi/Legacy/URC-2026/embedded_ros2_ws/install/npk_sensor/share/npk_sensor/cmake/npk_sensor__rosidl_typesupport_introspection_cppExport-noconfig.cmake
-- Up-to-date: /home/pi/Legacy/URC-2026/embedded_ros2_ws/install/npk_sensor/share/npk_sensor/cmake/npk_sensor__rosidl_typesupport_cppExport.cmake
-- Up-to-date: /home/pi/Legacy/URC-2026/embedded_ros2_ws/install/npk_sensor/share/npk_sensor/cmake/npk_sensor__rosidl_typesupport_cppExport-noconfig.cmake
-- Up-to-date: /home/pi/Legacy/URC-2026/embedded_ros2_ws/install/npk_sensor/share/npk_sensor/cmake/export_npk_sensor__rosidl_generator_pyExport.cmake
-- Up-to-date: /home/pi/Legacy/URC-2026/embedded_ros2_ws/install/npk_sensor/share/npk_sensor/cmake/export_npk_sensor__rosidl_generator_pyExport-noconfig.cmake
-- Up-to-date: /home/pi/Legacy/URC-2026/embedded_ros2_ws/install/npk_sensor/share/npk_sensor/cmake/rosidl_cmake-extras.cmake
-- Up-to-date: /home/pi/Legacy/URC-2026/embedded_ros2_ws/install/npk_sensor/share/npk_sensor/cmake/ament_cmake_export_include_directories-extras.cmake
-- Up-to-date: /home/pi/Legacy/URC-2026/embedded_ros2_ws/install/npk_sensor/share/npk_sensor/cmake/ament_cmake_export_libraries-extras.cmake
-- Up-to-date: /home/pi/Legacy/URC-2026/embedded_ros2_ws/install/npk_sensor/share/npk_sensor/cmake/ament_cmake_export_targets-extras.cmake
-- Up-to-date: /home/pi/Legacy/URC-2026/embedded_ros2_ws/install/npk_sensor/share/npk_sensor/cmake/rosidl_cmake_export_typesupport_targets-extras.cmake
-- Up-to-date: /home/pi/Legacy/URC-2026/embedded_ros2_ws/install/npk_sensor/share/npk_sensor/cmake/ament_cmake_export_dependencies-extras.cmake
-- Up-to-date: /home/pi/Legacy/URC-2026/embedded_ros2_ws/install/npk_sensor/share/npk_sensor/cmake/rosidl_cmake_export_typesupport_libraries-extras.cmake
-- Up-to-date: /home/pi/Legacy/URC-2026/embedded_ros2_ws/install/npk_sensor/share/npk_sensor/cmake/npk_sensorConfig.cmake
-- Up-to-date: /home/pi/Legacy/URC-2026/embedded_ros2_ws/install/npk_sensor/share/npk_sensor/cmake/npk_sensorConfig-version.cmake
-- Up-to-date: /home/pi/Legacy/URC-2026/embedded_ros2_ws/install/npk_sensor/share/npk_sensor/package.xml
