[0.104s] Invoking command in '/home/pi/Legacy/URC-2026/embedded_ros2_ws/build/npk_sensor': CMAKE_PREFIX_PATH=${CMAKE_PREFIX_PATH}:/home/pi/Legacy/URC-2026/embedded_ros2_ws/install/blender_motor:/home/pi/Legacy/Testing/ros2_ws/install/rover_motor_command:/home/pi/Legacy/URC-2026/drive_ros2_ws/install/drive_manager:/opt/ros/humble /usr/bin/cmake --build /home/pi/Legacy/URC-2026/embedded_ros2_ws/build/npk_sensor -- -j4 -l4
[0.525s] [  3%] Built target npk_sensor__cpp
[0.547s] [ 12%] Built target npk_sensor__rosidl_generator_c
[0.630s] [ 12%] Built target ament_cmake_python_copy_npk_sensor
[0.672s] [ 12%] Built target ament_cmake_python_copy_src
[0.747s] [ 22%] Built target npk_sensor__rosidl_typesupport_cpp
[0.870s] [ 32%] Built target npk_sensor__rosidl_typesupport_fastrtps_cpp
[0.944s] [ 41%] Built target npk_sensor__rosidl_typesupport_introspection_cpp
[1.185s] [ 51%] Built target npk_sensor__rosidl_typesupport_fastrtps_c
[1.227s] [ 61%] Built target npk_sensor__rosidl_typesupport_introspection_c
[1.518s] [ 70%] Built target npk_sensor__rosidl_typesupport_c
[1.834s] [ 70%] Built target npk_sensor
[2.161s] [ 74%] Built target npk_sensor__py
[2.434s] [ 80%] Built target npk_sensor__rosidl_generator_py
[2.675s] running egg_info
[2.701s] writing npk_sensor.egg-info/PKG-INFO
[2.702s] writing dependency_links to npk_sensor.egg-info/dependency_links.txt
[2.705s] writing top-level names to npk_sensor.egg-info/top_level.txt
[2.711s] [ 87%] Built target npk_sensor__rosidl_typesupport_introspection_c__pyext
[2.728s] [ 93%] Built target npk_sensor__rosidl_typesupport_fastrtps_c__pyext
[2.730s] reading manifest file 'npk_sensor.egg-info/SOURCES.txt'
[2.746s] writing manifest file 'npk_sensor.egg-info/SOURCES.txt'
[2.895s] [100%] Built target npk_sensor__rosidl_typesupport_c__pyext
[3.002s] [100%] Built target ament_cmake_python_build_npk_sensor_egg
[3.354s] running egg_info
[3.358s] writing src.egg-info/PKG-INFO
[3.360s] writing dependency_links to src.egg-info/dependency_links.txt
[3.363s] writing top-level names to src.egg-info/top_level.txt
[3.373s] reading manifest file 'src.egg-info/SOURCES.txt'
[3.376s] writing manifest file 'src.egg-info/SOURCES.txt'
[3.553s] [100%] Built target ament_cmake_python_build_src_egg
[3.622s] Invoked command in '/home/pi/Legacy/URC-2026/embedded_ros2_ws/build/npk_sensor' returned '0': CMAKE_PREFIX_PATH=${CMAKE_PREFIX_PATH}:/home/pi/Legacy/URC-2026/embedded_ros2_ws/install/blender_motor:/home/pi/Legacy/Testing/ros2_ws/install/rover_motor_command:/home/pi/Legacy/URC-2026/drive_ros2_ws/install/drive_manager:/opt/ros/humble /usr/bin/cmake --build /home/pi/Legacy/URC-2026/embedded_ros2_ws/build/npk_sensor -- -j4 -l4
[3.624s] Invoking command in '/home/pi/Legacy/URC-2026/embedded_ros2_ws/build/npk_sensor': CMAKE_PREFIX_PATH=${CMAKE_PREFIX_PATH}:/home/pi/Legacy/URC-2026/embedded_ros2_ws/install/blender_motor:/home/pi/Legacy/Testing/ros2_ws/install/rover_motor_command:/home/pi/Legacy/URC-2026/drive_ros2_ws/install/drive_manager:/opt/ros/humble /usr/bin/cmake --install /home/pi/Legacy/URC-2026/embedded_ros2_ws/build/npk_sensor
[3.673s] -- Install configuration: ""
[3.674s] -- Up-to-date: /home/pi/Legacy/URC-2026/embedded_ros2_ws/install/npk_sensor/share/ament_index/resource_index/rosidl_interfaces/npk_sensor
[3.675s] -- Up-to-date: /home/pi/Legacy/URC-2026/embedded_ros2_ws/install/npk_sensor/include/npk_sensor/npk_sensor
[3.676s] -- Up-to-date: /home/pi/Legacy/URC-2026/embedded_ros2_ws/install/npk_sensor/include/npk_sensor/npk_sensor/msg
[3.677s] -- Up-to-date: /home/pi/Legacy/URC-2026/embedded_ros2_ws/install/npk_sensor/include/npk_sensor/npk_sensor/msg/rosidl_generator_c__visibility_control.h
[3.678s] -- Up-to-date: /home/pi/Legacy/URC-2026/embedded_ros2_ws/install/npk_sensor/include/npk_sensor/npk_sensor/srv
[3.679s] -- Up-to-date: /home/pi/Legacy/URC-2026/embedded_ros2_ws/install/npk_sensor/include/npk_sensor/npk_sensor/srv/detail
[3.688s] -- Up-to-date: /home/pi/Legacy/URC-2026/embedded_ros2_ws/install/npk_sensor/include/npk_sensor/npk_sensor/srv/detail/get_soil_data__struct.h
[3.689s] -- Up-to-date: /home/pi/Legacy/URC-2026/embedded_ros2_ws/install/npk_sensor/include/npk_sensor/npk_sensor/srv/detail/get_soil_data__functions.c
[3.690s] -- Up-to-date: /home/pi/Legacy/URC-2026/embedded_ros2_ws/install/npk_sensor/include/npk_sensor/npk_sensor/srv/detail/get_soil_data__functions.h
[3.690s] -- Up-to-date: /home/pi/Legacy/URC-2026/embedded_ros2_ws/install/npk_sensor/include/npk_sensor/npk_sensor/srv/detail/get_soil_data__type_support.h
[3.691s] -- Up-to-date: /home/pi/Legacy/URC-2026/embedded_ros2_ws/install/npk_sensor/include/npk_sensor/npk_sensor/srv/get_soil_data.h
[3.691s] -- Up-to-date: /home/pi/Legacy/URC-2026/embedded_ros2_ws/install/npk_sensor/share/npk_sensor/environment/library_path.sh
[3.692s] -- Up-to-date: /home/pi/Legacy/URC-2026/embedded_ros2_ws/install/npk_sensor/share/npk_sensor/environment/library_path.dsv
[3.692s] -- Up-to-date: /home/pi/Legacy/URC-2026/embedded_ros2_ws/install/npk_sensor/lib/libnpk_sensor__rosidl_generator_c.so
[3.693s] -- Up-to-date: /home/pi/Legacy/URC-2026/embedded_ros2_ws/install/npk_sensor/include/npk_sensor/npk_sensor
[3.693s] -- Up-to-date: /home/pi/Legacy/URC-2026/embedded_ros2_ws/install/npk_sensor/include/npk_sensor/npk_sensor/msg
[3.694s] -- Up-to-date: /home/pi/Legacy/URC-2026/embedded_ros2_ws/install/npk_sensor/include/npk_sensor/npk_sensor/msg/rosidl_typesupport_fastrtps_c__visibility_control.h
[3.695s] -- Up-to-date: /home/pi/Legacy/URC-2026/embedded_ros2_ws/install/npk_sensor/include/npk_sensor/npk_sensor/srv
[3.695s] -- Up-to-date: /home/pi/Legacy/URC-2026/embedded_ros2_ws/install/npk_sensor/include/npk_sensor/npk_sensor/srv/detail
[3.704s] -- Up-to-date: /home/pi/Legacy/URC-2026/embedded_ros2_ws/install/npk_sensor/include/npk_sensor/npk_sensor/srv/detail/get_soil_data__rosidl_typesupport_fastrtps_c.h
[3.705s] -- Up-to-date: /home/pi/Legacy/URC-2026/embedded_ros2_ws/install/npk_sensor/lib/libnpk_sensor__rosidl_typesupport_fastrtps_c.so
[3.706s] -- Up-to-date: /home/pi/Legacy/URC-2026/embedded_ros2_ws/install/npk_sensor/include/npk_sensor/npk_sensor
[3.707s] -- Up-to-date: /home/pi/Legacy/URC-2026/embedded_ros2_ws/install/npk_sensor/include/npk_sensor/npk_sensor/msg
[3.708s] -- Up-to-date: /home/pi/Legacy/URC-2026/embedded_ros2_ws/install/npk_sensor/include/npk_sensor/npk_sensor/msg/rosidl_typesupport_introspection_c__visibility_control.h
[3.708s] -- Up-to-date: /home/pi/Legacy/URC-2026/embedded_ros2_ws/install/npk_sensor/include/npk_sensor/npk_sensor/srv
[3.709s] -- Up-to-date: /home/pi/Legacy/URC-2026/embedded_ros2_ws/install/npk_sensor/include/npk_sensor/npk_sensor/srv/detail
[3.709s] -- Up-to-date: /home/pi/Legacy/URC-2026/embedded_ros2_ws/install/npk_sensor/include/npk_sensor/npk_sensor/srv/detail/get_soil_data__type_support.c
[3.710s] -- Up-to-date: /home/pi/Legacy/URC-2026/embedded_ros2_ws/install/npk_sensor/include/npk_sensor/npk_sensor/srv/detail/get_soil_data__rosidl_typesupport_introspection_c.h
[3.711s] -- Up-to-date: /home/pi/Legacy/URC-2026/embedded_ros2_ws/install/npk_sensor/lib/libnpk_sensor__rosidl_typesupport_introspection_c.so
[3.712s] -- Up-to-date: /home/pi/Legacy/URC-2026/embedded_ros2_ws/install/npk_sensor/lib/libnpk_sensor__rosidl_typesupport_c.so
[3.720s] -- Up-to-date: /home/pi/Legacy/URC-2026/embedded_ros2_ws/install/npk_sensor/include/npk_sensor/npk_sensor
[3.721s] -- Up-to-date: /home/pi/Legacy/URC-2026/embedded_ros2_ws/install/npk_sensor/include/npk_sensor/npk_sensor/msg
[3.722s] -- Up-to-date: /home/pi/Legacy/URC-2026/embedded_ros2_ws/install/npk_sensor/include/npk_sensor/npk_sensor/msg/rosidl_generator_cpp__visibility_control.hpp
[3.723s] -- Up-to-date: /home/pi/Legacy/URC-2026/embedded_ros2_ws/install/npk_sensor/include/npk_sensor/npk_sensor/srv
[3.723s] -- Up-to-date: /home/pi/Legacy/URC-2026/embedded_ros2_ws/install/npk_sensor/include/npk_sensor/npk_sensor/srv/get_soil_data.hpp
[3.724s] -- Up-to-date: /home/pi/Legacy/URC-2026/embedded_ros2_ws/install/npk_sensor/include/npk_sensor/npk_sensor/srv/detail
[3.725s] -- Up-to-date: /home/pi/Legacy/URC-2026/embedded_ros2_ws/install/npk_sensor/include/npk_sensor/npk_sensor/srv/detail/get_soil_data__traits.hpp
[3.725s] -- Up-to-date: /home/pi/Legacy/URC-2026/embedded_ros2_ws/install/npk_sensor/include/npk_sensor/npk_sensor/srv/detail/get_soil_data__type_support.hpp
[3.726s] -- Up-to-date: /home/pi/Legacy/URC-2026/embedded_ros2_ws/install/npk_sensor/include/npk_sensor/npk_sensor/srv/detail/get_soil_data__builder.hpp
[3.726s] -- Up-to-date: /home/pi/Legacy/URC-2026/embedded_ros2_ws/install/npk_sensor/include/npk_sensor/npk_sensor/srv/detail/get_soil_data__struct.hpp
[3.727s] -- Up-to-date: /home/pi/Legacy/URC-2026/embedded_ros2_ws/install/npk_sensor/include/npk_sensor/npk_sensor
[3.727s] -- Up-to-date: /home/pi/Legacy/URC-2026/embedded_ros2_ws/install/npk_sensor/include/npk_sensor/npk_sensor/msg
[3.736s] -- Up-to-date: /home/pi/Legacy/URC-2026/embedded_ros2_ws/install/npk_sensor/include/npk_sensor/npk_sensor/msg/rosidl_typesupport_fastrtps_cpp__visibility_control.h
[3.737s] -- Up-to-date: /home/pi/Legacy/URC-2026/embedded_ros2_ws/install/npk_sensor/include/npk_sensor/npk_sensor/srv
[3.737s] -- Up-to-date: /home/pi/Legacy/URC-2026/embedded_ros2_ws/install/npk_sensor/include/npk_sensor/npk_sensor/srv/detail
[3.738s] -- Up-to-date: /home/pi/Legacy/URC-2026/embedded_ros2_ws/install/npk_sensor/include/npk_sensor/npk_sensor/srv/detail/dds_fastrtps
[3.738s] -- Up-to-date: /home/pi/Legacy/URC-2026/embedded_ros2_ws/install/npk_sensor/include/npk_sensor/npk_sensor/srv/detail/get_soil_data__rosidl_typesupport_fastrtps_cpp.hpp
[3.739s] -- Up-to-date: /home/pi/Legacy/URC-2026/embedded_ros2_ws/install/npk_sensor/lib/libnpk_sensor__rosidl_typesupport_fastrtps_cpp.so
[3.739s] -- Up-to-date: /home/pi/Legacy/URC-2026/embedded_ros2_ws/install/npk_sensor/include/npk_sensor/npk_sensor
[3.740s] -- Up-to-date: /home/pi/Legacy/URC-2026/embedded_ros2_ws/install/npk_sensor/include/npk_sensor/npk_sensor/srv
[3.741s] -- Up-to-date: /home/pi/Legacy/URC-2026/embedded_ros2_ws/install/npk_sensor/include/npk_sensor/npk_sensor/srv/detail
[3.741s] -- Up-to-date: /home/pi/Legacy/URC-2026/embedded_ros2_ws/install/npk_sensor/include/npk_sensor/npk_sensor/srv/detail/get_soil_data__rosidl_typesupport_introspection_cpp.hpp
[3.742s] -- Up-to-date: /home/pi/Legacy/URC-2026/embedded_ros2_ws/install/npk_sensor/include/npk_sensor/npk_sensor/srv/detail/get_soil_data__type_support.cpp
[3.743s] -- Up-to-date: /home/pi/Legacy/URC-2026/embedded_ros2_ws/install/npk_sensor/lib/libnpk_sensor__rosidl_typesupport_introspection_cpp.so
[3.751s] -- Up-to-date: /home/pi/Legacy/URC-2026/embedded_ros2_ws/install/npk_sensor/lib/libnpk_sensor__rosidl_typesupport_cpp.so
[3.752s] -- Up-to-date: /home/pi/Legacy/URC-2026/embedded_ros2_ws/install/npk_sensor/share/npk_sensor/environment/pythonpath.sh
[3.753s] -- Up-to-date: /home/pi/Legacy/URC-2026/embedded_ros2_ws/install/npk_sensor/share/npk_sensor/environment/pythonpath.dsv
[3.753s] -- Up-to-date: /home/pi/Legacy/URC-2026/embedded_ros2_ws/install/npk_sensor/local/lib/python3.10/dist-packages/npk_sensor-0.0.0-py3.10.egg-info
[3.754s] -- Installing: /home/pi/Legacy/URC-2026/embedded_ros2_ws/install/npk_sensor/local/lib/python3.10/dist-packages/npk_sensor-0.0.0-py3.10.egg-info/PKG-INFO
[3.755s] -- Installing: /home/pi/Legacy/URC-2026/embedded_ros2_ws/install/npk_sensor/local/lib/python3.10/dist-packages/npk_sensor-0.0.0-py3.10.egg-info/top_level.txt
[3.755s] -- Installing: /home/pi/Legacy/URC-2026/embedded_ros2_ws/install/npk_sensor/local/lib/python3.10/dist-packages/npk_sensor-0.0.0-py3.10.egg-info/SOURCES.txt
[3.756s] -- Installing: /home/pi/Legacy/URC-2026/embedded_ros2_ws/install/npk_sensor/local/lib/python3.10/dist-packages/npk_sensor-0.0.0-py3.10.egg-info/dependency_links.txt
[3.757s] -- Up-to-date: /home/pi/Legacy/URC-2026/embedded_ros2_ws/install/npk_sensor/local/lib/python3.10/dist-packages/npk_sensor
[3.759s] -- Up-to-date: /home/pi/Legacy/URC-2026/embedded_ros2_ws/install/npk_sensor/local/lib/python3.10/dist-packages/npk_sensor/_npk_sensor_s.ep.rosidl_typesupport_c.c
[3.760s] -- Up-to-date: /home/pi/Legacy/URC-2026/embedded_ros2_ws/install/npk_sensor/local/lib/python3.10/dist-packages/npk_sensor/__init__.py
[3.761s] -- Up-to-date: /home/pi/Legacy/URC-2026/embedded_ros2_ws/install/npk_sensor/local/lib/python3.10/dist-packages/npk_sensor/_npk_sensor_s.ep.rosidl_typesupport_fastrtps_c.c
[3.762s] -- Up-to-date: /home/pi/Legacy/URC-2026/embedded_ros2_ws/install/npk_sensor/local/lib/python3.10/dist-packages/npk_sensor/npk_sensor_s__rosidl_typesupport_introspection_c.cpython-310-aarch64-linux-gnu.so
[3.763s] -- Up-to-date: /home/pi/Legacy/URC-2026/embedded_ros2_ws/install/npk_sensor/local/lib/python3.10/dist-packages/npk_sensor/_npk_sensor_s.ep.rosidl_typesupport_introspection_c.c
[3.763s] -- Up-to-date: /home/pi/Legacy/URC-2026/embedded_ros2_ws/install/npk_sensor/local/lib/python3.10/dist-packages/npk_sensor/npk_sensor_s__rosidl_typesupport_fastrtps_c.cpython-310-aarch64-linux-gnu.so
[3.764s] -- Up-to-date: /home/pi/Legacy/URC-2026/embedded_ros2_ws/install/npk_sensor/local/lib/python3.10/dist-packages/npk_sensor/libnpk_sensor__rosidl_generator_py.so
[3.765s] -- Up-to-date: /home/pi/Legacy/URC-2026/embedded_ros2_ws/install/npk_sensor/local/lib/python3.10/dist-packages/npk_sensor/npk_sensor_s__rosidl_typesupport_c.cpython-310-aarch64-linux-gnu.so
[3.765s] -- Up-to-date: /home/pi/Legacy/URC-2026/embedded_ros2_ws/install/npk_sensor/local/lib/python3.10/dist-packages/npk_sensor/srv
[3.766s] -- Up-to-date: /home/pi/Legacy/URC-2026/embedded_ros2_ws/install/npk_sensor/local/lib/python3.10/dist-packages/npk_sensor/srv/_get_soil_data.py
[3.766s] -- Up-to-date: /home/pi/Legacy/URC-2026/embedded_ros2_ws/install/npk_sensor/local/lib/python3.10/dist-packages/npk_sensor/srv/_get_soil_data_s.c
[3.767s] -- Up-to-date: /home/pi/Legacy/URC-2026/embedded_ros2_ws/install/npk_sensor/local/lib/python3.10/dist-packages/npk_sensor/srv/__init__.py
[4.011s] Listing '/home/pi/Legacy/URC-2026/embedded_ros2_ws/install/npk_sensor/local/lib/python3.10/dist-packages/npk_sensor'...
[4.013s] Listing '/home/pi/Legacy/URC-2026/embedded_ros2_ws/install/npk_sensor/local/lib/python3.10/dist-packages/npk_sensor/srv'...
[4.056s] -- Up-to-date: /home/pi/Legacy/URC-2026/embedded_ros2_ws/install/npk_sensor/local/lib/python3.10/dist-packages/npk_sensor/npk_sensor_s__rosidl_typesupport_fastrtps_c.cpython-310-aarch64-linux-gnu.so
[4.061s] -- Up-to-date: /home/pi/Legacy/URC-2026/embedded_ros2_ws/install/npk_sensor/local/lib/python3.10/dist-packages/npk_sensor/npk_sensor_s__rosidl_typesupport_introspection_c.cpython-310-aarch64-linux-gnu.so
[4.062s] -- Up-to-date: /home/pi/Legacy/URC-2026/embedded_ros2_ws/install/npk_sensor/local/lib/python3.10/dist-packages/npk_sensor/npk_sensor_s__rosidl_typesupport_c.cpython-310-aarch64-linux-gnu.so
[4.065s] -- Up-to-date: /home/pi/Legacy/URC-2026/embedded_ros2_ws/install/npk_sensor/lib/libnpk_sensor__rosidl_generator_py.so
[4.067s] -- Up-to-date: /home/pi/Legacy/URC-2026/embedded_ros2_ws/install/npk_sensor/share/npk_sensor/srv/GetSoilData.idl
[4.068s] -- Up-to-date: /home/pi/Legacy/URC-2026/embedded_ros2_ws/install/npk_sensor/share/npk_sensor/srv/GetSoilData.srv
[4.069s] -- Up-to-date: /home/pi/Legacy/URC-2026/embedded_ros2_ws/install/npk_sensor/share/npk_sensor/srv/GetSoilData_Request.msg
[4.070s] -- Up-to-date: /home/pi/Legacy/URC-2026/embedded_ros2_ws/install/npk_sensor/share/npk_sensor/srv/GetSoilData_Response.msg
[4.070s] -- Up-to-date: /home/pi/Legacy/URC-2026/embedded_ros2_ws/install/npk_sensor/local/lib/python3.10/dist-packages/src-0.0.0-py3.10.egg-info
[4.071s] -- Installing: /home/pi/Legacy/URC-2026/embedded_ros2_ws/install/npk_sensor/local/lib/python3.10/dist-packages/src-0.0.0-py3.10.egg-info/PKG-INFO
[4.071s] -- Installing: /home/pi/Legacy/URC-2026/embedded_ros2_ws/install/npk_sensor/local/lib/python3.10/dist-packages/src-0.0.0-py3.10.egg-info/top_level.txt
[4.073s] -- Installing: /home/pi/Legacy/URC-2026/embedded_ros2_ws/install/npk_sensor/local/lib/python3.10/dist-packages/src-0.0.0-py3.10.egg-info/SOURCES.txt
[4.074s] -- Installing: /home/pi/Legacy/URC-2026/embedded_ros2_ws/install/npk_sensor/local/lib/python3.10/dist-packages/src-0.0.0-py3.10.egg-info/dependency_links.txt
[4.076s] -- Up-to-date: /home/pi/Legacy/URC-2026/embedded_ros2_ws/install/npk_sensor/local/lib/python3.10/dist-packages/src
[4.077s] -- Up-to-date: /home/pi/Legacy/URC-2026/embedded_ros2_ws/install/npk_sensor/local/lib/python3.10/dist-packages/src/__init__.py
[4.077s] -- Up-to-date: /home/pi/Legacy/URC-2026/embedded_ros2_ws/install/npk_sensor/local/lib/python3.10/dist-packages/src/npk_sensor_node.py
[4.322s] Listing '/home/pi/Legacy/URC-2026/embedded_ros2_ws/install/npk_sensor/local/lib/python3.10/dist-packages/src'...
[4.368s] -- Up-to-date: /home/pi/Legacy/URC-2026/embedded_ros2_ws/install/npk_sensor/lib/npk_sensor/npk_node
[4.369s] -- Up-to-date: /home/pi/Legacy/URC-2026/embedded_ros2_ws/install/npk_sensor/share/npk_sensor/launch
[4.370s] -- Up-to-date: /home/pi/Legacy/URC-2026/embedded_ros2_ws/install/npk_sensor/share/npk_sensor/launch/example_launch.yaml
[4.371s] -- Up-to-date: /home/pi/Legacy/URC-2026/embedded_ros2_ws/install/npk_sensor/share/ament_index/resource_index/package_run_dependencies/npk_sensor
[4.371s] -- Up-to-date: /home/pi/Legacy/URC-2026/embedded_ros2_ws/install/npk_sensor/share/ament_index/resource_index/parent_prefix_path/npk_sensor
[4.372s] -- Up-to-date: /home/pi/Legacy/URC-2026/embedded_ros2_ws/install/npk_sensor/share/npk_sensor/environment/ament_prefix_path.sh
[4.373s] -- Up-to-date: /home/pi/Legacy/URC-2026/embedded_ros2_ws/install/npk_sensor/share/npk_sensor/environment/ament_prefix_path.dsv
[4.373s] -- Up-to-date: /home/pi/Legacy/URC-2026/embedded_ros2_ws/install/npk_sensor/share/npk_sensor/environment/path.sh
[4.374s] -- Up-to-date: /home/pi/Legacy/URC-2026/embedded_ros2_ws/install/npk_sensor/share/npk_sensor/environment/path.dsv
[4.375s] -- Up-to-date: /home/pi/Legacy/URC-2026/embedded_ros2_ws/install/npk_sensor/share/npk_sensor/local_setup.bash
[4.384s] -- Up-to-date: /home/pi/Legacy/URC-2026/embedded_ros2_ws/install/npk_sensor/share/npk_sensor/local_setup.sh
[4.385s] -- Up-to-date: /home/pi/Legacy/URC-2026/embedded_ros2_ws/install/npk_sensor/share/npk_sensor/local_setup.zsh
[4.385s] -- Up-to-date: /home/pi/Legacy/URC-2026/embedded_ros2_ws/install/npk_sensor/share/npk_sensor/local_setup.dsv
[4.386s] -- Installing: /home/pi/Legacy/URC-2026/embedded_ros2_ws/install/npk_sensor/share/npk_sensor/package.dsv
[4.386s] -- Up-to-date: /home/pi/Legacy/URC-2026/embedded_ros2_ws/install/npk_sensor/share/ament_index/resource_index/packages/npk_sensor
[4.387s] -- Up-to-date: /home/pi/Legacy/URC-2026/embedded_ros2_ws/install/npk_sensor/share/npk_sensor/cmake/export_npk_sensor__rosidl_generator_cExport.cmake
[4.387s] -- Up-to-date: /home/pi/Legacy/URC-2026/embedded_ros2_ws/install/npk_sensor/share/npk_sensor/cmake/export_npk_sensor__rosidl_generator_cExport-noconfig.cmake
[4.388s] -- Up-to-date: /home/pi/Legacy/URC-2026/embedded_ros2_ws/install/npk_sensor/share/npk_sensor/cmake/export_npk_sensor__rosidl_typesupport_fastrtps_cExport.cmake
[4.389s] -- Up-to-date: /home/pi/Legacy/URC-2026/embedded_ros2_ws/install/npk_sensor/share/npk_sensor/cmake/export_npk_sensor__rosidl_typesupport_fastrtps_cExport-noconfig.cmake
[4.390s] -- Up-to-date: /home/pi/Legacy/URC-2026/embedded_ros2_ws/install/npk_sensor/share/npk_sensor/cmake/npk_sensor__rosidl_typesupport_introspection_cExport.cmake
[4.392s] -- Up-to-date: /home/pi/Legacy/URC-2026/embedded_ros2_ws/install/npk_sensor/share/npk_sensor/cmake/npk_sensor__rosidl_typesupport_introspection_cExport-noconfig.cmake
[4.394s] -- Up-to-date: /home/pi/Legacy/URC-2026/embedded_ros2_ws/install/npk_sensor/share/npk_sensor/cmake/npk_sensor__rosidl_typesupport_cExport.cmake
[4.396s] -- Up-to-date: /home/pi/Legacy/URC-2026/embedded_ros2_ws/install/npk_sensor/share/npk_sensor/cmake/npk_sensor__rosidl_typesupport_cExport-noconfig.cmake
[4.398s] -- Up-to-date: /home/pi/Legacy/URC-2026/embedded_ros2_ws/install/npk_sensor/share/npk_sensor/cmake/export_npk_sensor__rosidl_generator_cppExport.cmake
[4.401s] -- Up-to-date: /home/pi/Legacy/URC-2026/embedded_ros2_ws/install/npk_sensor/share/npk_sensor/cmake/export_npk_sensor__rosidl_typesupport_fastrtps_cppExport.cmake
[4.402s] -- Up-to-date: /home/pi/Legacy/URC-2026/embedded_ros2_ws/install/npk_sensor/share/npk_sensor/cmake/export_npk_sensor__rosidl_typesupport_fastrtps_cppExport-noconfig.cmake
[4.405s] -- Up-to-date: /home/pi/Legacy/URC-2026/embedded_ros2_ws/install/npk_sensor/share/npk_sensor/cmake/npk_sensor__rosidl_typesupport_introspection_cppExport.cmake
[4.407s] -- Up-to-date: /home/pi/Legacy/URC-2026/embedded_ros2_ws/install/npk_sensor/share/npk_sensor/cmake/npk_sensor__rosidl_typesupport_introspection_cppExport-noconfig.cmake
[4.410s] -- Up-to-date: /home/pi/Legacy/URC-2026/embedded_ros2_ws/install/npk_sensor/share/npk_sensor/cmake/npk_sensor__rosidl_typesupport_cppExport.cmake
[4.414s] -- Up-to-date: /home/pi/Legacy/URC-2026/embedded_ros2_ws/install/npk_sensor/share/npk_sensor/cmake/npk_sensor__rosidl_typesupport_cppExport-noconfig.cmake
[4.416s] -- Up-to-date: /home/pi/Legacy/URC-2026/embedded_ros2_ws/install/npk_sensor/share/npk_sensor/cmake/export_npk_sensor__rosidl_generator_pyExport.cmake
[4.418s] -- Up-to-date: /home/pi/Legacy/URC-2026/embedded_ros2_ws/install/npk_sensor/share/npk_sensor/cmake/export_npk_sensor__rosidl_generator_pyExport-noconfig.cmake
[4.419s] -- Up-to-date: /home/pi/Legacy/URC-2026/embedded_ros2_ws/install/npk_sensor/share/npk_sensor/cmake/rosidl_cmake-extras.cmake
[4.421s] -- Up-to-date: /home/pi/Legacy/URC-2026/embedded_ros2_ws/install/npk_sensor/share/npk_sensor/cmake/ament_cmake_export_include_directories-extras.cmake
[4.423s] -- Up-to-date: /home/pi/Legacy/URC-2026/embedded_ros2_ws/install/npk_sensor/share/npk_sensor/cmake/ament_cmake_export_libraries-extras.cmake
[4.425s] -- Up-to-date: /home/pi/Legacy/URC-2026/embedded_ros2_ws/install/npk_sensor/share/npk_sensor/cmake/ament_cmake_export_targets-extras.cmake
[4.426s] -- Up-to-date: /home/pi/Legacy/URC-2026/embedded_ros2_ws/install/npk_sensor/share/npk_sensor/cmake/rosidl_cmake_export_typesupport_targets-extras.cmake
[4.428s] -- Up-to-date: /home/pi/Legacy/URC-2026/embedded_ros2_ws/install/npk_sensor/share/npk_sensor/cmake/ament_cmake_export_dependencies-extras.cmake
[4.430s] -- Up-to-date: /home/pi/Legacy/URC-2026/embedded_ros2_ws/install/npk_sensor/share/npk_sensor/cmake/rosidl_cmake_export_typesupport_libraries-extras.cmake
[4.431s] -- Up-to-date: /home/pi/Legacy/URC-2026/embedded_ros2_ws/install/npk_sensor/share/npk_sensor/cmake/npk_sensorConfig.cmake
[4.433s] -- Up-to-date: /home/pi/Legacy/URC-2026/embedded_ros2_ws/install/npk_sensor/share/npk_sensor/cmake/npk_sensorConfig-version.cmake
[4.434s] -- Up-to-date: /home/pi/Legacy/URC-2026/embedded_ros2_ws/install/npk_sensor/share/npk_sensor/package.xml
[4.451s] Invoked command in '/home/pi/Legacy/URC-2026/embedded_ros2_ws/build/npk_sensor' returned '0': CMAKE_PREFIX_PATH=${CMAKE_PREFIX_PATH}:/home/pi/Legacy/URC-2026/embedded_ros2_ws/install/blender_motor:/home/pi/Legacy/Testing/ros2_ws/install/rover_motor_command:/home/pi/Legacy/URC-2026/drive_ros2_ws/install/drive_manager:/opt/ros/humble /usr/bin/cmake --install /home/pi/Legacy/URC-2026/embedded_ros2_ws/build/npk_sensor
