[0.052s] Invoking command in '/home/pi/Legacy/URC-2026/embedded_ros2_ws/build/yellowjacket_can': CMAKE_PREFIX_PATH=${CMAKE_PREFIX_PATH}:/home/pi/Legacy/URC-2026/embedded_ros2_ws/install/blender_motor:/home/pi/Legacy/Testing/ros2_ws/install/rover_motor_command:/home/pi/Legacy/URC-2026/drive_ros2_ws/install/drive_manager:/opt/ros/humble /usr/bin/cmake --build /home/pi/Legacy/URC-2026/embedded_ros2_ws/build/yellowjacket_can -- -j4 -l4
[0.426s] [35m[1mConsolidate compiler generated dependencies of target yellowjacket_can__rosidl_generator_c[0m
[0.461s] [  1%] Built target yellowjacket_can__cpp
[0.569s] [35m[1mConsolidate compiler generated dependencies of target yellowjacket_can__rosidl_typesupport_cpp[0m
[0.609s] [35m[1mConsolidate compiler generated dependencies of target yellowjacket_can__rosidl_typesupport_fastrtps_cpp[0m
[0.610s] [ 11%] Built target yellowjacket_can__rosidl_generator_c
[0.627s] [ 11%] Built target ament_cmake_python_copy_yellowjacket_can
[0.717s] [ 21%] Built target yellowjacket_can__rosidl_typesupport_cpp
[0.748s] [35m[1mConsolidate compiler generated dependencies of target yellowjacket_can__rosidl_typesupport_introspection_cpp[0m
[0.748s] [35m[1mConsolidate compiler generated dependencies of target yellowjacket_can__rosidl_typesupport_fastrtps_c[0m
[0.782s] [ 31%] Built target yellowjacket_can__rosidl_typesupport_fastrtps_cpp
[0.848s] [35m[1mConsolidate compiler generated dependencies of target yellowjacket_can__rosidl_typesupport_introspection_c[0m
[0.888s] [35m[1mConsolidate compiler generated dependencies of target yellowjacket_can__rosidl_typesupport_c[0m
[0.933s] [ 41%] Built target yellowjacket_can__rosidl_typesupport_fastrtps_c
[0.984s] [ 51%] Built target yellowjacket_can__rosidl_typesupport_introspection_c
[1.002s] [ 61%] Built target yellowjacket_can__rosidl_typesupport_introspection_cpp
[1.053s] [ 71%] Built target yellowjacket_can__rosidl_typesupport_c
[1.063s] [35m[1mConsolidate compiler generated dependencies of target yellowjacket_can_node[0m
[1.331s] [ 80%] Built target yellowjacket_can_node
[1.341s] [ 80%] Built target yellowjacket_can
[1.547s] [ 81%] Built target yellowjacket_can__py
[1.661s] [35m[1mConsolidate compiler generated dependencies of target yellowjacket_can__rosidl_generator_py[0m
[1.806s] [ 90%] Built target yellowjacket_can__rosidl_generator_py
[1.905s] [35m[1mConsolidate compiler generated dependencies of target yellowjacket_can__rosidl_typesupport_c__pyext[0m
[1.916s] [35m[1mConsolidate compiler generated dependencies of target yellowjacket_can__rosidl_typesupport_introspection_c__pyext[0m
[1.921s] [35m[1mConsolidate compiler generated dependencies of target yellowjacket_can__rosidl_typesupport_fastrtps_c__pyext[0m
[2.084s] [ 93%] Built target yellowjacket_can__rosidl_typesupport_c__pyext
[2.093s] [ 96%] Built target yellowjacket_can__rosidl_typesupport_fastrtps_c__pyext
[2.138s] [100%] Built target yellowjacket_can__rosidl_typesupport_introspection_c__pyext
[3.911s] running egg_info
[3.930s] writing yellowjacket_can.egg-info/PKG-INFO
[3.931s] writing dependency_links to yellowjacket_can.egg-info/dependency_links.txt
[3.933s] writing top-level names to yellowjacket_can.egg-info/top_level.txt
[3.958s] reading manifest file 'yellowjacket_can.egg-info/SOURCES.txt'
[3.962s] writing manifest file 'yellowjacket_can.egg-info/SOURCES.txt'
[4.324s] [100%] Built target ament_cmake_python_build_yellowjacket_can_egg
[4.495s] Invoked command in '/home/pi/Legacy/URC-2026/embedded_ros2_ws/build/yellowjacket_can' returned '0': CMAKE_PREFIX_PATH=${CMAKE_PREFIX_PATH}:/home/pi/Legacy/URC-2026/embedded_ros2_ws/install/blender_motor:/home/pi/Legacy/Testing/ros2_ws/install/rover_motor_command:/home/pi/Legacy/URC-2026/drive_ros2_ws/install/drive_manager:/opt/ros/humble /usr/bin/cmake --build /home/pi/Legacy/URC-2026/embedded_ros2_ws/build/yellowjacket_can -- -j4 -l4
[4.497s] Invoking command in '/home/pi/Legacy/URC-2026/embedded_ros2_ws/build/yellowjacket_can': CMAKE_PREFIX_PATH=${CMAKE_PREFIX_PATH}:/home/pi/Legacy/URC-2026/embedded_ros2_ws/install/blender_motor:/home/pi/Legacy/Testing/ros2_ws/install/rover_motor_command:/home/pi/Legacy/URC-2026/drive_ros2_ws/install/drive_manager:/opt/ros/humble /usr/bin/cmake --install /home/pi/Legacy/URC-2026/embedded_ros2_ws/build/yellowjacket_can
[4.595s] -- Install configuration: ""
[4.597s] -- Up-to-date: /home/pi/Legacy/URC-2026/embedded_ros2_ws/install/yellowjacket_can/share/ament_index/resource_index/rosidl_interfaces/yellowjacket_can
[4.599s] -- Up-to-date: /home/pi/Legacy/URC-2026/embedded_ros2_ws/install/yellowjacket_can/include/yellowjacket_can/yellowjacket_can
[4.600s] -- Up-to-date: /home/pi/Legacy/URC-2026/embedded_ros2_ws/install/yellowjacket_can/include/yellowjacket_can/yellowjacket_can/msg
[4.614s] -- Up-to-date: /home/pi/Legacy/URC-2026/embedded_ros2_ws/install/yellowjacket_can/include/yellowjacket_can/yellowjacket_can/msg/o_drive_status.h
[4.615s] -- Up-to-date: /home/pi/Legacy/URC-2026/embedded_ros2_ws/install/yellowjacket_can/include/yellowjacket_can/yellowjacket_can/msg/controller_status.h
[4.617s] -- Up-to-date: /home/pi/Legacy/URC-2026/embedded_ros2_ws/install/yellowjacket_can/include/yellowjacket_can/yellowjacket_can/msg/control_message.h
[4.618s] -- Up-to-date: /home/pi/Legacy/URC-2026/embedded_ros2_ws/install/yellowjacket_can/include/yellowjacket_can/yellowjacket_can/msg/rosidl_generator_c__visibility_control.h
[4.619s] -- Up-to-date: /home/pi/Legacy/URC-2026/embedded_ros2_ws/install/yellowjacket_can/include/yellowjacket_can/yellowjacket_can/msg/detail
[4.621s] -- Up-to-date: /home/pi/Legacy/URC-2026/embedded_ros2_ws/install/yellowjacket_can/include/yellowjacket_can/yellowjacket_can/msg/detail/control_message__functions.c
[4.623s] -- Up-to-date: /home/pi/Legacy/URC-2026/embedded_ros2_ws/install/yellowjacket_can/include/yellowjacket_can/yellowjacket_can/msg/detail/o_drive_status__functions.c
[4.624s] -- Up-to-date: /home/pi/Legacy/URC-2026/embedded_ros2_ws/install/yellowjacket_can/include/yellowjacket_can/yellowjacket_can/msg/detail/controller_status__functions.c
[4.625s] -- Up-to-date: /home/pi/Legacy/URC-2026/embedded_ros2_ws/install/yellowjacket_can/include/yellowjacket_can/yellowjacket_can/msg/detail/o_drive_status__struct.h
[4.627s] -- Up-to-date: /home/pi/Legacy/URC-2026/embedded_ros2_ws/install/yellowjacket_can/include/yellowjacket_can/yellowjacket_can/msg/detail/o_drive_status__type_support.h
[4.628s] -- Up-to-date: /home/pi/Legacy/URC-2026/embedded_ros2_ws/install/yellowjacket_can/include/yellowjacket_can/yellowjacket_can/msg/detail/controller_status__functions.h
[4.630s] -- Up-to-date: /home/pi/Legacy/URC-2026/embedded_ros2_ws/install/yellowjacket_can/include/yellowjacket_can/yellowjacket_can/msg/detail/o_drive_status__functions.h
[4.631s] -- Up-to-date: /home/pi/Legacy/URC-2026/embedded_ros2_ws/install/yellowjacket_can/include/yellowjacket_can/yellowjacket_can/msg/detail/control_message__struct.h
[4.633s] -- Up-to-date: /home/pi/Legacy/URC-2026/embedded_ros2_ws/install/yellowjacket_can/include/yellowjacket_can/yellowjacket_can/msg/detail/control_message__type_support.h
[4.634s] -- Up-to-date: /home/pi/Legacy/URC-2026/embedded_ros2_ws/install/yellowjacket_can/include/yellowjacket_can/yellowjacket_can/msg/detail/controller_status__type_support.h
[4.636s] -- Up-to-date: /home/pi/Legacy/URC-2026/embedded_ros2_ws/install/yellowjacket_can/include/yellowjacket_can/yellowjacket_can/msg/detail/control_message__functions.h
[4.637s] -- Up-to-date: /home/pi/Legacy/URC-2026/embedded_ros2_ws/install/yellowjacket_can/include/yellowjacket_can/yellowjacket_can/msg/detail/controller_status__struct.h
[4.638s] -- Up-to-date: /home/pi/Legacy/URC-2026/embedded_ros2_ws/install/yellowjacket_can/include/yellowjacket_can/yellowjacket_can/srv
[4.640s] -- Up-to-date: /home/pi/Legacy/URC-2026/embedded_ros2_ws/install/yellowjacket_can/include/yellowjacket_can/yellowjacket_can/srv/axis_state.h
[4.641s] -- Up-to-date: /home/pi/Legacy/URC-2026/embedded_ros2_ws/install/yellowjacket_can/include/yellowjacket_can/yellowjacket_can/srv/detail
[4.642s] -- Up-to-date: /home/pi/Legacy/URC-2026/embedded_ros2_ws/install/yellowjacket_can/include/yellowjacket_can/yellowjacket_can/srv/detail/axis_state__struct.h
[4.644s] -- Up-to-date: /home/pi/Legacy/URC-2026/embedded_ros2_ws/install/yellowjacket_can/include/yellowjacket_can/yellowjacket_can/srv/detail/axis_state__functions.h
[4.645s] -- Up-to-date: /home/pi/Legacy/URC-2026/embedded_ros2_ws/install/yellowjacket_can/include/yellowjacket_can/yellowjacket_can/srv/detail/axis_state__type_support.h
[4.658s] -- Up-to-date: /home/pi/Legacy/URC-2026/embedded_ros2_ws/install/yellowjacket_can/include/yellowjacket_can/yellowjacket_can/srv/detail/axis_state__functions.c
[4.660s] -- Up-to-date: /home/pi/Legacy/URC-2026/embedded_ros2_ws/install/yellowjacket_can/share/yellowjacket_can/environment/library_path.sh
[4.661s] -- Up-to-date: /home/pi/Legacy/URC-2026/embedded_ros2_ws/install/yellowjacket_can/share/yellowjacket_can/environment/library_path.dsv
[4.664s] -- Up-to-date: /home/pi/Legacy/URC-2026/embedded_ros2_ws/install/yellowjacket_can/lib/libyellowjacket_can__rosidl_generator_c.so
[4.667s] -- Up-to-date: /home/pi/Legacy/URC-2026/embedded_ros2_ws/install/yellowjacket_can/include/yellowjacket_can/yellowjacket_can
[4.668s] -- Up-to-date: /home/pi/Legacy/URC-2026/embedded_ros2_ws/install/yellowjacket_can/include/yellowjacket_can/yellowjacket_can/msg
[4.670s] -- Up-to-date: /home/pi/Legacy/URC-2026/embedded_ros2_ws/install/yellowjacket_can/include/yellowjacket_can/yellowjacket_can/msg/rosidl_typesupport_fastrtps_c__visibility_control.h
[4.671s] -- Up-to-date: /home/pi/Legacy/URC-2026/embedded_ros2_ws/install/yellowjacket_can/include/yellowjacket_can/yellowjacket_can/msg/detail
[4.673s] -- Up-to-date: /home/pi/Legacy/URC-2026/embedded_ros2_ws/install/yellowjacket_can/include/yellowjacket_can/yellowjacket_can/msg/detail/controller_status__rosidl_typesupport_fastrtps_c.h
[4.674s] -- Up-to-date: /home/pi/Legacy/URC-2026/embedded_ros2_ws/install/yellowjacket_can/include/yellowjacket_can/yellowjacket_can/msg/detail/control_message__rosidl_typesupport_fastrtps_c.h
[4.677s] -- Up-to-date: /home/pi/Legacy/URC-2026/embedded_ros2_ws/install/yellowjacket_can/include/yellowjacket_can/yellowjacket_can/msg/detail/o_drive_status__rosidl_typesupport_fastrtps_c.h
[4.678s] -- Up-to-date: /home/pi/Legacy/URC-2026/embedded_ros2_ws/install/yellowjacket_can/include/yellowjacket_can/yellowjacket_can/srv
[4.680s] -- Up-to-date: /home/pi/Legacy/URC-2026/embedded_ros2_ws/install/yellowjacket_can/include/yellowjacket_can/yellowjacket_can/srv/detail
[4.681s] -- Up-to-date: /home/pi/Legacy/URC-2026/embedded_ros2_ws/install/yellowjacket_can/include/yellowjacket_can/yellowjacket_can/srv/detail/axis_state__rosidl_typesupport_fastrtps_c.h
[4.684s] -- Up-to-date: /home/pi/Legacy/URC-2026/embedded_ros2_ws/install/yellowjacket_can/lib/libyellowjacket_can__rosidl_typesupport_fastrtps_c.so
[4.699s] -- Up-to-date: /home/pi/Legacy/URC-2026/embedded_ros2_ws/install/yellowjacket_can/include/yellowjacket_can/yellowjacket_can
[4.700s] -- Up-to-date: /home/pi/Legacy/URC-2026/embedded_ros2_ws/install/yellowjacket_can/include/yellowjacket_can/yellowjacket_can/msg
[4.702s] -- Up-to-date: /home/pi/Legacy/URC-2026/embedded_ros2_ws/install/yellowjacket_can/include/yellowjacket_can/yellowjacket_can/msg/controller_status.hpp
[4.703s] -- Up-to-date: /home/pi/Legacy/URC-2026/embedded_ros2_ws/install/yellowjacket_can/include/yellowjacket_can/yellowjacket_can/msg/control_message.hpp
[4.704s] -- Up-to-date: /home/pi/Legacy/URC-2026/embedded_ros2_ws/install/yellowjacket_can/include/yellowjacket_can/yellowjacket_can/msg/detail
[4.706s] -- Up-to-date: /home/pi/Legacy/URC-2026/embedded_ros2_ws/install/yellowjacket_can/include/yellowjacket_can/yellowjacket_can/msg/detail/controller_status__type_support.hpp
[4.707s] -- Up-to-date: /home/pi/Legacy/URC-2026/embedded_ros2_ws/install/yellowjacket_can/include/yellowjacket_can/yellowjacket_can/msg/detail/control_message__type_support.hpp
[4.709s] -- Up-to-date: /home/pi/Legacy/URC-2026/embedded_ros2_ws/install/yellowjacket_can/include/yellowjacket_can/yellowjacket_can/msg/detail/controller_status__builder.hpp
[4.710s] -- Up-to-date: /home/pi/Legacy/URC-2026/embedded_ros2_ws/install/yellowjacket_can/include/yellowjacket_can/yellowjacket_can/msg/detail/o_drive_status__builder.hpp
[4.712s] -- Up-to-date: /home/pi/Legacy/URC-2026/embedded_ros2_ws/install/yellowjacket_can/include/yellowjacket_can/yellowjacket_can/msg/detail/control_message__traits.hpp
[4.713s] -- Up-to-date: /home/pi/Legacy/URC-2026/embedded_ros2_ws/install/yellowjacket_can/include/yellowjacket_can/yellowjacket_can/msg/detail/o_drive_status__traits.hpp
[4.715s] -- Up-to-date: /home/pi/Legacy/URC-2026/embedded_ros2_ws/install/yellowjacket_can/include/yellowjacket_can/yellowjacket_can/msg/detail/controller_status__traits.hpp
[4.716s] -- Up-to-date: /home/pi/Legacy/URC-2026/embedded_ros2_ws/install/yellowjacket_can/include/yellowjacket_can/yellowjacket_can/msg/detail/o_drive_status__struct.hpp
[4.718s] -- Up-to-date: /home/pi/Legacy/URC-2026/embedded_ros2_ws/install/yellowjacket_can/include/yellowjacket_can/yellowjacket_can/msg/detail/controller_status__struct.hpp
[4.719s] -- Up-to-date: /home/pi/Legacy/URC-2026/embedded_ros2_ws/install/yellowjacket_can/include/yellowjacket_can/yellowjacket_can/msg/detail/control_message__struct.hpp
[4.721s] -- Up-to-date: /home/pi/Legacy/URC-2026/embedded_ros2_ws/install/yellowjacket_can/include/yellowjacket_can/yellowjacket_can/msg/detail/o_drive_status__type_support.hpp
[4.722s] -- Up-to-date: /home/pi/Legacy/URC-2026/embedded_ros2_ws/install/yellowjacket_can/include/yellowjacket_can/yellowjacket_can/msg/detail/control_message__builder.hpp
[4.724s] -- Up-to-date: /home/pi/Legacy/URC-2026/embedded_ros2_ws/install/yellowjacket_can/include/yellowjacket_can/yellowjacket_can/msg/o_drive_status.hpp
[4.725s] -- Up-to-date: /home/pi/Legacy/URC-2026/embedded_ros2_ws/install/yellowjacket_can/include/yellowjacket_can/yellowjacket_can/msg/rosidl_generator_cpp__visibility_control.hpp
[4.727s] -- Up-to-date: /home/pi/Legacy/URC-2026/embedded_ros2_ws/install/yellowjacket_can/include/yellowjacket_can/yellowjacket_can/srv
[4.730s] -- Up-to-date: /home/pi/Legacy/URC-2026/embedded_ros2_ws/install/yellowjacket_can/include/yellowjacket_can/yellowjacket_can/srv/axis_state.hpp
[4.732s] -- Up-to-date: /home/pi/Legacy/URC-2026/embedded_ros2_ws/install/yellowjacket_can/include/yellowjacket_can/yellowjacket_can/srv/detail
[4.738s] -- Up-to-date: /home/pi/Legacy/URC-2026/embedded_ros2_ws/install/yellowjacket_can/include/yellowjacket_can/yellowjacket_can/srv/detail/axis_state__traits.hpp
[4.740s] -- Up-to-date: /home/pi/Legacy/URC-2026/embedded_ros2_ws/install/yellowjacket_can/include/yellowjacket_can/yellowjacket_can/srv/detail/axis_state__builder.hpp
[4.741s] -- Up-to-date: /home/pi/Legacy/URC-2026/embedded_ros2_ws/install/yellowjacket_can/include/yellowjacket_can/yellowjacket_can/srv/detail/axis_state__type_support.hpp
[4.742s] -- Up-to-date: /home/pi/Legacy/URC-2026/embedded_ros2_ws/install/yellowjacket_can/include/yellowjacket_can/yellowjacket_can/srv/detail/axis_state__struct.hpp
[4.743s] -- Up-to-date: /home/pi/Legacy/URC-2026/embedded_ros2_ws/install/yellowjacket_can/include/yellowjacket_can/yellowjacket_can
[4.745s] -- Up-to-date: /home/pi/Legacy/URC-2026/embedded_ros2_ws/install/yellowjacket_can/include/yellowjacket_can/yellowjacket_can/msg
[4.747s] -- Up-to-date: /home/pi/Legacy/URC-2026/embedded_ros2_ws/install/yellowjacket_can/include/yellowjacket_can/yellowjacket_can/msg/rosidl_typesupport_fastrtps_cpp__visibility_control.h
[4.748s] -- Up-to-date: /home/pi/Legacy/URC-2026/embedded_ros2_ws/install/yellowjacket_can/include/yellowjacket_can/yellowjacket_can/msg/detail
[4.750s] -- Up-to-date: /home/pi/Legacy/URC-2026/embedded_ros2_ws/install/yellowjacket_can/include/yellowjacket_can/yellowjacket_can/msg/detail/dds_fastrtps
[4.762s] -- Up-to-date: /home/pi/Legacy/URC-2026/embedded_ros2_ws/install/yellowjacket_can/include/yellowjacket_can/yellowjacket_can/msg/detail/controller_status__rosidl_typesupport_fastrtps_cpp.hpp
[4.764s] -- Up-to-date: /home/pi/Legacy/URC-2026/embedded_ros2_ws/install/yellowjacket_can/include/yellowjacket_can/yellowjacket_can/msg/detail/control_message__rosidl_typesupport_fastrtps_cpp.hpp
[4.765s] -- Up-to-date: /home/pi/Legacy/URC-2026/embedded_ros2_ws/install/yellowjacket_can/include/yellowjacket_can/yellowjacket_can/msg/detail/o_drive_status__rosidl_typesupport_fastrtps_cpp.hpp
[4.767s] -- Up-to-date: /home/pi/Legacy/URC-2026/embedded_ros2_ws/install/yellowjacket_can/include/yellowjacket_can/yellowjacket_can/srv
[4.768s] -- Up-to-date: /home/pi/Legacy/URC-2026/embedded_ros2_ws/install/yellowjacket_can/include/yellowjacket_can/yellowjacket_can/srv/detail
[4.770s] -- Up-to-date: /home/pi/Legacy/URC-2026/embedded_ros2_ws/install/yellowjacket_can/include/yellowjacket_can/yellowjacket_can/srv/detail/dds_fastrtps
[4.772s] -- Up-to-date: /home/pi/Legacy/URC-2026/embedded_ros2_ws/install/yellowjacket_can/include/yellowjacket_can/yellowjacket_can/srv/detail/axis_state__rosidl_typesupport_fastrtps_cpp.hpp
[4.774s] -- Up-to-date: /home/pi/Legacy/URC-2026/embedded_ros2_ws/install/yellowjacket_can/lib/libyellowjacket_can__rosidl_typesupport_fastrtps_cpp.so
[4.778s] -- Up-to-date: /home/pi/Legacy/URC-2026/embedded_ros2_ws/install/yellowjacket_can/include/yellowjacket_can/yellowjacket_can
[4.780s] -- Up-to-date: /home/pi/Legacy/URC-2026/embedded_ros2_ws/install/yellowjacket_can/include/yellowjacket_can/yellowjacket_can/msg
[4.781s] -- Up-to-date: /home/pi/Legacy/URC-2026/embedded_ros2_ws/install/yellowjacket_can/include/yellowjacket_can/yellowjacket_can/msg/detail
[4.783s] -- Up-to-date: /home/pi/Legacy/URC-2026/embedded_ros2_ws/install/yellowjacket_can/include/yellowjacket_can/yellowjacket_can/msg/detail/o_drive_status__rosidl_typesupport_introspection_c.h
[4.784s] -- Up-to-date: /home/pi/Legacy/URC-2026/embedded_ros2_ws/install/yellowjacket_can/include/yellowjacket_can/yellowjacket_can/msg/detail/control_message__rosidl_typesupport_introspection_c.h
[4.786s] -- Up-to-date: /home/pi/Legacy/URC-2026/embedded_ros2_ws/install/yellowjacket_can/include/yellowjacket_can/yellowjacket_can/msg/detail/control_message__type_support.c
[4.787s] -- Up-to-date: /home/pi/Legacy/URC-2026/embedded_ros2_ws/install/yellowjacket_can/include/yellowjacket_can/yellowjacket_can/msg/detail/controller_status__rosidl_typesupport_introspection_c.h
[4.794s] -- Up-to-date: /home/pi/Legacy/URC-2026/embedded_ros2_ws/install/yellowjacket_can/include/yellowjacket_can/yellowjacket_can/msg/detail/o_drive_status__type_support.c
[4.796s] -- Up-to-date: /home/pi/Legacy/URC-2026/embedded_ros2_ws/install/yellowjacket_can/include/yellowjacket_can/yellowjacket_can/msg/detail/controller_status__type_support.c
[4.797s] -- Up-to-date: /home/pi/Legacy/URC-2026/embedded_ros2_ws/install/yellowjacket_can/include/yellowjacket_can/yellowjacket_can/msg/rosidl_typesupport_introspection_c__visibility_control.h
[4.798s] -- Up-to-date: /home/pi/Legacy/URC-2026/embedded_ros2_ws/install/yellowjacket_can/include/yellowjacket_can/yellowjacket_can/srv
[4.799s] -- Up-to-date: /home/pi/Legacy/URC-2026/embedded_ros2_ws/install/yellowjacket_can/include/yellowjacket_can/yellowjacket_can/srv/detail
[4.801s] -- Up-to-date: /home/pi/Legacy/URC-2026/embedded_ros2_ws/install/yellowjacket_can/include/yellowjacket_can/yellowjacket_can/srv/detail/axis_state__type_support.c
[4.802s] -- Up-to-date: /home/pi/Legacy/URC-2026/embedded_ros2_ws/install/yellowjacket_can/include/yellowjacket_can/yellowjacket_can/srv/detail/axis_state__rosidl_typesupport_introspection_c.h
[4.818s] -- Up-to-date: /home/pi/Legacy/URC-2026/embedded_ros2_ws/install/yellowjacket_can/lib/libyellowjacket_can__rosidl_typesupport_introspection_c.so
[4.821s] -- Up-to-date: /home/pi/Legacy/URC-2026/embedded_ros2_ws/install/yellowjacket_can/lib/libyellowjacket_can__rosidl_typesupport_c.so
[4.824s] -- Up-to-date: /home/pi/Legacy/URC-2026/embedded_ros2_ws/install/yellowjacket_can/include/yellowjacket_can/yellowjacket_can
[4.825s] -- Up-to-date: /home/pi/Legacy/URC-2026/embedded_ros2_ws/install/yellowjacket_can/include/yellowjacket_can/yellowjacket_can/msg
[4.827s] -- Up-to-date: /home/pi/Legacy/URC-2026/embedded_ros2_ws/install/yellowjacket_can/include/yellowjacket_can/yellowjacket_can/msg/detail
[4.829s] -- Up-to-date: /home/pi/Legacy/URC-2026/embedded_ros2_ws/install/yellowjacket_can/include/yellowjacket_can/yellowjacket_can/msg/detail/control_message__type_support.cpp
[4.830s] -- Up-to-date: /home/pi/Legacy/URC-2026/embedded_ros2_ws/install/yellowjacket_can/include/yellowjacket_can/yellowjacket_can/msg/detail/control_message__rosidl_typesupport_introspection_cpp.hpp
[4.832s] -- Up-to-date: /home/pi/Legacy/URC-2026/embedded_ros2_ws/install/yellowjacket_can/include/yellowjacket_can/yellowjacket_can/msg/detail/controller_status__type_support.cpp
[4.833s] -- Up-to-date: /home/pi/Legacy/URC-2026/embedded_ros2_ws/install/yellowjacket_can/include/yellowjacket_can/yellowjacket_can/msg/detail/controller_status__rosidl_typesupport_introspection_cpp.hpp
[4.835s] -- Up-to-date: /home/pi/Legacy/URC-2026/embedded_ros2_ws/install/yellowjacket_can/include/yellowjacket_can/yellowjacket_can/msg/detail/o_drive_status__type_support.cpp
[4.836s] -- Up-to-date: /home/pi/Legacy/URC-2026/embedded_ros2_ws/install/yellowjacket_can/include/yellowjacket_can/yellowjacket_can/msg/detail/o_drive_status__rosidl_typesupport_introspection_cpp.hpp
[4.837s] -- Up-to-date: /home/pi/Legacy/URC-2026/embedded_ros2_ws/install/yellowjacket_can/include/yellowjacket_can/yellowjacket_can/srv
[4.839s] -- Up-to-date: /home/pi/Legacy/URC-2026/embedded_ros2_ws/install/yellowjacket_can/include/yellowjacket_can/yellowjacket_can/srv/detail
[4.840s] -- Up-to-date: /home/pi/Legacy/URC-2026/embedded_ros2_ws/install/yellowjacket_can/include/yellowjacket_can/yellowjacket_can/srv/detail/axis_state__rosidl_typesupport_introspection_cpp.hpp
[4.842s] -- Up-to-date: /home/pi/Legacy/URC-2026/embedded_ros2_ws/install/yellowjacket_can/include/yellowjacket_can/yellowjacket_can/srv/detail/axis_state__type_support.cpp
[4.844s] -- Up-to-date: /home/pi/Legacy/URC-2026/embedded_ros2_ws/install/yellowjacket_can/lib/libyellowjacket_can__rosidl_typesupport_introspection_cpp.so
[4.851s] -- Up-to-date: /home/pi/Legacy/URC-2026/embedded_ros2_ws/install/yellowjacket_can/lib/libyellowjacket_can__rosidl_typesupport_cpp.so
[4.863s] -- Up-to-date: /home/pi/Legacy/URC-2026/embedded_ros2_ws/install/yellowjacket_can/share/yellowjacket_can/environment/pythonpath.sh
[4.865s] -- Up-to-date: /home/pi/Legacy/URC-2026/embedded_ros2_ws/install/yellowjacket_can/share/yellowjacket_can/environment/pythonpath.dsv
[4.867s] -- Up-to-date: /home/pi/Legacy/URC-2026/embedded_ros2_ws/install/yellowjacket_can/local/lib/python3.10/dist-packages/yellowjacket_can-0.0.1-py3.10.egg-info
[4.869s] -- Installing: /home/pi/Legacy/URC-2026/embedded_ros2_ws/install/yellowjacket_can/local/lib/python3.10/dist-packages/yellowjacket_can-0.0.1-py3.10.egg-info/PKG-INFO
[4.871s] -- Installing: /home/pi/Legacy/URC-2026/embedded_ros2_ws/install/yellowjacket_can/local/lib/python3.10/dist-packages/yellowjacket_can-0.0.1-py3.10.egg-info/top_level.txt
[4.874s] -- Installing: /home/pi/Legacy/URC-2026/embedded_ros2_ws/install/yellowjacket_can/local/lib/python3.10/dist-packages/yellowjacket_can-0.0.1-py3.10.egg-info/SOURCES.txt
[4.878s] -- Installing: /home/pi/Legacy/URC-2026/embedded_ros2_ws/install/yellowjacket_can/local/lib/python3.10/dist-packages/yellowjacket_can-0.0.1-py3.10.egg-info/dependency_links.txt
[4.889s] -- Up-to-date: /home/pi/Legacy/URC-2026/embedded_ros2_ws/install/yellowjacket_can/local/lib/python3.10/dist-packages/yellowjacket_can
[4.891s] -- Up-to-date: /home/pi/Legacy/URC-2026/embedded_ros2_ws/install/yellowjacket_can/local/lib/python3.10/dist-packages/yellowjacket_can/_yellowjacket_can_s.ep.rosidl_typesupport_introspection_c.c
[4.892s] -- Up-to-date: /home/pi/Legacy/URC-2026/embedded_ros2_ws/install/yellowjacket_can/local/lib/python3.10/dist-packages/yellowjacket_can/yellowjacket_can_s__rosidl_typesupport_c.cpython-310-aarch64-linux-gnu.so
[4.894s] -- Up-to-date: /home/pi/Legacy/URC-2026/embedded_ros2_ws/install/yellowjacket_can/local/lib/python3.10/dist-packages/yellowjacket_can/__init__.py
[4.895s] -- Up-to-date: /home/pi/Legacy/URC-2026/embedded_ros2_ws/install/yellowjacket_can/local/lib/python3.10/dist-packages/yellowjacket_can/yellowjacket_can_s__rosidl_typesupport_introspection_c.cpython-310-aarch64-linux-gnu.so
[4.896s] -- Up-to-date: /home/pi/Legacy/URC-2026/embedded_ros2_ws/install/yellowjacket_can/local/lib/python3.10/dist-packages/yellowjacket_can/_yellowjacket_can_s.ep.rosidl_typesupport_c.c
[4.898s] -- Up-to-date: /home/pi/Legacy/URC-2026/embedded_ros2_ws/install/yellowjacket_can/local/lib/python3.10/dist-packages/yellowjacket_can/_yellowjacket_can_s.ep.rosidl_typesupport_fastrtps_c.c
[4.899s] -- Up-to-date: /home/pi/Legacy/URC-2026/embedded_ros2_ws/install/yellowjacket_can/local/lib/python3.10/dist-packages/yellowjacket_can/msg
[4.901s] -- Up-to-date: /home/pi/Legacy/URC-2026/embedded_ros2_ws/install/yellowjacket_can/local/lib/python3.10/dist-packages/yellowjacket_can/msg/__init__.py
[4.902s] -- Up-to-date: /home/pi/Legacy/URC-2026/embedded_ros2_ws/install/yellowjacket_can/local/lib/python3.10/dist-packages/yellowjacket_can/msg/_controller_status_s.c
[4.904s] -- Up-to-date: /home/pi/Legacy/URC-2026/embedded_ros2_ws/install/yellowjacket_can/local/lib/python3.10/dist-packages/yellowjacket_can/msg/_control_message_s.c
[4.905s] -- Up-to-date: /home/pi/Legacy/URC-2026/embedded_ros2_ws/install/yellowjacket_can/local/lib/python3.10/dist-packages/yellowjacket_can/msg/_o_drive_status_s.c
[4.918s] -- Up-to-date: /home/pi/Legacy/URC-2026/embedded_ros2_ws/install/yellowjacket_can/local/lib/python3.10/dist-packages/yellowjacket_can/msg/_controller_status.py
[4.920s] -- Up-to-date: /home/pi/Legacy/URC-2026/embedded_ros2_ws/install/yellowjacket_can/local/lib/python3.10/dist-packages/yellowjacket_can/msg/_control_message.py
[4.921s] -- Up-to-date: /home/pi/Legacy/URC-2026/embedded_ros2_ws/install/yellowjacket_can/local/lib/python3.10/dist-packages/yellowjacket_can/msg/_o_drive_status.py
[4.923s] -- Up-to-date: /home/pi/Legacy/URC-2026/embedded_ros2_ws/install/yellowjacket_can/local/lib/python3.10/dist-packages/yellowjacket_can/libyellowjacket_can__rosidl_generator_py.so
[4.924s] -- Up-to-date: /home/pi/Legacy/URC-2026/embedded_ros2_ws/install/yellowjacket_can/local/lib/python3.10/dist-packages/yellowjacket_can/srv
[4.925s] -- Up-to-date: /home/pi/Legacy/URC-2026/embedded_ros2_ws/install/yellowjacket_can/local/lib/python3.10/dist-packages/yellowjacket_can/srv/__init__.py
[4.927s] -- Up-to-date: /home/pi/Legacy/URC-2026/embedded_ros2_ws/install/yellowjacket_can/local/lib/python3.10/dist-packages/yellowjacket_can/srv/_axis_state.py
[4.928s] -- Up-to-date: /home/pi/Legacy/URC-2026/embedded_ros2_ws/install/yellowjacket_can/local/lib/python3.10/dist-packages/yellowjacket_can/srv/_axis_state_s.c
[4.930s] -- Up-to-date: /home/pi/Legacy/URC-2026/embedded_ros2_ws/install/yellowjacket_can/local/lib/python3.10/dist-packages/yellowjacket_can/yellowjacket_can_s__rosidl_typesupport_fastrtps_c.cpython-310-aarch64-linux-gnu.so
[5.454s] Listing '/home/pi/Legacy/URC-2026/embedded_ros2_ws/install/yellowjacket_can/local/lib/python3.10/dist-packages/yellowjacket_can'...
[5.455s] Listing '/home/pi/Legacy/URC-2026/embedded_ros2_ws/install/yellowjacket_can/local/lib/python3.10/dist-packages/yellowjacket_can/msg'...
[5.455s] Listing '/home/pi/Legacy/URC-2026/embedded_ros2_ws/install/yellowjacket_can/local/lib/python3.10/dist-packages/yellowjacket_can/srv'...
[5.589s] -- Up-to-date: /home/pi/Legacy/URC-2026/embedded_ros2_ws/install/yellowjacket_can/local/lib/python3.10/dist-packages/yellowjacket_can/yellowjacket_can_s__rosidl_typesupport_fastrtps_c.cpython-310-aarch64-linux-gnu.so
[5.593s] -- Up-to-date: /home/pi/Legacy/URC-2026/embedded_ros2_ws/install/yellowjacket_can/local/lib/python3.10/dist-packages/yellowjacket_can/yellowjacket_can_s__rosidl_typesupport_introspection_c.cpython-310-aarch64-linux-gnu.so
[5.597s] -- Up-to-date: /home/pi/Legacy/URC-2026/embedded_ros2_ws/install/yellowjacket_can/local/lib/python3.10/dist-packages/yellowjacket_can/yellowjacket_can_s__rosidl_typesupport_c.cpython-310-aarch64-linux-gnu.so
[5.601s] -- Up-to-date: /home/pi/Legacy/URC-2026/embedded_ros2_ws/install/yellowjacket_can/lib/libyellowjacket_can__rosidl_generator_py.so
[5.611s] -- Up-to-date: /home/pi/Legacy/URC-2026/embedded_ros2_ws/install/yellowjacket_can/share/yellowjacket_can/msg/ControlMessage.idl
[5.613s] -- Up-to-date: /home/pi/Legacy/URC-2026/embedded_ros2_ws/install/yellowjacket_can/share/yellowjacket_can/msg/ControllerStatus.idl
[5.615s] -- Up-to-date: /home/pi/Legacy/URC-2026/embedded_ros2_ws/install/yellowjacket_can/share/yellowjacket_can/msg/ODriveStatus.idl
[5.616s] -- Up-to-date: /home/pi/Legacy/URC-2026/embedded_ros2_ws/install/yellowjacket_can/share/yellowjacket_can/srv/AxisState.idl
[5.618s] -- Up-to-date: /home/pi/Legacy/URC-2026/embedded_ros2_ws/install/yellowjacket_can/share/yellowjacket_can/msg/ControlMessage.msg
[5.619s] -- Up-to-date: /home/pi/Legacy/URC-2026/embedded_ros2_ws/install/yellowjacket_can/share/yellowjacket_can/msg/ControllerStatus.msg
[5.621s] -- Up-to-date: /home/pi/Legacy/URC-2026/embedded_ros2_ws/install/yellowjacket_can/share/yellowjacket_can/msg/ODriveStatus.msg
[5.630s] -- Up-to-date: /home/pi/Legacy/URC-2026/embedded_ros2_ws/install/yellowjacket_can/share/yellowjacket_can/srv/AxisState.srv
[5.638s] -- Up-to-date: /home/pi/Legacy/URC-2026/embedded_ros2_ws/install/yellowjacket_can/share/yellowjacket_can/srv/AxisState_Request.msg
[5.640s] -- Up-to-date: /home/pi/Legacy/URC-2026/embedded_ros2_ws/install/yellowjacket_can/share/yellowjacket_can/srv/AxisState_Response.msg
[5.644s] -- Up-to-date: /home/pi/Legacy/URC-2026/embedded_ros2_ws/install/yellowjacket_can/lib/yellowjacket_can/yellowjacket_can_node
[5.647s] -- Up-to-date: /home/pi/Legacy/URC-2026/embedded_ros2_ws/install/yellowjacket_can/share/yellowjacket_can/launch
[5.652s] -- Up-to-date: /home/pi/Legacy/URC-2026/embedded_ros2_ws/install/yellowjacket_can/share/yellowjacket_can/launch/example_launch.yaml
[5.654s] -- Up-to-date: /home/pi/Legacy/URC-2026/embedded_ros2_ws/install/yellowjacket_can/share/yellowjacket_can/launch/example_launch2.yaml
[5.663s] -- Up-to-date: /home/pi/Legacy/URC-2026/embedded_ros2_ws/install/yellowjacket_can/share/ament_index/resource_index/package_run_dependencies/yellowjacket_can
[5.665s] -- Up-to-date: /home/pi/Legacy/URC-2026/embedded_ros2_ws/install/yellowjacket_can/share/ament_index/resource_index/parent_prefix_path/yellowjacket_can
[5.667s] -- Up-to-date: /home/pi/Legacy/URC-2026/embedded_ros2_ws/install/yellowjacket_can/share/yellowjacket_can/environment/ament_prefix_path.sh
[5.669s] -- Up-to-date: /home/pi/Legacy/URC-2026/embedded_ros2_ws/install/yellowjacket_can/share/yellowjacket_can/environment/ament_prefix_path.dsv
[5.678s] -- Up-to-date: /home/pi/Legacy/URC-2026/embedded_ros2_ws/install/yellowjacket_can/share/yellowjacket_can/environment/path.sh
[5.680s] -- Up-to-date: /home/pi/Legacy/URC-2026/embedded_ros2_ws/install/yellowjacket_can/share/yellowjacket_can/environment/path.dsv
[5.681s] -- Up-to-date: /home/pi/Legacy/URC-2026/embedded_ros2_ws/install/yellowjacket_can/share/yellowjacket_can/local_setup.bash
[5.683s] -- Up-to-date: /home/pi/Legacy/URC-2026/embedded_ros2_ws/install/yellowjacket_can/share/yellowjacket_can/local_setup.sh
[5.685s] -- Up-to-date: /home/pi/Legacy/URC-2026/embedded_ros2_ws/install/yellowjacket_can/share/yellowjacket_can/local_setup.zsh
[5.690s] -- Up-to-date: /home/pi/Legacy/URC-2026/embedded_ros2_ws/install/yellowjacket_can/share/yellowjacket_can/local_setup.dsv
[5.693s] -- Installing: /home/pi/Legacy/URC-2026/embedded_ros2_ws/install/yellowjacket_can/share/yellowjacket_can/package.dsv
[5.706s] -- Up-to-date: /home/pi/Legacy/URC-2026/embedded_ros2_ws/install/yellowjacket_can/share/ament_index/resource_index/packages/yellowjacket_can
[5.709s] -- Up-to-date: /home/pi/Legacy/URC-2026/embedded_ros2_ws/install/yellowjacket_can/share/yellowjacket_can/cmake/export_yellowjacket_can__rosidl_generator_cExport.cmake
[5.712s] -- Up-to-date: /home/pi/Legacy/URC-2026/embedded_ros2_ws/install/yellowjacket_can/share/yellowjacket_can/cmake/export_yellowjacket_can__rosidl_generator_cExport-noconfig.cmake
[5.723s] -- Up-to-date: /home/pi/Legacy/URC-2026/embedded_ros2_ws/install/yellowjacket_can/share/yellowjacket_can/cmake/export_yellowjacket_can__rosidl_typesupport_fastrtps_cExport.cmake
[5.725s] -- Up-to-date: /home/pi/Legacy/URC-2026/embedded_ros2_ws/install/yellowjacket_can/share/yellowjacket_can/cmake/export_yellowjacket_can__rosidl_typesupport_fastrtps_cExport-noconfig.cmake
[5.727s] -- Up-to-date: /home/pi/Legacy/URC-2026/embedded_ros2_ws/install/yellowjacket_can/share/yellowjacket_can/cmake/export_yellowjacket_can__rosidl_generator_cppExport.cmake
[5.730s] -- Up-to-date: /home/pi/Legacy/URC-2026/embedded_ros2_ws/install/yellowjacket_can/share/yellowjacket_can/cmake/export_yellowjacket_can__rosidl_typesupport_fastrtps_cppExport.cmake
[5.732s] -- Up-to-date: /home/pi/Legacy/URC-2026/embedded_ros2_ws/install/yellowjacket_can/share/yellowjacket_can/cmake/export_yellowjacket_can__rosidl_typesupport_fastrtps_cppExport-noconfig.cmake
[5.734s] -- Up-to-date: /home/pi/Legacy/URC-2026/embedded_ros2_ws/install/yellowjacket_can/share/yellowjacket_can/cmake/yellowjacket_can__rosidl_typesupport_introspection_cExport.cmake
[5.742s] -- Up-to-date: /home/pi/Legacy/URC-2026/embedded_ros2_ws/install/yellowjacket_can/share/yellowjacket_can/cmake/yellowjacket_can__rosidl_typesupport_introspection_cExport-noconfig.cmake
[5.745s] -- Up-to-date: /home/pi/Legacy/URC-2026/embedded_ros2_ws/install/yellowjacket_can/share/yellowjacket_can/cmake/yellowjacket_can__rosidl_typesupport_cExport.cmake
[5.751s] -- Up-to-date: /home/pi/Legacy/URC-2026/embedded_ros2_ws/install/yellowjacket_can/share/yellowjacket_can/cmake/yellowjacket_can__rosidl_typesupport_cExport-noconfig.cmake
[5.753s] -- Up-to-date: /home/pi/Legacy/URC-2026/embedded_ros2_ws/install/yellowjacket_can/share/yellowjacket_can/cmake/yellowjacket_can__rosidl_typesupport_introspection_cppExport.cmake
[5.755s] -- Up-to-date: /home/pi/Legacy/URC-2026/embedded_ros2_ws/install/yellowjacket_can/share/yellowjacket_can/cmake/yellowjacket_can__rosidl_typesupport_introspection_cppExport-noconfig.cmake
[5.767s] -- Up-to-date: /home/pi/Legacy/URC-2026/embedded_ros2_ws/install/yellowjacket_can/share/yellowjacket_can/cmake/yellowjacket_can__rosidl_typesupport_cppExport.cmake
[5.774s] -- Up-to-date: /home/pi/Legacy/URC-2026/embedded_ros2_ws/install/yellowjacket_can/share/yellowjacket_can/cmake/yellowjacket_can__rosidl_typesupport_cppExport-noconfig.cmake
[5.776s] -- Up-to-date: /home/pi/Legacy/URC-2026/embedded_ros2_ws/install/yellowjacket_can/share/yellowjacket_can/cmake/export_yellowjacket_can__rosidl_generator_pyExport.cmake
[5.777s] -- Up-to-date: /home/pi/Legacy/URC-2026/embedded_ros2_ws/install/yellowjacket_can/share/yellowjacket_can/cmake/export_yellowjacket_can__rosidl_generator_pyExport-noconfig.cmake
[5.779s] -- Up-to-date: /home/pi/Legacy/URC-2026/embedded_ros2_ws/install/yellowjacket_can/share/yellowjacket_can/cmake/rosidl_cmake-extras.cmake
[5.780s] -- Up-to-date: /home/pi/Legacy/URC-2026/embedded_ros2_ws/install/yellowjacket_can/share/yellowjacket_can/cmake/ament_cmake_export_include_directories-extras.cmake
[5.782s] -- Up-to-date: /home/pi/Legacy/URC-2026/embedded_ros2_ws/install/yellowjacket_can/share/yellowjacket_can/cmake/ament_cmake_export_libraries-extras.cmake
[5.783s] -- Up-to-date: /home/pi/Legacy/URC-2026/embedded_ros2_ws/install/yellowjacket_can/share/yellowjacket_can/cmake/ament_cmake_export_targets-extras.cmake
[5.793s] -- Up-to-date: /home/pi/Legacy/URC-2026/embedded_ros2_ws/install/yellowjacket_can/share/yellowjacket_can/cmake/rosidl_cmake_export_typesupport_targets-extras.cmake
[5.795s] -- Up-to-date: /home/pi/Legacy/URC-2026/embedded_ros2_ws/install/yellowjacket_can/share/yellowjacket_can/cmake/ament_cmake_export_dependencies-extras.cmake
[5.796s] -- Up-to-date: /home/pi/Legacy/URC-2026/embedded_ros2_ws/install/yellowjacket_can/share/yellowjacket_can/cmake/rosidl_cmake_export_typesupport_libraries-extras.cmake
[5.806s] -- Up-to-date: /home/pi/Legacy/URC-2026/embedded_ros2_ws/install/yellowjacket_can/share/yellowjacket_can/cmake/yellowjacket_canConfig.cmake
[5.807s] -- Up-to-date: /home/pi/Legacy/URC-2026/embedded_ros2_ws/install/yellowjacket_can/share/yellowjacket_can/cmake/yellowjacket_canConfig-version.cmake
[5.808s] -- Up-to-date: /home/pi/Legacy/URC-2026/embedded_ros2_ws/install/yellowjacket_can/share/yellowjacket_can/package.xml
[5.838s] Invoked command in '/home/pi/Legacy/URC-2026/embedded_ros2_ws/build/yellowjacket_can' returned '0': CMAKE_PREFIX_PATH=${CMAKE_PREFIX_PATH}:/home/pi/Legacy/URC-2026/embedded_ros2_ws/install/blender_motor:/home/pi/Legacy/Testing/ros2_ws/install/rover_motor_command:/home/pi/Legacy/URC-2026/drive_ros2_ws/install/drive_manager:/opt/ros/humble /usr/bin/cmake --install /home/pi/Legacy/URC-2026/embedded_ros2_ws/build/yellowjacket_can
