[35m[1mConsolidate compiler generated dependencies of target servo__rosidl_generator_c[0m
[  2%] Built target servo__cpp
[ 11%] Built target servo__rosidl_generator_c
[35m[1mConsolidate compiler generated dependencies of target servo__rosidl_typesupport_cpp[0m
[35m[1mConsolidate compiler generated dependencies of target servo__rosidl_typesupport_introspection_cpp[0m
[ 11%] Built target ament_cmake_python_copy_servo
[35m[1mConsolidate compiler generated dependencies of target servo__rosidl_typesupport_fastrtps_cpp[0m
[35m[1mConsolidate compiler generated dependencies of target servo__rosidl_typesupport_fastrtps_c[0m
[ 20%] Built target servo__rosidl_typesupport_cpp
[ 29%] Built target servo__rosidl_typesupport_introspection_cpp
[ 38%] Built target servo__rosidl_typesupport_fastrtps_cpp
[35m[1mConsolidate compiler generated dependencies of target servo__rosidl_typesupport_introspection_c[0m
[35m[1mConsolidate compiler generated dependencies of target servo__rosidl_typesupport_c[0m
[ 47%] Built target servo__rosidl_typesupport_fastrtps_c
[ 55%] Built target servo__rosidl_typesupport_introspection_c
[ 64%] Built target servo__rosidl_typesupport_c
[35m[1mConsolidate compiler generated dependencies of target servo_node[0m
[ 73%] Built target servo_node
[ 73%] Built target servo
[ 76%] Built target servo__py
[35m[1mConsolidate compiler generated dependencies of target servo__rosidl_generator_py[0m
[ 82%] Built target servo__rosidl_generator_py
[35m[1mConsolidate compiler generated dependencies of target servo__rosidl_typesupport_fastrtps_c__pyext[0m
[35m[1mConsolidate compiler generated dependencies of target servo__rosidl_typesupport_introspection_c__pyext[0m
[35m[1mConsolidate compiler generated dependencies of target servo__rosidl_typesupport_c__pyext[0m
[ 88%] Built target servo__rosidl_typesupport_introspection_c__pyext
[ 94%] Built target servo__rosidl_typesupport_fastrtps_c__pyext
[100%] Built target servo__rosidl_typesupport_c__pyext
running egg_info
writing servo.egg-info/PKG-INFO
writing dependency_links to servo.egg-info/dependency_links.txt
writing top-level names to servo.egg-info/top_level.txt
reading manifest file 'servo.egg-info/SOURCES.txt'
writing manifest file 'servo.egg-info/SOURCES.txt'
[100%] Built target ament_cmake_python_build_servo_egg
-- Install configuration: ""
-- Up-to-date: /home/pi/Legacy/URC-2026/embedded_ros2_ws/install/servo/share/ament_index/resource_index/rosidl_interfaces/servo
-- Up-to-date: /home/pi/Legacy/URC-2026/embedded_ros2_ws/install/servo/include/servo/servo
-- Up-to-date: /home/pi/Legacy/URC-2026/embedded_ros2_ws/install/servo/include/servo/servo/msg
-- Up-to-date: /home/pi/Legacy/URC-2026/embedded_ros2_ws/install/servo/include/servo/servo/msg/control_message.h
-- Up-to-date: /home/pi/Legacy/URC-2026/embedded_ros2_ws/install/servo/include/servo/servo/msg/rosidl_generator_c__visibility_control.h
-- Up-to-date: /home/pi/Legacy/URC-2026/embedded_ros2_ws/install/servo/include/servo/servo/msg/detail
-- Up-to-date: /home/pi/Legacy/URC-2026/embedded_ros2_ws/install/servo/include/servo/servo/msg/detail/control_message__functions.c
-- Up-to-date: /home/pi/Legacy/URC-2026/embedded_ros2_ws/install/servo/include/servo/servo/msg/detail/control_message__struct.h
-- Up-to-date: /home/pi/Legacy/URC-2026/embedded_ros2_ws/install/servo/include/servo/servo/msg/detail/control_message__type_support.h
-- Up-to-date: /home/pi/Legacy/URC-2026/embedded_ros2_ws/install/servo/include/servo/servo/msg/detail/control_message__functions.h
-- Up-to-date: /home/pi/Legacy/URC-2026/embedded_ros2_ws/install/servo/share/servo/environment/library_path.sh
-- Up-to-date: /home/pi/Legacy/URC-2026/embedded_ros2_ws/install/servo/share/servo/environment/library_path.dsv
-- Up-to-date: /home/pi/Legacy/URC-2026/embedded_ros2_ws/install/servo/lib/libservo__rosidl_generator_c.so
-- Up-to-date: /home/pi/Legacy/URC-2026/embedded_ros2_ws/install/servo/include/servo/servo
-- Up-to-date: /home/pi/Legacy/URC-2026/embedded_ros2_ws/install/servo/include/servo/servo/msg
-- Up-to-date: /home/pi/Legacy/URC-2026/embedded_ros2_ws/install/servo/include/servo/servo/msg/rosidl_typesupport_fastrtps_c__visibility_control.h
-- Up-to-date: /home/pi/Legacy/URC-2026/embedded_ros2_ws/install/servo/include/servo/servo/msg/detail
-- Up-to-date: /home/pi/Legacy/URC-2026/embedded_ros2_ws/install/servo/include/servo/servo/msg/detail/control_message__rosidl_typesupport_fastrtps_c.h
-- Up-to-date: /home/pi/Legacy/URC-2026/embedded_ros2_ws/install/servo/lib/libservo__rosidl_typesupport_fastrtps_c.so
-- Up-to-date: /home/pi/Legacy/URC-2026/embedded_ros2_ws/install/servo/include/servo/servo
-- Up-to-date: /home/pi/Legacy/URC-2026/embedded_ros2_ws/install/servo/include/servo/servo/msg
-- Up-to-date: /home/pi/Legacy/URC-2026/embedded_ros2_ws/install/servo/include/servo/servo/msg/control_message.hpp
-- Up-to-date: /home/pi/Legacy/URC-2026/embedded_ros2_ws/install/servo/include/servo/servo/msg/detail
-- Up-to-date: /home/pi/Legacy/URC-2026/embedded_ros2_ws/install/servo/include/servo/servo/msg/detail/control_message__type_support.hpp
-- Up-to-date: /home/pi/Legacy/URC-2026/embedded_ros2_ws/install/servo/include/servo/servo/msg/detail/control_message__traits.hpp
-- Up-to-date: /home/pi/Legacy/URC-2026/embedded_ros2_ws/install/servo/include/servo/servo/msg/detail/control_message__struct.hpp
-- Up-to-date: /home/pi/Legacy/URC-2026/embedded_ros2_ws/install/servo/include/servo/servo/msg/detail/control_message__builder.hpp
-- Up-to-date: /home/pi/Legacy/URC-2026/embedded_ros2_ws/install/servo/include/servo/servo/msg/rosidl_generator_cpp__visibility_control.hpp
-- Up-to-date: /home/pi/Legacy/URC-2026/embedded_ros2_ws/install/servo/include/servo/servo
-- Up-to-date: /home/pi/Legacy/URC-2026/embedded_ros2_ws/install/servo/include/servo/servo/msg
-- Up-to-date: /home/pi/Legacy/URC-2026/embedded_ros2_ws/install/servo/include/servo/servo/msg/rosidl_typesupport_fastrtps_cpp__visibility_control.h
-- Up-to-date: /home/pi/Legacy/URC-2026/embedded_ros2_ws/install/servo/include/servo/servo/msg/detail
-- Up-to-date: /home/pi/Legacy/URC-2026/embedded_ros2_ws/install/servo/include/servo/servo/msg/detail/dds_fastrtps
-- Up-to-date: /home/pi/Legacy/URC-2026/embedded_ros2_ws/install/servo/include/servo/servo/msg/detail/control_message__rosidl_typesupport_fastrtps_cpp.hpp
-- Up-to-date: /home/pi/Legacy/URC-2026/embedded_ros2_ws/install/servo/lib/libservo__rosidl_typesupport_fastrtps_cpp.so
-- Up-to-date: /home/pi/Legacy/URC-2026/embedded_ros2_ws/install/servo/include/servo/servo
-- Up-to-date: /home/pi/Legacy/URC-2026/embedded_ros2_ws/install/servo/include/servo/servo/msg
-- Up-to-date: /home/pi/Legacy/URC-2026/embedded_ros2_ws/install/servo/include/servo/servo/msg/detail
-- Up-to-date: /home/pi/Legacy/URC-2026/embedded_ros2_ws/install/servo/include/servo/servo/msg/detail/control_message__rosidl_typesupport_introspection_c.h
-- Up-to-date: /home/pi/Legacy/URC-2026/embedded_ros2_ws/install/servo/include/servo/servo/msg/detail/control_message__type_support.c
-- Up-to-date: /home/pi/Legacy/URC-2026/embedded_ros2_ws/install/servo/include/servo/servo/msg/rosidl_typesupport_introspection_c__visibility_control.h
-- Up-to-date: /home/pi/Legacy/URC-2026/embedded_ros2_ws/install/servo/lib/libservo__rosidl_typesupport_introspection_c.so
-- Up-to-date: /home/pi/Legacy/URC-2026/embedded_ros2_ws/install/servo/lib/libservo__rosidl_typesupport_c.so
-- Up-to-date: /home/pi/Legacy/URC-2026/embedded_ros2_ws/install/servo/include/servo/servo
-- Up-to-date: /home/pi/Legacy/URC-2026/embedded_ros2_ws/install/servo/include/servo/servo/msg
-- Up-to-date: /home/pi/Legacy/URC-2026/embedded_ros2_ws/install/servo/include/servo/servo/msg/detail
-- Up-to-date: /home/pi/Legacy/URC-2026/embedded_ros2_ws/install/servo/include/servo/servo/msg/detail/control_message__type_support.cpp
-- Up-to-date: /home/pi/Legacy/URC-2026/embedded_ros2_ws/install/servo/include/servo/servo/msg/detail/control_message__rosidl_typesupport_introspection_cpp.hpp
-- Up-to-date: /home/pi/Legacy/URC-2026/embedded_ros2_ws/install/servo/lib/libservo__rosidl_typesupport_introspection_cpp.so
-- Up-to-date: /home/pi/Legacy/URC-2026/embedded_ros2_ws/install/servo/lib/libservo__rosidl_typesupport_cpp.so
-- Up-to-date: /home/pi/Legacy/URC-2026/embedded_ros2_ws/install/servo/share/servo/environment/pythonpath.sh
-- Up-to-date: /home/pi/Legacy/URC-2026/embedded_ros2_ws/install/servo/share/servo/environment/pythonpath.dsv
-- Up-to-date: /home/pi/Legacy/URC-2026/embedded_ros2_ws/install/servo/local/lib/python3.10/dist-packages/servo-0.0.0-py3.10.egg-info
-- Installing: /home/pi/Legacy/URC-2026/embedded_ros2_ws/install/servo/local/lib/python3.10/dist-packages/servo-0.0.0-py3.10.egg-info/PKG-INFO
-- Installing: /home/pi/Legacy/URC-2026/embedded_ros2_ws/install/servo/local/lib/python3.10/dist-packages/servo-0.0.0-py3.10.egg-info/top_level.txt
-- Installing: /home/pi/Legacy/URC-2026/embedded_ros2_ws/install/servo/local/lib/python3.10/dist-packages/servo-0.0.0-py3.10.egg-info/SOURCES.txt
-- Installing: /home/pi/Legacy/URC-2026/embedded_ros2_ws/install/servo/local/lib/python3.10/dist-packages/servo-0.0.0-py3.10.egg-info/dependency_links.txt
-- Up-to-date: /home/pi/Legacy/URC-2026/embedded_ros2_ws/install/servo/local/lib/python3.10/dist-packages/servo
-- Up-to-date: /home/pi/Legacy/URC-2026/embedded_ros2_ws/install/servo/local/lib/python3.10/dist-packages/servo/servo_s__rosidl_typesupport_fastrtps_c.cpython-310-aarch64-linux-gnu.so
-- Up-to-date: /home/pi/Legacy/URC-2026/embedded_ros2_ws/install/servo/local/lib/python3.10/dist-packages/servo/__init__.py
-- Up-to-date: /home/pi/Legacy/URC-2026/embedded_ros2_ws/install/servo/local/lib/python3.10/dist-packages/servo/libservo__rosidl_generator_py.so
-- Up-to-date: /home/pi/Legacy/URC-2026/embedded_ros2_ws/install/servo/local/lib/python3.10/dist-packages/servo/_servo_s.ep.rosidl_typesupport_c.c
-- Up-to-date: /home/pi/Legacy/URC-2026/embedded_ros2_ws/install/servo/local/lib/python3.10/dist-packages/servo/_servo_s.ep.rosidl_typesupport_fastrtps_c.c
-- Up-to-date: /home/pi/Legacy/URC-2026/embedded_ros2_ws/install/servo/local/lib/python3.10/dist-packages/servo/servo_s__rosidl_typesupport_introspection_c.cpython-310-aarch64-linux-gnu.so
-- Up-to-date: /home/pi/Legacy/URC-2026/embedded_ros2_ws/install/servo/local/lib/python3.10/dist-packages/servo/_servo_s.ep.rosidl_typesupport_introspection_c.c
-- Up-to-date: /home/pi/Legacy/URC-2026/embedded_ros2_ws/install/servo/local/lib/python3.10/dist-packages/servo/msg
-- Up-to-date: /home/pi/Legacy/URC-2026/embedded_ros2_ws/install/servo/local/lib/python3.10/dist-packages/servo/msg/__init__.py
-- Up-to-date: /home/pi/Legacy/URC-2026/embedded_ros2_ws/install/servo/local/lib/python3.10/dist-packages/servo/msg/_control_message_s.c
-- Up-to-date: /home/pi/Legacy/URC-2026/embedded_ros2_ws/install/servo/local/lib/python3.10/dist-packages/servo/msg/_control_message.py
-- Up-to-date: /home/pi/Legacy/URC-2026/embedded_ros2_ws/install/servo/local/lib/python3.10/dist-packages/servo/servo_s__rosidl_typesupport_c.cpython-310-aarch64-linux-gnu.so
Listing '/home/pi/Legacy/URC-2026/embedded_ros2_ws/install/servo/local/lib/python3.10/dist-packages/servo'...
Listing '/home/pi/Legacy/URC-2026/embedded_ros2_ws/install/servo/local/lib/python3.10/dist-packages/servo/msg'...
-- Up-to-date: /home/pi/Legacy/URC-2026/embedded_ros2_ws/install/servo/local/lib/python3.10/dist-packages/servo/servo_s__rosidl_typesupport_fastrtps_c.cpython-310-aarch64-linux-gnu.so
-- Up-to-date: /home/pi/Legacy/URC-2026/embedded_ros2_ws/install/servo/local/lib/python3.10/dist-packages/servo/servo_s__rosidl_typesupport_introspection_c.cpython-310-aarch64-linux-gnu.so
-- Up-to-date: /home/pi/Legacy/URC-2026/embedded_ros2_ws/install/servo/local/lib/python3.10/dist-packages/servo/servo_s__rosidl_typesupport_c.cpython-310-aarch64-linux-gnu.so
-- Up-to-date: /home/pi/Legacy/URC-2026/embedded_ros2_ws/install/servo/lib/libservo__rosidl_generator_py.so
-- Up-to-date: /home/pi/Legacy/URC-2026/embedded_ros2_ws/install/servo/share/servo/msg/ControlMessage.idl
-- Up-to-date: /home/pi/Legacy/URC-2026/embedded_ros2_ws/install/servo/share/servo/msg/ControlMessage.msg
-- Up-to-date: /home/pi/Legacy/URC-2026/embedded_ros2_ws/install/servo/lib/servo/servo_node
-- Up-to-date: /home/pi/Legacy/URC-2026/embedded_ros2_ws/install/servo/share/servo/launch
-- Up-to-date: /home/pi/Legacy/URC-2026/embedded_ros2_ws/install/servo/share/servo/launch/example_launch.yaml
-- Up-to-date: /home/pi/Legacy/URC-2026/embedded_ros2_ws/install/servo/share/ament_index/resource_index/package_run_dependencies/servo
-- Up-to-date: /home/pi/Legacy/URC-2026/embedded_ros2_ws/install/servo/share/ament_index/resource_index/parent_prefix_path/servo
-- Up-to-date: /home/pi/Legacy/URC-2026/embedded_ros2_ws/install/servo/share/servo/environment/ament_prefix_path.sh
-- Up-to-date: /home/pi/Legacy/URC-2026/embedded_ros2_ws/install/servo/share/servo/environment/ament_prefix_path.dsv
-- Up-to-date: /home/pi/Legacy/URC-2026/embedded_ros2_ws/install/servo/share/servo/environment/path.sh
-- Up-to-date: /home/pi/Legacy/URC-2026/embedded_ros2_ws/install/servo/share/servo/environment/path.dsv
-- Up-to-date: /home/pi/Legacy/URC-2026/embedded_ros2_ws/install/servo/share/servo/local_setup.bash
-- Up-to-date: /home/pi/Legacy/URC-2026/embedded_ros2_ws/install/servo/share/servo/local_setup.sh
-- Up-to-date: /home/pi/Legacy/URC-2026/embedded_ros2_ws/install/servo/share/servo/local_setup.zsh
-- Up-to-date: /home/pi/Legacy/URC-2026/embedded_ros2_ws/install/servo/share/servo/local_setup.dsv
-- Installing: /home/pi/Legacy/URC-2026/embedded_ros2_ws/install/servo/share/servo/package.dsv
-- Up-to-date: /home/pi/Legacy/URC-2026/embedded_ros2_ws/install/servo/share/ament_index/resource_index/packages/servo
-- Up-to-date: /home/pi/Legacy/URC-2026/embedded_ros2_ws/install/servo/share/servo/cmake/export_servo__rosidl_generator_cExport.cmake
-- Up-to-date: /home/pi/Legacy/URC-2026/embedded_ros2_ws/install/servo/share/servo/cmake/export_servo__rosidl_generator_cExport-noconfig.cmake
-- Up-to-date: /home/pi/Legacy/URC-2026/embedded_ros2_ws/install/servo/share/servo/cmake/export_servo__rosidl_typesupport_fastrtps_cExport.cmake
-- Up-to-date: /home/pi/Legacy/URC-2026/embedded_ros2_ws/install/servo/share/servo/cmake/export_servo__rosidl_typesupport_fastrtps_cExport-noconfig.cmake
-- Up-to-date: /home/pi/Legacy/URC-2026/embedded_ros2_ws/install/servo/share/servo/cmake/export_servo__rosidl_generator_cppExport.cmake
-- Up-to-date: /home/pi/Legacy/URC-2026/embedded_ros2_ws/install/servo/share/servo/cmake/export_servo__rosidl_typesupport_fastrtps_cppExport.cmake
-- Up-to-date: /home/pi/Legacy/URC-2026/embedded_ros2_ws/install/servo/share/servo/cmake/export_servo__rosidl_typesupport_fastrtps_cppExport-noconfig.cmake
-- Up-to-date: /home/pi/Legacy/URC-2026/embedded_ros2_ws/install/servo/share/servo/cmake/servo__rosidl_typesupport_introspection_cExport.cmake
-- Up-to-date: /home/pi/Legacy/URC-2026/embedded_ros2_ws/install/servo/share/servo/cmake/servo__rosidl_typesupport_introspection_cExport-noconfig.cmake
-- Up-to-date: /home/pi/Legacy/URC-2026/embedded_ros2_ws/install/servo/share/servo/cmake/servo__rosidl_typesupport_cExport.cmake
-- Up-to-date: /home/pi/Legacy/URC-2026/embedded_ros2_ws/install/servo/share/servo/cmake/servo__rosidl_typesupport_cExport-noconfig.cmake
-- Up-to-date: /home/pi/Legacy/URC-2026/embedded_ros2_ws/install/servo/share/servo/cmake/servo__rosidl_typesupport_introspection_cppExport.cmake
-- Up-to-date: /home/pi/Legacy/URC-2026/embedded_ros2_ws/install/servo/share/servo/cmake/servo__rosidl_typesupport_introspection_cppExport-noconfig.cmake
-- Up-to-date: /home/pi/Legacy/URC-2026/embedded_ros2_ws/install/servo/share/servo/cmake/servo__rosidl_typesupport_cppExport.cmake
-- Up-to-date: /home/pi/Legacy/URC-2026/embedded_ros2_ws/install/servo/share/servo/cmake/servo__rosidl_typesupport_cppExport-noconfig.cmake
-- Up-to-date: /home/pi/Legacy/URC-2026/embedded_ros2_ws/install/servo/share/servo/cmake/export_servo__rosidl_generator_pyExport.cmake
-- Up-to-date: /home/pi/Legacy/URC-2026/embedded_ros2_ws/install/servo/share/servo/cmake/export_servo__rosidl_generator_pyExport-noconfig.cmake
-- Up-to-date: /home/pi/Legacy/URC-2026/embedded_ros2_ws/install/servo/share/servo/cmake/rosidl_cmake-extras.cmake
-- Up-to-date: /home/pi/Legacy/URC-2026/embedded_ros2_ws/install/servo/share/servo/cmake/ament_cmake_export_include_directories-extras.cmake
-- Up-to-date: /home/pi/Legacy/URC-2026/embedded_ros2_ws/install/servo/share/servo/cmake/ament_cmake_export_libraries-extras.cmake
-- Up-to-date: /home/pi/Legacy/URC-2026/embedded_ros2_ws/install/servo/share/servo/cmake/ament_cmake_export_targets-extras.cmake
-- Up-to-date: /home/pi/Legacy/URC-2026/embedded_ros2_ws/install/servo/share/servo/cmake/rosidl_cmake_export_typesupport_targets-extras.cmake
-- Up-to-date: /home/pi/Legacy/URC-2026/embedded_ros2_ws/install/servo/share/servo/cmake/ament_cmake_export_dependencies-extras.cmake
-- Up-to-date: /home/pi/Legacy/URC-2026/embedded_ros2_ws/install/servo/share/servo/cmake/rosidl_cmake_export_typesupport_libraries-extras.cmake
-- Up-to-date: /home/pi/Legacy/URC-2026/embedded_ros2_ws/install/servo/share/servo/cmake/servoConfig.cmake
-- Up-to-date: /home/pi/Legacy/URC-2026/embedded_ros2_ws/install/servo/share/servo/cmake/servoConfig-version.cmake
-- Up-to-date: /home/pi/Legacy/URC-2026/embedded_ros2_ws/install/servo/share/servo/package.xml
