[0.092s] Invoking command in '/home/pi/Legacy/URC-2026/embedded_ros2_ws/build/servo': CMAKE_PREFIX_PATH=${CMAKE_PREFIX_PATH}:/home/pi/Legacy/URC-2026/embedded_ros2_ws/install/blender_motor:/home/pi/Legacy/Testing/ros2_ws/install/rover_motor_command:/home/pi/Legacy/URC-2026/drive_ros2_ws/install/drive_manager:/opt/ros/humble /usr/bin/cmake --build /home/pi/Legacy/URC-2026/embedded_ros2_ws/build/servo -- -j4 -l4
[0.406s] [35m[1mConsolidate compiler generated dependencies of target servo__rosidl_generator_c[0m
[0.533s] [  2%] Built target servo__cpp
[0.571s] [ 11%] Built target servo__rosidl_generator_c
[0.656s] [35m[1mConsolidate compiler generated dependencies of target servo__rosidl_typesupport_cpp[0m
[0.705s] [35m[1mConsolidate compiler generated dependencies of target servo__rosidl_typesupport_introspection_cpp[0m
[0.720s] [ 11%] Built target ament_cmake_python_copy_servo
[0.725s] [35m[1mConsolidate compiler generated dependencies of target servo__rosidl_typesupport_fastrtps_cpp[0m
[0.839s] [35m[1mConsolidate compiler generated dependencies of target servo__rosidl_typesupport_fastrtps_c[0m
[0.862s] [ 20%] Built target servo__rosidl_typesupport_cpp
[0.888s] [ 29%] Built target servo__rosidl_typesupport_introspection_cpp
[0.903s] [ 38%] Built target servo__rosidl_typesupport_fastrtps_cpp
[0.994s] [35m[1mConsolidate compiler generated dependencies of target servo__rosidl_typesupport_introspection_c[0m
[1.028s] [35m[1mConsolidate compiler generated dependencies of target servo__rosidl_typesupport_c[0m
[1.057s] [ 47%] Built target servo__rosidl_typesupport_fastrtps_c
[1.140s] [ 55%] Built target servo__rosidl_typesupport_introspection_c
[1.145s] [ 64%] Built target servo__rosidl_typesupport_c
[1.188s] [35m[1mConsolidate compiler generated dependencies of target servo_node[0m
[1.404s] [ 73%] Built target servo_node
[1.410s] [ 73%] Built target servo
[1.719s] [ 76%] Built target servo__py
[1.786s] [35m[1mConsolidate compiler generated dependencies of target servo__rosidl_generator_py[0m
[1.937s] [ 82%] Built target servo__rosidl_generator_py
[2.099s] [35m[1mConsolidate compiler generated dependencies of target servo__rosidl_typesupport_fastrtps_c__pyext[0m
[2.111s] [35m[1mConsolidate compiler generated dependencies of target servo__rosidl_typesupport_introspection_c__pyext[0m
[2.122s] [35m[1mConsolidate compiler generated dependencies of target servo__rosidl_typesupport_c__pyext[0m
[2.261s] [ 88%] Built target servo__rosidl_typesupport_introspection_c__pyext
[2.297s] [ 94%] Built target servo__rosidl_typesupport_fastrtps_c__pyext
[2.348s] [100%] Built target servo__rosidl_typesupport_c__pyext
[3.021s] running egg_info
[3.026s] writing servo.egg-info/PKG-INFO
[3.028s] writing dependency_links to servo.egg-info/dependency_links.txt
[3.029s] writing top-level names to servo.egg-info/top_level.txt
[3.042s] reading manifest file 'servo.egg-info/SOURCES.txt'
[3.046s] writing manifest file 'servo.egg-info/SOURCES.txt'
[3.260s] [100%] Built target ament_cmake_python_build_servo_egg
[3.334s] Invoked command in '/home/pi/Legacy/URC-2026/embedded_ros2_ws/build/servo' returned '0': CMAKE_PREFIX_PATH=${CMAKE_PREFIX_PATH}:/home/pi/Legacy/URC-2026/embedded_ros2_ws/install/blender_motor:/home/pi/Legacy/Testing/ros2_ws/install/rover_motor_command:/home/pi/Legacy/URC-2026/drive_ros2_ws/install/drive_manager:/opt/ros/humble /usr/bin/cmake --build /home/pi/Legacy/URC-2026/embedded_ros2_ws/build/servo -- -j4 -l4
[3.336s] Invoking command in '/home/pi/Legacy/URC-2026/embedded_ros2_ws/build/servo': CMAKE_PREFIX_PATH=${CMAKE_PREFIX_PATH}:/home/pi/Legacy/URC-2026/embedded_ros2_ws/install/blender_motor:/home/pi/Legacy/Testing/ros2_ws/install/rover_motor_command:/home/pi/Legacy/URC-2026/drive_ros2_ws/install/drive_manager:/opt/ros/humble /usr/bin/cmake --install /home/pi/Legacy/URC-2026/embedded_ros2_ws/build/servo
[3.401s] -- Install configuration: ""
[3.403s] -- Up-to-date: /home/pi/Legacy/URC-2026/embedded_ros2_ws/install/servo/share/ament_index/resource_index/rosidl_interfaces/servo
[3.405s] -- Up-to-date: /home/pi/Legacy/URC-2026/embedded_ros2_ws/install/servo/include/servo/servo
[3.406s] -- Up-to-date: /home/pi/Legacy/URC-2026/embedded_ros2_ws/install/servo/include/servo/servo/msg
[3.408s] -- Up-to-date: /home/pi/Legacy/URC-2026/embedded_ros2_ws/install/servo/include/servo/servo/msg/control_message.h
[3.410s] -- Up-to-date: /home/pi/Legacy/URC-2026/embedded_ros2_ws/install/servo/include/servo/servo/msg/rosidl_generator_c__visibility_control.h
[3.411s] -- Up-to-date: /home/pi/Legacy/URC-2026/embedded_ros2_ws/install/servo/include/servo/servo/msg/detail
[3.413s] -- Up-to-date: /home/pi/Legacy/URC-2026/embedded_ros2_ws/install/servo/include/servo/servo/msg/detail/control_message__functions.c
[3.414s] -- Up-to-date: /home/pi/Legacy/URC-2026/embedded_ros2_ws/install/servo/include/servo/servo/msg/detail/control_message__struct.h
[3.416s] -- Up-to-date: /home/pi/Legacy/URC-2026/embedded_ros2_ws/install/servo/include/servo/servo/msg/detail/control_message__type_support.h
[3.417s] -- Up-to-date: /home/pi/Legacy/URC-2026/embedded_ros2_ws/install/servo/include/servo/servo/msg/detail/control_message__functions.h
[3.421s] -- Up-to-date: /home/pi/Legacy/URC-2026/embedded_ros2_ws/install/servo/share/servo/environment/library_path.sh
[3.423s] -- Up-to-date: /home/pi/Legacy/URC-2026/embedded_ros2_ws/install/servo/share/servo/environment/library_path.dsv
[3.426s] -- Up-to-date: /home/pi/Legacy/URC-2026/embedded_ros2_ws/install/servo/lib/libservo__rosidl_generator_c.so
[3.429s] -- Up-to-date: /home/pi/Legacy/URC-2026/embedded_ros2_ws/install/servo/include/servo/servo
[3.430s] -- Up-to-date: /home/pi/Legacy/URC-2026/embedded_ros2_ws/install/servo/include/servo/servo/msg
[3.432s] -- Up-to-date: /home/pi/Legacy/URC-2026/embedded_ros2_ws/install/servo/include/servo/servo/msg/rosidl_typesupport_fastrtps_c__visibility_control.h
[3.433s] -- Up-to-date: /home/pi/Legacy/URC-2026/embedded_ros2_ws/install/servo/include/servo/servo/msg/detail
[3.435s] -- Up-to-date: /home/pi/Legacy/URC-2026/embedded_ros2_ws/install/servo/include/servo/servo/msg/detail/control_message__rosidl_typesupport_fastrtps_c.h
[3.438s] -- Up-to-date: /home/pi/Legacy/URC-2026/embedded_ros2_ws/install/servo/lib/libservo__rosidl_typesupport_fastrtps_c.so
[3.441s] -- Up-to-date: /home/pi/Legacy/URC-2026/embedded_ros2_ws/install/servo/include/servo/servo
[3.442s] -- Up-to-date: /home/pi/Legacy/URC-2026/embedded_ros2_ws/install/servo/include/servo/servo/msg
[3.444s] -- Up-to-date: /home/pi/Legacy/URC-2026/embedded_ros2_ws/install/servo/include/servo/servo/msg/control_message.hpp
[3.446s] -- Up-to-date: /home/pi/Legacy/URC-2026/embedded_ros2_ws/install/servo/include/servo/servo/msg/detail
[3.447s] -- Up-to-date: /home/pi/Legacy/URC-2026/embedded_ros2_ws/install/servo/include/servo/servo/msg/detail/control_message__type_support.hpp
[3.449s] -- Up-to-date: /home/pi/Legacy/URC-2026/embedded_ros2_ws/install/servo/include/servo/servo/msg/detail/control_message__traits.hpp
[3.450s] -- Up-to-date: /home/pi/Legacy/URC-2026/embedded_ros2_ws/install/servo/include/servo/servo/msg/detail/control_message__struct.hpp
[3.452s] -- Up-to-date: /home/pi/Legacy/URC-2026/embedded_ros2_ws/install/servo/include/servo/servo/msg/detail/control_message__builder.hpp
[3.454s] -- Up-to-date: /home/pi/Legacy/URC-2026/embedded_ros2_ws/install/servo/include/servo/servo/msg/rosidl_generator_cpp__visibility_control.hpp
[3.457s] -- Up-to-date: /home/pi/Legacy/URC-2026/embedded_ros2_ws/install/servo/include/servo/servo
[3.459s] -- Up-to-date: /home/pi/Legacy/URC-2026/embedded_ros2_ws/install/servo/include/servo/servo/msg
[3.460s] -- Up-to-date: /home/pi/Legacy/URC-2026/embedded_ros2_ws/install/servo/include/servo/servo/msg/rosidl_typesupport_fastrtps_cpp__visibility_control.h
[3.462s] -- Up-to-date: /home/pi/Legacy/URC-2026/embedded_ros2_ws/install/servo/include/servo/servo/msg/detail
[3.464s] -- Up-to-date: /home/pi/Legacy/URC-2026/embedded_ros2_ws/install/servo/include/servo/servo/msg/detail/dds_fastrtps
[3.465s] -- Up-to-date: /home/pi/Legacy/URC-2026/embedded_ros2_ws/install/servo/include/servo/servo/msg/detail/control_message__rosidl_typesupport_fastrtps_cpp.hpp
[3.468s] -- Up-to-date: /home/pi/Legacy/URC-2026/embedded_ros2_ws/install/servo/lib/libservo__rosidl_typesupport_fastrtps_cpp.so
[3.471s] -- Up-to-date: /home/pi/Legacy/URC-2026/embedded_ros2_ws/install/servo/include/servo/servo
[3.472s] -- Up-to-date: /home/pi/Legacy/URC-2026/embedded_ros2_ws/install/servo/include/servo/servo/msg
[3.474s] -- Up-to-date: /home/pi/Legacy/URC-2026/embedded_ros2_ws/install/servo/include/servo/servo/msg/detail
[3.476s] -- Up-to-date: /home/pi/Legacy/URC-2026/embedded_ros2_ws/install/servo/include/servo/servo/msg/detail/control_message__rosidl_typesupport_introspection_c.h
[3.479s] -- Up-to-date: /home/pi/Legacy/URC-2026/embedded_ros2_ws/install/servo/include/servo/servo/msg/detail/control_message__type_support.c
[3.480s] -- Up-to-date: /home/pi/Legacy/URC-2026/embedded_ros2_ws/install/servo/include/servo/servo/msg/rosidl_typesupport_introspection_c__visibility_control.h
[3.483s] -- Up-to-date: /home/pi/Legacy/URC-2026/embedded_ros2_ws/install/servo/lib/libservo__rosidl_typesupport_introspection_c.so
[3.487s] -- Up-to-date: /home/pi/Legacy/URC-2026/embedded_ros2_ws/install/servo/lib/libservo__rosidl_typesupport_c.so
[3.490s] -- Up-to-date: /home/pi/Legacy/URC-2026/embedded_ros2_ws/install/servo/include/servo/servo
[3.492s] -- Up-to-date: /home/pi/Legacy/URC-2026/embedded_ros2_ws/install/servo/include/servo/servo/msg
[3.493s] -- Up-to-date: /home/pi/Legacy/URC-2026/embedded_ros2_ws/install/servo/include/servo/servo/msg/detail
[3.495s] -- Up-to-date: /home/pi/Legacy/URC-2026/embedded_ros2_ws/install/servo/include/servo/servo/msg/detail/control_message__type_support.cpp
[3.496s] -- Up-to-date: /home/pi/Legacy/URC-2026/embedded_ros2_ws/install/servo/include/servo/servo/msg/detail/control_message__rosidl_typesupport_introspection_cpp.hpp
[3.499s] -- Up-to-date: /home/pi/Legacy/URC-2026/embedded_ros2_ws/install/servo/lib/libservo__rosidl_typesupport_introspection_cpp.so
[3.504s] -- Up-to-date: /home/pi/Legacy/URC-2026/embedded_ros2_ws/install/servo/lib/libservo__rosidl_typesupport_cpp.so
[3.509s] -- Up-to-date: /home/pi/Legacy/URC-2026/embedded_ros2_ws/install/servo/share/servo/environment/pythonpath.sh
[3.512s] -- Up-to-date: /home/pi/Legacy/URC-2026/embedded_ros2_ws/install/servo/share/servo/environment/pythonpath.dsv
[3.514s] -- Up-to-date: /home/pi/Legacy/URC-2026/embedded_ros2_ws/install/servo/local/lib/python3.10/dist-packages/servo-0.0.0-py3.10.egg-info
[3.523s] -- Installing: /home/pi/Legacy/URC-2026/embedded_ros2_ws/install/servo/local/lib/python3.10/dist-packages/servo-0.0.0-py3.10.egg-info/PKG-INFO
[3.527s] -- Installing: /home/pi/Legacy/URC-2026/embedded_ros2_ws/install/servo/local/lib/python3.10/dist-packages/servo-0.0.0-py3.10.egg-info/top_level.txt
[3.530s] -- Installing: /home/pi/Legacy/URC-2026/embedded_ros2_ws/install/servo/local/lib/python3.10/dist-packages/servo-0.0.0-py3.10.egg-info/SOURCES.txt
[3.533s] -- Installing: /home/pi/Legacy/URC-2026/embedded_ros2_ws/install/servo/local/lib/python3.10/dist-packages/servo-0.0.0-py3.10.egg-info/dependency_links.txt
[3.536s] -- Up-to-date: /home/pi/Legacy/URC-2026/embedded_ros2_ws/install/servo/local/lib/python3.10/dist-packages/servo
[3.538s] -- Up-to-date: /home/pi/Legacy/URC-2026/embedded_ros2_ws/install/servo/local/lib/python3.10/dist-packages/servo/servo_s__rosidl_typesupport_fastrtps_c.cpython-310-aarch64-linux-gnu.so
[3.539s] -- Up-to-date: /home/pi/Legacy/URC-2026/embedded_ros2_ws/install/servo/local/lib/python3.10/dist-packages/servo/__init__.py
[3.541s] -- Up-to-date: /home/pi/Legacy/URC-2026/embedded_ros2_ws/install/servo/local/lib/python3.10/dist-packages/servo/libservo__rosidl_generator_py.so
[3.542s] -- Up-to-date: /home/pi/Legacy/URC-2026/embedded_ros2_ws/install/servo/local/lib/python3.10/dist-packages/servo/_servo_s.ep.rosidl_typesupport_c.c
[3.544s] -- Up-to-date: /home/pi/Legacy/URC-2026/embedded_ros2_ws/install/servo/local/lib/python3.10/dist-packages/servo/_servo_s.ep.rosidl_typesupport_fastrtps_c.c
[3.545s] -- Up-to-date: /home/pi/Legacy/URC-2026/embedded_ros2_ws/install/servo/local/lib/python3.10/dist-packages/servo/servo_s__rosidl_typesupport_introspection_c.cpython-310-aarch64-linux-gnu.so
[3.547s] -- Up-to-date: /home/pi/Legacy/URC-2026/embedded_ros2_ws/install/servo/local/lib/python3.10/dist-packages/servo/_servo_s.ep.rosidl_typesupport_introspection_c.c
[3.548s] -- Up-to-date: /home/pi/Legacy/URC-2026/embedded_ros2_ws/install/servo/local/lib/python3.10/dist-packages/servo/msg
[3.550s] -- Up-to-date: /home/pi/Legacy/URC-2026/embedded_ros2_ws/install/servo/local/lib/python3.10/dist-packages/servo/msg/__init__.py
[3.552s] -- Up-to-date: /home/pi/Legacy/URC-2026/embedded_ros2_ws/install/servo/local/lib/python3.10/dist-packages/servo/msg/_control_message_s.c
[3.555s] -- Up-to-date: /home/pi/Legacy/URC-2026/embedded_ros2_ws/install/servo/local/lib/python3.10/dist-packages/servo/msg/_control_message.py
[3.557s] -- Up-to-date: /home/pi/Legacy/URC-2026/embedded_ros2_ws/install/servo/local/lib/python3.10/dist-packages/servo/servo_s__rosidl_typesupport_c.cpython-310-aarch64-linux-gnu.so
[3.840s] Listing '/home/pi/Legacy/URC-2026/embedded_ros2_ws/install/servo/local/lib/python3.10/dist-packages/servo'...
[3.841s] Listing '/home/pi/Legacy/URC-2026/embedded_ros2_ws/install/servo/local/lib/python3.10/dist-packages/servo/msg'...
[3.881s] -- Up-to-date: /home/pi/Legacy/URC-2026/embedded_ros2_ws/install/servo/local/lib/python3.10/dist-packages/servo/servo_s__rosidl_typesupport_fastrtps_c.cpython-310-aarch64-linux-gnu.so
[3.884s] -- Up-to-date: /home/pi/Legacy/URC-2026/embedded_ros2_ws/install/servo/local/lib/python3.10/dist-packages/servo/servo_s__rosidl_typesupport_introspection_c.cpython-310-aarch64-linux-gnu.so
[3.888s] -- Up-to-date: /home/pi/Legacy/URC-2026/embedded_ros2_ws/install/servo/local/lib/python3.10/dist-packages/servo/servo_s__rosidl_typesupport_c.cpython-310-aarch64-linux-gnu.so
[3.891s] -- Up-to-date: /home/pi/Legacy/URC-2026/embedded_ros2_ws/install/servo/lib/libservo__rosidl_generator_py.so
[3.893s] -- Up-to-date: /home/pi/Legacy/URC-2026/embedded_ros2_ws/install/servo/share/servo/msg/ControlMessage.idl
[3.895s] -- Up-to-date: /home/pi/Legacy/URC-2026/embedded_ros2_ws/install/servo/share/servo/msg/ControlMessage.msg
[3.897s] -- Up-to-date: /home/pi/Legacy/URC-2026/embedded_ros2_ws/install/servo/lib/servo/servo_node
[3.898s] -- Up-to-date: /home/pi/Legacy/URC-2026/embedded_ros2_ws/install/servo/share/servo/launch
[3.899s] -- Up-to-date: /home/pi/Legacy/URC-2026/embedded_ros2_ws/install/servo/share/servo/launch/example_launch.yaml
[3.900s] -- Up-to-date: /home/pi/Legacy/URC-2026/embedded_ros2_ws/install/servo/share/ament_index/resource_index/package_run_dependencies/servo
[3.901s] -- Up-to-date: /home/pi/Legacy/URC-2026/embedded_ros2_ws/install/servo/share/ament_index/resource_index/parent_prefix_path/servo
[3.903s] -- Up-to-date: /home/pi/Legacy/URC-2026/embedded_ros2_ws/install/servo/share/servo/environment/ament_prefix_path.sh
[3.911s] -- Up-to-date: /home/pi/Legacy/URC-2026/embedded_ros2_ws/install/servo/share/servo/environment/ament_prefix_path.dsv
[3.912s] -- Up-to-date: /home/pi/Legacy/URC-2026/embedded_ros2_ws/install/servo/share/servo/environment/path.sh
[3.912s] -- Up-to-date: /home/pi/Legacy/URC-2026/embedded_ros2_ws/install/servo/share/servo/environment/path.dsv
[3.913s] -- Up-to-date: /home/pi/Legacy/URC-2026/embedded_ros2_ws/install/servo/share/servo/local_setup.bash
[3.913s] -- Up-to-date: /home/pi/Legacy/URC-2026/embedded_ros2_ws/install/servo/share/servo/local_setup.sh
[3.914s] -- Up-to-date: /home/pi/Legacy/URC-2026/embedded_ros2_ws/install/servo/share/servo/local_setup.zsh
[3.915s] -- Up-to-date: /home/pi/Legacy/URC-2026/embedded_ros2_ws/install/servo/share/servo/local_setup.dsv
[3.915s] -- Installing: /home/pi/Legacy/URC-2026/embedded_ros2_ws/install/servo/share/servo/package.dsv
[3.916s] -- Up-to-date: /home/pi/Legacy/URC-2026/embedded_ros2_ws/install/servo/share/ament_index/resource_index/packages/servo
[3.917s] -- Up-to-date: /home/pi/Legacy/URC-2026/embedded_ros2_ws/install/servo/share/servo/cmake/export_servo__rosidl_generator_cExport.cmake
[3.918s] -- Up-to-date: /home/pi/Legacy/URC-2026/embedded_ros2_ws/install/servo/share/servo/cmake/export_servo__rosidl_generator_cExport-noconfig.cmake
[3.918s] -- Up-to-date: /home/pi/Legacy/URC-2026/embedded_ros2_ws/install/servo/share/servo/cmake/export_servo__rosidl_typesupport_fastrtps_cExport.cmake
[3.928s] -- Up-to-date: /home/pi/Legacy/URC-2026/embedded_ros2_ws/install/servo/share/servo/cmake/export_servo__rosidl_typesupport_fastrtps_cExport-noconfig.cmake
[3.929s] -- Up-to-date: /home/pi/Legacy/URC-2026/embedded_ros2_ws/install/servo/share/servo/cmake/export_servo__rosidl_generator_cppExport.cmake
[3.930s] -- Up-to-date: /home/pi/Legacy/URC-2026/embedded_ros2_ws/install/servo/share/servo/cmake/export_servo__rosidl_typesupport_fastrtps_cppExport.cmake
[3.931s] -- Up-to-date: /home/pi/Legacy/URC-2026/embedded_ros2_ws/install/servo/share/servo/cmake/export_servo__rosidl_typesupport_fastrtps_cppExport-noconfig.cmake
[3.932s] -- Up-to-date: /home/pi/Legacy/URC-2026/embedded_ros2_ws/install/servo/share/servo/cmake/servo__rosidl_typesupport_introspection_cExport.cmake
[3.933s] -- Up-to-date: /home/pi/Legacy/URC-2026/embedded_ros2_ws/install/servo/share/servo/cmake/servo__rosidl_typesupport_introspection_cExport-noconfig.cmake
[3.933s] -- Up-to-date: /home/pi/Legacy/URC-2026/embedded_ros2_ws/install/servo/share/servo/cmake/servo__rosidl_typesupport_cExport.cmake
[3.934s] -- Up-to-date: /home/pi/Legacy/URC-2026/embedded_ros2_ws/install/servo/share/servo/cmake/servo__rosidl_typesupport_cExport-noconfig.cmake
[3.935s] -- Up-to-date: /home/pi/Legacy/URC-2026/embedded_ros2_ws/install/servo/share/servo/cmake/servo__rosidl_typesupport_introspection_cppExport.cmake
[3.943s] -- Up-to-date: /home/pi/Legacy/URC-2026/embedded_ros2_ws/install/servo/share/servo/cmake/servo__rosidl_typesupport_introspection_cppExport-noconfig.cmake
[3.943s] -- Up-to-date: /home/pi/Legacy/URC-2026/embedded_ros2_ws/install/servo/share/servo/cmake/servo__rosidl_typesupport_cppExport.cmake
[3.944s] -- Up-to-date: /home/pi/Legacy/URC-2026/embedded_ros2_ws/install/servo/share/servo/cmake/servo__rosidl_typesupport_cppExport-noconfig.cmake
[3.945s] -- Up-to-date: /home/pi/Legacy/URC-2026/embedded_ros2_ws/install/servo/share/servo/cmake/export_servo__rosidl_generator_pyExport.cmake
[3.945s] -- Up-to-date: /home/pi/Legacy/URC-2026/embedded_ros2_ws/install/servo/share/servo/cmake/export_servo__rosidl_generator_pyExport-noconfig.cmake
[3.946s] -- Up-to-date: /home/pi/Legacy/URC-2026/embedded_ros2_ws/install/servo/share/servo/cmake/rosidl_cmake-extras.cmake
[3.947s] -- Up-to-date: /home/pi/Legacy/URC-2026/embedded_ros2_ws/install/servo/share/servo/cmake/ament_cmake_export_include_directories-extras.cmake
[3.948s] -- Up-to-date: /home/pi/Legacy/URC-2026/embedded_ros2_ws/install/servo/share/servo/cmake/ament_cmake_export_libraries-extras.cmake
[3.963s] -- Up-to-date: /home/pi/Legacy/URC-2026/embedded_ros2_ws/install/servo/share/servo/cmake/ament_cmake_export_targets-extras.cmake
[3.963s] -- Up-to-date: /home/pi/Legacy/URC-2026/embedded_ros2_ws/install/servo/share/servo/cmake/rosidl_cmake_export_typesupport_targets-extras.cmake
[3.964s] -- Up-to-date: /home/pi/Legacy/URC-2026/embedded_ros2_ws/install/servo/share/servo/cmake/ament_cmake_export_dependencies-extras.cmake
[3.964s] -- Up-to-date: /home/pi/Legacy/URC-2026/embedded_ros2_ws/install/servo/share/servo/cmake/rosidl_cmake_export_typesupport_libraries-extras.cmake
[3.965s] -- Up-to-date: /home/pi/Legacy/URC-2026/embedded_ros2_ws/install/servo/share/servo/cmake/servoConfig.cmake
[3.966s] -- Up-to-date: /home/pi/Legacy/URC-2026/embedded_ros2_ws/install/servo/share/servo/cmake/servoConfig-version.cmake
[3.966s] -- Up-to-date: /home/pi/Legacy/URC-2026/embedded_ros2_ws/install/servo/share/servo/package.xml
[3.967s] Invoked command in '/home/pi/Legacy/URC-2026/embedded_ros2_ws/build/servo' returned '0': CMAKE_PREFIX_PATH=${CMAKE_PREFIX_PATH}:/home/pi/Legacy/URC-2026/embedded_ros2_ws/install/blender_motor:/home/pi/Legacy/Testing/ros2_ws/install/rover_motor_command:/home/pi/Legacy/URC-2026/drive_ros2_ws/install/drive_manager:/opt/ros/humble /usr/bin/cmake --install /home/pi/Legacy/URC-2026/embedded_ros2_ws/build/servo
