running egg_info
writing ../../build/drive_manager/drive_manager.egg-info/PKG-INFO
writing dependency_links to ../../build/drive_manager/drive_manager.egg-info/dependency_links.txt
writing entry points to ../../build/drive_manager/drive_manager.egg-info/entry_points.txt
writing requirements to ../../build/drive_manager/drive_manager.egg-info/requires.txt
writing top-level names to ../../build/drive_manager/drive_manager.egg-info/top_level.txt
reading manifest file '../../build/drive_manager/drive_manager.egg-info/SOURCES.txt'
adding license file 'LICENSE'
writing manifest file '../../build/drive_manager/drive_manager.egg-info/SOURCES.txt'
running build
running build_py
copying src/drive_manager_node.py -> /home/pi/Legacy/URC-2026/drive_ros2_ws/build/drive_manager/build/lib/src
running install
running install_lib
copying /home/pi/Legacy/URC-2026/drive_ros2_ws/build/drive_manager/build/lib/src/drive_manager_node.py -> /home/pi/Legacy/URC-2026/drive_ros2_ws/install/drive_manager/lib/python3.10/site-packages/src
byte-compiling /home/pi/Legacy/URC-2026/drive_ros2_ws/install/drive_manager/lib/python3.10/site-packages/src/drive_manager_node.py to drive_manager_node.cpython-310.pyc
running install_data
running install_egg_info
removing '/home/pi/Legacy/URC-2026/drive_ros2_ws/install/drive_manager/lib/python3.10/site-packages/drive_manager-0.0.0-py3.10.egg-info' (and everything under it)
Copying ../../build/drive_manager/drive_manager.egg-info to /home/pi/Legacy/URC-2026/drive_ros2_ws/install/drive_manager/lib/python3.10/site-packages/drive_manager-0.0.0-py3.10.egg-info
running install_scripts
Installing drive_manager_node script to /home/pi/Legacy/URC-2026/drive_ros2_ws/install/drive_manager/lib/drive_manager
writing list of installed files to '/home/pi/Legacy/URC-2026/drive_ros2_ws/build/drive_manager/install.log'
