[3.849s] Invoking command in '/home/pi/Legacy/URC-2026/drive_ros2_ws/src/drive': CMAKE_PREFIX_PATH=/home/pi/Legacy/URC-2026/drive_ros2_ws/install/drive_teleop:/home/pi/Legacy/URC-2026/embedded_ros2_ws/install/yellowjacket_can:/home/pi/Legacy/URC-2026/embedded_ros2_ws/install/stepper_can:/home/pi/Legacy/URC-2026/embedded_ros2_ws/install/servo:/home/pi/Legacy/URC-2026/embedded_ros2_ws/install/odrive_can:/home/pi/Legacy/URC-2026/embedded_ros2_ws/install/npk_sensor:/home/pi/Legacy/URC-2026/embedded_ros2_ws/install/mock_gps:/home/pi/Legacy/URC-2026/embedded_ros2_ws/install/cubemars_can:/home/pi/Legacy/Testing/ros2_ws/install/odrive_can LD_LIBRARY_PATH=/home/pi/Legacy/URC-2026/drive_ros2_ws/install/drive_teleop/lib:/home/pi/Legacy/URC-2026/embedded_ros2_ws/install/yellowjacket_can/lib:/home/pi/Legacy/URC-2026/embedded_ros2_ws/install/stepper_can/lib:/home/pi/Legacy/URC-2026/embedded_ros2_ws/install/servo/lib:/home/pi/Legacy/URC-2026/embedded_ros2_ws/install/odrive_can/lib:/home/pi/Legacy/URC-2026/embedded_ros2_ws/install/npk_sensor/lib:/home/pi/Legacy/URC-2026/embedded_ros2_ws/install/cubemars_can/lib:/home/pi/Legacy/Testing/ros2_ws/install/odrive_can/lib:/opt/ros/humble/lib/aarch64-linux-gnu:/opt/ros/humble/lib PYTHONPATH=/home/pi/Legacy/URC-2026/drive_ros2_ws/build/drive_manager/prefix_override:/usr/lib/python3/dist-packages/colcon_core/task/python/colcon_distutils_commands:/home/pi/Legacy/URC-2026/drive_ros2_ws/install/drive_manager/lib/python3.10/site-packages:${PYTHONPATH} /usr/bin/python3 -W ignore:setup.py install is deprecated -W ignore:easy_install command is deprecated setup.py egg_info --egg-base ../../build/drive_manager build --build-base /home/pi/Legacy/URC-2026/drive_ros2_ws/build/drive_manager/build install --record /home/pi/Legacy/URC-2026/drive_ros2_ws/build/drive_manager/install.log --single-version-externally-managed install_data
[5.634s] running egg_info
[5.641s] writing ../../build/drive_manager/drive_manager.egg-info/PKG-INFO
[5.644s] writing dependency_links to ../../build/drive_manager/drive_manager.egg-info/dependency_links.txt
[5.649s] writing entry points to ../../build/drive_manager/drive_manager.egg-info/entry_points.txt
[5.670s] writing requirements to ../../build/drive_manager/drive_manager.egg-info/requires.txt
[5.673s] writing top-level names to ../../build/drive_manager/drive_manager.egg-info/top_level.txt
[5.684s] reading manifest file '../../build/drive_manager/drive_manager.egg-info/SOURCES.txt'
[5.686s] adding license file 'LICENSE'
[5.690s] writing manifest file '../../build/drive_manager/drive_manager.egg-info/SOURCES.txt'
[5.692s] running build
[5.693s] running build_py
[5.694s] copying src/drive_manager_node.py -> /home/pi/Legacy/URC-2026/drive_ros2_ws/build/drive_manager/build/lib/src
[5.695s] running install
[5.697s] running install_lib
[5.701s] copying /home/pi/Legacy/URC-2026/drive_ros2_ws/build/drive_manager/build/lib/src/drive_manager_node.py -> /home/pi/Legacy/URC-2026/drive_ros2_ws/install/drive_manager/lib/python3.10/site-packages/src
[5.706s] byte-compiling /home/pi/Legacy/URC-2026/drive_ros2_ws/install/drive_manager/lib/python3.10/site-packages/src/drive_manager_node.py to drive_manager_node.cpython-310.pyc
[5.711s] running install_data
[5.713s] running install_egg_info
[5.724s] removing '/home/pi/Legacy/URC-2026/drive_ros2_ws/install/drive_manager/lib/python3.10/site-packages/drive_manager-0.0.0-py3.10.egg-info' (and everything under it)
[5.726s] Copying ../../build/drive_manager/drive_manager.egg-info to /home/pi/Legacy/URC-2026/drive_ros2_ws/install/drive_manager/lib/python3.10/site-packages/drive_manager-0.0.0-py3.10.egg-info
[5.736s] running install_scripts
[5.873s] Installing drive_manager_node script to /home/pi/Legacy/URC-2026/drive_ros2_ws/install/drive_manager/lib/drive_manager
[5.881s] writing list of installed files to '/home/pi/Legacy/URC-2026/drive_ros2_ws/build/drive_manager/install.log'
[6.040s] Invoked command in '/home/pi/Legacy/URC-2026/drive_ros2_ws/src/drive' returned '0': CMAKE_PREFIX_PATH=/home/pi/Legacy/URC-2026/drive_ros2_ws/install/drive_teleop:/home/pi/Legacy/URC-2026/embedded_ros2_ws/install/yellowjacket_can:/home/pi/Legacy/URC-2026/embedded_ros2_ws/install/stepper_can:/home/pi/Legacy/URC-2026/embedded_ros2_ws/install/servo:/home/pi/Legacy/URC-2026/embedded_ros2_ws/install/odrive_can:/home/pi/Legacy/URC-2026/embedded_ros2_ws/install/npk_sensor:/home/pi/Legacy/URC-2026/embedded_ros2_ws/install/mock_gps:/home/pi/Legacy/URC-2026/embedded_ros2_ws/install/cubemars_can:/home/pi/Legacy/Testing/ros2_ws/install/odrive_can LD_LIBRARY_PATH=/home/pi/Legacy/URC-2026/drive_ros2_ws/install/drive_teleop/lib:/home/pi/Legacy/URC-2026/embedded_ros2_ws/install/yellowjacket_can/lib:/home/pi/Legacy/URC-2026/embedded_ros2_ws/install/stepper_can/lib:/home/pi/Legacy/URC-2026/embedded_ros2_ws/install/servo/lib:/home/pi/Legacy/URC-2026/embedded_ros2_ws/install/odrive_can/lib:/home/pi/Legacy/URC-2026/embedded_ros2_ws/install/npk_sensor/lib:/home/pi/Legacy/URC-2026/embedded_ros2_ws/install/cubemars_can/lib:/home/pi/Legacy/Testing/ros2_ws/install/odrive_can/lib:/opt/ros/humble/lib/aarch64-linux-gnu:/opt/ros/humble/lib PYTHONPATH=/home/pi/Legacy/URC-2026/drive_ros2_ws/build/drive_manager/prefix_override:/usr/lib/python3/dist-packages/colcon_core/task/python/colcon_distutils_commands:/home/pi/Legacy/URC-2026/drive_ros2_ws/install/drive_manager/lib/python3.10/site-packages:${PYTHONPATH} /usr/bin/python3 -W ignore:setup.py install is deprecated -W ignore:easy_install command is deprecated setup.py egg_info --egg-base ../../build/drive_manager build --build-base /home/pi/Legacy/URC-2026/drive_ros2_ws/build/drive_manager/build install --record /home/pi/Legacy/URC-2026/drive_ros2_ws/build/drive_manager/install.log --single-version-externally-managed install_data
