[1.152s] Invoking command in '/home/pi/Legacy/URC-2026/embedded_ros2_ws/build/npk_sensor': CMAKE_PREFIX_PATH=${CMAKE_PREFIX_PATH}:/home/pi/Legacy/URC-2026/embedded_ros2_ws/install/blender_motor:/home/pi/Legacy/Testing/ros2_ws/install/rover_motor_command:/home/pi/Legacy/URC-2026/drive_ros2_ws/install/drive_manager:/opt/ros/humble /usr/bin/cmake /home/pi/Legacy/URC-2026/embedded_ros2_ws/src/npk_sensor -DCMAKE_INSTALL_PREFIX=/home/pi/Legacy/URC-2026/embedded_ros2_ws/install/npk_sensor
[1.797s] -- The C compiler identification is GNU 11.4.0
[2.149s] -- The CXX compiler identification is GNU 11.4.0
[2.189s] -- Detecting C compiler ABI info
[2.717s] -- Detecting C compiler ABI info - done
[2.758s] -- Check for working C compiler: /usr/bin/cc - skipped
[2.759s] -- Detecting C compile features
[2.761s] -- Detecting C compile features - done
[2.776s] -- Detecting CXX compiler ABI info
[3.251s] -- Detecting CXX compiler ABI info - done
[3.281s] -- Check for working CXX compiler: /usr/bin/c++ - skipped
[3.283s] -- Detecting CXX compile features
[3.284s] -- Detecting CXX compile features - done
[3.315s] -- Found ament_cmake: 1.3.12 (/opt/ros/humble/share/ament_cmake/cmake)
[4.518s] -- Found Python3: /usr/bin/python3 (found version "3.10.12") found components: Interpreter 
[5.569s] -- Found rclpy: 3.3.19 (/opt/ros/humble/share/rclpy/cmake)
[5.591s] -- Found rosidl_default_generators: 1.2.0 (/opt/ros/humble/share/rosidl_default_generators/cmake)
[5.629s] -- Using all available rosidl_typesupport_c: rosidl_typesupport_fastrtps_c;rosidl_typesupport_introspection_c
[5.713s] -- Found rosidl_adapter: 3.1.8 (/opt/ros/humble/share/rosidl_adapter/cmake)
[6.124s] -- Using all available rosidl_typesupport_cpp: rosidl_typesupport_fastrtps_cpp;rosidl_typesupport_introspection_cpp
[7.898s] -- Found ament_cmake_ros: 0.10.0 (/opt/ros/humble/share/ament_cmake_ros/cmake)
[9.209s] -- Using all available rosidl_typesupport_c: rosidl_typesupport_fastrtps_c;rosidl_typesupport_introspection_c
[10.725s] -- Using all available rosidl_typesupport_cpp: rosidl_typesupport_fastrtps_cpp;rosidl_typesupport_introspection_cpp
[10.876s] -- Found PythonInterp: /usr/bin/python3 (found suitable version "3.10.12", minimum required is "3.6") 
[10.902s] -- Found python_cmake_module: 0.10.0 (/opt/ros/humble/share/python_cmake_module/cmake)
[11.074s] -- Found PythonLibs: /usr/lib/aarch64-linux-gnu/libpython3.10.so (found suitable version "3.10.12", minimum required is "3.5") 
[11.077s] -- Using PYTHON_EXECUTABLE: /usr/bin/python3
[11.078s] -- Using PYTHON_INCLUDE_DIRS: /usr/include/python3.10
[11.080s] -- Using PYTHON_LIBRARIES: /usr/lib/aarch64-linux-gnu/libpython3.10.so
[11.200s] -- Found PythonExtra: .so  
[11.466s] -- Configuring done
[11.680s] -- Generating done
[11.738s] -- Build files have been written to: /home/pi/Legacy/URC-2026/embedded_ros2_ws/build/npk_sensor
[11.761s] Invoked command in '/home/pi/Legacy/URC-2026/embedded_ros2_ws/build/npk_sensor' returned '0': CMAKE_PREFIX_PATH=${CMAKE_PREFIX_PATH}:/home/pi/Legacy/URC-2026/embedded_ros2_ws/install/blender_motor:/home/pi/Legacy/Testing/ros2_ws/install/rover_motor_command:/home/pi/Legacy/URC-2026/drive_ros2_ws/install/drive_manager:/opt/ros/humble /usr/bin/cmake /home/pi/Legacy/URC-2026/embedded_ros2_ws/src/npk_sensor -DCMAKE_INSTALL_PREFIX=/home/pi/Legacy/URC-2026/embedded_ros2_ws/install/npk_sensor
[11.771s] Invoking command in '/home/pi/Legacy/URC-2026/embedded_ros2_ws/build/npk_sensor': CMAKE_PREFIX_PATH=${CMAKE_PREFIX_PATH}:/home/pi/Legacy/URC-2026/embedded_ros2_ws/install/blender_motor:/home/pi/Legacy/Testing/ros2_ws/install/rover_motor_command:/home/pi/Legacy/URC-2026/drive_ros2_ws/install/drive_manager:/opt/ros/humble /usr/bin/cmake --build /home/pi/Legacy/URC-2026/embedded_ros2_ws/build/npk_sensor -- -j4 -l4
[12.029s] [  3%] [34m[1mGenerating C code for ROS interfaces[0m
[12.101s] [  6%] [34m[1mGenerating C++ code for ROS interfaces[0m
[12.234s] [  6%] Built target ament_cmake_python_copy_npk_sensor
[12.266s] [  6%] Built target ament_cmake_python_copy_src
[14.622s] running egg_info
[14.626s] creating npk_sensor.egg-info
[14.627s] writing npk_sensor.egg-info/PKG-INFO
[14.629s] writing dependency_links to npk_sensor.egg-info/dependency_links.txt
[14.630s] writing top-level names to npk_sensor.egg-info/top_level.txt
[14.632s] writing manifest file 'npk_sensor.egg-info/SOURCES.txt'
[14.643s] reading manifest file 'npk_sensor.egg-info/SOURCES.txt'
[14.647s] writing manifest file 'npk_sensor.egg-info/SOURCES.txt'
[14.874s] [  6%] Built target ament_cmake_python_build_npk_sensor_egg
[15.082s] [  6%] Built target npk_sensor__cpp
[15.237s] [  9%] [34m[1mGenerating C++ type support dispatch for ROS interfaces[0m
[15.259s] [ 12%] [34m[1mGenerating C++ type support for eProsima Fast-RTPS[0m
[15.515s] running egg_info
[15.519s] creating src.egg-info
[15.520s] writing src.egg-info/PKG-INFO
[15.521s] writing dependency_links to src.egg-info/dependency_links.txt
[15.523s] writing top-level names to src.egg-info/top_level.txt
[15.530s] writing manifest file 'src.egg-info/SOURCES.txt'
[15.542s] reading manifest file 'src.egg-info/SOURCES.txt'
[15.562s] writing manifest file 'src.egg-info/SOURCES.txt'
[15.943s] [ 16%] [32mBuilding C object CMakeFiles/npk_sensor__rosidl_generator_c.dir/rosidl_generator_c/npk_sensor/srv/detail/get_soil_data__functions.c.o[0m
[15.945s] [ 16%] Built target ament_cmake_python_build_src_egg
[16.040s] [ 19%] [34m[1mGenerating C++ introspection for ROS interfaces[0m
[16.701s] [ 22%] [32m[1mLinking C shared library libnpk_sensor__rosidl_generator_c.so[0m
[17.237s] [ 22%] Built target npk_sensor__rosidl_generator_c
[17.397s] [ 25%] [34m[1mGenerating C type support for eProsima Fast-RTPS[0m
[17.857s] [ 29%] [32mBuilding CXX object CMakeFiles/npk_sensor__rosidl_typesupport_cpp.dir/rosidl_typesupport_cpp/npk_sensor/srv/get_soil_data__type_support.cpp.o[0m
[19.295s] [ 32%] [32mBuilding CXX object CMakeFiles/npk_sensor__rosidl_typesupport_fastrtps_cpp.dir/rosidl_typesupport_fastrtps_cpp/npk_sensor/srv/detail/dds_fastrtps/get_soil_data__type_support.cpp.o[0m
[19.403s] [ 35%] [32mBuilding CXX object CMakeFiles/npk_sensor__rosidl_typesupport_introspection_cpp.dir/rosidl_typesupport_introspection_cpp/npk_sensor/srv/detail/get_soil_data__type_support.cpp.o[0m
[21.459s] [ 38%] [32mBuilding CXX object CMakeFiles/npk_sensor__rosidl_typesupport_fastrtps_c.dir/rosidl_typesupport_fastrtps_c/npk_sensor/srv/detail/get_soil_data__type_support_c.cpp.o[0m
[21.832s] [ 41%] [32m[1mLinking CXX shared library libnpk_sensor__rosidl_typesupport_cpp.so[0m
[22.313s] [ 41%] Built target npk_sensor__rosidl_typesupport_cpp
[22.476s] [ 45%] [34m[1mGenerating C introspection for ROS interfaces[0m
[25.413s] [ 48%] [32m[1mLinking CXX shared library libnpk_sensor__rosidl_typesupport_introspection_cpp.so[0m
[25.998s] [ 48%] Built target npk_sensor__rosidl_typesupport_introspection_cpp
[26.182s] [ 51%] [34m[1mGenerating C type support dispatch for ROS interfaces[0m
[26.529s] [ 54%] [32m[1mLinking CXX shared library libnpk_sensor__rosidl_typesupport_fastrtps_cpp.so[0m
[26.887s] [ 58%] [32mBuilding C object CMakeFiles/npk_sensor__rosidl_typesupport_introspection_c.dir/rosidl_typesupport_introspection_c/npk_sensor/srv/detail/get_soil_data__type_support.c.o[0m
[27.431s] [ 61%] [32m[1mLinking C shared library libnpk_sensor__rosidl_typesupport_introspection_c.so[0m
[27.603s] [ 61%] Built target npk_sensor__rosidl_typesupport_fastrtps_cpp
[27.833s] [ 64%] [32m[1mLinking CXX shared library libnpk_sensor__rosidl_typesupport_fastrtps_c.so[0m
[27.896s] [ 64%] Built target npk_sensor__rosidl_typesupport_introspection_c
[28.575s] [ 64%] Built target npk_sensor__rosidl_typesupport_fastrtps_c
[28.917s] [ 67%] [32mBuilding CXX object CMakeFiles/npk_sensor__rosidl_typesupport_c.dir/rosidl_typesupport_c/npk_sensor/srv/get_soil_data__type_support.cpp.o[0m
[29.379s] [ 70%] [32m[1mLinking CXX shared library libnpk_sensor__rosidl_typesupport_c.so[0m
[29.911s] [ 70%] Built target npk_sensor__rosidl_typesupport_c
[30.208s] [ 70%] Built target npk_sensor
[30.513s] [ 74%] [34m[1mGenerating Python code for ROS interfaces[0m
[35.232s] [ 74%] Built target npk_sensor__py
[35.580s] [ 77%] [32mBuilding C object CMakeFiles/npk_sensor__rosidl_generator_py.dir/rosidl_generator_py/npk_sensor/srv/_get_soil_data_s.c.o[0m
[37.171s] [ 80%] [32m[1mLinking C shared library rosidl_generator_py/npk_sensor/libnpk_sensor__rosidl_generator_py.so[0m
[37.849s] [ 80%] Built target npk_sensor__rosidl_generator_py
[38.252s] [ 83%] [32mBuilding C object CMakeFiles/npk_sensor__rosidl_typesupport_fastrtps_c__pyext.dir/rosidl_generator_py/npk_sensor/_npk_sensor_s.ep.rosidl_typesupport_fastrtps_c.c.o[0m
[38.312s] [ 87%] [32mBuilding C object CMakeFiles/npk_sensor__rosidl_typesupport_introspection_c__pyext.dir/rosidl_generator_py/npk_sensor/_npk_sensor_s.ep.rosidl_typesupport_introspection_c.c.o[0m
[38.349s] [ 90%] [32mBuilding C object CMakeFiles/npk_sensor__rosidl_typesupport_c__pyext.dir/rosidl_generator_py/npk_sensor/_npk_sensor_s.ep.rosidl_typesupport_c.c.o[0m
[40.000s] [ 93%] [32m[1mLinking C shared library rosidl_generator_py/npk_sensor/npk_sensor_s__rosidl_typesupport_introspection_c.cpython-310-aarch64-linux-gnu.so[0m
[40.099s] [ 96%] [32m[1mLinking C shared library rosidl_generator_py/npk_sensor/npk_sensor_s__rosidl_typesupport_fastrtps_c.cpython-310-aarch64-linux-gnu.so[0m
[40.127s] [100%] [32m[1mLinking C shared library rosidl_generator_py/npk_sensor/npk_sensor_s__rosidl_typesupport_c.cpython-310-aarch64-linux-gnu.so[0m
[40.602s] [100%] Built target npk_sensor__rosidl_typesupport_introspection_c__pyext
[40.717s] [100%] Built target npk_sensor__rosidl_typesupport_fastrtps_c__pyext
[40.889s] [100%] Built target npk_sensor__rosidl_typesupport_c__pyext
[41.042s] Invoked command in '/home/pi/Legacy/URC-2026/embedded_ros2_ws/build/npk_sensor' returned '0': CMAKE_PREFIX_PATH=${CMAKE_PREFIX_PATH}:/home/pi/Legacy/URC-2026/embedded_ros2_ws/install/blender_motor:/home/pi/Legacy/Testing/ros2_ws/install/rover_motor_command:/home/pi/Legacy/URC-2026/drive_ros2_ws/install/drive_manager:/opt/ros/humble /usr/bin/cmake --build /home/pi/Legacy/URC-2026/embedded_ros2_ws/build/npk_sensor -- -j4 -l4
[41.150s] Invoking command in '/home/pi/Legacy/URC-2026/embedded_ros2_ws/build/npk_sensor': CMAKE_PREFIX_PATH=${CMAKE_PREFIX_PATH}:/home/pi/Legacy/URC-2026/embedded_ros2_ws/install/blender_motor:/home/pi/Legacy/Testing/ros2_ws/install/rover_motor_command:/home/pi/Legacy/URC-2026/drive_ros2_ws/install/drive_manager:/opt/ros/humble /usr/bin/cmake --install /home/pi/Legacy/URC-2026/embedded_ros2_ws/build/npk_sensor
[41.197s] -- Install configuration: ""
[41.199s] -- Installing: /home/pi/Legacy/URC-2026/embedded_ros2_ws/install/npk_sensor/share/ament_index/resource_index/rosidl_interfaces/npk_sensor
[41.201s] -- Installing: /home/pi/Legacy/URC-2026/embedded_ros2_ws/install/npk_sensor/include/npk_sensor/npk_sensor
[41.203s] -- Installing: /home/pi/Legacy/URC-2026/embedded_ros2_ws/install/npk_sensor/include/npk_sensor/npk_sensor/msg
[41.204s] -- Installing: /home/pi/Legacy/URC-2026/embedded_ros2_ws/install/npk_sensor/include/npk_sensor/npk_sensor/msg/rosidl_generator_c__visibility_control.h
[41.205s] -- Installing: /home/pi/Legacy/URC-2026/embedded_ros2_ws/install/npk_sensor/include/npk_sensor/npk_sensor/srv
[41.206s] -- Installing: /home/pi/Legacy/URC-2026/embedded_ros2_ws/install/npk_sensor/include/npk_sensor/npk_sensor/srv/detail
[41.207s] -- Installing: /home/pi/Legacy/URC-2026/embedded_ros2_ws/install/npk_sensor/include/npk_sensor/npk_sensor/srv/detail/get_soil_data__struct.h
[41.209s] -- Installing: /home/pi/Legacy/URC-2026/embedded_ros2_ws/install/npk_sensor/include/npk_sensor/npk_sensor/srv/detail/get_soil_data__functions.c
[41.211s] -- Installing: /home/pi/Legacy/URC-2026/embedded_ros2_ws/install/npk_sensor/include/npk_sensor/npk_sensor/srv/detail/get_soil_data__functions.h
[41.213s] -- Installing: /home/pi/Legacy/URC-2026/embedded_ros2_ws/install/npk_sensor/include/npk_sensor/npk_sensor/srv/detail/get_soil_data__type_support.h
[41.223s] -- Installing: /home/pi/Legacy/URC-2026/embedded_ros2_ws/install/npk_sensor/include/npk_sensor/npk_sensor/srv/get_soil_data.h
[41.223s] -- Installing: /home/pi/Legacy/URC-2026/embedded_ros2_ws/install/npk_sensor/share/npk_sensor/environment/library_path.sh
[41.224s] -- Installing: /home/pi/Legacy/URC-2026/embedded_ros2_ws/install/npk_sensor/share/npk_sensor/environment/library_path.dsv
[41.225s] -- Installing: /home/pi/Legacy/URC-2026/embedded_ros2_ws/install/npk_sensor/lib/libnpk_sensor__rosidl_generator_c.so
[41.226s] -- Set runtime path of "/home/pi/Legacy/URC-2026/embedded_ros2_ws/install/npk_sensor/lib/libnpk_sensor__rosidl_generator_c.so" to ""
[41.227s] -- Up-to-date: /home/pi/Legacy/URC-2026/embedded_ros2_ws/install/npk_sensor/include/npk_sensor/npk_sensor
[41.227s] -- Up-to-date: /home/pi/Legacy/URC-2026/embedded_ros2_ws/install/npk_sensor/include/npk_sensor/npk_sensor/msg
[41.228s] -- Installing: /home/pi/Legacy/URC-2026/embedded_ros2_ws/install/npk_sensor/include/npk_sensor/npk_sensor/msg/rosidl_typesupport_fastrtps_c__visibility_control.h
[41.230s] -- Up-to-date: /home/pi/Legacy/URC-2026/embedded_ros2_ws/install/npk_sensor/include/npk_sensor/npk_sensor/srv
[41.231s] -- Up-to-date: /home/pi/Legacy/URC-2026/embedded_ros2_ws/install/npk_sensor/include/npk_sensor/npk_sensor/srv/detail
[41.240s] -- Installing: /home/pi/Legacy/URC-2026/embedded_ros2_ws/install/npk_sensor/include/npk_sensor/npk_sensor/srv/detail/get_soil_data__rosidl_typesupport_fastrtps_c.h
[41.242s] -- Installing: /home/pi/Legacy/URC-2026/embedded_ros2_ws/install/npk_sensor/lib/libnpk_sensor__rosidl_typesupport_fastrtps_c.so
[41.245s] -- Set runtime path of "/home/pi/Legacy/URC-2026/embedded_ros2_ws/install/npk_sensor/lib/libnpk_sensor__rosidl_typesupport_fastrtps_c.so" to ""
[41.246s] -- Up-to-date: /home/pi/Legacy/URC-2026/embedded_ros2_ws/install/npk_sensor/include/npk_sensor/npk_sensor
[41.247s] -- Up-to-date: /home/pi/Legacy/URC-2026/embedded_ros2_ws/install/npk_sensor/include/npk_sensor/npk_sensor/msg
[41.247s] -- Installing: /home/pi/Legacy/URC-2026/embedded_ros2_ws/install/npk_sensor/include/npk_sensor/npk_sensor/msg/rosidl_typesupport_introspection_c__visibility_control.h
[41.248s] -- Up-to-date: /home/pi/Legacy/URC-2026/embedded_ros2_ws/install/npk_sensor/include/npk_sensor/npk_sensor/srv
[41.260s] -- Up-to-date: /home/pi/Legacy/URC-2026/embedded_ros2_ws/install/npk_sensor/include/npk_sensor/npk_sensor/srv/detail
[41.262s] -- Installing: /home/pi/Legacy/URC-2026/embedded_ros2_ws/install/npk_sensor/include/npk_sensor/npk_sensor/srv/detail/get_soil_data__type_support.c
[41.264s] -- Installing: /home/pi/Legacy/URC-2026/embedded_ros2_ws/install/npk_sensor/include/npk_sensor/npk_sensor/srv/detail/get_soil_data__rosidl_typesupport_introspection_c.h
[41.266s] -- Installing: /home/pi/Legacy/URC-2026/embedded_ros2_ws/install/npk_sensor/lib/libnpk_sensor__rosidl_typesupport_introspection_c.so
[41.269s] -- Set runtime path of "/home/pi/Legacy/URC-2026/embedded_ros2_ws/install/npk_sensor/lib/libnpk_sensor__rosidl_typesupport_introspection_c.so" to ""
[41.270s] -- Installing: /home/pi/Legacy/URC-2026/embedded_ros2_ws/install/npk_sensor/lib/libnpk_sensor__rosidl_typesupport_c.so
[41.273s] -- Set runtime path of "/home/pi/Legacy/URC-2026/embedded_ros2_ws/install/npk_sensor/lib/libnpk_sensor__rosidl_typesupport_c.so" to ""
[41.284s] -- Up-to-date: /home/pi/Legacy/URC-2026/embedded_ros2_ws/install/npk_sensor/include/npk_sensor/npk_sensor
[41.285s] -- Up-to-date: /home/pi/Legacy/URC-2026/embedded_ros2_ws/install/npk_sensor/include/npk_sensor/npk_sensor/msg
[41.286s] -- Installing: /home/pi/Legacy/URC-2026/embedded_ros2_ws/install/npk_sensor/include/npk_sensor/npk_sensor/msg/rosidl_generator_cpp__visibility_control.hpp
[41.287s] -- Up-to-date: /home/pi/Legacy/URC-2026/embedded_ros2_ws/install/npk_sensor/include/npk_sensor/npk_sensor/srv
[41.287s] -- Installing: /home/pi/Legacy/URC-2026/embedded_ros2_ws/install/npk_sensor/include/npk_sensor/npk_sensor/srv/get_soil_data.hpp
[41.289s] -- Up-to-date: /home/pi/Legacy/URC-2026/embedded_ros2_ws/install/npk_sensor/include/npk_sensor/npk_sensor/srv/detail
[41.289s] -- Installing: /home/pi/Legacy/URC-2026/embedded_ros2_ws/install/npk_sensor/include/npk_sensor/npk_sensor/srv/detail/get_soil_data__traits.hpp
[41.291s] -- Installing: /home/pi/Legacy/URC-2026/embedded_ros2_ws/install/npk_sensor/include/npk_sensor/npk_sensor/srv/detail/get_soil_data__type_support.hpp
[41.293s] -- Installing: /home/pi/Legacy/URC-2026/embedded_ros2_ws/install/npk_sensor/include/npk_sensor/npk_sensor/srv/detail/get_soil_data__builder.hpp
[41.294s] -- Installing: /home/pi/Legacy/URC-2026/embedded_ros2_ws/install/npk_sensor/include/npk_sensor/npk_sensor/srv/detail/get_soil_data__struct.hpp
[41.298s] -- Up-to-date: /home/pi/Legacy/URC-2026/embedded_ros2_ws/install/npk_sensor/include/npk_sensor/npk_sensor
[41.299s] -- Up-to-date: /home/pi/Legacy/URC-2026/embedded_ros2_ws/install/npk_sensor/include/npk_sensor/npk_sensor/msg
[41.300s] -- Installing: /home/pi/Legacy/URC-2026/embedded_ros2_ws/install/npk_sensor/include/npk_sensor/npk_sensor/msg/rosidl_typesupport_fastrtps_cpp__visibility_control.h
[41.313s] -- Up-to-date: /home/pi/Legacy/URC-2026/embedded_ros2_ws/install/npk_sensor/include/npk_sensor/npk_sensor/srv
[41.314s] -- Up-to-date: /home/pi/Legacy/URC-2026/embedded_ros2_ws/install/npk_sensor/include/npk_sensor/npk_sensor/srv/detail
[41.315s] -- Installing: /home/pi/Legacy/URC-2026/embedded_ros2_ws/install/npk_sensor/include/npk_sensor/npk_sensor/srv/detail/dds_fastrtps
[41.316s] -- Installing: /home/pi/Legacy/URC-2026/embedded_ros2_ws/install/npk_sensor/include/npk_sensor/npk_sensor/srv/detail/get_soil_data__rosidl_typesupport_fastrtps_cpp.hpp
[41.331s] -- Installing: /home/pi/Legacy/URC-2026/embedded_ros2_ws/install/npk_sensor/lib/libnpk_sensor__rosidl_typesupport_fastrtps_cpp.so
[41.335s] -- Set runtime path of "/home/pi/Legacy/URC-2026/embedded_ros2_ws/install/npk_sensor/lib/libnpk_sensor__rosidl_typesupport_fastrtps_cpp.so" to ""
[41.336s] -- Up-to-date: /home/pi/Legacy/URC-2026/embedded_ros2_ws/install/npk_sensor/include/npk_sensor/npk_sensor
[41.336s] -- Up-to-date: /home/pi/Legacy/URC-2026/embedded_ros2_ws/install/npk_sensor/include/npk_sensor/npk_sensor/srv
[41.337s] -- Up-to-date: /home/pi/Legacy/URC-2026/embedded_ros2_ws/install/npk_sensor/include/npk_sensor/npk_sensor/srv/detail
[41.338s] -- Installing: /home/pi/Legacy/URC-2026/embedded_ros2_ws/install/npk_sensor/include/npk_sensor/npk_sensor/srv/detail/get_soil_data__rosidl_typesupport_introspection_cpp.hpp
[41.339s] -- Installing: /home/pi/Legacy/URC-2026/embedded_ros2_ws/install/npk_sensor/include/npk_sensor/npk_sensor/srv/detail/get_soil_data__type_support.cpp
[41.342s] -- Installing: /home/pi/Legacy/URC-2026/embedded_ros2_ws/install/npk_sensor/lib/libnpk_sensor__rosidl_typesupport_introspection_cpp.so
[41.345s] -- Set runtime path of "/home/pi/Legacy/URC-2026/embedded_ros2_ws/install/npk_sensor/lib/libnpk_sensor__rosidl_typesupport_introspection_cpp.so" to ""
[41.356s] -- Installing: /home/pi/Legacy/URC-2026/embedded_ros2_ws/install/npk_sensor/lib/libnpk_sensor__rosidl_typesupport_cpp.so
[41.359s] -- Set runtime path of "/home/pi/Legacy/URC-2026/embedded_ros2_ws/install/npk_sensor/lib/libnpk_sensor__rosidl_typesupport_cpp.so" to ""
[41.360s] -- Installing: /home/pi/Legacy/URC-2026/embedded_ros2_ws/install/npk_sensor/share/npk_sensor/environment/pythonpath.sh
[41.362s] -- Installing: /home/pi/Legacy/URC-2026/embedded_ros2_ws/install/npk_sensor/share/npk_sensor/environment/pythonpath.dsv
[41.363s] -- Installing: /home/pi/Legacy/URC-2026/embedded_ros2_ws/install/npk_sensor/local/lib/python3.10/dist-packages/npk_sensor-0.0.0-py3.10.egg-info
[41.365s] -- Installing: /home/pi/Legacy/URC-2026/embedded_ros2_ws/install/npk_sensor/local/lib/python3.10/dist-packages/npk_sensor-0.0.0-py3.10.egg-info/PKG-INFO
[41.377s] -- Installing: /home/pi/Legacy/URC-2026/embedded_ros2_ws/install/npk_sensor/local/lib/python3.10/dist-packages/npk_sensor-0.0.0-py3.10.egg-info/top_level.txt
[41.379s] -- Installing: /home/pi/Legacy/URC-2026/embedded_ros2_ws/install/npk_sensor/local/lib/python3.10/dist-packages/npk_sensor-0.0.0-py3.10.egg-info/SOURCES.txt
[41.380s] -- Installing: /home/pi/Legacy/URC-2026/embedded_ros2_ws/install/npk_sensor/local/lib/python3.10/dist-packages/npk_sensor-0.0.0-py3.10.egg-info/dependency_links.txt
[41.383s] -- Installing: /home/pi/Legacy/URC-2026/embedded_ros2_ws/install/npk_sensor/local/lib/python3.10/dist-packages/npk_sensor
[41.384s] -- Installing: /home/pi/Legacy/URC-2026/embedded_ros2_ws/install/npk_sensor/local/lib/python3.10/dist-packages/npk_sensor/_npk_sensor_s.ep.rosidl_typesupport_c.c
[41.395s] -- Installing: /home/pi/Legacy/URC-2026/embedded_ros2_ws/install/npk_sensor/local/lib/python3.10/dist-packages/npk_sensor/__init__.py
[41.397s] -- Installing: /home/pi/Legacy/URC-2026/embedded_ros2_ws/install/npk_sensor/local/lib/python3.10/dist-packages/npk_sensor/_npk_sensor_s.ep.rosidl_typesupport_fastrtps_c.c
[41.399s] -- Installing: /home/pi/Legacy/URC-2026/embedded_ros2_ws/install/npk_sensor/local/lib/python3.10/dist-packages/npk_sensor/npk_sensor_s__rosidl_typesupport_introspection_c.cpython-310-aarch64-linux-gnu.so
[41.401s] -- Installing: /home/pi/Legacy/URC-2026/embedded_ros2_ws/install/npk_sensor/local/lib/python3.10/dist-packages/npk_sensor/_npk_sensor_s.ep.rosidl_typesupport_introspection_c.c
[41.403s] -- Installing: /home/pi/Legacy/URC-2026/embedded_ros2_ws/install/npk_sensor/local/lib/python3.10/dist-packages/npk_sensor/npk_sensor_s__rosidl_typesupport_fastrtps_c.cpython-310-aarch64-linux-gnu.so
[41.405s] -- Installing: /home/pi/Legacy/URC-2026/embedded_ros2_ws/install/npk_sensor/local/lib/python3.10/dist-packages/npk_sensor/libnpk_sensor__rosidl_generator_py.so
[41.417s] -- Installing: /home/pi/Legacy/URC-2026/embedded_ros2_ws/install/npk_sensor/local/lib/python3.10/dist-packages/npk_sensor/npk_sensor_s__rosidl_typesupport_c.cpython-310-aarch64-linux-gnu.so
[41.419s] -- Installing: /home/pi/Legacy/URC-2026/embedded_ros2_ws/install/npk_sensor/local/lib/python3.10/dist-packages/npk_sensor/srv
[41.420s] -- Installing: /home/pi/Legacy/URC-2026/embedded_ros2_ws/install/npk_sensor/local/lib/python3.10/dist-packages/npk_sensor/srv/_get_soil_data.py
[41.422s] -- Installing: /home/pi/Legacy/URC-2026/embedded_ros2_ws/install/npk_sensor/local/lib/python3.10/dist-packages/npk_sensor/srv/_get_soil_data_s.c
[41.423s] -- Installing: /home/pi/Legacy/URC-2026/embedded_ros2_ws/install/npk_sensor/local/lib/python3.10/dist-packages/npk_sensor/srv/__init__.py
[41.795s] Listing '/home/pi/Legacy/URC-2026/embedded_ros2_ws/install/npk_sensor/local/lib/python3.10/dist-packages/npk_sensor'...
[41.796s] Compiling '/home/pi/Legacy/URC-2026/embedded_ros2_ws/install/npk_sensor/local/lib/python3.10/dist-packages/npk_sensor/__init__.py'...
[41.796s] Listing '/home/pi/Legacy/URC-2026/embedded_ros2_ws/install/npk_sensor/local/lib/python3.10/dist-packages/npk_sensor/srv'...
[41.808s] Compiling '/home/pi/Legacy/URC-2026/embedded_ros2_ws/install/npk_sensor/local/lib/python3.10/dist-packages/npk_sensor/srv/__init__.py'...
[41.809s] Compiling '/home/pi/Legacy/URC-2026/embedded_ros2_ws/install/npk_sensor/local/lib/python3.10/dist-packages/npk_sensor/srv/_get_soil_data.py'...
[41.860s] -- Installing: /home/pi/Legacy/URC-2026/embedded_ros2_ws/install/npk_sensor/local/lib/python3.10/dist-packages/npk_sensor/npk_sensor_s__rosidl_typesupport_fastrtps_c.cpython-310-aarch64-linux-gnu.so
[41.865s] -- Set runtime path of "/home/pi/Legacy/URC-2026/embedded_ros2_ws/install/npk_sensor/local/lib/python3.10/dist-packages/npk_sensor/npk_sensor_s__rosidl_typesupport_fastrtps_c.cpython-310-aarch64-linux-gnu.so" to ""
[41.870s] -- Installing: /home/pi/Legacy/URC-2026/embedded_ros2_ws/install/npk_sensor/local/lib/python3.10/dist-packages/npk_sensor/npk_sensor_s__rosidl_typesupport_introspection_c.cpython-310-aarch64-linux-gnu.so
[41.877s] -- Set runtime path of "/home/pi/Legacy/URC-2026/embedded_ros2_ws/install/npk_sensor/local/lib/python3.10/dist-packages/npk_sensor/npk_sensor_s__rosidl_typesupport_introspection_c.cpython-310-aarch64-linux-gnu.so" to ""
[41.883s] -- Installing: /home/pi/Legacy/URC-2026/embedded_ros2_ws/install/npk_sensor/local/lib/python3.10/dist-packages/npk_sensor/npk_sensor_s__rosidl_typesupport_c.cpython-310-aarch64-linux-gnu.so
[41.889s] -- Set runtime path of "/home/pi/Legacy/URC-2026/embedded_ros2_ws/install/npk_sensor/local/lib/python3.10/dist-packages/npk_sensor/npk_sensor_s__rosidl_typesupport_c.cpython-310-aarch64-linux-gnu.so" to ""
[41.892s] -- Installing: /home/pi/Legacy/URC-2026/embedded_ros2_ws/install/npk_sensor/lib/libnpk_sensor__rosidl_generator_py.so
[41.897s] -- Set runtime path of "/home/pi/Legacy/URC-2026/embedded_ros2_ws/install/npk_sensor/lib/libnpk_sensor__rosidl_generator_py.so" to ""
[41.900s] -- Installing: /home/pi/Legacy/URC-2026/embedded_ros2_ws/install/npk_sensor/share/npk_sensor/srv/GetSoilData.idl
[41.905s] -- Installing: /home/pi/Legacy/URC-2026/embedded_ros2_ws/install/npk_sensor/share/npk_sensor/srv/GetSoilData.srv
[41.910s] -- Installing: /home/pi/Legacy/URC-2026/embedded_ros2_ws/install/npk_sensor/share/npk_sensor/srv/GetSoilData_Request.msg
[41.913s] -- Installing: /home/pi/Legacy/URC-2026/embedded_ros2_ws/install/npk_sensor/share/npk_sensor/srv/GetSoilData_Response.msg
[41.916s] -- Installing: /home/pi/Legacy/URC-2026/embedded_ros2_ws/install/npk_sensor/local/lib/python3.10/dist-packages/src-0.0.0-py3.10.egg-info
[41.918s] -- Installing: /home/pi/Legacy/URC-2026/embedded_ros2_ws/install/npk_sensor/local/lib/python3.10/dist-packages/src-0.0.0-py3.10.egg-info/PKG-INFO
[41.923s] -- Installing: /home/pi/Legacy/URC-2026/embedded_ros2_ws/install/npk_sensor/local/lib/python3.10/dist-packages/src-0.0.0-py3.10.egg-info/top_level.txt
[41.927s] -- Installing: /home/pi/Legacy/URC-2026/embedded_ros2_ws/install/npk_sensor/local/lib/python3.10/dist-packages/src-0.0.0-py3.10.egg-info/SOURCES.txt
[41.930s] -- Installing: /home/pi/Legacy/URC-2026/embedded_ros2_ws/install/npk_sensor/local/lib/python3.10/dist-packages/src-0.0.0-py3.10.egg-info/dependency_links.txt
[41.934s] -- Installing: /home/pi/Legacy/URC-2026/embedded_ros2_ws/install/npk_sensor/local/lib/python3.10/dist-packages/src
[41.936s] -- Installing: /home/pi/Legacy/URC-2026/embedded_ros2_ws/install/npk_sensor/local/lib/python3.10/dist-packages/src/__init__.py
[41.939s] -- Installing: /home/pi/Legacy/URC-2026/embedded_ros2_ws/install/npk_sensor/local/lib/python3.10/dist-packages/src/npk_sensor_node.py
[42.342s] Listing '/home/pi/Legacy/URC-2026/embedded_ros2_ws/install/npk_sensor/local/lib/python3.10/dist-packages/src'...
[42.345s] Compiling '/home/pi/Legacy/URC-2026/embedded_ros2_ws/install/npk_sensor/local/lib/python3.10/dist-packages/src/__init__.py'...
[42.347s] Compiling '/home/pi/Legacy/URC-2026/embedded_ros2_ws/install/npk_sensor/local/lib/python3.10/dist-packages/src/npk_sensor_node.py'...
[42.448s] -- Installing: /home/pi/Legacy/URC-2026/embedded_ros2_ws/install/npk_sensor/lib/npk_sensor/npk_node
[42.449s] -- Installing: /home/pi/Legacy/URC-2026/embedded_ros2_ws/install/npk_sensor/share/npk_sensor/launch
[42.452s] -- Installing: /home/pi/Legacy/URC-2026/embedded_ros2_ws/install/npk_sensor/share/npk_sensor/launch/example_launch.yaml
[42.455s] -- Installing: /home/pi/Legacy/URC-2026/embedded_ros2_ws/install/npk_sensor/share/ament_index/resource_index/package_run_dependencies/npk_sensor
[42.458s] -- Installing: /home/pi/Legacy/URC-2026/embedded_ros2_ws/install/npk_sensor/share/ament_index/resource_index/parent_prefix_path/npk_sensor
[42.460s] -- Installing: /home/pi/Legacy/URC-2026/embedded_ros2_ws/install/npk_sensor/share/npk_sensor/environment/ament_prefix_path.sh
[42.462s] -- Installing: /home/pi/Legacy/URC-2026/embedded_ros2_ws/install/npk_sensor/share/npk_sensor/environment/ament_prefix_path.dsv
[42.473s] -- Installing: /home/pi/Legacy/URC-2026/embedded_ros2_ws/install/npk_sensor/share/npk_sensor/environment/path.sh
[42.475s] -- Installing: /home/pi/Legacy/URC-2026/embedded_ros2_ws/install/npk_sensor/share/npk_sensor/environment/path.dsv
[42.477s] -- Installing: /home/pi/Legacy/URC-2026/embedded_ros2_ws/install/npk_sensor/share/npk_sensor/local_setup.bash
[42.479s] -- Installing: /home/pi/Legacy/URC-2026/embedded_ros2_ws/install/npk_sensor/share/npk_sensor/local_setup.sh
[42.481s] -- Installing: /home/pi/Legacy/URC-2026/embedded_ros2_ws/install/npk_sensor/share/npk_sensor/local_setup.zsh
[42.494s] -- Installing: /home/pi/Legacy/URC-2026/embedded_ros2_ws/install/npk_sensor/share/npk_sensor/local_setup.dsv
[42.496s] -- Installing: /home/pi/Legacy/URC-2026/embedded_ros2_ws/install/npk_sensor/share/npk_sensor/package.dsv
[42.499s] -- Installing: /home/pi/Legacy/URC-2026/embedded_ros2_ws/install/npk_sensor/share/ament_index/resource_index/packages/npk_sensor
[42.502s] -- Installing: /home/pi/Legacy/URC-2026/embedded_ros2_ws/install/npk_sensor/share/npk_sensor/cmake/export_npk_sensor__rosidl_generator_cExport.cmake
[42.504s] -- Installing: /home/pi/Legacy/URC-2026/embedded_ros2_ws/install/npk_sensor/share/npk_sensor/cmake/export_npk_sensor__rosidl_generator_cExport-noconfig.cmake
[42.517s] -- Installing: /home/pi/Legacy/URC-2026/embedded_ros2_ws/install/npk_sensor/share/npk_sensor/cmake/export_npk_sensor__rosidl_typesupport_fastrtps_cExport.cmake
[42.520s] -- Installing: /home/pi/Legacy/URC-2026/embedded_ros2_ws/install/npk_sensor/share/npk_sensor/cmake/export_npk_sensor__rosidl_typesupport_fastrtps_cExport-noconfig.cmake
[42.522s] -- Installing: /home/pi/Legacy/URC-2026/embedded_ros2_ws/install/npk_sensor/share/npk_sensor/cmake/npk_sensor__rosidl_typesupport_introspection_cExport.cmake
[42.525s] -- Installing: /home/pi/Legacy/URC-2026/embedded_ros2_ws/install/npk_sensor/share/npk_sensor/cmake/npk_sensor__rosidl_typesupport_introspection_cExport-noconfig.cmake
[42.529s] -- Installing: /home/pi/Legacy/URC-2026/embedded_ros2_ws/install/npk_sensor/share/npk_sensor/cmake/npk_sensor__rosidl_typesupport_cExport.cmake
[42.542s] -- Installing: /home/pi/Legacy/URC-2026/embedded_ros2_ws/install/npk_sensor/share/npk_sensor/cmake/npk_sensor__rosidl_typesupport_cExport-noconfig.cmake
[42.544s] -- Installing: /home/pi/Legacy/URC-2026/embedded_ros2_ws/install/npk_sensor/share/npk_sensor/cmake/export_npk_sensor__rosidl_generator_cppExport.cmake
[42.548s] -- Installing: /home/pi/Legacy/URC-2026/embedded_ros2_ws/install/npk_sensor/share/npk_sensor/cmake/export_npk_sensor__rosidl_typesupport_fastrtps_cppExport.cmake
[42.551s] -- Installing: /home/pi/Legacy/URC-2026/embedded_ros2_ws/install/npk_sensor/share/npk_sensor/cmake/export_npk_sensor__rosidl_typesupport_fastrtps_cppExport-noconfig.cmake
[42.567s] -- Installing: /home/pi/Legacy/URC-2026/embedded_ros2_ws/install/npk_sensor/share/npk_sensor/cmake/npk_sensor__rosidl_typesupport_introspection_cppExport.cmake
[42.571s] -- Installing: /home/pi/Legacy/URC-2026/embedded_ros2_ws/install/npk_sensor/share/npk_sensor/cmake/npk_sensor__rosidl_typesupport_introspection_cppExport-noconfig.cmake
[42.575s] -- Installing: /home/pi/Legacy/URC-2026/embedded_ros2_ws/install/npk_sensor/share/npk_sensor/cmake/npk_sensor__rosidl_typesupport_cppExport.cmake
[42.577s] -- Installing: /home/pi/Legacy/URC-2026/embedded_ros2_ws/install/npk_sensor/share/npk_sensor/cmake/npk_sensor__rosidl_typesupport_cppExport-noconfig.cmake
[42.590s] -- Installing: /home/pi/Legacy/URC-2026/embedded_ros2_ws/install/npk_sensor/share/npk_sensor/cmake/export_npk_sensor__rosidl_generator_pyExport.cmake
[42.593s] -- Installing: /home/pi/Legacy/URC-2026/embedded_ros2_ws/install/npk_sensor/share/npk_sensor/cmake/export_npk_sensor__rosidl_generator_pyExport-noconfig.cmake
[42.595s] -- Installing: /home/pi/Legacy/URC-2026/embedded_ros2_ws/install/npk_sensor/share/npk_sensor/cmake/rosidl_cmake-extras.cmake
[42.608s] -- Installing: /home/pi/Legacy/URC-2026/embedded_ros2_ws/install/npk_sensor/share/npk_sensor/cmake/ament_cmake_export_include_directories-extras.cmake
[42.611s] -- Installing: /home/pi/Legacy/URC-2026/embedded_ros2_ws/install/npk_sensor/share/npk_sensor/cmake/ament_cmake_export_libraries-extras.cmake
[42.613s] -- Installing: /home/pi/Legacy/URC-2026/embedded_ros2_ws/install/npk_sensor/share/npk_sensor/cmake/ament_cmake_export_targets-extras.cmake
[42.617s] -- Installing: /home/pi/Legacy/URC-2026/embedded_ros2_ws/install/npk_sensor/share/npk_sensor/cmake/rosidl_cmake_export_typesupport_targets-extras.cmake
[42.629s] -- Installing: /home/pi/Legacy/URC-2026/embedded_ros2_ws/install/npk_sensor/share/npk_sensor/cmake/ament_cmake_export_dependencies-extras.cmake
[42.631s] -- Installing: /home/pi/Legacy/URC-2026/embedded_ros2_ws/install/npk_sensor/share/npk_sensor/cmake/rosidl_cmake_export_typesupport_libraries-extras.cmake
[42.633s] -- Installing: /home/pi/Legacy/URC-2026/embedded_ros2_ws/install/npk_sensor/share/npk_sensor/cmake/npk_sensorConfig.cmake
[42.635s] -- Installing: /home/pi/Legacy/URC-2026/embedded_ros2_ws/install/npk_sensor/share/npk_sensor/cmake/npk_sensorConfig-version.cmake
[42.638s] -- Installing: /home/pi/Legacy/URC-2026/embedded_ros2_ws/install/npk_sensor/share/npk_sensor/package.xml
[42.677s] Invoked command in '/home/pi/Legacy/URC-2026/embedded_ros2_ws/build/npk_sensor' returned '0': CMAKE_PREFIX_PATH=${CMAKE_PREFIX_PATH}:/home/pi/Legacy/URC-2026/embedded_ros2_ws/install/blender_motor:/home/pi/Legacy/Testing/ros2_ws/install/rover_motor_command:/home/pi/Legacy/URC-2026/drive_ros2_ws/install/drive_manager:/opt/ros/humble /usr/bin/cmake --install /home/pi/Legacy/URC-2026/embedded_ros2_ws/build/npk_sensor
