[0.434s] DEBUG:colcon:Command line arguments: ['/usr/bin/colcon', 'build', '--packages-select', 'blender_motor']
[0.434s] DEBUG:colcon:Parsed command line arguments: Namespace(log_base=None, log_level=None, verb_name='build', build_base='build', install_base='install', merge_install=False, symlink_install=False, test_result_base=None, continue_on_error=False, executor='parallel', parallel_workers=4, event_handlers=None, ignore_user_meta=False, metas=['./colcon.meta'], base_paths=['.'], packages_ignore=None, packages_ignore_regex=None, paths=None, packages_up_to=None, packages_up_to_regex=None, packages_above=None, packages_above_and_dependencies=None, packages_above_depth=None, packages_select_by_dep=None, packages_skip_by_dep=None, packages_skip_up_to=None, packages_select_build_failed=False, packages_skip_build_finished=False, packages_select_test_failures=False, packages_skip_test_passed=False, packages_select=['blender_motor'], packages_skip=None, packages_select_regex=None, packages_skip_regex=None, packages_start=None, packages_end=None, allow_overriding=[], cmake_args=None, cmake_target=None, cmake_target_skip_unavailable=False, cmake_clean_cache=False, cmake_clean_first=False, cmake_force_configure=False, ament_cmake_args=None, catkin_cmake_args=None, catkin_skip_building_tests=False, verb_parser=<colcon_defaults.argument_parser.defaults.DefaultArgumentsDecorator object at 0xffff97d477c0>, verb_extension=<colcon_core.verb.build.BuildVerb object at 0xffff97e88bb0>, main=<bound method BuildVerb.main of <colcon_core.verb.build.BuildVerb object at 0xffff97e88bb0>>)
[1.115s] Level 1:colcon.colcon_core.package_discovery:discover_packages(colcon_meta) check parameters
[1.115s] Level 1:colcon.colcon_core.package_discovery:discover_packages(recursive) check parameters
[1.115s] Level 1:colcon.colcon_core.package_discovery:discover_packages(ignore) check parameters
[1.115s] Level 1:colcon.colcon_core.package_discovery:discover_packages(path) check parameters
[1.115s] Level 1:colcon.colcon_core.package_discovery:discover_packages(colcon_meta) discover
[1.116s] Level 1:colcon.colcon_core.package_discovery:discover_packages(recursive) discover
[1.116s] INFO:colcon.colcon_core.package_discovery:Crawling recursively for packages in '/home/pi/Legacy/URC-2026/embedded_ros2_ws'
[1.116s] Level 1:colcon.colcon_core.package_identification:_identify(.) by extensions ['ignore', 'ignore_ament_install']
[1.117s] Level 1:colcon.colcon_core.package_identification:_identify(.) by extension 'ignore'
[1.117s] Level 1:colcon.colcon_core.package_identification:_identify(.) by extension 'ignore_ament_install'
[1.117s] Level 1:colcon.colcon_core.package_identification:_identify(.) by extensions ['colcon_pkg']
[1.117s] Level 1:colcon.colcon_core.package_identification:_identify(.) by extension 'colcon_pkg'
[1.117s] Level 1:colcon.colcon_core.package_identification:_identify(.) by extensions ['colcon_meta']
[1.118s] Level 1:colcon.colcon_core.package_identification:_identify(.) by extension 'colcon_meta'
[1.118s] Level 1:colcon.colcon_core.package_identification:_identify(.) by extensions ['ros']
[1.118s] Level 1:colcon.colcon_core.package_identification:_identify(.) by extension 'ros'
[1.162s] Level 1:colcon.colcon_core.package_identification:_identify(.) by extensions ['cmake', 'python']
[1.163s] Level 1:colcon.colcon_core.package_identification:_identify(.) by extension 'cmake'
[1.163s] Level 1:colcon.colcon_core.package_identification:_identify(.) by extension 'python'
[1.163s] Level 1:colcon.colcon_core.package_identification:_identify(.) by extensions ['python_setup_py']
[1.163s] Level 1:colcon.colcon_core.package_identification:_identify(.) by extension 'python_setup_py'
[1.163s] Level 1:colcon.colcon_core.package_identification:_identify(build) by extensions ['ignore', 'ignore_ament_install']
[1.164s] Level 1:colcon.colcon_core.package_identification:_identify(build) by extension 'ignore'
[1.164s] Level 1:colcon.colcon_core.package_identification:_identify(build) ignored
[1.165s] Level 1:colcon.colcon_core.package_identification:_identify(install) by extensions ['ignore', 'ignore_ament_install']
[1.165s] Level 1:colcon.colcon_core.package_identification:_identify(install) by extension 'ignore'
[1.165s] Level 1:colcon.colcon_core.package_identification:_identify(install) ignored
[1.166s] Level 1:colcon.colcon_core.package_identification:_identify(log) by extensions ['ignore', 'ignore_ament_install']
[1.166s] Level 1:colcon.colcon_core.package_identification:_identify(log) by extension 'ignore'
[1.166s] Level 1:colcon.colcon_core.package_identification:_identify(log) ignored
[1.167s] Level 1:colcon.colcon_core.package_identification:_identify(src) by extensions ['ignore', 'ignore_ament_install']
[1.167s] Level 1:colcon.colcon_core.package_identification:_identify(src) by extension 'ignore'
[1.167s] Level 1:colcon.colcon_core.package_identification:_identify(src) by extension 'ignore_ament_install'
[1.167s] Level 1:colcon.colcon_core.package_identification:_identify(src) by extensions ['colcon_pkg']
[1.167s] Level 1:colcon.colcon_core.package_identification:_identify(src) by extension 'colcon_pkg'
[1.167s] Level 1:colcon.colcon_core.package_identification:_identify(src) by extensions ['colcon_meta']
[1.168s] Level 1:colcon.colcon_core.package_identification:_identify(src) by extension 'colcon_meta'
[1.168s] Level 1:colcon.colcon_core.package_identification:_identify(src) by extensions ['ros']
[1.168s] Level 1:colcon.colcon_core.package_identification:_identify(src) by extension 'ros'
[1.168s] Level 1:colcon.colcon_core.package_identification:_identify(src) by extensions ['cmake', 'python']
[1.168s] Level 1:colcon.colcon_core.package_identification:_identify(src) by extension 'cmake'
[1.168s] Level 1:colcon.colcon_core.package_identification:_identify(src) by extension 'python'
[1.169s] Level 1:colcon.colcon_core.package_identification:_identify(src) by extensions ['python_setup_py']
[1.169s] Level 1:colcon.colcon_core.package_identification:_identify(src) by extension 'python_setup_py'
[1.169s] Level 1:colcon.colcon_core.package_identification:_identify(src/blender_motor) by extensions ['ignore', 'ignore_ament_install']
[1.170s] Level 1:colcon.colcon_core.package_identification:_identify(src/blender_motor) by extension 'ignore'
[1.170s] Level 1:colcon.colcon_core.package_identification:_identify(src/blender_motor) by extension 'ignore_ament_install'
[1.170s] Level 1:colcon.colcon_core.package_identification:_identify(src/blender_motor) by extensions ['colcon_pkg']
[1.170s] Level 1:colcon.colcon_core.package_identification:_identify(src/blender_motor) by extension 'colcon_pkg'
[1.170s] Level 1:colcon.colcon_core.package_identification:_identify(src/blender_motor) by extensions ['colcon_meta']
[1.170s] Level 1:colcon.colcon_core.package_identification:_identify(src/blender_motor) by extension 'colcon_meta'
[1.171s] Level 1:colcon.colcon_core.package_identification:_identify(src/blender_motor) by extensions ['ros']
[1.171s] Level 1:colcon.colcon_core.package_identification:_identify(src/blender_motor) by extension 'ros'
[1.185s] DEBUG:colcon.colcon_core.package_identification:Package 'src/blender_motor' with type 'ros.ament_python' and name 'blender_motor'
[1.185s] Level 1:colcon.colcon_core.package_identification:_identify(src/cubemars) by extensions ['ignore', 'ignore_ament_install']
[1.186s] Level 1:colcon.colcon_core.package_identification:_identify(src/cubemars) by extension 'ignore'
[1.186s] Level 1:colcon.colcon_core.package_identification:_identify(src/cubemars) by extension 'ignore_ament_install'
[1.186s] Level 1:colcon.colcon_core.package_identification:_identify(src/cubemars) by extensions ['colcon_pkg']
[1.186s] Level 1:colcon.colcon_core.package_identification:_identify(src/cubemars) by extension 'colcon_pkg'
[1.186s] Level 1:colcon.colcon_core.package_identification:_identify(src/cubemars) by extensions ['colcon_meta']
[1.187s] Level 1:colcon.colcon_core.package_identification:_identify(src/cubemars) by extension 'colcon_meta'
[1.187s] Level 1:colcon.colcon_core.package_identification:_identify(src/cubemars) by extensions ['ros']
[1.187s] Level 1:colcon.colcon_core.package_identification:_identify(src/cubemars) by extension 'ros'
[1.187s] Level 1:colcon.colcon_core.package_identification:_identify(src/cubemars) by extensions ['cmake', 'python']
[1.187s] Level 1:colcon.colcon_core.package_identification:_identify(src/cubemars) by extension 'cmake'
[1.188s] Level 1:colcon.colcon_core.package_identification:_identify(src/cubemars) by extension 'python'
[1.188s] Level 1:colcon.colcon_core.package_identification:_identify(src/cubemars) by extensions ['python_setup_py']
[1.188s] Level 1:colcon.colcon_core.package_identification:_identify(src/cubemars) by extension 'python_setup_py'
[1.188s] Level 1:colcon.colcon_core.package_identification:_identify(src/cubemars/can_base) by extensions ['ignore', 'ignore_ament_install']
[1.189s] Level 1:colcon.colcon_core.package_identification:_identify(src/cubemars/can_base) by extension 'ignore'
[1.189s] Level 1:colcon.colcon_core.package_identification:_identify(src/cubemars/can_base) by extension 'ignore_ament_install'
[1.189s] Level 1:colcon.colcon_core.package_identification:_identify(src/cubemars/can_base) by extensions ['colcon_pkg']
[1.189s] Level 1:colcon.colcon_core.package_identification:_identify(src/cubemars/can_base) by extension 'colcon_pkg'
[1.189s] Level 1:colcon.colcon_core.package_identification:_identify(src/cubemars/can_base) by extensions ['colcon_meta']
[1.189s] Level 1:colcon.colcon_core.package_identification:_identify(src/cubemars/can_base) by extension 'colcon_meta'
[1.190s] Level 1:colcon.colcon_core.package_identification:_identify(src/cubemars/can_base) by extensions ['ros']
[1.190s] Level 1:colcon.colcon_core.package_identification:_identify(src/cubemars/can_base) by extension 'ros'
[1.190s] Level 1:colcon.colcon_core.package_identification:_identify(src/cubemars/can_base) by extensions ['cmake', 'python']
[1.190s] Level 1:colcon.colcon_core.package_identification:_identify(src/cubemars/can_base) by extension 'cmake'
[1.190s] Level 1:colcon.colcon_core.package_identification:_identify(src/cubemars/can_base) by extension 'python'
[1.191s] Level 1:colcon.colcon_core.package_identification:_identify(src/cubemars/can_base) by extensions ['python_setup_py']
[1.191s] Level 1:colcon.colcon_core.package_identification:_identify(src/cubemars/can_base) by extension 'python_setup_py'
[1.191s] Level 1:colcon.colcon_core.package_identification:_identify(src/cubemars/can_base/include) by extensions ['ignore', 'ignore_ament_install']
[1.191s] Level 1:colcon.colcon_core.package_identification:_identify(src/cubemars/can_base/include) by extension 'ignore'
[1.192s] Level 1:colcon.colcon_core.package_identification:_identify(src/cubemars/can_base/include) by extension 'ignore_ament_install'
[1.192s] Level 1:colcon.colcon_core.package_identification:_identify(src/cubemars/can_base/include) by extensions ['colcon_pkg']
[1.192s] Level 1:colcon.colcon_core.package_identification:_identify(src/cubemars/can_base/include) by extension 'colcon_pkg'
[1.192s] Level 1:colcon.colcon_core.package_identification:_identify(src/cubemars/can_base/include) by extensions ['colcon_meta']
[1.192s] Level 1:colcon.colcon_core.package_identification:_identify(src/cubemars/can_base/include) by extension 'colcon_meta'
[1.192s] Level 1:colcon.colcon_core.package_identification:_identify(src/cubemars/can_base/include) by extensions ['ros']
[1.193s] Level 1:colcon.colcon_core.package_identification:_identify(src/cubemars/can_base/include) by extension 'ros'
[1.193s] Level 1:colcon.colcon_core.package_identification:_identify(src/cubemars/can_base/include) by extensions ['cmake', 'python']
[1.193s] Level 1:colcon.colcon_core.package_identification:_identify(src/cubemars/can_base/include) by extension 'cmake'
[1.193s] Level 1:colcon.colcon_core.package_identification:_identify(src/cubemars/can_base/include) by extension 'python'
[1.193s] Level 1:colcon.colcon_core.package_identification:_identify(src/cubemars/can_base/include) by extensions ['python_setup_py']
[1.193s] Level 1:colcon.colcon_core.package_identification:_identify(src/cubemars/can_base/include) by extension 'python_setup_py'
[1.194s] Level 1:colcon.colcon_core.package_identification:_identify(src/cubemars/can_base/src) by extensions ['ignore', 'ignore_ament_install']
[1.194s] Level 1:colcon.colcon_core.package_identification:_identify(src/cubemars/can_base/src) by extension 'ignore'
[1.195s] Level 1:colcon.colcon_core.package_identification:_identify(src/cubemars/can_base/src) by extension 'ignore_ament_install'
[1.195s] Level 1:colcon.colcon_core.package_identification:_identify(src/cubemars/can_base/src) by extensions ['colcon_pkg']
[1.195s] Level 1:colcon.colcon_core.package_identification:_identify(src/cubemars/can_base/src) by extension 'colcon_pkg'
[1.195s] Level 1:colcon.colcon_core.package_identification:_identify(src/cubemars/can_base/src) by extensions ['colcon_meta']
[1.195s] Level 1:colcon.colcon_core.package_identification:_identify(src/cubemars/can_base/src) by extension 'colcon_meta'
[1.195s] Level 1:colcon.colcon_core.package_identification:_identify(src/cubemars/can_base/src) by extensions ['ros']
[1.195s] Level 1:colcon.colcon_core.package_identification:_identify(src/cubemars/can_base/src) by extension 'ros'
[1.196s] Level 1:colcon.colcon_core.package_identification:_identify(src/cubemars/can_base/src) by extensions ['cmake', 'python']
[1.196s] Level 1:colcon.colcon_core.package_identification:_identify(src/cubemars/can_base/src) by extension 'cmake'
[1.196s] Level 1:colcon.colcon_core.package_identification:_identify(src/cubemars/can_base/src) by extension 'python'
[1.196s] Level 1:colcon.colcon_core.package_identification:_identify(src/cubemars/can_base/src) by extensions ['python_setup_py']
[1.196s] Level 1:colcon.colcon_core.package_identification:_identify(src/cubemars/can_base/src) by extension 'python_setup_py'
[1.197s] Level 1:colcon.colcon_core.package_identification:_identify(src/cubemars/cubemars_node) by extensions ['ignore', 'ignore_ament_install']
[1.197s] Level 1:colcon.colcon_core.package_identification:_identify(src/cubemars/cubemars_node) by extension 'ignore'
[1.197s] Level 1:colcon.colcon_core.package_identification:_identify(src/cubemars/cubemars_node) by extension 'ignore_ament_install'
[1.198s] Level 1:colcon.colcon_core.package_identification:_identify(src/cubemars/cubemars_node) by extensions ['colcon_pkg']
[1.198s] Level 1:colcon.colcon_core.package_identification:_identify(src/cubemars/cubemars_node) by extension 'colcon_pkg'
[1.198s] Level 1:colcon.colcon_core.package_identification:_identify(src/cubemars/cubemars_node) by extensions ['colcon_meta']
[1.198s] Level 1:colcon.colcon_core.package_identification:_identify(src/cubemars/cubemars_node) by extension 'colcon_meta'
[1.198s] Level 1:colcon.colcon_core.package_identification:_identify(src/cubemars/cubemars_node) by extensions ['ros']
[1.198s] Level 1:colcon.colcon_core.package_identification:_identify(src/cubemars/cubemars_node) by extension 'ros'
[1.201s] DEBUG:colcon.colcon_core.package_identification:Package 'src/cubemars/cubemars_node' with type 'ros.ament_cmake' and name 'cubemars_can'
[1.201s] Level 1:colcon.colcon_core.package_identification:_identify(src/mock_gps) by extensions ['ignore', 'ignore_ament_install']
[1.202s] Level 1:colcon.colcon_core.package_identification:_identify(src/mock_gps) by extension 'ignore'
[1.202s] Level 1:colcon.colcon_core.package_identification:_identify(src/mock_gps) by extension 'ignore_ament_install'
[1.202s] Level 1:colcon.colcon_core.package_identification:_identify(src/mock_gps) by extensions ['colcon_pkg']
[1.202s] Level 1:colcon.colcon_core.package_identification:_identify(src/mock_gps) by extension 'colcon_pkg'
[1.202s] Level 1:colcon.colcon_core.package_identification:_identify(src/mock_gps) by extensions ['colcon_meta']
[1.202s] Level 1:colcon.colcon_core.package_identification:_identify(src/mock_gps) by extension 'colcon_meta'
[1.203s] Level 1:colcon.colcon_core.package_identification:_identify(src/mock_gps) by extensions ['ros']
[1.203s] Level 1:colcon.colcon_core.package_identification:_identify(src/mock_gps) by extension 'ros'
[1.205s] DEBUG:colcon.colcon_core.package_identification:Package 'src/mock_gps' with type 'ros.ament_cmake' and name 'mock_gps'
[1.206s] Level 1:colcon.colcon_core.package_identification:_identify(src/npk_sensor) by extensions ['ignore', 'ignore_ament_install']
[1.207s] Level 1:colcon.colcon_core.package_identification:_identify(src/npk_sensor) by extension 'ignore'
[1.207s] Level 1:colcon.colcon_core.package_identification:_identify(src/npk_sensor) by extension 'ignore_ament_install'
[1.207s] Level 1:colcon.colcon_core.package_identification:_identify(src/npk_sensor) by extensions ['colcon_pkg']
[1.207s] Level 1:colcon.colcon_core.package_identification:_identify(src/npk_sensor) by extension 'colcon_pkg'
[1.207s] Level 1:colcon.colcon_core.package_identification:_identify(src/npk_sensor) by extensions ['colcon_meta']
[1.208s] Level 1:colcon.colcon_core.package_identification:_identify(src/npk_sensor) by extension 'colcon_meta'
[1.208s] Level 1:colcon.colcon_core.package_identification:_identify(src/npk_sensor) by extensions ['ros']
[1.208s] Level 1:colcon.colcon_core.package_identification:_identify(src/npk_sensor) by extension 'ros'
[1.210s] DEBUG:colcon.colcon_core.package_identification:Package 'src/npk_sensor' with type 'ros.ament_cmake' and name 'npk_sensor'
[1.211s] Level 1:colcon.colcon_core.package_identification:_identify(src/ros_odrive) by extensions ['ignore', 'ignore_ament_install']
[1.211s] Level 1:colcon.colcon_core.package_identification:_identify(src/ros_odrive) by extension 'ignore'
[1.211s] Level 1:colcon.colcon_core.package_identification:_identify(src/ros_odrive) by extension 'ignore_ament_install'
[1.212s] Level 1:colcon.colcon_core.package_identification:_identify(src/ros_odrive) by extensions ['colcon_pkg']
[1.212s] Level 1:colcon.colcon_core.package_identification:_identify(src/ros_odrive) by extension 'colcon_pkg'
[1.212s] Level 1:colcon.colcon_core.package_identification:_identify(src/ros_odrive) by extensions ['colcon_meta']
[1.212s] Level 1:colcon.colcon_core.package_identification:_identify(src/ros_odrive) by extension 'colcon_meta'
[1.212s] Level 1:colcon.colcon_core.package_identification:_identify(src/ros_odrive) by extensions ['ros']
[1.212s] Level 1:colcon.colcon_core.package_identification:_identify(src/ros_odrive) by extension 'ros'
[1.213s] Level 1:colcon.colcon_core.package_identification:_identify(src/ros_odrive) by extensions ['cmake', 'python']
[1.213s] Level 1:colcon.colcon_core.package_identification:_identify(src/ros_odrive) by extension 'cmake'
[1.213s] Level 1:colcon.colcon_core.package_identification:_identify(src/ros_odrive) by extension 'python'
[1.213s] Level 1:colcon.colcon_core.package_identification:_identify(src/ros_odrive) by extensions ['python_setup_py']
[1.213s] Level 1:colcon.colcon_core.package_identification:_identify(src/ros_odrive) by extension 'python_setup_py'
[1.214s] Level 1:colcon.colcon_core.package_identification:_identify(src/ros_odrive/odrive_base) by extensions ['ignore', 'ignore_ament_install']
[1.214s] Level 1:colcon.colcon_core.package_identification:_identify(src/ros_odrive/odrive_base) by extension 'ignore'
[1.214s] Level 1:colcon.colcon_core.package_identification:_identify(src/ros_odrive/odrive_base) by extension 'ignore_ament_install'
[1.214s] Level 1:colcon.colcon_core.package_identification:_identify(src/ros_odrive/odrive_base) by extensions ['colcon_pkg']
[1.214s] Level 1:colcon.colcon_core.package_identification:_identify(src/ros_odrive/odrive_base) by extension 'colcon_pkg'
[1.215s] Level 1:colcon.colcon_core.package_identification:_identify(src/ros_odrive/odrive_base) by extensions ['colcon_meta']
[1.215s] Level 1:colcon.colcon_core.package_identification:_identify(src/ros_odrive/odrive_base) by extension 'colcon_meta'
[1.215s] Level 1:colcon.colcon_core.package_identification:_identify(src/ros_odrive/odrive_base) by extensions ['ros']
[1.215s] Level 1:colcon.colcon_core.package_identification:_identify(src/ros_odrive/odrive_base) by extension 'ros'
[1.215s] Level 1:colcon.colcon_core.package_identification:_identify(src/ros_odrive/odrive_base) by extensions ['cmake', 'python']
[1.215s] Level 1:colcon.colcon_core.package_identification:_identify(src/ros_odrive/odrive_base) by extension 'cmake'
[1.216s] Level 1:colcon.colcon_core.package_identification:_identify(src/ros_odrive/odrive_base) by extension 'python'
[1.216s] Level 1:colcon.colcon_core.package_identification:_identify(src/ros_odrive/odrive_base) by extensions ['python_setup_py']
[1.216s] Level 1:colcon.colcon_core.package_identification:_identify(src/ros_odrive/odrive_base) by extension 'python_setup_py'
[1.216s] Level 1:colcon.colcon_core.package_identification:_identify(src/ros_odrive/odrive_base/include) by extensions ['ignore', 'ignore_ament_install']
[1.217s] Level 1:colcon.colcon_core.package_identification:_identify(src/ros_odrive/odrive_base/include) by extension 'ignore'
[1.217s] Level 1:colcon.colcon_core.package_identification:_identify(src/ros_odrive/odrive_base/include) by extension 'ignore_ament_install'
[1.217s] Level 1:colcon.colcon_core.package_identification:_identify(src/ros_odrive/odrive_base/include) by extensions ['colcon_pkg']
[1.217s] Level 1:colcon.colcon_core.package_identification:_identify(src/ros_odrive/odrive_base/include) by extension 'colcon_pkg'
[1.217s] Level 1:colcon.colcon_core.package_identification:_identify(src/ros_odrive/odrive_base/include) by extensions ['colcon_meta']
[1.218s] Level 1:colcon.colcon_core.package_identification:_identify(src/ros_odrive/odrive_base/include) by extension 'colcon_meta'
[1.218s] Level 1:colcon.colcon_core.package_identification:_identify(src/ros_odrive/odrive_base/include) by extensions ['ros']
[1.218s] Level 1:colcon.colcon_core.package_identification:_identify(src/ros_odrive/odrive_base/include) by extension 'ros'
[1.218s] Level 1:colcon.colcon_core.package_identification:_identify(src/ros_odrive/odrive_base/include) by extensions ['cmake', 'python']
[1.218s] Level 1:colcon.colcon_core.package_identification:_identify(src/ros_odrive/odrive_base/include) by extension 'cmake'
[1.219s] Level 1:colcon.colcon_core.package_identification:_identify(src/ros_odrive/odrive_base/include) by extension 'python'
[1.219s] Level 1:colcon.colcon_core.package_identification:_identify(src/ros_odrive/odrive_base/include) by extensions ['python_setup_py']
[1.219s] Level 1:colcon.colcon_core.package_identification:_identify(src/ros_odrive/odrive_base/include) by extension 'python_setup_py'
[1.219s] Level 1:colcon.colcon_core.package_identification:_identify(src/ros_odrive/odrive_base/src) by extensions ['ignore', 'ignore_ament_install']
[1.220s] Level 1:colcon.colcon_core.package_identification:_identify(src/ros_odrive/odrive_base/src) by extension 'ignore'
[1.220s] Level 1:colcon.colcon_core.package_identification:_identify(src/ros_odrive/odrive_base/src) by extension 'ignore_ament_install'
[1.220s] Level 1:colcon.colcon_core.package_identification:_identify(src/ros_odrive/odrive_base/src) by extensions ['colcon_pkg']
[1.220s] Level 1:colcon.colcon_core.package_identification:_identify(src/ros_odrive/odrive_base/src) by extension 'colcon_pkg'
[1.220s] Level 1:colcon.colcon_core.package_identification:_identify(src/ros_odrive/odrive_base/src) by extensions ['colcon_meta']
[1.220s] Level 1:colcon.colcon_core.package_identification:_identify(src/ros_odrive/odrive_base/src) by extension 'colcon_meta'
[1.221s] Level 1:colcon.colcon_core.package_identification:_identify(src/ros_odrive/odrive_base/src) by extensions ['ros']
[1.221s] Level 1:colcon.colcon_core.package_identification:_identify(src/ros_odrive/odrive_base/src) by extension 'ros'
[1.221s] Level 1:colcon.colcon_core.package_identification:_identify(src/ros_odrive/odrive_base/src) by extensions ['cmake', 'python']
[1.221s] Level 1:colcon.colcon_core.package_identification:_identify(src/ros_odrive/odrive_base/src) by extension 'cmake'
[1.221s] Level 1:colcon.colcon_core.package_identification:_identify(src/ros_odrive/odrive_base/src) by extension 'python'
[1.221s] Level 1:colcon.colcon_core.package_identification:_identify(src/ros_odrive/odrive_base/src) by extensions ['python_setup_py']
[1.222s] Level 1:colcon.colcon_core.package_identification:_identify(src/ros_odrive/odrive_base/src) by extension 'python_setup_py'
[1.222s] Level 1:colcon.colcon_core.package_identification:_identify(src/ros_odrive/odrive_node) by extensions ['ignore', 'ignore_ament_install']
[1.222s] Level 1:colcon.colcon_core.package_identification:_identify(src/ros_odrive/odrive_node) by extension 'ignore'
[1.223s] Level 1:colcon.colcon_core.package_identification:_identify(src/ros_odrive/odrive_node) by extension 'ignore_ament_install'
[1.223s] Level 1:colcon.colcon_core.package_identification:_identify(src/ros_odrive/odrive_node) by extensions ['colcon_pkg']
[1.223s] Level 1:colcon.colcon_core.package_identification:_identify(src/ros_odrive/odrive_node) by extension 'colcon_pkg'
[1.223s] Level 1:colcon.colcon_core.package_identification:_identify(src/ros_odrive/odrive_node) by extensions ['colcon_meta']
[1.223s] Level 1:colcon.colcon_core.package_identification:_identify(src/ros_odrive/odrive_node) by extension 'colcon_meta'
[1.223s] Level 1:colcon.colcon_core.package_identification:_identify(src/ros_odrive/odrive_node) by extensions ['ros']
[1.224s] Level 1:colcon.colcon_core.package_identification:_identify(src/ros_odrive/odrive_node) by extension 'ros'
[1.226s] DEBUG:colcon.colcon_core.package_identification:Package 'src/ros_odrive/odrive_node' with type 'ros.ament_cmake' and name 'odrive_can'
[1.227s] Level 1:colcon.colcon_core.package_identification:_identify(src/stepper) by extensions ['ignore', 'ignore_ament_install']
[1.227s] Level 1:colcon.colcon_core.package_identification:_identify(src/stepper) by extension 'ignore'
[1.227s] Level 1:colcon.colcon_core.package_identification:_identify(src/stepper) by extension 'ignore_ament_install'
[1.228s] Level 1:colcon.colcon_core.package_identification:_identify(src/stepper) by extensions ['colcon_pkg']
[1.228s] Level 1:colcon.colcon_core.package_identification:_identify(src/stepper) by extension 'colcon_pkg'
[1.228s] Level 1:colcon.colcon_core.package_identification:_identify(src/stepper) by extensions ['colcon_meta']
[1.228s] Level 1:colcon.colcon_core.package_identification:_identify(src/stepper) by extension 'colcon_meta'
[1.228s] Level 1:colcon.colcon_core.package_identification:_identify(src/stepper) by extensions ['ros']
[1.228s] Level 1:colcon.colcon_core.package_identification:_identify(src/stepper) by extension 'ros'
[1.229s] Level 1:colcon.colcon_core.package_identification:_identify(src/stepper) by extensions ['cmake', 'python']
[1.229s] Level 1:colcon.colcon_core.package_identification:_identify(src/stepper) by extension 'cmake'
[1.229s] Level 1:colcon.colcon_core.package_identification:_identify(src/stepper) by extension 'python'
[1.229s] Level 1:colcon.colcon_core.package_identification:_identify(src/stepper) by extensions ['python_setup_py']
[1.229s] Level 1:colcon.colcon_core.package_identification:_identify(src/stepper) by extension 'python_setup_py'
[1.230s] Level 1:colcon.colcon_core.package_identification:_identify(src/stepper/can_base) by extensions ['ignore', 'ignore_ament_install']
[1.230s] Level 1:colcon.colcon_core.package_identification:_identify(src/stepper/can_base) by extension 'ignore'
[1.230s] Level 1:colcon.colcon_core.package_identification:_identify(src/stepper/can_base) by extension 'ignore_ament_install'
[1.230s] Level 1:colcon.colcon_core.package_identification:_identify(src/stepper/can_base) by extensions ['colcon_pkg']
[1.231s] Level 1:colcon.colcon_core.package_identification:_identify(src/stepper/can_base) by extension 'colcon_pkg'
[1.231s] Level 1:colcon.colcon_core.package_identification:_identify(src/stepper/can_base) by extensions ['colcon_meta']
[1.231s] Level 1:colcon.colcon_core.package_identification:_identify(src/stepper/can_base) by extension 'colcon_meta'
[1.231s] Level 1:colcon.colcon_core.package_identification:_identify(src/stepper/can_base) by extensions ['ros']
[1.231s] Level 1:colcon.colcon_core.package_identification:_identify(src/stepper/can_base) by extension 'ros'
[1.231s] Level 1:colcon.colcon_core.package_identification:_identify(src/stepper/can_base) by extensions ['cmake', 'python']
[1.232s] Level 1:colcon.colcon_core.package_identification:_identify(src/stepper/can_base) by extension 'cmake'
[1.232s] Level 1:colcon.colcon_core.package_identification:_identify(src/stepper/can_base) by extension 'python'
[1.232s] Level 1:colcon.colcon_core.package_identification:_identify(src/stepper/can_base) by extensions ['python_setup_py']
[1.232s] Level 1:colcon.colcon_core.package_identification:_identify(src/stepper/can_base) by extension 'python_setup_py'
[1.233s] Level 1:colcon.colcon_core.package_identification:_identify(src/stepper/can_base/include) by extensions ['ignore', 'ignore_ament_install']
[1.233s] Level 1:colcon.colcon_core.package_identification:_identify(src/stepper/can_base/include) by extension 'ignore'
[1.233s] Level 1:colcon.colcon_core.package_identification:_identify(src/stepper/can_base/include) by extension 'ignore_ament_install'
[1.233s] Level 1:colcon.colcon_core.package_identification:_identify(src/stepper/can_base/include) by extensions ['colcon_pkg']
[1.233s] Level 1:colcon.colcon_core.package_identification:_identify(src/stepper/can_base/include) by extension 'colcon_pkg'
[1.234s] Level 1:colcon.colcon_core.package_identification:_identify(src/stepper/can_base/include) by extensions ['colcon_meta']
[1.234s] Level 1:colcon.colcon_core.package_identification:_identify(src/stepper/can_base/include) by extension 'colcon_meta'
[1.234s] Level 1:colcon.colcon_core.package_identification:_identify(src/stepper/can_base/include) by extensions ['ros']
[1.234s] Level 1:colcon.colcon_core.package_identification:_identify(src/stepper/can_base/include) by extension 'ros'
[1.234s] Level 1:colcon.colcon_core.package_identification:_identify(src/stepper/can_base/include) by extensions ['cmake', 'python']
[1.234s] Level 1:colcon.colcon_core.package_identification:_identify(src/stepper/can_base/include) by extension 'cmake'
[1.235s] Level 1:colcon.colcon_core.package_identification:_identify(src/stepper/can_base/include) by extension 'python'
[1.235s] Level 1:colcon.colcon_core.package_identification:_identify(src/stepper/can_base/include) by extensions ['python_setup_py']
[1.235s] Level 1:colcon.colcon_core.package_identification:_identify(src/stepper/can_base/include) by extension 'python_setup_py'
[1.235s] Level 1:colcon.colcon_core.package_identification:_identify(src/stepper/can_base/src) by extensions ['ignore', 'ignore_ament_install']
[1.236s] Level 1:colcon.colcon_core.package_identification:_identify(src/stepper/can_base/src) by extension 'ignore'
[1.236s] Level 1:colcon.colcon_core.package_identification:_identify(src/stepper/can_base/src) by extension 'ignore_ament_install'
[1.236s] Level 1:colcon.colcon_core.package_identification:_identify(src/stepper/can_base/src) by extensions ['colcon_pkg']
[1.236s] Level 1:colcon.colcon_core.package_identification:_identify(src/stepper/can_base/src) by extension 'colcon_pkg'
[1.236s] Level 1:colcon.colcon_core.package_identification:_identify(src/stepper/can_base/src) by extensions ['colcon_meta']
[1.236s] Level 1:colcon.colcon_core.package_identification:_identify(src/stepper/can_base/src) by extension 'colcon_meta'
[1.237s] Level 1:colcon.colcon_core.package_identification:_identify(src/stepper/can_base/src) by extensions ['ros']
[1.237s] Level 1:colcon.colcon_core.package_identification:_identify(src/stepper/can_base/src) by extension 'ros'
[1.237s] Level 1:colcon.colcon_core.package_identification:_identify(src/stepper/can_base/src) by extensions ['cmake', 'python']
[1.237s] Level 1:colcon.colcon_core.package_identification:_identify(src/stepper/can_base/src) by extension 'cmake'
[1.237s] Level 1:colcon.colcon_core.package_identification:_identify(src/stepper/can_base/src) by extension 'python'
[1.238s] Level 1:colcon.colcon_core.package_identification:_identify(src/stepper/can_base/src) by extensions ['python_setup_py']
[1.238s] Level 1:colcon.colcon_core.package_identification:_identify(src/stepper/can_base/src) by extension 'python_setup_py'
[1.238s] Level 1:colcon.colcon_core.package_identification:_identify(src/stepper/stepper_node) by extensions ['ignore', 'ignore_ament_install']
[1.238s] Level 1:colcon.colcon_core.package_identification:_identify(src/stepper/stepper_node) by extension 'ignore'
[1.239s] Level 1:colcon.colcon_core.package_identification:_identify(src/stepper/stepper_node) by extension 'ignore_ament_install'
[1.239s] Level 1:colcon.colcon_core.package_identification:_identify(src/stepper/stepper_node) by extensions ['colcon_pkg']
[1.239s] Level 1:colcon.colcon_core.package_identification:_identify(src/stepper/stepper_node) by extension 'colcon_pkg'
[1.239s] Level 1:colcon.colcon_core.package_identification:_identify(src/stepper/stepper_node) by extensions ['colcon_meta']
[1.239s] Level 1:colcon.colcon_core.package_identification:_identify(src/stepper/stepper_node) by extension 'colcon_meta'
[1.239s] Level 1:colcon.colcon_core.package_identification:_identify(src/stepper/stepper_node) by extensions ['ros']
[1.240s] Level 1:colcon.colcon_core.package_identification:_identify(src/stepper/stepper_node) by extension 'ros'
[1.242s] DEBUG:colcon.colcon_core.package_identification:Package 'src/stepper/stepper_node' with type 'ros.ament_cmake' and name 'stepper_can'
[1.243s] Level 1:colcon.colcon_core.package_identification:_identify(src/yellowjacket) by extensions ['ignore', 'ignore_ament_install']
[1.243s] Level 1:colcon.colcon_core.package_identification:_identify(src/yellowjacket) by extension 'ignore'
[1.243s] Level 1:colcon.colcon_core.package_identification:_identify(src/yellowjacket) by extension 'ignore_ament_install'
[1.244s] Level 1:colcon.colcon_core.package_identification:_identify(src/yellowjacket) by extensions ['colcon_pkg']
[1.244s] Level 1:colcon.colcon_core.package_identification:_identify(src/yellowjacket) by extension 'colcon_pkg'
[1.244s] Level 1:colcon.colcon_core.package_identification:_identify(src/yellowjacket) by extensions ['colcon_meta']
[1.244s] Level 1:colcon.colcon_core.package_identification:_identify(src/yellowjacket) by extension 'colcon_meta'
[1.244s] Level 1:colcon.colcon_core.package_identification:_identify(src/yellowjacket) by extensions ['ros']
[1.244s] Level 1:colcon.colcon_core.package_identification:_identify(src/yellowjacket) by extension 'ros'
[1.245s] Level 1:colcon.colcon_core.package_identification:_identify(src/yellowjacket) by extensions ['cmake', 'python']
[1.245s] Level 1:colcon.colcon_core.package_identification:_identify(src/yellowjacket) by extension 'cmake'
[1.245s] Level 1:colcon.colcon_core.package_identification:_identify(src/yellowjacket) by extension 'python'
[1.245s] Level 1:colcon.colcon_core.package_identification:_identify(src/yellowjacket) by extensions ['python_setup_py']
[1.245s] Level 1:colcon.colcon_core.package_identification:_identify(src/yellowjacket) by extension 'python_setup_py'
[1.246s] Level 1:colcon.colcon_core.package_identification:_identify(src/yellowjacket/can_base) by extensions ['ignore', 'ignore_ament_install']
[1.246s] Level 1:colcon.colcon_core.package_identification:_identify(src/yellowjacket/can_base) by extension 'ignore'
[1.246s] Level 1:colcon.colcon_core.package_identification:_identify(src/yellowjacket/can_base) by extension 'ignore_ament_install'
[1.246s] Level 1:colcon.colcon_core.package_identification:_identify(src/yellowjacket/can_base) by extensions ['colcon_pkg']
[1.247s] Level 1:colcon.colcon_core.package_identification:_identify(src/yellowjacket/can_base) by extension 'colcon_pkg'
[1.247s] Level 1:colcon.colcon_core.package_identification:_identify(src/yellowjacket/can_base) by extensions ['colcon_meta']
[1.247s] Level 1:colcon.colcon_core.package_identification:_identify(src/yellowjacket/can_base) by extension 'colcon_meta'
[1.247s] Level 1:colcon.colcon_core.package_identification:_identify(src/yellowjacket/can_base) by extensions ['ros']
[1.247s] Level 1:colcon.colcon_core.package_identification:_identify(src/yellowjacket/can_base) by extension 'ros'
[1.247s] Level 1:colcon.colcon_core.package_identification:_identify(src/yellowjacket/can_base) by extensions ['cmake', 'python']
[1.248s] Level 1:colcon.colcon_core.package_identification:_identify(src/yellowjacket/can_base) by extension 'cmake'
[1.248s] Level 1:colcon.colcon_core.package_identification:_identify(src/yellowjacket/can_base) by extension 'python'
[1.248s] Level 1:colcon.colcon_core.package_identification:_identify(src/yellowjacket/can_base) by extensions ['python_setup_py']
[1.248s] Level 1:colcon.colcon_core.package_identification:_identify(src/yellowjacket/can_base) by extension 'python_setup_py'
[1.249s] Level 1:colcon.colcon_core.package_identification:_identify(src/yellowjacket/can_base/include) by extensions ['ignore', 'ignore_ament_install']
[1.249s] Level 1:colcon.colcon_core.package_identification:_identify(src/yellowjacket/can_base/include) by extension 'ignore'
[1.249s] Level 1:colcon.colcon_core.package_identification:_identify(src/yellowjacket/can_base/include) by extension 'ignore_ament_install'
[1.249s] Level 1:colcon.colcon_core.package_identification:_identify(src/yellowjacket/can_base/include) by extensions ['colcon_pkg']
[1.249s] Level 1:colcon.colcon_core.package_identification:_identify(src/yellowjacket/can_base/include) by extension 'colcon_pkg'
[1.250s] Level 1:colcon.colcon_core.package_identification:_identify(src/yellowjacket/can_base/include) by extensions ['colcon_meta']
[1.250s] Level 1:colcon.colcon_core.package_identification:_identify(src/yellowjacket/can_base/include) by extension 'colcon_meta'
[1.250s] Level 1:colcon.colcon_core.package_identification:_identify(src/yellowjacket/can_base/include) by extensions ['ros']
[1.250s] Level 1:colcon.colcon_core.package_identification:_identify(src/yellowjacket/can_base/include) by extension 'ros'
[1.250s] Level 1:colcon.colcon_core.package_identification:_identify(src/yellowjacket/can_base/include) by extensions ['cmake', 'python']
[1.250s] Level 1:colcon.colcon_core.package_identification:_identify(src/yellowjacket/can_base/include) by extension 'cmake'
[1.251s] Level 1:colcon.colcon_core.package_identification:_identify(src/yellowjacket/can_base/include) by extension 'python'
[1.251s] Level 1:colcon.colcon_core.package_identification:_identify(src/yellowjacket/can_base/include) by extensions ['python_setup_py']
[1.251s] Level 1:colcon.colcon_core.package_identification:_identify(src/yellowjacket/can_base/include) by extension 'python_setup_py'
[1.251s] Level 1:colcon.colcon_core.package_identification:_identify(src/yellowjacket/can_base/src) by extensions ['ignore', 'ignore_ament_install']
[1.252s] Level 1:colcon.colcon_core.package_identification:_identify(src/yellowjacket/can_base/src) by extension 'ignore'
[1.252s] Level 1:colcon.colcon_core.package_identification:_identify(src/yellowjacket/can_base/src) by extension 'ignore_ament_install'
[1.252s] Level 1:colcon.colcon_core.package_identification:_identify(src/yellowjacket/can_base/src) by extensions ['colcon_pkg']
[1.252s] Level 1:colcon.colcon_core.package_identification:_identify(src/yellowjacket/can_base/src) by extension 'colcon_pkg'
[1.252s] Level 1:colcon.colcon_core.package_identification:_identify(src/yellowjacket/can_base/src) by extensions ['colcon_meta']
[1.252s] Level 1:colcon.colcon_core.package_identification:_identify(src/yellowjacket/can_base/src) by extension 'colcon_meta'
[1.253s] Level 1:colcon.colcon_core.package_identification:_identify(src/yellowjacket/can_base/src) by extensions ['ros']
[1.253s] Level 1:colcon.colcon_core.package_identification:_identify(src/yellowjacket/can_base/src) by extension 'ros'
[1.253s] Level 1:colcon.colcon_core.package_identification:_identify(src/yellowjacket/can_base/src) by extensions ['cmake', 'python']
[1.253s] Level 1:colcon.colcon_core.package_identification:_identify(src/yellowjacket/can_base/src) by extension 'cmake'
[1.253s] Level 1:colcon.colcon_core.package_identification:_identify(src/yellowjacket/can_base/src) by extension 'python'
[1.254s] Level 1:colcon.colcon_core.package_identification:_identify(src/yellowjacket/can_base/src) by extensions ['python_setup_py']
[1.254s] Level 1:colcon.colcon_core.package_identification:_identify(src/yellowjacket/can_base/src) by extension 'python_setup_py'
[1.254s] Level 1:colcon.colcon_core.package_identification:_identify(src/yellowjacket/yellowjacket_node) by extensions ['ignore', 'ignore_ament_install']
[1.255s] Level 1:colcon.colcon_core.package_identification:_identify(src/yellowjacket/yellowjacket_node) by extension 'ignore'
[1.255s] Level 1:colcon.colcon_core.package_identification:_identify(src/yellowjacket/yellowjacket_node) by extension 'ignore_ament_install'
[1.255s] Level 1:colcon.colcon_core.package_identification:_identify(src/yellowjacket/yellowjacket_node) by extensions ['colcon_pkg']
[1.255s] Level 1:colcon.colcon_core.package_identification:_identify(src/yellowjacket/yellowjacket_node) by extension 'colcon_pkg'
[1.255s] Level 1:colcon.colcon_core.package_identification:_identify(src/yellowjacket/yellowjacket_node) by extensions ['colcon_meta']
[1.255s] Level 1:colcon.colcon_core.package_identification:_identify(src/yellowjacket/yellowjacket_node) by extension 'colcon_meta'
[1.256s] Level 1:colcon.colcon_core.package_identification:_identify(src/yellowjacket/yellowjacket_node) by extensions ['ros']
[1.256s] Level 1:colcon.colcon_core.package_identification:_identify(src/yellowjacket/yellowjacket_node) by extension 'ros'
[1.258s] DEBUG:colcon.colcon_core.package_identification:Package 'src/yellowjacket/yellowjacket_node' with type 'ros.ament_cmake' and name 'yellowjacket_can'
[1.259s] Level 1:colcon.colcon_core.package_discovery:discover_packages(recursive) using defaults
[1.259s] Level 1:colcon.colcon_core.package_discovery:discover_packages(ignore) discover
[1.259s] Level 1:colcon.colcon_core.package_discovery:discover_packages(ignore) using defaults
[1.259s] Level 1:colcon.colcon_core.package_discovery:discover_packages(path) discover
[1.259s] Level 1:colcon.colcon_core.package_discovery:discover_packages(path) using defaults
[1.371s] INFO:colcon.colcon_core.package_selection:Skipping not selected package 'cubemars_can' in 'src/cubemars/cubemars_node'
[1.371s] INFO:colcon.colcon_core.package_selection:Skipping not selected package 'mock_gps' in 'src/mock_gps'
[1.371s] INFO:colcon.colcon_core.package_selection:Skipping not selected package 'npk_sensor' in 'src/npk_sensor'
[1.371s] INFO:colcon.colcon_core.package_selection:Skipping not selected package 'odrive_can' in 'src/ros_odrive/odrive_node'
[1.371s] INFO:colcon.colcon_core.package_selection:Skipping not selected package 'stepper_can' in 'src/stepper/stepper_node'
[1.372s] INFO:colcon.colcon_core.package_selection:Skipping not selected package 'yellowjacket_can' in 'src/yellowjacket/yellowjacket_node'
[1.374s] Level 1:colcon.colcon_core.package_discovery:discover_packages(prefix_path) check parameters
[1.374s] Level 1:colcon.colcon_core.package_discovery:discover_packages(prefix_path) discover
[1.392s] DEBUG:colcon.colcon_installed_package_information.package_discovery:Found 2 installed packages in /home/pi/Legacy/Testing/ros2_ws/install
[1.394s] DEBUG:colcon.colcon_installed_package_information.package_discovery:Found 1 installed packages in /home/pi/Legacy/URC-2026/embedded_ros2_ws/install
[1.397s] DEBUG:colcon.colcon_installed_package_information.package_discovery:Found 2 installed packages in /home/pi/Legacy/URC-2026/drive_ros2_ws/install
[1.405s] DEBUG:colcon.colcon_installed_package_information.package_discovery:Found 185 installed packages in /opt/ros/humble
[1.409s] Level 1:colcon.colcon_core.package_discovery:discover_packages(prefix_path) using defaults
[1.574s] Level 5:colcon.colcon_core.verb:set package 'blender_motor' build argument 'cmake_args' from command line to 'None'
[1.574s] Level 5:colcon.colcon_core.verb:set package 'blender_motor' build argument 'cmake_target' from command line to 'None'
[1.575s] Level 5:colcon.colcon_core.verb:set package 'blender_motor' build argument 'cmake_target_skip_unavailable' from command line to 'False'
[1.575s] Level 5:colcon.colcon_core.verb:set package 'blender_motor' build argument 'cmake_clean_cache' from command line to 'False'
[1.575s] Level 5:colcon.colcon_core.verb:set package 'blender_motor' build argument 'cmake_clean_first' from command line to 'False'
[1.575s] Level 5:colcon.colcon_core.verb:set package 'blender_motor' build argument 'cmake_force_configure' from command line to 'False'
[1.575s] Level 5:colcon.colcon_core.verb:set package 'blender_motor' build argument 'ament_cmake_args' from command line to 'None'
[1.575s] Level 5:colcon.colcon_core.verb:set package 'blender_motor' build argument 'catkin_cmake_args' from command line to 'None'
[1.575s] Level 5:colcon.colcon_core.verb:set package 'blender_motor' build argument 'catkin_skip_building_tests' from command line to 'False'
[1.575s] DEBUG:colcon.colcon_core.verb:Building package 'blender_motor' with the following arguments: {'ament_cmake_args': None, 'build_base': '/home/pi/Legacy/URC-2026/embedded_ros2_ws/build/blender_motor', 'catkin_cmake_args': None, 'catkin_skip_building_tests': False, 'cmake_args': None, 'cmake_clean_cache': False, 'cmake_clean_first': False, 'cmake_force_configure': False, 'cmake_target': None, 'cmake_target_skip_unavailable': False, 'install_base': '/home/pi/Legacy/URC-2026/embedded_ros2_ws/install/blender_motor', 'merge_install': False, 'path': '/home/pi/Legacy/URC-2026/embedded_ros2_ws/src/blender_motor', 'symlink_install': False, 'test_result_base': None}
[1.576s] INFO:colcon.colcon_core.executor:Executing jobs using 'parallel' executor
[1.579s] DEBUG:colcon.colcon_parallel_executor.executor.parallel:run_until_complete
[1.580s] INFO:colcon.colcon_ros.task.ament_python.build:Building ROS package in '/home/pi/Legacy/URC-2026/embedded_ros2_ws/src/blender_motor' with build type 'ament_python'
[1.580s] Level 1:colcon.colcon_core.shell:create_environment_hook('blender_motor', 'ament_prefix_path')
[1.603s] INFO:colcon.colcon_core.plugin_system:Skipping extension 'colcon_core.shell.bat': Not used on non-Windows systems
[1.604s] INFO:colcon.colcon_core.shell:Creating environment hook '/home/pi/Legacy/URC-2026/embedded_ros2_ws/install/blender_motor/share/blender_motor/hook/ament_prefix_path.ps1'
[1.609s] INFO:colcon.colcon_core.shell:Creating environment descriptor '/home/pi/Legacy/URC-2026/embedded_ros2_ws/install/blender_motor/share/blender_motor/hook/ament_prefix_path.dsv'
[1.618s] INFO:colcon.colcon_core.shell:Creating environment hook '/home/pi/Legacy/URC-2026/embedded_ros2_ws/install/blender_motor/share/blender_motor/hook/ament_prefix_path.sh'
[1.632s] INFO:colcon.colcon_core.shell:Skip shell extension 'powershell' for command environment: Not usable outside of PowerShell
[1.632s] DEBUG:colcon.colcon_core.shell:Skip shell extension 'dsv' for command environment
[2.740s] INFO:colcon.colcon_core.task.python.build:Building Python package in '/home/pi/Legacy/URC-2026/embedded_ros2_ws/src/blender_motor'
[2.741s] INFO:colcon.colcon_core.shell:Skip shell extension 'powershell' for command environment: Not usable outside of PowerShell
[2.741s] DEBUG:colcon.colcon_core.shell:Skip shell extension 'dsv' for command environment
[4.771s] DEBUG:colcon.colcon_core.event_handler.log_command:Invoking command in '/home/pi/Legacy/URC-2026/embedded_ros2_ws/src/blender_motor': PYTHONPATH=/home/pi/Legacy/URC-2026/embedded_ros2_ws/build/blender_motor/prefix_override:/usr/lib/python3/dist-packages/colcon_core/task/python/colcon_distutils_commands:/home/pi/Legacy/URC-2026/embedded_ros2_ws/install/blender_motor/lib/python3.10/site-packages:${PYTHONPATH} /usr/bin/python3 -W ignore:setup.py install is deprecated -W ignore:easy_install command is deprecated setup.py egg_info --egg-base ../../build/blender_motor build --build-base /home/pi/Legacy/URC-2026/embedded_ros2_ws/build/blender_motor/build install --record /home/pi/Legacy/URC-2026/embedded_ros2_ws/build/blender_motor/install.log --single-version-externally-managed install_data
[6.045s] DEBUG:colcon.colcon_core.event_handler.log_command:Invoked command in '/home/pi/Legacy/URC-2026/embedded_ros2_ws/src/blender_motor' returned '0': PYTHONPATH=/home/pi/Legacy/URC-2026/embedded_ros2_ws/build/blender_motor/prefix_override:/usr/lib/python3/dist-packages/colcon_core/task/python/colcon_distutils_commands:/home/pi/Legacy/URC-2026/embedded_ros2_ws/install/blender_motor/lib/python3.10/site-packages:${PYTHONPATH} /usr/bin/python3 -W ignore:setup.py install is deprecated -W ignore:easy_install command is deprecated setup.py egg_info --egg-base ../../build/blender_motor build --build-base /home/pi/Legacy/URC-2026/embedded_ros2_ws/build/blender_motor/build install --record /home/pi/Legacy/URC-2026/embedded_ros2_ws/build/blender_motor/install.log --single-version-externally-managed install_data
[6.072s] Level 1:colcon.colcon_core.environment:checking '/home/pi/Legacy/URC-2026/embedded_ros2_ws/install/blender_motor' for CMake module files
[6.076s] Level 1:colcon.colcon_core.environment:checking '/home/pi/Legacy/URC-2026/embedded_ros2_ws/install/blender_motor' for CMake config files
[6.081s] Level 1:colcon.colcon_core.environment:checking '/home/pi/Legacy/URC-2026/embedded_ros2_ws/install/blender_motor/lib'
[6.082s] Level 1:colcon.colcon_core.environment:checking '/home/pi/Legacy/URC-2026/embedded_ros2_ws/install/blender_motor/bin'
[6.082s] Level 1:colcon.colcon_core.environment:checking '/home/pi/Legacy/URC-2026/embedded_ros2_ws/install/blender_motor/lib/pkgconfig/blender_motor.pc'
[6.083s] Level 1:colcon.colcon_core.environment:checking '/home/pi/Legacy/URC-2026/embedded_ros2_ws/install/blender_motor/lib/python3.10/site-packages'
[6.083s] Level 1:colcon.colcon_core.shell:create_environment_hook('blender_motor', 'pythonpath')
[6.084s] INFO:colcon.colcon_core.shell:Creating environment hook '/home/pi/Legacy/URC-2026/embedded_ros2_ws/install/blender_motor/share/blender_motor/hook/pythonpath.ps1'
[6.087s] INFO:colcon.colcon_core.shell:Creating environment descriptor '/home/pi/Legacy/URC-2026/embedded_ros2_ws/install/blender_motor/share/blender_motor/hook/pythonpath.dsv'
[6.088s] INFO:colcon.colcon_core.shell:Creating environment hook '/home/pi/Legacy/URC-2026/embedded_ros2_ws/install/blender_motor/share/blender_motor/hook/pythonpath.sh'
[6.091s] Level 1:colcon.colcon_core.environment:checking '/home/pi/Legacy/URC-2026/embedded_ros2_ws/install/blender_motor/bin'
[6.092s] Level 1:colcon.colcon_core.environment:create_environment_scripts_only(blender_motor)
[6.093s] INFO:colcon.colcon_core.shell:Creating package script '/home/pi/Legacy/URC-2026/embedded_ros2_ws/install/blender_motor/share/blender_motor/package.ps1'
[6.113s] INFO:colcon.colcon_core.shell:Creating package descriptor '/home/pi/Legacy/URC-2026/embedded_ros2_ws/install/blender_motor/share/blender_motor/package.dsv'
[6.123s] INFO:colcon.colcon_core.shell:Creating package script '/home/pi/Legacy/URC-2026/embedded_ros2_ws/install/blender_motor/share/blender_motor/package.sh'
[6.137s] INFO:colcon.colcon_core.shell:Creating package script '/home/pi/Legacy/URC-2026/embedded_ros2_ws/install/blender_motor/share/blender_motor/package.bash'
[6.151s] INFO:colcon.colcon_core.shell:Creating package script '/home/pi/Legacy/URC-2026/embedded_ros2_ws/install/blender_motor/share/blender_motor/package.zsh'
[6.165s] Level 1:colcon.colcon_core.environment:create_file_with_runtime_dependencies(/home/pi/Legacy/URC-2026/embedded_ros2_ws/install/blender_motor/share/colcon-core/packages/blender_motor)
[6.167s] DEBUG:colcon.colcon_parallel_executor.executor.parallel:closing loop
[6.170s] DEBUG:colcon.colcon_parallel_executor.executor.parallel:loop closed
[6.170s] DEBUG:colcon.colcon_parallel_executor.executor.parallel:run_until_complete finished with '0'
[6.171s] DEBUG:colcon.colcon_core.event_reactor:joining thread
[6.219s] INFO:colcon.colcon_core.plugin_system:Skipping extension 'colcon_notification.desktop_notification.notify_send': Could not find 'notify-send'
[6.220s] INFO:colcon.colcon_core.plugin_system:Skipping extension 'colcon_notification.desktop_notification.terminal_notifier': Not used on non-Darwin systems
[6.220s] INFO:colcon.colcon_core.plugin_system:Skipping extension 'colcon_notification.desktop_notification.win32': Not used on non-Windows systems
[6.220s] INFO:colcon.colcon_notification.desktop_notification:Sending desktop notification using 'notify2'
[6.285s] DEBUG:colcon.colcon_notification.desktop_notification.notify2:Failed to initialize notify2: org.freedesktop.DBus.Error.ServiceUnknown: The name org.freedesktop.Notifications was not provided by any .service files
[6.286s] DEBUG:colcon.colcon_core.event_reactor:joined thread
[6.287s] INFO:colcon.colcon_core.shell:Creating prefix script '/home/pi/Legacy/URC-2026/embedded_ros2_ws/install/local_setup.ps1'
[6.293s] INFO:colcon.colcon_core.shell:Creating prefix util module '/home/pi/Legacy/URC-2026/embedded_ros2_ws/install/_local_setup_util_ps1.py'
[6.306s] INFO:colcon.colcon_core.shell:Creating prefix chain script '/home/pi/Legacy/URC-2026/embedded_ros2_ws/install/setup.ps1'
[6.315s] INFO:colcon.colcon_core.shell:Creating prefix script '/home/pi/Legacy/URC-2026/embedded_ros2_ws/install/local_setup.sh'
[6.318s] INFO:colcon.colcon_core.shell:Creating prefix util module '/home/pi/Legacy/URC-2026/embedded_ros2_ws/install/_local_setup_util_sh.py'
[6.321s] INFO:colcon.colcon_core.shell:Creating prefix chain script '/home/pi/Legacy/URC-2026/embedded_ros2_ws/install/setup.sh'
[6.374s] INFO:colcon.colcon_core.shell:Creating prefix script '/home/pi/Legacy/URC-2026/embedded_ros2_ws/install/local_setup.bash'
[6.381s] INFO:colcon.colcon_core.shell:Creating prefix chain script '/home/pi/Legacy/URC-2026/embedded_ros2_ws/install/setup.bash'
[6.450s] INFO:colcon.colcon_core.shell:Creating prefix script '/home/pi/Legacy/URC-2026/embedded_ros2_ws/install/local_setup.zsh'
[6.486s] INFO:colcon.colcon_core.shell:Creating prefix chain script '/home/pi/Legacy/URC-2026/embedded_ros2_ws/install/setup.zsh'
