[5.353s] Invoking command in '/home/pi/Legacy/URC-2026/embedded_ros2_ws/src/serializer_nodes_demo': PYTHONPATH=/home/pi/Legacy/URC-2026/embedded_ros2_ws/build/serializer_nodes_demo/prefix_override:/usr/lib/python3/dist-packages/colcon_core/task/python/colcon_distutils_commands:/home/pi/Legacy/URC-2026/embedded_ros2_ws/install/serializer_nodes_demo/lib/python3.10/site-packages:${PYTHONPATH} /usr/bin/python3 -W ignore:setup.py install is deprecated -W ignore:easy_install command is deprecated setup.py egg_info --egg-base ../../build/serializer_nodes_demo build --build-base /home/pi/Legacy/URC-2026/embedded_ros2_ws/build/serializer_nodes_demo/build install --record /home/pi/Legacy/URC-2026/embedded_ros2_ws/build/serializer_nodes_demo/install.log --single-version-externally-managed install_data
[7.390s] running egg_info
[7.394s] creating ../../build/serializer_nodes_demo/serializer_nodes_demo.egg-info
[7.394s] writing ../../build/serializer_nodes_demo/serializer_nodes_demo.egg-info/PKG-INFO
[7.396s] writing dependency_links to ../../build/serializer_nodes_demo/serializer_nodes_demo.egg-info/dependency_links.txt
[7.397s] writing entry points to ../../build/serializer_nodes_demo/serializer_nodes_demo.egg-info/entry_points.txt
[7.398s] writing requirements to ../../build/serializer_nodes_demo/serializer_nodes_demo.egg-info/requires.txt
[7.399s] writing top-level names to ../../build/serializer_nodes_demo/serializer_nodes_demo.egg-info/top_level.txt
[7.400s] writing manifest file '../../build/serializer_nodes_demo/serializer_nodes_demo.egg-info/SOURCES.txt'
[7.411s] reading manifest file '../../build/serializer_nodes_demo/serializer_nodes_demo.egg-info/SOURCES.txt'
[7.416s] writing manifest file '../../build/serializer_nodes_demo/serializer_nodes_demo.egg-info/SOURCES.txt'
[7.417s] running build
[7.418s] running build_py
[7.419s] creating /home/pi/Legacy/URC-2026/embedded_ros2_ws/build/serializer_nodes_demo/build
[7.419s] creating /home/pi/Legacy/URC-2026/embedded_ros2_ws/build/serializer_nodes_demo/build/lib
[7.420s] creating /home/pi/Legacy/URC-2026/embedded_ros2_ws/build/serializer_nodes_demo/build/lib/serializer_nodes_demo
[7.421s] copying serializer_nodes_demo/serial_demo_node_basestation.py -> /home/pi/Legacy/URC-2026/embedded_ros2_ws/build/serializer_nodes_demo/build/lib/serializer_nodes_demo
[7.422s] copying serializer_nodes_demo/__init__.py -> /home/pi/Legacy/URC-2026/embedded_ros2_ws/build/serializer_nodes_demo/build/lib/serializer_nodes_demo
[7.423s] copying serializer_nodes_demo/serial_demo_node_subscriber.py -> /home/pi/Legacy/URC-2026/embedded_ros2_ws/build/serializer_nodes_demo/build/lib/serializer_nodes_demo
[7.424s] copying serializer_nodes_demo/serial_demo_node_publisher.py -> /home/pi/Legacy/URC-2026/embedded_ros2_ws/build/serializer_nodes_demo/build/lib/serializer_nodes_demo
[7.424s] copying serializer_nodes_demo/listener_node_rover.py -> /home/pi/Legacy/URC-2026/embedded_ros2_ws/build/serializer_nodes_demo/build/lib/serializer_nodes_demo
[7.426s] running install
[7.427s] running install_lib
[7.432s] creating /home/pi/Legacy/URC-2026/embedded_ros2_ws/install/serializer_nodes_demo/lib/python3.10/site-packages/serializer_nodes_demo
[7.433s] copying /home/pi/Legacy/URC-2026/embedded_ros2_ws/build/serializer_nodes_demo/build/lib/serializer_nodes_demo/serial_demo_node_basestation.py -> /home/pi/Legacy/URC-2026/embedded_ros2_ws/install/serializer_nodes_demo/lib/python3.10/site-packages/serializer_nodes_demo
[7.438s] copying /home/pi/Legacy/URC-2026/embedded_ros2_ws/build/serializer_nodes_demo/build/lib/serializer_nodes_demo/__init__.py -> /home/pi/Legacy/URC-2026/embedded_ros2_ws/install/serializer_nodes_demo/lib/python3.10/site-packages/serializer_nodes_demo
[7.438s] copying /home/pi/Legacy/URC-2026/embedded_ros2_ws/build/serializer_nodes_demo/build/lib/serializer_nodes_demo/serial_demo_node_subscriber.py -> /home/pi/Legacy/URC-2026/embedded_ros2_ws/install/serializer_nodes_demo/lib/python3.10/site-packages/serializer_nodes_demo
[7.439s] copying /home/pi/Legacy/URC-2026/embedded_ros2_ws/build/serializer_nodes_demo/build/lib/serializer_nodes_demo/serial_demo_node_publisher.py -> /home/pi/Legacy/URC-2026/embedded_ros2_ws/install/serializer_nodes_demo/lib/python3.10/site-packages/serializer_nodes_demo
[7.440s] copying /home/pi/Legacy/URC-2026/embedded_ros2_ws/build/serializer_nodes_demo/build/lib/serializer_nodes_demo/listener_node_rover.py -> /home/pi/Legacy/URC-2026/embedded_ros2_ws/install/serializer_nodes_demo/lib/python3.10/site-packages/serializer_nodes_demo
[7.441s] byte-compiling /home/pi/Legacy/URC-2026/embedded_ros2_ws/install/serializer_nodes_demo/lib/python3.10/site-packages/serializer_nodes_demo/serial_demo_node_basestation.py to serial_demo_node_basestation.cpython-310.pyc
[7.452s] byte-compiling /home/pi/Legacy/URC-2026/embedded_ros2_ws/install/serializer_nodes_demo/lib/python3.10/site-packages/serializer_nodes_demo/__init__.py to __init__.cpython-310.pyc
[7.453s] byte-compiling /home/pi/Legacy/URC-2026/embedded_ros2_ws/install/serializer_nodes_demo/lib/python3.10/site-packages/serializer_nodes_demo/serial_demo_node_subscriber.py to serial_demo_node_subscriber.cpython-310.pyc
[7.464s] byte-compiling /home/pi/Legacy/URC-2026/embedded_ros2_ws/install/serializer_nodes_demo/lib/python3.10/site-packages/serializer_nodes_demo/serial_demo_node_publisher.py to serial_demo_node_publisher.cpython-310.pyc
[7.465s] byte-compiling /home/pi/Legacy/URC-2026/embedded_ros2_ws/install/serializer_nodes_demo/lib/python3.10/site-packages/serializer_nodes_demo/listener_node_rover.py to listener_node_rover.cpython-310.pyc
[7.466s] running install_data
[7.467s] creating /home/pi/Legacy/URC-2026/embedded_ros2_ws/install/serializer_nodes_demo/share/ament_index
[7.469s] creating /home/pi/Legacy/URC-2026/embedded_ros2_ws/install/serializer_nodes_demo/share/ament_index/resource_index
[7.470s] creating /home/pi/Legacy/URC-2026/embedded_ros2_ws/install/serializer_nodes_demo/share/ament_index/resource_index/packages
[7.470s] copying resource/serializer_nodes_demo -> /home/pi/Legacy/URC-2026/embedded_ros2_ws/install/serializer_nodes_demo/share/ament_index/resource_index/packages
[7.471s] copying package.xml -> /home/pi/Legacy/URC-2026/embedded_ros2_ws/install/serializer_nodes_demo/share/serializer_nodes_demo
[7.472s] creating /home/pi/Legacy/URC-2026/embedded_ros2_ws/install/serializer_nodes_demo/share/serializer_nodes_demo/launch
[7.473s] copying launch/telemetry_launch.yaml -> /home/pi/Legacy/URC-2026/embedded_ros2_ws/install/serializer_nodes_demo/share/serializer_nodes_demo/launch
[7.474s] running install_egg_info
[7.483s] Copying ../../build/serializer_nodes_demo/serializer_nodes_demo.egg-info to /home/pi/Legacy/URC-2026/embedded_ros2_ws/install/serializer_nodes_demo/lib/python3.10/site-packages/serializer_nodes_demo-0.0.0-py3.10.egg-info
[7.492s] running install_scripts
[7.623s] Installing pub_serial_node script to /home/pi/Legacy/URC-2026/embedded_ros2_ws/install/serializer_nodes_demo/lib/serializer_nodes_demo
[7.625s] Installing sub_serial_node script to /home/pi/Legacy/URC-2026/embedded_ros2_ws/install/serializer_nodes_demo/lib/serializer_nodes_demo
[7.626s] Installing test_node script to /home/pi/Legacy/URC-2026/embedded_ros2_ws/install/serializer_nodes_demo/lib/serializer_nodes_demo
[7.629s] Installing usb_serial_node script to /home/pi/Legacy/URC-2026/embedded_ros2_ws/install/serializer_nodes_demo/lib/serializer_nodes_demo
[7.633s] writing list of installed files to '/home/pi/Legacy/URC-2026/embedded_ros2_ws/build/serializer_nodes_demo/install.log'
[7.829s] Invoked command in '/home/pi/Legacy/URC-2026/embedded_ros2_ws/src/serializer_nodes_demo' returned '0': PYTHONPATH=/home/pi/Legacy/URC-2026/embedded_ros2_ws/build/serializer_nodes_demo/prefix_override:/usr/lib/python3/dist-packages/colcon_core/task/python/colcon_distutils_commands:/home/pi/Legacy/URC-2026/embedded_ros2_ws/install/serializer_nodes_demo/lib/python3.10/site-packages:${PYTHONPATH} /usr/bin/python3 -W ignore:setup.py install is deprecated -W ignore:easy_install command is deprecated setup.py egg_info --egg-base ../../build/serializer_nodes_demo build --build-base /home/pi/Legacy/URC-2026/embedded_ros2_ws/build/serializer_nodes_demo/build install --record /home/pi/Legacy/URC-2026/embedded_ros2_ws/build/serializer_nodes_demo/install.log --single-version-externally-managed install_data
