[3.188s] Invoking command in '/home/pi/Legacy/URC-2026/embedded_ros2_ws/src/blender_motor': PYTHONPATH=/home/pi/Legacy/URC-2026/embedded_ros2_ws/build/blender_motor/prefix_override:/usr/lib/python3/dist-packages/colcon_core/task/python/colcon_distutils_commands:/home/pi/Legacy/URC-2026/embedded_ros2_ws/install/blender_motor/lib/python3.10/site-packages:${PYTHONPATH} /usr/bin/python3 -W ignore:setup.py install is deprecated -W ignore:easy_install command is deprecated setup.py egg_info --egg-base ../../build/blender_motor build --build-base /home/pi/Legacy/URC-2026/embedded_ros2_ws/build/blender_motor/build install --record /home/pi/Legacy/URC-2026/embedded_ros2_ws/build/blender_motor/install.log --single-version-externally-managed install_data
[4.180s] running egg_info
[4.183s] writing ../../build/blender_motor/blender_motor.egg-info/PKG-INFO
[4.185s] writing dependency_links to ../../build/blender_motor/blender_motor.egg-info/dependency_links.txt
[4.186s] writing entry points to ../../build/blender_motor/blender_motor.egg-info/entry_points.txt
[4.186s] writing requirements to ../../build/blender_motor/blender_motor.egg-info/requires.txt
[4.187s] writing top-level names to ../../build/blender_motor/blender_motor.egg-info/top_level.txt
[4.195s] reading manifest file '../../build/blender_motor/blender_motor.egg-info/SOURCES.txt'
[4.221s] writing manifest file '../../build/blender_motor/blender_motor.egg-info/SOURCES.txt'
[4.222s] running build
[4.223s] running build_py
[4.233s] running install
[4.234s] running install_lib
[4.245s] running install_data
[4.247s] running install_egg_info
[4.255s] removing '/home/pi/Legacy/URC-2026/embedded_ros2_ws/install/blender_motor/lib/python3.10/site-packages/blender_motor-0.0.0-py3.10.egg-info' (and everything under it)
[4.257s] Copying ../../build/blender_motor/blender_motor.egg-info to /home/pi/Legacy/URC-2026/embedded_ros2_ws/install/blender_motor/lib/python3.10/site-packages/blender_motor-0.0.0-py3.10.egg-info
[4.263s] running install_scripts
[4.344s] Installing blender_motor_node script to /home/pi/Legacy/URC-2026/embedded_ros2_ws/install/blender_motor/lib/blender_motor
[4.347s] writing list of installed files to '/home/pi/Legacy/URC-2026/embedded_ros2_ws/build/blender_motor/install.log'
[4.462s] Invoked command in '/home/pi/Legacy/URC-2026/embedded_ros2_ws/src/blender_motor' returned '0': PYTHONPATH=/home/pi/Legacy/URC-2026/embedded_ros2_ws/build/blender_motor/prefix_override:/usr/lib/python3/dist-packages/colcon_core/task/python/colcon_distutils_commands:/home/pi/Legacy/URC-2026/embedded_ros2_ws/install/blender_motor/lib/python3.10/site-packages:${PYTHONPATH} /usr/bin/python3 -W ignore:setup.py install is deprecated -W ignore:easy_install command is deprecated setup.py egg_info --egg-base ../../build/blender_motor build --build-base /home/pi/Legacy/URC-2026/embedded_ros2_ws/build/blender_motor/build install --record /home/pi/Legacy/URC-2026/embedded_ros2_ws/build/blender_motor/install.log --single-version-externally-managed install_data
