-- The C compiler identification is GNU 11.4.0
-- The CXX compiler identification is GNU 11.4.0
-- Detecting C compiler ABI info
-- Detecting C compiler ABI info - done
-- Check for working C compiler: /usr/bin/cc - skipped
-- Detecting C compile features
-- Detecting C compile features - done
-- Detecting CXX compiler ABI info
-- Detecting CXX compiler ABI info - done
-- Check for working CXX compiler: /usr/bin/c++ - skipped
-- Detecting CXX compile features
-- Detecting CXX compile features - done
-- Found ament_cmake: 1.3.12 (/opt/ros/humble/share/ament_cmake/cmake)
-- Found Python3: /usr/bin/python3 (found version "3.10.12") found components: Interpreter 
-- Found rclcpp: 16.0.17 (/opt/ros/humble/share/rclcpp/cmake)
-- Found rosidl_generator_c: 3.1.8 (/opt/ros/humble/share/rosidl_generator_c/cmake)
-- Found rosidl_adapter: 3.1.8 (/opt/ros/humble/share/rosidl_adapter/cmake)
-- Found rosidl_generator_cpp: 3.1.8 (/opt/ros/humble/share/rosidl_generator_cpp/cmake)
-- Using all available rosidl_typesupport_c: rosidl_typesupport_fastrtps_c;rosidl_typesupport_introspection_c
-- Using all available rosidl_typesupport_cpp: rosidl_typesupport_fastrtps_cpp;rosidl_typesupport_introspection_cpp
-- Found rmw_implementation_cmake: 6.1.2 (/opt/ros/humble/share/rmw_implementation_cmake/cmake)
-- Found rmw_fastrtps_cpp: 6.2.9 (/opt/ros/humble/share/rmw_fastrtps_cpp/cmake)
-- Found OpenSSL: /usr/lib/aarch64-linux-gnu/libcrypto.so (found version "3.0.2")  
-- Found FastRTPS: /opt/ros/humble/include  
-- Using RMW implementation 'rmw_fastrtps_cpp' as default
-- Looking for pthread.h
-- Looking for pthread.h - found
-- Performing Test CMAKE_HAVE_LIBC_PTHREAD
-- Performing Test CMAKE_HAVE_LIBC_PTHREAD - Success
-- Found Threads: TRUE  
-- Found rosidl_default_generators: 1.2.0 (/opt/ros/humble/share/rosidl_default_generators/cmake)
-- Found std_srvs: 4.9.0 (/opt/ros/humble/share/std_srvs/cmake)
-- Found ament_cmake_ros: 0.10.0 (/opt/ros/humble/share/ament_cmake_ros/cmake)
-- Using all available rosidl_typesupport_c: rosidl_typesupport_fastrtps_c;rosidl_typesupport_introspection_c
-- Using all available rosidl_typesupport_cpp: rosidl_typesupport_fastrtps_cpp;rosidl_typesupport_introspection_cpp
-- Found PythonInterp: /usr/bin/python3 (found suitable version "3.10.12", minimum required is "3.6") 
-- Found python_cmake_module: 0.10.0 (/opt/ros/humble/share/python_cmake_module/cmake)
-- Found PythonLibs: /usr/lib/aarch64-linux-gnu/libpython3.10.so (found suitable version "3.10.12", minimum required is "3.5") 
-- Using PYTHON_EXECUTABLE: /usr/bin/python3
-- Using PYTHON_INCLUDE_DIRS: /usr/include/python3.10
-- Using PYTHON_LIBRARIES: /usr/lib/aarch64-linux-gnu/libpython3.10.so
-- Found PythonExtra: .so  
-- Configuring done
-- Generating done
-- Build files have been written to: /home/pi/Legacy/URC-2026/embedded_ros2_ws/src/build/stepper_can
[  1%] [34m[1mGenerating C++ code for ROS interfaces[0m
[  1%] Built target stepper_can__cpp
[  1%] Built target ament_cmake_python_copy_stepper_can
[  3%] [34m[1mGenerating C++ type support for eProsima Fast-RTPS[0m
[  5%] [32mBuilding CXX object CMakeFiles/stepper_can__rosidl_typesupport_fastrtps_cpp.dir/rosidl_typesupport_fastrtps_cpp/stepper_can/msg/detail/dds_fastrtps/control_message__type_support.cpp.o[0m
[  6%] [32mBuilding CXX object CMakeFiles/stepper_can__rosidl_typesupport_fastrtps_cpp.dir/rosidl_typesupport_fastrtps_cpp/stepper_can/msg/detail/dds_fastrtps/controller_status__type_support.cpp.o[0m
[  8%] [32mBuilding CXX object CMakeFiles/stepper_can__rosidl_typesupport_fastrtps_cpp.dir/rosidl_typesupport_fastrtps_cpp/stepper_can/msg/detail/dds_fastrtps/o_drive_status__type_support.cpp.o[0m
[ 10%] [32mBuilding CXX object CMakeFiles/stepper_can__rosidl_typesupport_fastrtps_cpp.dir/rosidl_typesupport_fastrtps_cpp/stepper_can/srv/detail/dds_fastrtps/axis_state__type_support.cpp.o[0m
[ 11%] [32m[1mLinking CXX shared library libstepper_can__rosidl_typesupport_fastrtps_cpp.so[0m
[ 11%] Built target stepper_can__rosidl_typesupport_fastrtps_cpp
[ 13%] [34m[1mGenerating C++ introspection for ROS interfaces[0m
[ 15%] [32mBuilding CXX object CMakeFiles/stepper_can__rosidl_typesupport_introspection_cpp.dir/rosidl_typesupport_introspection_cpp/stepper_can/msg/detail/control_message__type_support.cpp.o[0m
[ 16%] [32mBuilding CXX object CMakeFiles/stepper_can__rosidl_typesupport_introspection_cpp.dir/rosidl_typesupport_introspection_cpp/stepper_can/msg/detail/controller_status__type_support.cpp.o[0m
[ 18%] [32mBuilding CXX object CMakeFiles/stepper_can__rosidl_typesupport_introspection_cpp.dir/rosidl_typesupport_introspection_cpp/stepper_can/msg/detail/o_drive_status__type_support.cpp.o[0m
[ 20%] [32mBuilding CXX object CMakeFiles/stepper_can__rosidl_typesupport_introspection_cpp.dir/rosidl_typesupport_introspection_cpp/stepper_can/srv/detail/axis_state__type_support.cpp.o[0m
[ 21%] [32m[1mLinking CXX shared library libstepper_can__rosidl_typesupport_introspection_cpp.so[0m
[ 21%] Built target stepper_can__rosidl_typesupport_introspection_cpp
running egg_info
creating stepper_can.egg-info
writing stepper_can.egg-info/PKG-INFO
writing dependency_links to stepper_can.egg-info/dependency_links.txt
writing top-level names to stepper_can.egg-info/top_level.txt
writing manifest file 'stepper_can.egg-info/SOURCES.txt'
reading manifest file 'stepper_can.egg-info/SOURCES.txt'
writing manifest file 'stepper_can.egg-info/SOURCES.txt'
[ 21%] Built target ament_cmake_python_build_stepper_can_egg
[ 23%] [34m[1mGenerating C++ type support dispatch for ROS interfaces[0m
[ 25%] [32mBuilding CXX object CMakeFiles/stepper_can__rosidl_typesupport_cpp.dir/rosidl_typesupport_cpp/stepper_can/msg/control_message__type_support.cpp.o[0m
[ 26%] [32mBuilding CXX object CMakeFiles/stepper_can__rosidl_typesupport_cpp.dir/rosidl_typesupport_cpp/stepper_can/msg/o_drive_status__type_support.cpp.o[0m
[ 28%] [32mBuilding CXX object CMakeFiles/stepper_can__rosidl_typesupport_cpp.dir/rosidl_typesupport_cpp/stepper_can/srv/axis_state__type_support.cpp.o[0m
[ 30%] [32mBuilding CXX object CMakeFiles/stepper_can__rosidl_typesupport_cpp.dir/rosidl_typesupport_cpp/stepper_can/msg/controller_status__type_support.cpp.o[0m
[ 31%] [32m[1mLinking CXX shared library libstepper_can__rosidl_typesupport_cpp.so[0m
[ 31%] Built target stepper_can__rosidl_typesupport_cpp
[ 33%] [34m[1mGenerating C code for ROS interfaces[0m
[ 35%] [32mBuilding C object CMakeFiles/stepper_can__rosidl_generator_c.dir/rosidl_generator_c/stepper_can/msg/detail/control_message__functions.c.o[0m
[ 36%] [32mBuilding C object CMakeFiles/stepper_can__rosidl_generator_c.dir/rosidl_generator_c/stepper_can/msg/detail/o_drive_status__functions.c.o[0m
[ 38%] [32mBuilding C object CMakeFiles/stepper_can__rosidl_generator_c.dir/rosidl_generator_c/stepper_can/srv/detail/axis_state__functions.c.o[0m
[ 40%] [32mBuilding C object CMakeFiles/stepper_can__rosidl_generator_c.dir/rosidl_generator_c/stepper_can/msg/detail/controller_status__functions.c.o[0m
[ 41%] [32m[1mLinking C shared library libstepper_can__rosidl_generator_c.so[0m
[ 41%] Built target stepper_can__rosidl_generator_c
[ 43%] [32mBuilding CXX object CMakeFiles/stepper_can_node.dir/home/pi/Legacy/URC-2026/embedded_ros2_ws/src/stepper/can_base/src/epoll_event_loop.cpp.o[0m
[ 45%] [32mBuilding CXX object CMakeFiles/stepper_can_node.dir/home/pi/Legacy/URC-2026/embedded_ros2_ws/src/stepper/can_base/src/socket_can.cpp.o[0m
[ 46%] [32mBuilding CXX object CMakeFiles/stepper_can_node.dir/src/stepper_can_node.cpp.o[0m
[ 48%] [32mBuilding CXX object CMakeFiles/stepper_can_node.dir/src/main.cpp.o[0m
