[0.470s] DEBUG:colcon:Command line arguments: ['/usr/bin/colcon', 'build', '--packages-select', 'servo']
[0.471s] DEBUG:colcon:Parsed command line arguments: Namespace(log_base=None, log_level=None, verb_name='build', build_base='build', install_base='install', merge_install=False, symlink_install=False, test_result_base=None, continue_on_error=False, executor='parallel', parallel_workers=4, event_handlers=None, ignore_user_meta=False, metas=['./colcon.meta'], base_paths=['.'], packages_ignore=None, packages_ignore_regex=None, paths=None, packages_up_to=None, packages_up_to_regex=None, packages_above=None, packages_above_and_dependencies=None, packages_above_depth=None, packages_select_by_dep=None, packages_skip_by_dep=None, packages_skip_up_to=None, packages_select_build_failed=False, packages_skip_build_finished=False, packages_select_test_failures=False, packages_skip_test_passed=False, packages_select=['servo'], packages_skip=None, packages_select_regex=None, packages_skip_regex=None, packages_start=None, packages_end=None, allow_overriding=[], cmake_args=None, cmake_target=None, cmake_target_skip_unavailable=False, cmake_clean_cache=False, cmake_clean_first=False, cmake_force_configure=False, ament_cmake_args=None, catkin_cmake_args=None, catkin_skip_building_tests=False, verb_parser=<colcon_defaults.argument_parser.defaults.DefaultArgumentsDecorator object at 0xffff97d98f10>, verb_extension=<colcon_core.verb.build.BuildVerb object at 0xffff97f123b0>, main=<bound method BuildVerb.main of <colcon_core.verb.build.BuildVerb object at 0xffff97f123b0>>)
[1.180s] Level 1:colcon.colcon_core.package_discovery:discover_packages(colcon_meta) check parameters
[1.180s] Level 1:colcon.colcon_core.package_discovery:discover_packages(recursive) check parameters
[1.180s] Level 1:colcon.colcon_core.package_discovery:discover_packages(ignore) check parameters
[1.180s] Level 1:colcon.colcon_core.package_discovery:discover_packages(path) check parameters
[1.180s] Level 1:colcon.colcon_core.package_discovery:discover_packages(colcon_meta) discover
[1.181s] Level 1:colcon.colcon_core.package_discovery:discover_packages(recursive) discover
[1.181s] INFO:colcon.colcon_core.package_discovery:Crawling recursively for packages in '/home/pi/Legacy/URC-2026'
[1.181s] Level 1:colcon.colcon_core.package_identification:_identify(.) by extensions ['ignore', 'ignore_ament_install']
[1.182s] Level 1:colcon.colcon_core.package_identification:_identify(.) by extension 'ignore'
[1.182s] Level 1:colcon.colcon_core.package_identification:_identify(.) by extension 'ignore_ament_install'
[1.182s] Level 1:colcon.colcon_core.package_identification:_identify(.) by extensions ['colcon_pkg']
[1.182s] Level 1:colcon.colcon_core.package_identification:_identify(.) by extension 'colcon_pkg'
[1.182s] Level 1:colcon.colcon_core.package_identification:_identify(.) by extensions ['colcon_meta']
[1.183s] Level 1:colcon.colcon_core.package_identification:_identify(.) by extension 'colcon_meta'
[1.183s] Level 1:colcon.colcon_core.package_identification:_identify(.) by extensions ['ros']
[1.183s] Level 1:colcon.colcon_core.package_identification:_identify(.) by extension 'ros'
[1.232s] Level 1:colcon.colcon_core.package_identification:_identify(.) by extensions ['cmake', 'python']
[1.232s] Level 1:colcon.colcon_core.package_identification:_identify(.) by extension 'cmake'
[1.232s] Level 1:colcon.colcon_core.package_identification:_identify(.) by extension 'python'
[1.233s] Level 1:colcon.colcon_core.package_identification:_identify(.) by extensions ['python_setup_py']
[1.233s] Level 1:colcon.colcon_core.package_identification:_identify(.) by extension 'python_setup_py'
[1.233s] Level 1:colcon.colcon_core.package_identification:_identify(build) by extensions ['ignore', 'ignore_ament_install']
[1.234s] Level 1:colcon.colcon_core.package_identification:_identify(build) by extension 'ignore'
[1.234s] Level 1:colcon.colcon_core.package_identification:_identify(build) ignored
[1.234s] Level 1:colcon.colcon_core.package_identification:_identify(drive_ros2_ws) by extensions ['ignore', 'ignore_ament_install']
[1.235s] Level 1:colcon.colcon_core.package_identification:_identify(drive_ros2_ws) by extension 'ignore'
[1.235s] Level 1:colcon.colcon_core.package_identification:_identify(drive_ros2_ws) by extension 'ignore_ament_install'
[1.235s] Level 1:colcon.colcon_core.package_identification:_identify(drive_ros2_ws) by extensions ['colcon_pkg']
[1.235s] Level 1:colcon.colcon_core.package_identification:_identify(drive_ros2_ws) by extension 'colcon_pkg'
[1.235s] Level 1:colcon.colcon_core.package_identification:_identify(drive_ros2_ws) by extensions ['colcon_meta']
[1.235s] Level 1:colcon.colcon_core.package_identification:_identify(drive_ros2_ws) by extension 'colcon_meta'
[1.235s] Level 1:colcon.colcon_core.package_identification:_identify(drive_ros2_ws) by extensions ['ros']
[1.236s] Level 1:colcon.colcon_core.package_identification:_identify(drive_ros2_ws) by extension 'ros'
[1.236s] Level 1:colcon.colcon_core.package_identification:_identify(drive_ros2_ws) by extensions ['cmake', 'python']
[1.236s] Level 1:colcon.colcon_core.package_identification:_identify(drive_ros2_ws) by extension 'cmake'
[1.236s] Level 1:colcon.colcon_core.package_identification:_identify(drive_ros2_ws) by extension 'python'
[1.236s] Level 1:colcon.colcon_core.package_identification:_identify(drive_ros2_ws) by extensions ['python_setup_py']
[1.236s] Level 1:colcon.colcon_core.package_identification:_identify(drive_ros2_ws) by extension 'python_setup_py'
[1.237s] Level 1:colcon.colcon_core.package_identification:_identify(drive_ros2_ws/build) by extensions ['ignore', 'ignore_ament_install']
[1.237s] Level 1:colcon.colcon_core.package_identification:_identify(drive_ros2_ws/build) by extension 'ignore'
[1.237s] Level 1:colcon.colcon_core.package_identification:_identify(drive_ros2_ws/build) ignored
[1.238s] Level 1:colcon.colcon_core.package_identification:_identify(drive_ros2_ws/install) by extensions ['ignore', 'ignore_ament_install']
[1.238s] Level 1:colcon.colcon_core.package_identification:_identify(drive_ros2_ws/install) by extension 'ignore'
[1.238s] Level 1:colcon.colcon_core.package_identification:_identify(drive_ros2_ws/install) ignored
[1.239s] Level 1:colcon.colcon_core.package_identification:_identify(drive_ros2_ws/log) by extensions ['ignore', 'ignore_ament_install']
[1.239s] Level 1:colcon.colcon_core.package_identification:_identify(drive_ros2_ws/log) by extension 'ignore'
[1.239s] Level 1:colcon.colcon_core.package_identification:_identify(drive_ros2_ws/log) ignored
[1.240s] Level 1:colcon.colcon_core.package_identification:_identify(embedded_ros2_ws) by extensions ['ignore', 'ignore_ament_install']
[1.240s] Level 1:colcon.colcon_core.package_identification:_identify(embedded_ros2_ws) by extension 'ignore'
[1.240s] Level 1:colcon.colcon_core.package_identification:_identify(embedded_ros2_ws) by extension 'ignore_ament_install'
[1.240s] Level 1:colcon.colcon_core.package_identification:_identify(embedded_ros2_ws) by extensions ['colcon_pkg']
[1.240s] Level 1:colcon.colcon_core.package_identification:_identify(embedded_ros2_ws) by extension 'colcon_pkg'
[1.241s] Level 1:colcon.colcon_core.package_identification:_identify(embedded_ros2_ws) by extensions ['colcon_meta']
[1.241s] Level 1:colcon.colcon_core.package_identification:_identify(embedded_ros2_ws) by extension 'colcon_meta'
[1.241s] Level 1:colcon.colcon_core.package_identification:_identify(embedded_ros2_ws) by extensions ['ros']
[1.241s] Level 1:colcon.colcon_core.package_identification:_identify(embedded_ros2_ws) by extension 'ros'
[1.241s] Level 1:colcon.colcon_core.package_identification:_identify(embedded_ros2_ws) by extensions ['cmake', 'python']
[1.241s] Level 1:colcon.colcon_core.package_identification:_identify(embedded_ros2_ws) by extension 'cmake'
[1.242s] Level 1:colcon.colcon_core.package_identification:_identify(embedded_ros2_ws) by extension 'python'
[1.242s] Level 1:colcon.colcon_core.package_identification:_identify(embedded_ros2_ws) by extensions ['python_setup_py']
[1.242s] Level 1:colcon.colcon_core.package_identification:_identify(embedded_ros2_ws) by extension 'python_setup_py'
[1.243s] Level 1:colcon.colcon_core.package_identification:_identify(embedded_ros2_ws/build) by extensions ['ignore', 'ignore_ament_install']
[1.243s] Level 1:colcon.colcon_core.package_identification:_identify(embedded_ros2_ws/build) by extension 'ignore'
[1.243s] Level 1:colcon.colcon_core.package_identification:_identify(embedded_ros2_ws/build) ignored
[1.244s] Level 1:colcon.colcon_core.package_identification:_identify(embedded_ros2_ws/install) by extensions ['ignore', 'ignore_ament_install']
[1.244s] Level 1:colcon.colcon_core.package_identification:_identify(embedded_ros2_ws/install) by extension 'ignore'
[1.244s] Level 1:colcon.colcon_core.package_identification:_identify(embedded_ros2_ws/install) ignored
[1.244s] Level 1:colcon.colcon_core.package_identification:_identify(embedded_ros2_ws/log) by extensions ['ignore', 'ignore_ament_install']
[1.245s] Level 1:colcon.colcon_core.package_identification:_identify(embedded_ros2_ws/log) by extension 'ignore'
[1.245s] Level 1:colcon.colcon_core.package_identification:_identify(embedded_ros2_ws/log) ignored
[1.245s] Level 1:colcon.colcon_core.package_identification:_identify(embedded_ros2_ws/src) by extensions ['ignore', 'ignore_ament_install']
[1.246s] Level 1:colcon.colcon_core.package_identification:_identify(embedded_ros2_ws/src) by extension 'ignore'
[1.246s] Level 1:colcon.colcon_core.package_identification:_identify(embedded_ros2_ws/src) by extension 'ignore_ament_install'
[1.246s] Level 1:colcon.colcon_core.package_identification:_identify(embedded_ros2_ws/src) by extensions ['colcon_pkg']
[1.246s] Level 1:colcon.colcon_core.package_identification:_identify(embedded_ros2_ws/src) by extension 'colcon_pkg'
[1.246s] Level 1:colcon.colcon_core.package_identification:_identify(embedded_ros2_ws/src) by extensions ['colcon_meta']
[1.246s] Level 1:colcon.colcon_core.package_identification:_identify(embedded_ros2_ws/src) by extension 'colcon_meta'
[1.247s] Level 1:colcon.colcon_core.package_identification:_identify(embedded_ros2_ws/src) by extensions ['ros']
[1.247s] Level 1:colcon.colcon_core.package_identification:_identify(embedded_ros2_ws/src) by extension 'ros'
[1.247s] Level 1:colcon.colcon_core.package_identification:_identify(embedded_ros2_ws/src) by extensions ['cmake', 'python']
[1.247s] Level 1:colcon.colcon_core.package_identification:_identify(embedded_ros2_ws/src) by extension 'cmake'
[1.247s] Level 1:colcon.colcon_core.package_identification:_identify(embedded_ros2_ws/src) by extension 'python'
[1.247s] Level 1:colcon.colcon_core.package_identification:_identify(embedded_ros2_ws/src) by extensions ['python_setup_py']
[1.247s] Level 1:colcon.colcon_core.package_identification:_identify(embedded_ros2_ws/src) by extension 'python_setup_py'
[1.248s] Level 1:colcon.colcon_core.package_identification:_identify(embedded_ros2_ws/src/build) by extensions ['ignore', 'ignore_ament_install']
[1.248s] Level 1:colcon.colcon_core.package_identification:_identify(embedded_ros2_ws/src/build) by extension 'ignore'
[1.248s] Level 1:colcon.colcon_core.package_identification:_identify(embedded_ros2_ws/src/build) ignored
[1.249s] Level 1:colcon.colcon_core.package_identification:_identify(embedded_ros2_ws/src/install) by extensions ['ignore', 'ignore_ament_install']
[1.249s] Level 1:colcon.colcon_core.package_identification:_identify(embedded_ros2_ws/src/install) by extension 'ignore'
[1.249s] Level 1:colcon.colcon_core.package_identification:_identify(embedded_ros2_ws/src/install) ignored
[1.250s] Level 1:colcon.colcon_core.package_identification:_identify(embedded_ros2_ws/src/log) by extensions ['ignore', 'ignore_ament_install']
[1.250s] Level 1:colcon.colcon_core.package_identification:_identify(embedded_ros2_ws/src/log) by extension 'ignore'
[1.250s] Level 1:colcon.colcon_core.package_identification:_identify(embedded_ros2_ws/src/log) ignored
[1.251s] Level 1:colcon.colcon_core.package_identification:_identify(install) by extensions ['ignore', 'ignore_ament_install']
[1.251s] Level 1:colcon.colcon_core.package_identification:_identify(install) by extension 'ignore'
[1.251s] Level 1:colcon.colcon_core.package_identification:_identify(install) ignored
[1.252s] Level 1:colcon.colcon_core.package_identification:_identify(log) by extensions ['ignore', 'ignore_ament_install']
[1.252s] Level 1:colcon.colcon_core.package_identification:_identify(log) by extension 'ignore'
[1.252s] Level 1:colcon.colcon_core.package_identification:_identify(log) ignored
[1.252s] Level 1:colcon.colcon_core.package_identification:_identify(rover_ros2_ws) by extensions ['ignore', 'ignore_ament_install']
[1.253s] Level 1:colcon.colcon_core.package_identification:_identify(rover_ros2_ws) by extension 'ignore'
[1.253s] Level 1:colcon.colcon_core.package_identification:_identify(rover_ros2_ws) by extension 'ignore_ament_install'
[1.253s] Level 1:colcon.colcon_core.package_identification:_identify(rover_ros2_ws) by extensions ['colcon_pkg']
[1.253s] Level 1:colcon.colcon_core.package_identification:_identify(rover_ros2_ws) by extension 'colcon_pkg'
[1.253s] Level 1:colcon.colcon_core.package_identification:_identify(rover_ros2_ws) by extensions ['colcon_meta']
[1.254s] Level 1:colcon.colcon_core.package_identification:_identify(rover_ros2_ws) by extension 'colcon_meta'
[1.254s] Level 1:colcon.colcon_core.package_identification:_identify(rover_ros2_ws) by extensions ['ros']
[1.254s] Level 1:colcon.colcon_core.package_identification:_identify(rover_ros2_ws) by extension 'ros'
[1.254s] Level 1:colcon.colcon_core.package_identification:_identify(rover_ros2_ws) by extensions ['cmake', 'python']
[1.254s] Level 1:colcon.colcon_core.package_identification:_identify(rover_ros2_ws) by extension 'cmake'
[1.254s] Level 1:colcon.colcon_core.package_identification:_identify(rover_ros2_ws) by extension 'python'
[1.255s] Level 1:colcon.colcon_core.package_identification:_identify(rover_ros2_ws) by extensions ['python_setup_py']
[1.255s] Level 1:colcon.colcon_core.package_identification:_identify(rover_ros2_ws) by extension 'python_setup_py'
[1.255s] Level 1:colcon.colcon_core.package_identification:_identify(rover_ros2_ws/build) by extensions ['ignore', 'ignore_ament_install']
[1.255s] Level 1:colcon.colcon_core.package_identification:_identify(rover_ros2_ws/build) by extension 'ignore'
[1.256s] Level 1:colcon.colcon_core.package_identification:_identify(rover_ros2_ws/build) ignored
[1.256s] Level 1:colcon.colcon_core.package_identification:_identify(rover_ros2_ws/install) by extensions ['ignore', 'ignore_ament_install']
[1.256s] Level 1:colcon.colcon_core.package_identification:_identify(rover_ros2_ws/install) by extension 'ignore'
[1.256s] Level 1:colcon.colcon_core.package_identification:_identify(rover_ros2_ws/install) ignored
[1.257s] Level 1:colcon.colcon_core.package_identification:_identify(rover_ros2_ws/log) by extensions ['ignore', 'ignore_ament_install']
[1.257s] Level 1:colcon.colcon_core.package_identification:_identify(rover_ros2_ws/log) by extension 'ignore'
[1.257s] Level 1:colcon.colcon_core.package_identification:_identify(rover_ros2_ws/log) ignored
[1.258s] Level 1:colcon.colcon_core.package_identification:_identify(rover_ros2_ws/src) by extensions ['ignore', 'ignore_ament_install']
[1.258s] Level 1:colcon.colcon_core.package_identification:_identify(rover_ros2_ws/src) by extension 'ignore'
[1.258s] Level 1:colcon.colcon_core.package_identification:_identify(rover_ros2_ws/src) by extension 'ignore_ament_install'
[1.258s] Level 1:colcon.colcon_core.package_identification:_identify(rover_ros2_ws/src) by extensions ['colcon_pkg']
[1.258s] Level 1:colcon.colcon_core.package_identification:_identify(rover_ros2_ws/src) by extension 'colcon_pkg'
[1.259s] Level 1:colcon.colcon_core.package_identification:_identify(rover_ros2_ws/src) by extensions ['colcon_meta']
[1.259s] Level 1:colcon.colcon_core.package_identification:_identify(rover_ros2_ws/src) by extension 'colcon_meta'
[1.259s] Level 1:colcon.colcon_core.package_identification:_identify(rover_ros2_ws/src) by extensions ['ros']
[1.259s] Level 1:colcon.colcon_core.package_identification:_identify(rover_ros2_ws/src) by extension 'ros'
[1.259s] Level 1:colcon.colcon_core.package_identification:_identify(rover_ros2_ws/src) by extensions ['cmake', 'python']
[1.260s] Level 1:colcon.colcon_core.package_identification:_identify(rover_ros2_ws/src) by extension 'cmake'
[1.260s] Level 1:colcon.colcon_core.package_identification:_identify(rover_ros2_ws/src) by extension 'python'
[1.260s] Level 1:colcon.colcon_core.package_identification:_identify(rover_ros2_ws/src) by extensions ['python_setup_py']
[1.260s] Level 1:colcon.colcon_core.package_identification:_identify(rover_ros2_ws/src) by extension 'python_setup_py'
[1.260s] Level 1:colcon.colcon_core.package_identification:_identify(rover_ros2_ws/src/arm) by extensions ['ignore', 'ignore_ament_install']
[1.261s] Level 1:colcon.colcon_core.package_identification:_identify(rover_ros2_ws/src/arm) by extension 'ignore'
[1.261s] Level 1:colcon.colcon_core.package_identification:_identify(rover_ros2_ws/src/arm) by extension 'ignore_ament_install'
[1.261s] Level 1:colcon.colcon_core.package_identification:_identify(rover_ros2_ws/src/arm) by extensions ['colcon_pkg']
[1.261s] Level 1:colcon.colcon_core.package_identification:_identify(rover_ros2_ws/src/arm) by extension 'colcon_pkg'
[1.261s] Level 1:colcon.colcon_core.package_identification:_identify(rover_ros2_ws/src/arm) by extensions ['colcon_meta']
[1.261s] Level 1:colcon.colcon_core.package_identification:_identify(rover_ros2_ws/src/arm) by extension 'colcon_meta'
[1.262s] Level 1:colcon.colcon_core.package_identification:_identify(rover_ros2_ws/src/arm) by extensions ['ros']
[1.262s] Level 1:colcon.colcon_core.package_identification:_identify(rover_ros2_ws/src/arm) by extension 'ros'
[1.262s] Level 1:colcon.colcon_core.package_identification:_identify(rover_ros2_ws/src/arm) by extensions ['cmake', 'python']
[1.262s] Level 1:colcon.colcon_core.package_identification:_identify(rover_ros2_ws/src/arm) by extension 'cmake'
[1.262s] Level 1:colcon.colcon_core.package_identification:_identify(rover_ros2_ws/src/arm) by extension 'python'
[1.263s] Level 1:colcon.colcon_core.package_identification:_identify(rover_ros2_ws/src/arm) by extensions ['python_setup_py']
[1.263s] Level 1:colcon.colcon_core.package_identification:_identify(rover_ros2_ws/src/arm) by extension 'python_setup_py'
[1.263s] Level 1:colcon.colcon_core.package_identification:_identify(rover_ros2_ws/src/arm/arm) by extensions ['ignore', 'ignore_ament_install']
[1.263s] Level 1:colcon.colcon_core.package_identification:_identify(rover_ros2_ws/src/arm/arm) by extension 'ignore'
[1.264s] Level 1:colcon.colcon_core.package_identification:_identify(rover_ros2_ws/src/arm/arm) by extension 'ignore_ament_install'
[1.264s] Level 1:colcon.colcon_core.package_identification:_identify(rover_ros2_ws/src/arm/arm) by extensions ['colcon_pkg']
[1.264s] Level 1:colcon.colcon_core.package_identification:_identify(rover_ros2_ws/src/arm/arm) by extension 'colcon_pkg'
[1.264s] Level 1:colcon.colcon_core.package_identification:_identify(rover_ros2_ws/src/arm/arm) by extensions ['colcon_meta']
[1.264s] Level 1:colcon.colcon_core.package_identification:_identify(rover_ros2_ws/src/arm/arm) by extension 'colcon_meta'
[1.264s] Level 1:colcon.colcon_core.package_identification:_identify(rover_ros2_ws/src/arm/arm) by extensions ['ros']
[1.265s] Level 1:colcon.colcon_core.package_identification:_identify(rover_ros2_ws/src/arm/arm) by extension 'ros'
[1.273s] DEBUG:colcon.colcon_core.package_identification:Package 'rover_ros2_ws/src/arm/arm' with type 'ros.ament_cmake' and name 'arm'
[1.274s] Level 1:colcon.colcon_core.package_identification:_identify(rover_ros2_ws/src/arm/arm_gamepad_teleop) by extensions ['ignore', 'ignore_ament_install']
[1.274s] Level 1:colcon.colcon_core.package_identification:_identify(rover_ros2_ws/src/arm/arm_gamepad_teleop) by extension 'ignore'
[1.275s] Level 1:colcon.colcon_core.package_identification:_identify(rover_ros2_ws/src/arm/arm_gamepad_teleop) by extension 'ignore_ament_install'
[1.275s] Level 1:colcon.colcon_core.package_identification:_identify(rover_ros2_ws/src/arm/arm_gamepad_teleop) by extensions ['colcon_pkg']
[1.275s] Level 1:colcon.colcon_core.package_identification:_identify(rover_ros2_ws/src/arm/arm_gamepad_teleop) by extension 'colcon_pkg'
[1.275s] Level 1:colcon.colcon_core.package_identification:_identify(rover_ros2_ws/src/arm/arm_gamepad_teleop) by extensions ['colcon_meta']
[1.275s] Level 1:colcon.colcon_core.package_identification:_identify(rover_ros2_ws/src/arm/arm_gamepad_teleop) by extension 'colcon_meta'
[1.276s] Level 1:colcon.colcon_core.package_identification:_identify(rover_ros2_ws/src/arm/arm_gamepad_teleop) by extensions ['ros']
[1.276s] Level 1:colcon.colcon_core.package_identification:_identify(rover_ros2_ws/src/arm/arm_gamepad_teleop) by extension 'ros'
[1.279s] DEBUG:colcon.colcon_core.package_identification:Package 'rover_ros2_ws/src/arm/arm_gamepad_teleop' with type 'ros.ament_cmake' and name 'arm_gamepad_teleop'
[1.280s] Level 1:colcon.colcon_core.package_identification:_identify(rover_ros2_ws/src/arm/arm_hardware_interface) by extensions ['ignore', 'ignore_ament_install']
[1.280s] Level 1:colcon.colcon_core.package_identification:_identify(rover_ros2_ws/src/arm/arm_hardware_interface) by extension 'ignore'
[1.280s] Level 1:colcon.colcon_core.package_identification:_identify(rover_ros2_ws/src/arm/arm_hardware_interface) by extension 'ignore_ament_install'
[1.280s] Level 1:colcon.colcon_core.package_identification:_identify(rover_ros2_ws/src/arm/arm_hardware_interface) by extensions ['colcon_pkg']
[1.281s] Level 1:colcon.colcon_core.package_identification:_identify(rover_ros2_ws/src/arm/arm_hardware_interface) by extension 'colcon_pkg'
[1.281s] Level 1:colcon.colcon_core.package_identification:_identify(rover_ros2_ws/src/arm/arm_hardware_interface) by extensions ['colcon_meta']
[1.281s] Level 1:colcon.colcon_core.package_identification:_identify(rover_ros2_ws/src/arm/arm_hardware_interface) by extension 'colcon_meta'
[1.281s] Level 1:colcon.colcon_core.package_identification:_identify(rover_ros2_ws/src/arm/arm_hardware_interface) by extensions ['ros']
[1.281s] Level 1:colcon.colcon_core.package_identification:_identify(rover_ros2_ws/src/arm/arm_hardware_interface) by extension 'ros'
[1.286s] DEBUG:colcon.colcon_core.package_identification:Package 'rover_ros2_ws/src/arm/arm_hardware_interface' with type 'ros.ament_cmake' and name 'arm_hardware_interface'
[1.287s] Level 1:colcon.colcon_core.package_identification:_identify(rover_ros2_ws/src/arm/arm_moveit_config) by extensions ['ignore', 'ignore_ament_install']
[1.287s] Level 1:colcon.colcon_core.package_identification:_identify(rover_ros2_ws/src/arm/arm_moveit_config) by extension 'ignore'
[1.287s] Level 1:colcon.colcon_core.package_identification:_identify(rover_ros2_ws/src/arm/arm_moveit_config) by extension 'ignore_ament_install'
[1.287s] Level 1:colcon.colcon_core.package_identification:_identify(rover_ros2_ws/src/arm/arm_moveit_config) by extensions ['colcon_pkg']
[1.287s] Level 1:colcon.colcon_core.package_identification:_identify(rover_ros2_ws/src/arm/arm_moveit_config) by extension 'colcon_pkg'
[1.288s] Level 1:colcon.colcon_core.package_identification:_identify(rover_ros2_ws/src/arm/arm_moveit_config) by extensions ['colcon_meta']
[1.288s] Level 1:colcon.colcon_core.package_identification:_identify(rover_ros2_ws/src/arm/arm_moveit_config) by extension 'colcon_meta'
[1.288s] Level 1:colcon.colcon_core.package_identification:_identify(rover_ros2_ws/src/arm/arm_moveit_config) by extensions ['ros']
[1.288s] Level 1:colcon.colcon_core.package_identification:_identify(rover_ros2_ws/src/arm/arm_moveit_config) by extension 'ros'
[1.293s] DEBUG:colcon.colcon_core.package_identification:Package 'rover_ros2_ws/src/arm/arm_moveit_config' with type 'ros.ament_cmake' and name 'arm_moveit_config'
[1.293s] Level 1:colcon.colcon_core.package_identification:_identify(rover_ros2_ws/src/arm/usb_cam) by extensions ['ignore', 'ignore_ament_install']
[1.294s] Level 1:colcon.colcon_core.package_identification:_identify(rover_ros2_ws/src/arm/usb_cam) by extension 'ignore'
[1.294s] Level 1:colcon.colcon_core.package_identification:_identify(rover_ros2_ws/src/arm/usb_cam) by extension 'ignore_ament_install'
[1.294s] Level 1:colcon.colcon_core.package_identification:_identify(rover_ros2_ws/src/arm/usb_cam) by extensions ['colcon_pkg']
[1.294s] Level 1:colcon.colcon_core.package_identification:_identify(rover_ros2_ws/src/arm/usb_cam) by extension 'colcon_pkg'
[1.295s] Level 1:colcon.colcon_core.package_identification:_identify(rover_ros2_ws/src/arm/usb_cam) by extensions ['colcon_meta']
[1.295s] Level 1:colcon.colcon_core.package_identification:_identify(rover_ros2_ws/src/arm/usb_cam) by extension 'colcon_meta'
[1.295s] Level 1:colcon.colcon_core.package_identification:_identify(rover_ros2_ws/src/arm/usb_cam) by extensions ['ros']
[1.295s] Level 1:colcon.colcon_core.package_identification:_identify(rover_ros2_ws/src/arm/usb_cam) by extension 'ros'
[1.301s] DEBUG:colcon.colcon_core.package_identification:Package 'rover_ros2_ws/src/arm/usb_cam' with type 'ros.ament_cmake' and name 'usb_cam'
[1.301s] Level 1:colcon.colcon_core.package_identification:_identify(rover_ros2_ws/src/drive) by extensions ['ignore', 'ignore_ament_install']
[1.302s] Level 1:colcon.colcon_core.package_identification:_identify(rover_ros2_ws/src/drive) by extension 'ignore'
[1.302s] Level 1:colcon.colcon_core.package_identification:_identify(rover_ros2_ws/src/drive) by extension 'ignore_ament_install'
[1.302s] Level 1:colcon.colcon_core.package_identification:_identify(rover_ros2_ws/src/drive) by extensions ['colcon_pkg']
[1.302s] Level 1:colcon.colcon_core.package_identification:_identify(rover_ros2_ws/src/drive) by extension 'colcon_pkg'
[1.302s] Level 1:colcon.colcon_core.package_identification:_identify(rover_ros2_ws/src/drive) by extensions ['colcon_meta']
[1.303s] Level 1:colcon.colcon_core.package_identification:_identify(rover_ros2_ws/src/drive) by extension 'colcon_meta'
[1.303s] Level 1:colcon.colcon_core.package_identification:_identify(rover_ros2_ws/src/drive) by extensions ['ros']
[1.303s] Level 1:colcon.colcon_core.package_identification:_identify(rover_ros2_ws/src/drive) by extension 'ros'
[1.303s] Level 1:colcon.colcon_core.package_identification:_identify(rover_ros2_ws/src/drive) by extensions ['cmake', 'python']
[1.303s] Level 1:colcon.colcon_core.package_identification:_identify(rover_ros2_ws/src/drive) by extension 'cmake'
[1.304s] Level 1:colcon.colcon_core.package_identification:_identify(rover_ros2_ws/src/drive) by extension 'python'
[1.304s] Level 1:colcon.colcon_core.package_identification:_identify(rover_ros2_ws/src/drive) by extensions ['python_setup_py']
[1.304s] Level 1:colcon.colcon_core.package_identification:_identify(rover_ros2_ws/src/drive) by extension 'python_setup_py'
[1.304s] Level 1:colcon.colcon_core.package_identification:_identify(rover_ros2_ws/src/drive/drive) by extensions ['ignore', 'ignore_ament_install']
[1.305s] Level 1:colcon.colcon_core.package_identification:_identify(rover_ros2_ws/src/drive/drive) by extension 'ignore'
[1.305s] Level 1:colcon.colcon_core.package_identification:_identify(rover_ros2_ws/src/drive/drive) by extension 'ignore_ament_install'
[1.305s] Level 1:colcon.colcon_core.package_identification:_identify(rover_ros2_ws/src/drive/drive) by extensions ['colcon_pkg']
[1.305s] Level 1:colcon.colcon_core.package_identification:_identify(rover_ros2_ws/src/drive/drive) by extension 'colcon_pkg'
[1.305s] Level 1:colcon.colcon_core.package_identification:_identify(rover_ros2_ws/src/drive/drive) by extensions ['colcon_meta']
[1.305s] Level 1:colcon.colcon_core.package_identification:_identify(rover_ros2_ws/src/drive/drive) by extension 'colcon_meta'
[1.306s] Level 1:colcon.colcon_core.package_identification:_identify(rover_ros2_ws/src/drive/drive) by extensions ['ros']
[1.306s] Level 1:colcon.colcon_core.package_identification:_identify(rover_ros2_ws/src/drive/drive) by extension 'ros'
[1.308s] DEBUG:colcon.colcon_core.package_identification:Package 'rover_ros2_ws/src/drive/drive' with type 'ros.ament_python' and name 'drive_manager'
[1.309s] Level 1:colcon.colcon_core.package_identification:_identify(rover_ros2_ws/src/drive/drive_teleop) by extensions ['ignore', 'ignore_ament_install']
[1.309s] Level 1:colcon.colcon_core.package_identification:_identify(rover_ros2_ws/src/drive/drive_teleop) by extension 'ignore'
[1.310s] Level 1:colcon.colcon_core.package_identification:_identify(rover_ros2_ws/src/drive/drive_teleop) by extension 'ignore_ament_install'
[1.310s] Level 1:colcon.colcon_core.package_identification:_identify(rover_ros2_ws/src/drive/drive_teleop) by extensions ['colcon_pkg']
[1.310s] Level 1:colcon.colcon_core.package_identification:_identify(rover_ros2_ws/src/drive/drive_teleop) by extension 'colcon_pkg'
[1.310s] Level 1:colcon.colcon_core.package_identification:_identify(rover_ros2_ws/src/drive/drive_teleop) by extensions ['colcon_meta']
[1.310s] Level 1:colcon.colcon_core.package_identification:_identify(rover_ros2_ws/src/drive/drive_teleop) by extension 'colcon_meta'
[1.311s] Level 1:colcon.colcon_core.package_identification:_identify(rover_ros2_ws/src/drive/drive_teleop) by extensions ['ros']
[1.311s] Level 1:colcon.colcon_core.package_identification:_identify(rover_ros2_ws/src/drive/drive_teleop) by extension 'ros'
[1.313s] DEBUG:colcon.colcon_core.package_identification:Package 'rover_ros2_ws/src/drive/drive_teleop' with type 'ros.ament_cmake' and name 'drive_teleop'
[1.314s] Level 1:colcon.colcon_core.package_identification:_identify(rover_ros2_ws/src/embedded) by extensions ['ignore', 'ignore_ament_install']
[1.314s] Level 1:colcon.colcon_core.package_identification:_identify(rover_ros2_ws/src/embedded) by extension 'ignore'
[1.315s] Level 1:colcon.colcon_core.package_identification:_identify(rover_ros2_ws/src/embedded) by extension 'ignore_ament_install'
[1.315s] Level 1:colcon.colcon_core.package_identification:_identify(rover_ros2_ws/src/embedded) by extensions ['colcon_pkg']
[1.315s] Level 1:colcon.colcon_core.package_identification:_identify(rover_ros2_ws/src/embedded) by extension 'colcon_pkg'
[1.315s] Level 1:colcon.colcon_core.package_identification:_identify(rover_ros2_ws/src/embedded) by extensions ['colcon_meta']
[1.315s] Level 1:colcon.colcon_core.package_identification:_identify(rover_ros2_ws/src/embedded) by extension 'colcon_meta'
[1.315s] Level 1:colcon.colcon_core.package_identification:_identify(rover_ros2_ws/src/embedded) by extensions ['ros']
[1.316s] Level 1:colcon.colcon_core.package_identification:_identify(rover_ros2_ws/src/embedded) by extension 'ros'
[1.316s] Level 1:colcon.colcon_core.package_identification:_identify(rover_ros2_ws/src/embedded) by extensions ['cmake', 'python']
[1.316s] Level 1:colcon.colcon_core.package_identification:_identify(rover_ros2_ws/src/embedded) by extension 'cmake'
[1.316s] Level 1:colcon.colcon_core.package_identification:_identify(rover_ros2_ws/src/embedded) by extension 'python'
[1.316s] Level 1:colcon.colcon_core.package_identification:_identify(rover_ros2_ws/src/embedded) by extensions ['python_setup_py']
[1.316s] Level 1:colcon.colcon_core.package_identification:_identify(rover_ros2_ws/src/embedded) by extension 'python_setup_py'
[1.317s] Level 1:colcon.colcon_core.package_identification:_identify(rover_ros2_ws/src/embedded/cubemars) by extensions ['ignore', 'ignore_ament_install']
[1.317s] Level 1:colcon.colcon_core.package_identification:_identify(rover_ros2_ws/src/embedded/cubemars) by extension 'ignore'
[1.318s] Level 1:colcon.colcon_core.package_identification:_identify(rover_ros2_ws/src/embedded/cubemars) by extension 'ignore_ament_install'
[1.318s] Level 1:colcon.colcon_core.package_identification:_identify(rover_ros2_ws/src/embedded/cubemars) by extensions ['colcon_pkg']
[1.318s] Level 1:colcon.colcon_core.package_identification:_identify(rover_ros2_ws/src/embedded/cubemars) by extension 'colcon_pkg'
[1.318s] Level 1:colcon.colcon_core.package_identification:_identify(rover_ros2_ws/src/embedded/cubemars) by extensions ['colcon_meta']
[1.318s] Level 1:colcon.colcon_core.package_identification:_identify(rover_ros2_ws/src/embedded/cubemars) by extension 'colcon_meta'
[1.318s] Level 1:colcon.colcon_core.package_identification:_identify(rover_ros2_ws/src/embedded/cubemars) by extensions ['ros']
[1.319s] Level 1:colcon.colcon_core.package_identification:_identify(rover_ros2_ws/src/embedded/cubemars) by extension 'ros'
[1.319s] Level 1:colcon.colcon_core.package_identification:_identify(rover_ros2_ws/src/embedded/cubemars) by extensions ['cmake', 'python']
[1.319s] Level 1:colcon.colcon_core.package_identification:_identify(rover_ros2_ws/src/embedded/cubemars) by extension 'cmake'
[1.319s] Level 1:colcon.colcon_core.package_identification:_identify(rover_ros2_ws/src/embedded/cubemars) by extension 'python'
[1.319s] Level 1:colcon.colcon_core.package_identification:_identify(rover_ros2_ws/src/embedded/cubemars) by extensions ['python_setup_py']
[1.319s] Level 1:colcon.colcon_core.package_identification:_identify(rover_ros2_ws/src/embedded/cubemars) by extension 'python_setup_py'
[1.320s] Level 1:colcon.colcon_core.package_identification:_identify(rover_ros2_ws/src/embedded/cubemars/can_base) by extensions ['ignore', 'ignore_ament_install']
[1.320s] Level 1:colcon.colcon_core.package_identification:_identify(rover_ros2_ws/src/embedded/cubemars/can_base) by extension 'ignore'
[1.320s] Level 1:colcon.colcon_core.package_identification:_identify(rover_ros2_ws/src/embedded/cubemars/can_base) by extension 'ignore_ament_install'
[1.321s] Level 1:colcon.colcon_core.package_identification:_identify(rover_ros2_ws/src/embedded/cubemars/can_base) by extensions ['colcon_pkg']
[1.321s] Level 1:colcon.colcon_core.package_identification:_identify(rover_ros2_ws/src/embedded/cubemars/can_base) by extension 'colcon_pkg'
[1.321s] Level 1:colcon.colcon_core.package_identification:_identify(rover_ros2_ws/src/embedded/cubemars/can_base) by extensions ['colcon_meta']
[1.321s] Level 1:colcon.colcon_core.package_identification:_identify(rover_ros2_ws/src/embedded/cubemars/can_base) by extension 'colcon_meta'
[1.321s] Level 1:colcon.colcon_core.package_identification:_identify(rover_ros2_ws/src/embedded/cubemars/can_base) by extensions ['ros']
[1.321s] Level 1:colcon.colcon_core.package_identification:_identify(rover_ros2_ws/src/embedded/cubemars/can_base) by extension 'ros'
[1.322s] Level 1:colcon.colcon_core.package_identification:_identify(rover_ros2_ws/src/embedded/cubemars/can_base) by extensions ['cmake', 'python']
[1.322s] Level 1:colcon.colcon_core.package_identification:_identify(rover_ros2_ws/src/embedded/cubemars/can_base) by extension 'cmake'
[1.322s] Level 1:colcon.colcon_core.package_identification:_identify(rover_ros2_ws/src/embedded/cubemars/can_base) by extension 'python'
[1.322s] Level 1:colcon.colcon_core.package_identification:_identify(rover_ros2_ws/src/embedded/cubemars/can_base) by extensions ['python_setup_py']
[1.322s] Level 1:colcon.colcon_core.package_identification:_identify(rover_ros2_ws/src/embedded/cubemars/can_base) by extension 'python_setup_py'
[1.323s] Level 1:colcon.colcon_core.package_identification:_identify(rover_ros2_ws/src/embedded/cubemars/can_base/include) by extensions ['ignore', 'ignore_ament_install']
[1.323s] Level 1:colcon.colcon_core.package_identification:_identify(rover_ros2_ws/src/embedded/cubemars/can_base/include) by extension 'ignore'
[1.323s] Level 1:colcon.colcon_core.package_identification:_identify(rover_ros2_ws/src/embedded/cubemars/can_base/include) by extension 'ignore_ament_install'
[1.324s] Level 1:colcon.colcon_core.package_identification:_identify(rover_ros2_ws/src/embedded/cubemars/can_base/include) by extensions ['colcon_pkg']
[1.324s] Level 1:colcon.colcon_core.package_identification:_identify(rover_ros2_ws/src/embedded/cubemars/can_base/include) by extension 'colcon_pkg'
[1.324s] Level 1:colcon.colcon_core.package_identification:_identify(rover_ros2_ws/src/embedded/cubemars/can_base/include) by extensions ['colcon_meta']
[1.324s] Level 1:colcon.colcon_core.package_identification:_identify(rover_ros2_ws/src/embedded/cubemars/can_base/include) by extension 'colcon_meta'
[1.324s] Level 1:colcon.colcon_core.package_identification:_identify(rover_ros2_ws/src/embedded/cubemars/can_base/include) by extensions ['ros']
[1.324s] Level 1:colcon.colcon_core.package_identification:_identify(rover_ros2_ws/src/embedded/cubemars/can_base/include) by extension 'ros'
[1.325s] Level 1:colcon.colcon_core.package_identification:_identify(rover_ros2_ws/src/embedded/cubemars/can_base/include) by extensions ['cmake', 'python']
[1.325s] Level 1:colcon.colcon_core.package_identification:_identify(rover_ros2_ws/src/embedded/cubemars/can_base/include) by extension 'cmake'
[1.325s] Level 1:colcon.colcon_core.package_identification:_identify(rover_ros2_ws/src/embedded/cubemars/can_base/include) by extension 'python'
[1.325s] Level 1:colcon.colcon_core.package_identification:_identify(rover_ros2_ws/src/embedded/cubemars/can_base/include) by extensions ['python_setup_py']
[1.325s] Level 1:colcon.colcon_core.package_identification:_identify(rover_ros2_ws/src/embedded/cubemars/can_base/include) by extension 'python_setup_py'
[1.326s] Level 1:colcon.colcon_core.package_identification:_identify(rover_ros2_ws/src/embedded/cubemars/can_base/src) by extensions ['ignore', 'ignore_ament_install']
[1.326s] Level 1:colcon.colcon_core.package_identification:_identify(rover_ros2_ws/src/embedded/cubemars/can_base/src) by extension 'ignore'
[1.326s] Level 1:colcon.colcon_core.package_identification:_identify(rover_ros2_ws/src/embedded/cubemars/can_base/src) by extension 'ignore_ament_install'
[1.327s] Level 1:colcon.colcon_core.package_identification:_identify(rover_ros2_ws/src/embedded/cubemars/can_base/src) by extensions ['colcon_pkg']
[1.327s] Level 1:colcon.colcon_core.package_identification:_identify(rover_ros2_ws/src/embedded/cubemars/can_base/src) by extension 'colcon_pkg'
[1.327s] Level 1:colcon.colcon_core.package_identification:_identify(rover_ros2_ws/src/embedded/cubemars/can_base/src) by extensions ['colcon_meta']
[1.327s] Level 1:colcon.colcon_core.package_identification:_identify(rover_ros2_ws/src/embedded/cubemars/can_base/src) by extension 'colcon_meta'
[1.327s] Level 1:colcon.colcon_core.package_identification:_identify(rover_ros2_ws/src/embedded/cubemars/can_base/src) by extensions ['ros']
[1.327s] Level 1:colcon.colcon_core.package_identification:_identify(rover_ros2_ws/src/embedded/cubemars/can_base/src) by extension 'ros'
[1.328s] Level 1:colcon.colcon_core.package_identification:_identify(rover_ros2_ws/src/embedded/cubemars/can_base/src) by extensions ['cmake', 'python']
[1.328s] Level 1:colcon.colcon_core.package_identification:_identify(rover_ros2_ws/src/embedded/cubemars/can_base/src) by extension 'cmake'
[1.328s] Level 1:colcon.colcon_core.package_identification:_identify(rover_ros2_ws/src/embedded/cubemars/can_base/src) by extension 'python'
[1.328s] Level 1:colcon.colcon_core.package_identification:_identify(rover_ros2_ws/src/embedded/cubemars/can_base/src) by extensions ['python_setup_py']
[1.328s] Level 1:colcon.colcon_core.package_identification:_identify(rover_ros2_ws/src/embedded/cubemars/can_base/src) by extension 'python_setup_py'
[1.329s] Level 1:colcon.colcon_core.package_identification:_identify(rover_ros2_ws/src/embedded/cubemars/cubemars_node) by extensions ['ignore', 'ignore_ament_install']
[1.329s] Level 1:colcon.colcon_core.package_identification:_identify(rover_ros2_ws/src/embedded/cubemars/cubemars_node) by extension 'ignore'
[1.329s] Level 1:colcon.colcon_core.package_identification:_identify(rover_ros2_ws/src/embedded/cubemars/cubemars_node) by extension 'ignore_ament_install'
[1.330s] Level 1:colcon.colcon_core.package_identification:_identify(rover_ros2_ws/src/embedded/cubemars/cubemars_node) by extensions ['colcon_pkg']
[1.330s] Level 1:colcon.colcon_core.package_identification:_identify(rover_ros2_ws/src/embedded/cubemars/cubemars_node) by extension 'colcon_pkg'
[1.330s] Level 1:colcon.colcon_core.package_identification:_identify(rover_ros2_ws/src/embedded/cubemars/cubemars_node) by extensions ['colcon_meta']
[1.330s] Level 1:colcon.colcon_core.package_identification:_identify(rover_ros2_ws/src/embedded/cubemars/cubemars_node) by extension 'colcon_meta'
[1.330s] Level 1:colcon.colcon_core.package_identification:_identify(rover_ros2_ws/src/embedded/cubemars/cubemars_node) by extensions ['ros']
[1.330s] Level 1:colcon.colcon_core.package_identification:_identify(rover_ros2_ws/src/embedded/cubemars/cubemars_node) by extension 'ros'
[1.333s] DEBUG:colcon.colcon_core.package_identification:Package 'rover_ros2_ws/src/embedded/cubemars/cubemars_node' with type 'ros.ament_cmake' and name 'cubemars_can'
[1.334s] Level 1:colcon.colcon_core.package_identification:_identify(rover_ros2_ws/src/embedded/mock_gps) by extensions ['ignore', 'ignore_ament_install']
[1.334s] Level 1:colcon.colcon_core.package_identification:_identify(rover_ros2_ws/src/embedded/mock_gps) by extension 'ignore'
[1.334s] Level 1:colcon.colcon_core.package_identification:_identify(rover_ros2_ws/src/embedded/mock_gps) by extension 'ignore_ament_install'
[1.334s] Level 1:colcon.colcon_core.package_identification:_identify(rover_ros2_ws/src/embedded/mock_gps) by extensions ['colcon_pkg']
[1.334s] Level 1:colcon.colcon_core.package_identification:_identify(rover_ros2_ws/src/embedded/mock_gps) by extension 'colcon_pkg'
[1.335s] Level 1:colcon.colcon_core.package_identification:_identify(rover_ros2_ws/src/embedded/mock_gps) by extensions ['colcon_meta']
[1.335s] Level 1:colcon.colcon_core.package_identification:_identify(rover_ros2_ws/src/embedded/mock_gps) by extension 'colcon_meta'
[1.335s] Level 1:colcon.colcon_core.package_identification:_identify(rover_ros2_ws/src/embedded/mock_gps) by extensions ['ros']
[1.335s] Level 1:colcon.colcon_core.package_identification:_identify(rover_ros2_ws/src/embedded/mock_gps) by extension 'ros'
[1.338s] DEBUG:colcon.colcon_core.package_identification:Package 'rover_ros2_ws/src/embedded/mock_gps' with type 'ros.ament_cmake' and name 'mock_gps'
[1.338s] Level 1:colcon.colcon_core.package_identification:_identify(rover_ros2_ws/src/embedded/npk_sensor) by extensions ['ignore', 'ignore_ament_install']
[1.339s] Level 1:colcon.colcon_core.package_identification:_identify(rover_ros2_ws/src/embedded/npk_sensor) by extension 'ignore'
[1.339s] Level 1:colcon.colcon_core.package_identification:_identify(rover_ros2_ws/src/embedded/npk_sensor) by extension 'ignore_ament_install'
[1.339s] Level 1:colcon.colcon_core.package_identification:_identify(rover_ros2_ws/src/embedded/npk_sensor) by extensions ['colcon_pkg']
[1.339s] Level 1:colcon.colcon_core.package_identification:_identify(rover_ros2_ws/src/embedded/npk_sensor) by extension 'colcon_pkg'
[1.339s] Level 1:colcon.colcon_core.package_identification:_identify(rover_ros2_ws/src/embedded/npk_sensor) by extensions ['colcon_meta']
[1.339s] Level 1:colcon.colcon_core.package_identification:_identify(rover_ros2_ws/src/embedded/npk_sensor) by extension 'colcon_meta'
[1.340s] Level 1:colcon.colcon_core.package_identification:_identify(rover_ros2_ws/src/embedded/npk_sensor) by extensions ['ros']
[1.340s] Level 1:colcon.colcon_core.package_identification:_identify(rover_ros2_ws/src/embedded/npk_sensor) by extension 'ros'
[1.342s] DEBUG:colcon.colcon_core.package_identification:Package 'rover_ros2_ws/src/embedded/npk_sensor' with type 'ros.ament_cmake' and name 'npk_sensor'
[1.343s] Level 1:colcon.colcon_core.package_identification:_identify(rover_ros2_ws/src/embedded/ros_odrive) by extensions ['ignore', 'ignore_ament_install']
[1.343s] Level 1:colcon.colcon_core.package_identification:_identify(rover_ros2_ws/src/embedded/ros_odrive) by extension 'ignore'
[1.343s] Level 1:colcon.colcon_core.package_identification:_identify(rover_ros2_ws/src/embedded/ros_odrive) by extension 'ignore_ament_install'
[1.343s] Level 1:colcon.colcon_core.package_identification:_identify(rover_ros2_ws/src/embedded/ros_odrive) by extensions ['colcon_pkg']
[1.343s] Level 1:colcon.colcon_core.package_identification:_identify(rover_ros2_ws/src/embedded/ros_odrive) by extension 'colcon_pkg'
[1.344s] Level 1:colcon.colcon_core.package_identification:_identify(rover_ros2_ws/src/embedded/ros_odrive) by extensions ['colcon_meta']
[1.344s] Level 1:colcon.colcon_core.package_identification:_identify(rover_ros2_ws/src/embedded/ros_odrive) by extension 'colcon_meta'
[1.344s] Level 1:colcon.colcon_core.package_identification:_identify(rover_ros2_ws/src/embedded/ros_odrive) by extensions ['ros']
[1.344s] Level 1:colcon.colcon_core.package_identification:_identify(rover_ros2_ws/src/embedded/ros_odrive) by extension 'ros'
[1.345s] Level 1:colcon.colcon_core.package_identification:_identify(rover_ros2_ws/src/embedded/ros_odrive) by extensions ['cmake', 'python']
[1.345s] Level 1:colcon.colcon_core.package_identification:_identify(rover_ros2_ws/src/embedded/ros_odrive) by extension 'cmake'
[1.345s] Level 1:colcon.colcon_core.package_identification:_identify(rover_ros2_ws/src/embedded/ros_odrive) by extension 'python'
[1.345s] Level 1:colcon.colcon_core.package_identification:_identify(rover_ros2_ws/src/embedded/ros_odrive) by extensions ['python_setup_py']
[1.345s] Level 1:colcon.colcon_core.package_identification:_identify(rover_ros2_ws/src/embedded/ros_odrive) by extension 'python_setup_py'
[1.346s] Level 1:colcon.colcon_core.package_identification:_identify(rover_ros2_ws/src/embedded/ros_odrive/odrive_base) by extensions ['ignore', 'ignore_ament_install']
[1.346s] Level 1:colcon.colcon_core.package_identification:_identify(rover_ros2_ws/src/embedded/ros_odrive/odrive_base) by extension 'ignore'
[1.346s] Level 1:colcon.colcon_core.package_identification:_identify(rover_ros2_ws/src/embedded/ros_odrive/odrive_base) by extension 'ignore_ament_install'
[1.346s] Level 1:colcon.colcon_core.package_identification:_identify(rover_ros2_ws/src/embedded/ros_odrive/odrive_base) by extensions ['colcon_pkg']
[1.347s] Level 1:colcon.colcon_core.package_identification:_identify(rover_ros2_ws/src/embedded/ros_odrive/odrive_base) by extension 'colcon_pkg'
[1.347s] Level 1:colcon.colcon_core.package_identification:_identify(rover_ros2_ws/src/embedded/ros_odrive/odrive_base) by extensions ['colcon_meta']
[1.347s] Level 1:colcon.colcon_core.package_identification:_identify(rover_ros2_ws/src/embedded/ros_odrive/odrive_base) by extension 'colcon_meta'
[1.347s] Level 1:colcon.colcon_core.package_identification:_identify(rover_ros2_ws/src/embedded/ros_odrive/odrive_base) by extensions ['ros']
[1.347s] Level 1:colcon.colcon_core.package_identification:_identify(rover_ros2_ws/src/embedded/ros_odrive/odrive_base) by extension 'ros'
[1.347s] Level 1:colcon.colcon_core.package_identification:_identify(rover_ros2_ws/src/embedded/ros_odrive/odrive_base) by extensions ['cmake', 'python']
[1.348s] Level 1:colcon.colcon_core.package_identification:_identify(rover_ros2_ws/src/embedded/ros_odrive/odrive_base) by extension 'cmake'
[1.348s] Level 1:colcon.colcon_core.package_identification:_identify(rover_ros2_ws/src/embedded/ros_odrive/odrive_base) by extension 'python'
[1.348s] Level 1:colcon.colcon_core.package_identification:_identify(rover_ros2_ws/src/embedded/ros_odrive/odrive_base) by extensions ['python_setup_py']
[1.348s] Level 1:colcon.colcon_core.package_identification:_identify(rover_ros2_ws/src/embedded/ros_odrive/odrive_base) by extension 'python_setup_py'
[1.349s] Level 1:colcon.colcon_core.package_identification:_identify(rover_ros2_ws/src/embedded/ros_odrive/odrive_base/include) by extensions ['ignore', 'ignore_ament_install']
[1.349s] Level 1:colcon.colcon_core.package_identification:_identify(rover_ros2_ws/src/embedded/ros_odrive/odrive_base/include) by extension 'ignore'
[1.349s] Level 1:colcon.colcon_core.package_identification:_identify(rover_ros2_ws/src/embedded/ros_odrive/odrive_base/include) by extension 'ignore_ament_install'
[1.349s] Level 1:colcon.colcon_core.package_identification:_identify(rover_ros2_ws/src/embedded/ros_odrive/odrive_base/include) by extensions ['colcon_pkg']
[1.350s] Level 1:colcon.colcon_core.package_identification:_identify(rover_ros2_ws/src/embedded/ros_odrive/odrive_base/include) by extension 'colcon_pkg'
[1.350s] Level 1:colcon.colcon_core.package_identification:_identify(rover_ros2_ws/src/embedded/ros_odrive/odrive_base/include) by extensions ['colcon_meta']
[1.350s] Level 1:colcon.colcon_core.package_identification:_identify(rover_ros2_ws/src/embedded/ros_odrive/odrive_base/include) by extension 'colcon_meta'
[1.350s] Level 1:colcon.colcon_core.package_identification:_identify(rover_ros2_ws/src/embedded/ros_odrive/odrive_base/include) by extensions ['ros']
[1.350s] Level 1:colcon.colcon_core.package_identification:_identify(rover_ros2_ws/src/embedded/ros_odrive/odrive_base/include) by extension 'ros'
[1.351s] Level 1:colcon.colcon_core.package_identification:_identify(rover_ros2_ws/src/embedded/ros_odrive/odrive_base/include) by extensions ['cmake', 'python']
[1.351s] Level 1:colcon.colcon_core.package_identification:_identify(rover_ros2_ws/src/embedded/ros_odrive/odrive_base/include) by extension 'cmake'
[1.351s] Level 1:colcon.colcon_core.package_identification:_identify(rover_ros2_ws/src/embedded/ros_odrive/odrive_base/include) by extension 'python'
[1.351s] Level 1:colcon.colcon_core.package_identification:_identify(rover_ros2_ws/src/embedded/ros_odrive/odrive_base/include) by extensions ['python_setup_py']
[1.351s] Level 1:colcon.colcon_core.package_identification:_identify(rover_ros2_ws/src/embedded/ros_odrive/odrive_base/include) by extension 'python_setup_py'
[1.352s] Level 1:colcon.colcon_core.package_identification:_identify(rover_ros2_ws/src/embedded/ros_odrive/odrive_base/src) by extensions ['ignore', 'ignore_ament_install']
[1.352s] Level 1:colcon.colcon_core.package_identification:_identify(rover_ros2_ws/src/embedded/ros_odrive/odrive_base/src) by extension 'ignore'
[1.352s] Level 1:colcon.colcon_core.package_identification:_identify(rover_ros2_ws/src/embedded/ros_odrive/odrive_base/src) by extension 'ignore_ament_install'
[1.352s] Level 1:colcon.colcon_core.package_identification:_identify(rover_ros2_ws/src/embedded/ros_odrive/odrive_base/src) by extensions ['colcon_pkg']
[1.353s] Level 1:colcon.colcon_core.package_identification:_identify(rover_ros2_ws/src/embedded/ros_odrive/odrive_base/src) by extension 'colcon_pkg'
[1.353s] Level 1:colcon.colcon_core.package_identification:_identify(rover_ros2_ws/src/embedded/ros_odrive/odrive_base/src) by extensions ['colcon_meta']
[1.353s] Level 1:colcon.colcon_core.package_identification:_identify(rover_ros2_ws/src/embedded/ros_odrive/odrive_base/src) by extension 'colcon_meta'
[1.353s] Level 1:colcon.colcon_core.package_identification:_identify(rover_ros2_ws/src/embedded/ros_odrive/odrive_base/src) by extensions ['ros']
[1.353s] Level 1:colcon.colcon_core.package_identification:_identify(rover_ros2_ws/src/embedded/ros_odrive/odrive_base/src) by extension 'ros'
[1.354s] Level 1:colcon.colcon_core.package_identification:_identify(rover_ros2_ws/src/embedded/ros_odrive/odrive_base/src) by extensions ['cmake', 'python']
[1.354s] Level 1:colcon.colcon_core.package_identification:_identify(rover_ros2_ws/src/embedded/ros_odrive/odrive_base/src) by extension 'cmake'
[1.354s] Level 1:colcon.colcon_core.package_identification:_identify(rover_ros2_ws/src/embedded/ros_odrive/odrive_base/src) by extension 'python'
[1.354s] Level 1:colcon.colcon_core.package_identification:_identify(rover_ros2_ws/src/embedded/ros_odrive/odrive_base/src) by extensions ['python_setup_py']
[1.354s] Level 1:colcon.colcon_core.package_identification:_identify(rover_ros2_ws/src/embedded/ros_odrive/odrive_base/src) by extension 'python_setup_py'
[1.355s] Level 1:colcon.colcon_core.package_identification:_identify(rover_ros2_ws/src/embedded/ros_odrive/odrive_node) by extensions ['ignore', 'ignore_ament_install']
[1.355s] Level 1:colcon.colcon_core.package_identification:_identify(rover_ros2_ws/src/embedded/ros_odrive/odrive_node) by extension 'ignore'
[1.355s] Level 1:colcon.colcon_core.package_identification:_identify(rover_ros2_ws/src/embedded/ros_odrive/odrive_node) by extension 'ignore_ament_install'
[1.355s] Level 1:colcon.colcon_core.package_identification:_identify(rover_ros2_ws/src/embedded/ros_odrive/odrive_node) by extensions ['colcon_pkg']
[1.355s] Level 1:colcon.colcon_core.package_identification:_identify(rover_ros2_ws/src/embedded/ros_odrive/odrive_node) by extension 'colcon_pkg'
[1.356s] Level 1:colcon.colcon_core.package_identification:_identify(rover_ros2_ws/src/embedded/ros_odrive/odrive_node) by extensions ['colcon_meta']
[1.356s] Level 1:colcon.colcon_core.package_identification:_identify(rover_ros2_ws/src/embedded/ros_odrive/odrive_node) by extension 'colcon_meta'
[1.356s] Level 1:colcon.colcon_core.package_identification:_identify(rover_ros2_ws/src/embedded/ros_odrive/odrive_node) by extensions ['ros']
[1.356s] Level 1:colcon.colcon_core.package_identification:_identify(rover_ros2_ws/src/embedded/ros_odrive/odrive_node) by extension 'ros'
[1.359s] DEBUG:colcon.colcon_core.package_identification:Package 'rover_ros2_ws/src/embedded/ros_odrive/odrive_node' with type 'ros.ament_cmake' and name 'odrive_can'
[1.360s] Level 1:colcon.colcon_core.package_identification:_identify(rover_ros2_ws/src/embedded/serializer_nodes_demo) by extensions ['ignore', 'ignore_ament_install']
[1.360s] Level 1:colcon.colcon_core.package_identification:_identify(rover_ros2_ws/src/embedded/serializer_nodes_demo) by extension 'ignore'
[1.361s] Level 1:colcon.colcon_core.package_identification:_identify(rover_ros2_ws/src/embedded/serializer_nodes_demo) by extension 'ignore_ament_install'
[1.361s] Level 1:colcon.colcon_core.package_identification:_identify(rover_ros2_ws/src/embedded/serializer_nodes_demo) by extensions ['colcon_pkg']
[1.361s] Level 1:colcon.colcon_core.package_identification:_identify(rover_ros2_ws/src/embedded/serializer_nodes_demo) by extension 'colcon_pkg'
[1.361s] Level 1:colcon.colcon_core.package_identification:_identify(rover_ros2_ws/src/embedded/serializer_nodes_demo) by extensions ['colcon_meta']
[1.361s] Level 1:colcon.colcon_core.package_identification:_identify(rover_ros2_ws/src/embedded/serializer_nodes_demo) by extension 'colcon_meta'
[1.362s] Level 1:colcon.colcon_core.package_identification:_identify(rover_ros2_ws/src/embedded/serializer_nodes_demo) by extensions ['ros']
[1.362s] Level 1:colcon.colcon_core.package_identification:_identify(rover_ros2_ws/src/embedded/serializer_nodes_demo) by extension 'ros'
[1.364s] DEBUG:colcon.colcon_core.package_identification:Package 'rover_ros2_ws/src/embedded/serializer_nodes_demo' with type 'ros.ament_python' and name 'serializer_nodes_demo'
[1.364s] Level 1:colcon.colcon_core.package_identification:_identify(rover_ros2_ws/src/embedded/servo) by extensions ['ignore', 'ignore_ament_install']
[1.365s] Level 1:colcon.colcon_core.package_identification:_identify(rover_ros2_ws/src/embedded/servo) by extension 'ignore'
[1.365s] Level 1:colcon.colcon_core.package_identification:_identify(rover_ros2_ws/src/embedded/servo) by extension 'ignore_ament_install'
[1.365s] Level 1:colcon.colcon_core.package_identification:_identify(rover_ros2_ws/src/embedded/servo) by extensions ['colcon_pkg']
[1.365s] Level 1:colcon.colcon_core.package_identification:_identify(rover_ros2_ws/src/embedded/servo) by extension 'colcon_pkg'
[1.366s] Level 1:colcon.colcon_core.package_identification:_identify(rover_ros2_ws/src/embedded/servo) by extensions ['colcon_meta']
[1.366s] Level 1:colcon.colcon_core.package_identification:_identify(rover_ros2_ws/src/embedded/servo) by extension 'colcon_meta'
[1.366s] Level 1:colcon.colcon_core.package_identification:_identify(rover_ros2_ws/src/embedded/servo) by extensions ['ros']
[1.366s] Level 1:colcon.colcon_core.package_identification:_identify(rover_ros2_ws/src/embedded/servo) by extension 'ros'
[1.366s] Level 1:colcon.colcon_core.package_identification:_identify(rover_ros2_ws/src/embedded/servo) by extensions ['cmake', 'python']
[1.366s] Level 1:colcon.colcon_core.package_identification:_identify(rover_ros2_ws/src/embedded/servo) by extension 'cmake'
[1.367s] Level 1:colcon.colcon_core.package_identification:_identify(rover_ros2_ws/src/embedded/servo) by extension 'python'
[1.367s] Level 1:colcon.colcon_core.package_identification:_identify(rover_ros2_ws/src/embedded/servo) by extensions ['python_setup_py']
[1.367s] Level 1:colcon.colcon_core.package_identification:_identify(rover_ros2_ws/src/embedded/servo) by extension 'python_setup_py'
[1.368s] Level 1:colcon.colcon_core.package_identification:_identify(rover_ros2_ws/src/embedded/servo/servo_node) by extensions ['ignore', 'ignore_ament_install']
[1.368s] Level 1:colcon.colcon_core.package_identification:_identify(rover_ros2_ws/src/embedded/servo/servo_node) by extension 'ignore'
[1.368s] Level 1:colcon.colcon_core.package_identification:_identify(rover_ros2_ws/src/embedded/servo/servo_node) by extension 'ignore_ament_install'
[1.368s] Level 1:colcon.colcon_core.package_identification:_identify(rover_ros2_ws/src/embedded/servo/servo_node) by extensions ['colcon_pkg']
[1.368s] Level 1:colcon.colcon_core.package_identification:_identify(rover_ros2_ws/src/embedded/servo/servo_node) by extension 'colcon_pkg'
[1.369s] Level 1:colcon.colcon_core.package_identification:_identify(rover_ros2_ws/src/embedded/servo/servo_node) by extensions ['colcon_meta']
[1.369s] Level 1:colcon.colcon_core.package_identification:_identify(rover_ros2_ws/src/embedded/servo/servo_node) by extension 'colcon_meta'
[1.369s] Level 1:colcon.colcon_core.package_identification:_identify(rover_ros2_ws/src/embedded/servo/servo_node) by extensions ['ros']
[1.369s] Level 1:colcon.colcon_core.package_identification:_identify(rover_ros2_ws/src/embedded/servo/servo_node) by extension 'ros'
[1.371s] DEBUG:colcon.colcon_core.package_identification:Package 'rover_ros2_ws/src/embedded/servo/servo_node' with type 'ros.ament_cmake' and name 'servo'
[1.372s] Level 1:colcon.colcon_core.package_identification:_identify(rover_ros2_ws/src/embedded/spectro_sensor) by extensions ['ignore', 'ignore_ament_install']
[1.372s] Level 1:colcon.colcon_core.package_identification:_identify(rover_ros2_ws/src/embedded/spectro_sensor) by extension 'ignore'
[1.373s] Level 1:colcon.colcon_core.package_identification:_identify(rover_ros2_ws/src/embedded/spectro_sensor) by extension 'ignore_ament_install'
[1.373s] Level 1:colcon.colcon_core.package_identification:_identify(rover_ros2_ws/src/embedded/spectro_sensor) by extensions ['colcon_pkg']
[1.373s] Level 1:colcon.colcon_core.package_identification:_identify(rover_ros2_ws/src/embedded/spectro_sensor) by extension 'colcon_pkg'
[1.373s] Level 1:colcon.colcon_core.package_identification:_identify(rover_ros2_ws/src/embedded/spectro_sensor) by extensions ['colcon_meta']
[1.373s] Level 1:colcon.colcon_core.package_identification:_identify(rover_ros2_ws/src/embedded/spectro_sensor) by extension 'colcon_meta'
[1.374s] Level 1:colcon.colcon_core.package_identification:_identify(rover_ros2_ws/src/embedded/spectro_sensor) by extensions ['ros']
[1.374s] Level 1:colcon.colcon_core.package_identification:_identify(rover_ros2_ws/src/embedded/spectro_sensor) by extension 'ros'
[1.376s] DEBUG:colcon.colcon_core.package_identification:Package 'rover_ros2_ws/src/embedded/spectro_sensor' with type 'ros.ament_cmake' and name 'spectro_sensor'
[1.377s] Level 1:colcon.colcon_core.package_identification:_identify(rover_ros2_ws/src/embedded/stepper) by extensions ['ignore', 'ignore_ament_install']
[1.377s] Level 1:colcon.colcon_core.package_identification:_identify(rover_ros2_ws/src/embedded/stepper) by extension 'ignore'
[1.377s] Level 1:colcon.colcon_core.package_identification:_identify(rover_ros2_ws/src/embedded/stepper) by extension 'ignore_ament_install'
[1.377s] Level 1:colcon.colcon_core.package_identification:_identify(rover_ros2_ws/src/embedded/stepper) by extensions ['colcon_pkg']
[1.378s] Level 1:colcon.colcon_core.package_identification:_identify(rover_ros2_ws/src/embedded/stepper) by extension 'colcon_pkg'
[1.378s] Level 1:colcon.colcon_core.package_identification:_identify(rover_ros2_ws/src/embedded/stepper) by extensions ['colcon_meta']
[1.378s] Level 1:colcon.colcon_core.package_identification:_identify(rover_ros2_ws/src/embedded/stepper) by extension 'colcon_meta'
[1.378s] Level 1:colcon.colcon_core.package_identification:_identify(rover_ros2_ws/src/embedded/stepper) by extensions ['ros']
[1.378s] Level 1:colcon.colcon_core.package_identification:_identify(rover_ros2_ws/src/embedded/stepper) by extension 'ros'
[1.379s] Level 1:colcon.colcon_core.package_identification:_identify(rover_ros2_ws/src/embedded/stepper) by extensions ['cmake', 'python']
[1.379s] Level 1:colcon.colcon_core.package_identification:_identify(rover_ros2_ws/src/embedded/stepper) by extension 'cmake'
[1.379s] Level 1:colcon.colcon_core.package_identification:_identify(rover_ros2_ws/src/embedded/stepper) by extension 'python'
[1.379s] Level 1:colcon.colcon_core.package_identification:_identify(rover_ros2_ws/src/embedded/stepper) by extensions ['python_setup_py']
[1.379s] Level 1:colcon.colcon_core.package_identification:_identify(rover_ros2_ws/src/embedded/stepper) by extension 'python_setup_py'
[1.380s] Level 1:colcon.colcon_core.package_identification:_identify(rover_ros2_ws/src/embedded/stepper/can_base) by extensions ['ignore', 'ignore_ament_install']
[1.380s] Level 1:colcon.colcon_core.package_identification:_identify(rover_ros2_ws/src/embedded/stepper/can_base) by extension 'ignore'
[1.380s] Level 1:colcon.colcon_core.package_identification:_identify(rover_ros2_ws/src/embedded/stepper/can_base) by extension 'ignore_ament_install'
[1.380s] Level 1:colcon.colcon_core.package_identification:_identify(rover_ros2_ws/src/embedded/stepper/can_base) by extensions ['colcon_pkg']
[1.380s] Level 1:colcon.colcon_core.package_identification:_identify(rover_ros2_ws/src/embedded/stepper/can_base) by extension 'colcon_pkg'
[1.381s] Level 1:colcon.colcon_core.package_identification:_identify(rover_ros2_ws/src/embedded/stepper/can_base) by extensions ['colcon_meta']
[1.381s] Level 1:colcon.colcon_core.package_identification:_identify(rover_ros2_ws/src/embedded/stepper/can_base) by extension 'colcon_meta'
[1.381s] Level 1:colcon.colcon_core.package_identification:_identify(rover_ros2_ws/src/embedded/stepper/can_base) by extensions ['ros']
[1.381s] Level 1:colcon.colcon_core.package_identification:_identify(rover_ros2_ws/src/embedded/stepper/can_base) by extension 'ros'
[1.382s] Level 1:colcon.colcon_core.package_identification:_identify(rover_ros2_ws/src/embedded/stepper/can_base) by extensions ['cmake', 'python']
[1.382s] Level 1:colcon.colcon_core.package_identification:_identify(rover_ros2_ws/src/embedded/stepper/can_base) by extension 'cmake'
[1.382s] Level 1:colcon.colcon_core.package_identification:_identify(rover_ros2_ws/src/embedded/stepper/can_base) by extension 'python'
[1.382s] Level 1:colcon.colcon_core.package_identification:_identify(rover_ros2_ws/src/embedded/stepper/can_base) by extensions ['python_setup_py']
[1.382s] Level 1:colcon.colcon_core.package_identification:_identify(rover_ros2_ws/src/embedded/stepper/can_base) by extension 'python_setup_py'
[1.383s] Level 1:colcon.colcon_core.package_identification:_identify(rover_ros2_ws/src/embedded/stepper/can_base/include) by extensions ['ignore', 'ignore_ament_install']
[1.383s] Level 1:colcon.colcon_core.package_identification:_identify(rover_ros2_ws/src/embedded/stepper/can_base/include) by extension 'ignore'
[1.383s] Level 1:colcon.colcon_core.package_identification:_identify(rover_ros2_ws/src/embedded/stepper/can_base/include) by extension 'ignore_ament_install'
[1.383s] Level 1:colcon.colcon_core.package_identification:_identify(rover_ros2_ws/src/embedded/stepper/can_base/include) by extensions ['colcon_pkg']
[1.383s] Level 1:colcon.colcon_core.package_identification:_identify(rover_ros2_ws/src/embedded/stepper/can_base/include) by extension 'colcon_pkg'
[1.384s] Level 1:colcon.colcon_core.package_identification:_identify(rover_ros2_ws/src/embedded/stepper/can_base/include) by extensions ['colcon_meta']
[1.384s] Level 1:colcon.colcon_core.package_identification:_identify(rover_ros2_ws/src/embedded/stepper/can_base/include) by extension 'colcon_meta'
[1.384s] Level 1:colcon.colcon_core.package_identification:_identify(rover_ros2_ws/src/embedded/stepper/can_base/include) by extensions ['ros']
[1.384s] Level 1:colcon.colcon_core.package_identification:_identify(rover_ros2_ws/src/embedded/stepper/can_base/include) by extension 'ros'
[1.384s] Level 1:colcon.colcon_core.package_identification:_identify(rover_ros2_ws/src/embedded/stepper/can_base/include) by extensions ['cmake', 'python']
[1.385s] Level 1:colcon.colcon_core.package_identification:_identify(rover_ros2_ws/src/embedded/stepper/can_base/include) by extension 'cmake'
[1.385s] Level 1:colcon.colcon_core.package_identification:_identify(rover_ros2_ws/src/embedded/stepper/can_base/include) by extension 'python'
[1.385s] Level 1:colcon.colcon_core.package_identification:_identify(rover_ros2_ws/src/embedded/stepper/can_base/include) by extensions ['python_setup_py']
[1.385s] Level 1:colcon.colcon_core.package_identification:_identify(rover_ros2_ws/src/embedded/stepper/can_base/include) by extension 'python_setup_py'
[1.386s] Level 1:colcon.colcon_core.package_identification:_identify(rover_ros2_ws/src/embedded/stepper/can_base/src) by extensions ['ignore', 'ignore_ament_install']
[1.386s] Level 1:colcon.colcon_core.package_identification:_identify(rover_ros2_ws/src/embedded/stepper/can_base/src) by extension 'ignore'
[1.386s] Level 1:colcon.colcon_core.package_identification:_identify(rover_ros2_ws/src/embedded/stepper/can_base/src) by extension 'ignore_ament_install'
[1.386s] Level 1:colcon.colcon_core.package_identification:_identify(rover_ros2_ws/src/embedded/stepper/can_base/src) by extensions ['colcon_pkg']
[1.387s] Level 1:colcon.colcon_core.package_identification:_identify(rover_ros2_ws/src/embedded/stepper/can_base/src) by extension 'colcon_pkg'
[1.387s] Level 1:colcon.colcon_core.package_identification:_identify(rover_ros2_ws/src/embedded/stepper/can_base/src) by extensions ['colcon_meta']
[1.387s] Level 1:colcon.colcon_core.package_identification:_identify(rover_ros2_ws/src/embedded/stepper/can_base/src) by extension 'colcon_meta'
[1.387s] Level 1:colcon.colcon_core.package_identification:_identify(rover_ros2_ws/src/embedded/stepper/can_base/src) by extensions ['ros']
[1.387s] Level 1:colcon.colcon_core.package_identification:_identify(rover_ros2_ws/src/embedded/stepper/can_base/src) by extension 'ros'
[1.388s] Level 1:colcon.colcon_core.package_identification:_identify(rover_ros2_ws/src/embedded/stepper/can_base/src) by extensions ['cmake', 'python']
[1.388s] Level 1:colcon.colcon_core.package_identification:_identify(rover_ros2_ws/src/embedded/stepper/can_base/src) by extension 'cmake'
[1.388s] Level 1:colcon.colcon_core.package_identification:_identify(rover_ros2_ws/src/embedded/stepper/can_base/src) by extension 'python'
[1.388s] Level 1:colcon.colcon_core.package_identification:_identify(rover_ros2_ws/src/embedded/stepper/can_base/src) by extensions ['python_setup_py']
[1.388s] Level 1:colcon.colcon_core.package_identification:_identify(rover_ros2_ws/src/embedded/stepper/can_base/src) by extension 'python_setup_py'
[1.389s] Level 1:colcon.colcon_core.package_identification:_identify(rover_ros2_ws/src/embedded/stepper/stepper_node) by extensions ['ignore', 'ignore_ament_install']
[1.389s] Level 1:colcon.colcon_core.package_identification:_identify(rover_ros2_ws/src/embedded/stepper/stepper_node) by extension 'ignore'
[1.389s] Level 1:colcon.colcon_core.package_identification:_identify(rover_ros2_ws/src/embedded/stepper/stepper_node) by extension 'ignore_ament_install'
[1.389s] Level 1:colcon.colcon_core.package_identification:_identify(rover_ros2_ws/src/embedded/stepper/stepper_node) by extensions ['colcon_pkg']
[1.389s] Level 1:colcon.colcon_core.package_identification:_identify(rover_ros2_ws/src/embedded/stepper/stepper_node) by extension 'colcon_pkg'
[1.390s] Level 1:colcon.colcon_core.package_identification:_identify(rover_ros2_ws/src/embedded/stepper/stepper_node) by extensions ['colcon_meta']
[1.390s] Level 1:colcon.colcon_core.package_identification:_identify(rover_ros2_ws/src/embedded/stepper/stepper_node) by extension 'colcon_meta'
[1.390s] Level 1:colcon.colcon_core.package_identification:_identify(rover_ros2_ws/src/embedded/stepper/stepper_node) by extensions ['ros']
[1.390s] Level 1:colcon.colcon_core.package_identification:_identify(rover_ros2_ws/src/embedded/stepper/stepper_node) by extension 'ros'
[1.393s] DEBUG:colcon.colcon_core.package_identification:Package 'rover_ros2_ws/src/embedded/stepper/stepper_node' with type 'ros.ament_cmake' and name 'stepper_can'
[1.394s] Level 1:colcon.colcon_core.package_identification:_identify(rover_ros2_ws/src/embedded/yellowjacket) by extensions ['ignore', 'ignore_ament_install']
[1.394s] Level 1:colcon.colcon_core.package_identification:_identify(rover_ros2_ws/src/embedded/yellowjacket) by extension 'ignore'
[1.394s] Level 1:colcon.colcon_core.package_identification:_identify(rover_ros2_ws/src/embedded/yellowjacket) by extension 'ignore_ament_install'
[1.394s] Level 1:colcon.colcon_core.package_identification:_identify(rover_ros2_ws/src/embedded/yellowjacket) by extensions ['colcon_pkg']
[1.395s] Level 1:colcon.colcon_core.package_identification:_identify(rover_ros2_ws/src/embedded/yellowjacket) by extension 'colcon_pkg'
[1.395s] Level 1:colcon.colcon_core.package_identification:_identify(rover_ros2_ws/src/embedded/yellowjacket) by extensions ['colcon_meta']
[1.395s] Level 1:colcon.colcon_core.package_identification:_identify(rover_ros2_ws/src/embedded/yellowjacket) by extension 'colcon_meta'
[1.395s] Level 1:colcon.colcon_core.package_identification:_identify(rover_ros2_ws/src/embedded/yellowjacket) by extensions ['ros']
[1.395s] Level 1:colcon.colcon_core.package_identification:_identify(rover_ros2_ws/src/embedded/yellowjacket) by extension 'ros'
[1.396s] Level 1:colcon.colcon_core.package_identification:_identify(rover_ros2_ws/src/embedded/yellowjacket) by extensions ['cmake', 'python']
[1.396s] Level 1:colcon.colcon_core.package_identification:_identify(rover_ros2_ws/src/embedded/yellowjacket) by extension 'cmake'
[1.396s] Level 1:colcon.colcon_core.package_identification:_identify(rover_ros2_ws/src/embedded/yellowjacket) by extension 'python'
[1.396s] Level 1:colcon.colcon_core.package_identification:_identify(rover_ros2_ws/src/embedded/yellowjacket) by extensions ['python_setup_py']
[1.396s] Level 1:colcon.colcon_core.package_identification:_identify(rover_ros2_ws/src/embedded/yellowjacket) by extension 'python_setup_py'
[1.397s] Level 1:colcon.colcon_core.package_identification:_identify(rover_ros2_ws/src/embedded/yellowjacket/can_base) by extensions ['ignore', 'ignore_ament_install']
[1.397s] Level 1:colcon.colcon_core.package_identification:_identify(rover_ros2_ws/src/embedded/yellowjacket/can_base) by extension 'ignore'
[1.397s] Level 1:colcon.colcon_core.package_identification:_identify(rover_ros2_ws/src/embedded/yellowjacket/can_base) by extension 'ignore_ament_install'
[1.397s] Level 1:colcon.colcon_core.package_identification:_identify(rover_ros2_ws/src/embedded/yellowjacket/can_base) by extensions ['colcon_pkg']
[1.398s] Level 1:colcon.colcon_core.package_identification:_identify(rover_ros2_ws/src/embedded/yellowjacket/can_base) by extension 'colcon_pkg'
[1.398s] Level 1:colcon.colcon_core.package_identification:_identify(rover_ros2_ws/src/embedded/yellowjacket/can_base) by extensions ['colcon_meta']
[1.398s] Level 1:colcon.colcon_core.package_identification:_identify(rover_ros2_ws/src/embedded/yellowjacket/can_base) by extension 'colcon_meta'
[1.398s] Level 1:colcon.colcon_core.package_identification:_identify(rover_ros2_ws/src/embedded/yellowjacket/can_base) by extensions ['ros']
[1.398s] Level 1:colcon.colcon_core.package_identification:_identify(rover_ros2_ws/src/embedded/yellowjacket/can_base) by extension 'ros'
[1.399s] Level 1:colcon.colcon_core.package_identification:_identify(rover_ros2_ws/src/embedded/yellowjacket/can_base) by extensions ['cmake', 'python']
[1.399s] Level 1:colcon.colcon_core.package_identification:_identify(rover_ros2_ws/src/embedded/yellowjacket/can_base) by extension 'cmake'
[1.399s] Level 1:colcon.colcon_core.package_identification:_identify(rover_ros2_ws/src/embedded/yellowjacket/can_base) by extension 'python'
[1.399s] Level 1:colcon.colcon_core.package_identification:_identify(rover_ros2_ws/src/embedded/yellowjacket/can_base) by extensions ['python_setup_py']
[1.399s] Level 1:colcon.colcon_core.package_identification:_identify(rover_ros2_ws/src/embedded/yellowjacket/can_base) by extension 'python_setup_py'
[1.400s] Level 1:colcon.colcon_core.package_identification:_identify(rover_ros2_ws/src/embedded/yellowjacket/can_base/include) by extensions ['ignore', 'ignore_ament_install']
[1.400s] Level 1:colcon.colcon_core.package_identification:_identify(rover_ros2_ws/src/embedded/yellowjacket/can_base/include) by extension 'ignore'
[1.400s] Level 1:colcon.colcon_core.package_identification:_identify(rover_ros2_ws/src/embedded/yellowjacket/can_base/include) by extension 'ignore_ament_install'
[1.400s] Level 1:colcon.colcon_core.package_identification:_identify(rover_ros2_ws/src/embedded/yellowjacket/can_base/include) by extensions ['colcon_pkg']
[1.401s] Level 1:colcon.colcon_core.package_identification:_identify(rover_ros2_ws/src/embedded/yellowjacket/can_base/include) by extension 'colcon_pkg'
[1.401s] Level 1:colcon.colcon_core.package_identification:_identify(rover_ros2_ws/src/embedded/yellowjacket/can_base/include) by extensions ['colcon_meta']
[1.401s] Level 1:colcon.colcon_core.package_identification:_identify(rover_ros2_ws/src/embedded/yellowjacket/can_base/include) by extension 'colcon_meta'
[1.401s] Level 1:colcon.colcon_core.package_identification:_identify(rover_ros2_ws/src/embedded/yellowjacket/can_base/include) by extensions ['ros']
[1.401s] Level 1:colcon.colcon_core.package_identification:_identify(rover_ros2_ws/src/embedded/yellowjacket/can_base/include) by extension 'ros'
[1.402s] Level 1:colcon.colcon_core.package_identification:_identify(rover_ros2_ws/src/embedded/yellowjacket/can_base/include) by extensions ['cmake', 'python']
[1.402s] Level 1:colcon.colcon_core.package_identification:_identify(rover_ros2_ws/src/embedded/yellowjacket/can_base/include) by extension 'cmake'
[1.402s] Level 1:colcon.colcon_core.package_identification:_identify(rover_ros2_ws/src/embedded/yellowjacket/can_base/include) by extension 'python'
[1.402s] Level 1:colcon.colcon_core.package_identification:_identify(rover_ros2_ws/src/embedded/yellowjacket/can_base/include) by extensions ['python_setup_py']
[1.402s] Level 1:colcon.colcon_core.package_identification:_identify(rover_ros2_ws/src/embedded/yellowjacket/can_base/include) by extension 'python_setup_py'
[1.403s] Level 1:colcon.colcon_core.package_identification:_identify(rover_ros2_ws/src/embedded/yellowjacket/can_base/src) by extensions ['ignore', 'ignore_ament_install']
[1.403s] Level 1:colcon.colcon_core.package_identification:_identify(rover_ros2_ws/src/embedded/yellowjacket/can_base/src) by extension 'ignore'
[1.403s] Level 1:colcon.colcon_core.package_identification:_identify(rover_ros2_ws/src/embedded/yellowjacket/can_base/src) by extension 'ignore_ament_install'
[1.403s] Level 1:colcon.colcon_core.package_identification:_identify(rover_ros2_ws/src/embedded/yellowjacket/can_base/src) by extensions ['colcon_pkg']
[1.404s] Level 1:colcon.colcon_core.package_identification:_identify(rover_ros2_ws/src/embedded/yellowjacket/can_base/src) by extension 'colcon_pkg'
[1.404s] Level 1:colcon.colcon_core.package_identification:_identify(rover_ros2_ws/src/embedded/yellowjacket/can_base/src) by extensions ['colcon_meta']
[1.404s] Level 1:colcon.colcon_core.package_identification:_identify(rover_ros2_ws/src/embedded/yellowjacket/can_base/src) by extension 'colcon_meta'
[1.404s] Level 1:colcon.colcon_core.package_identification:_identify(rover_ros2_ws/src/embedded/yellowjacket/can_base/src) by extensions ['ros']
[1.404s] Level 1:colcon.colcon_core.package_identification:_identify(rover_ros2_ws/src/embedded/yellowjacket/can_base/src) by extension 'ros'
[1.405s] Level 1:colcon.colcon_core.package_identification:_identify(rover_ros2_ws/src/embedded/yellowjacket/can_base/src) by extensions ['cmake', 'python']
[1.405s] Level 1:colcon.colcon_core.package_identification:_identify(rover_ros2_ws/src/embedded/yellowjacket/can_base/src) by extension 'cmake'
[1.405s] Level 1:colcon.colcon_core.package_identification:_identify(rover_ros2_ws/src/embedded/yellowjacket/can_base/src) by extension 'python'
[1.405s] Level 1:colcon.colcon_core.package_identification:_identify(rover_ros2_ws/src/embedded/yellowjacket/can_base/src) by extensions ['python_setup_py']
[1.405s] Level 1:colcon.colcon_core.package_identification:_identify(rover_ros2_ws/src/embedded/yellowjacket/can_base/src) by extension 'python_setup_py'
[1.406s] Level 1:colcon.colcon_core.package_identification:_identify(rover_ros2_ws/src/embedded/yellowjacket/yellowjacket_node) by extensions ['ignore', 'ignore_ament_install']
[1.406s] Level 1:colcon.colcon_core.package_identification:_identify(rover_ros2_ws/src/embedded/yellowjacket/yellowjacket_node) by extension 'ignore'
[1.406s] Level 1:colcon.colcon_core.package_identification:_identify(rover_ros2_ws/src/embedded/yellowjacket/yellowjacket_node) by extension 'ignore_ament_install'
[1.406s] Level 1:colcon.colcon_core.package_identification:_identify(rover_ros2_ws/src/embedded/yellowjacket/yellowjacket_node) by extensions ['colcon_pkg']
[1.407s] Level 1:colcon.colcon_core.package_identification:_identify(rover_ros2_ws/src/embedded/yellowjacket/yellowjacket_node) by extension 'colcon_pkg'
[1.407s] Level 1:colcon.colcon_core.package_identification:_identify(rover_ros2_ws/src/embedded/yellowjacket/yellowjacket_node) by extensions ['colcon_meta']
[1.407s] Level 1:colcon.colcon_core.package_identification:_identify(rover_ros2_ws/src/embedded/yellowjacket/yellowjacket_node) by extension 'colcon_meta'
[1.407s] Level 1:colcon.colcon_core.package_identification:_identify(rover_ros2_ws/src/embedded/yellowjacket/yellowjacket_node) by extensions ['ros']
[1.407s] Level 1:colcon.colcon_core.package_identification:_identify(rover_ros2_ws/src/embedded/yellowjacket/yellowjacket_node) by extension 'ros'
[1.410s] DEBUG:colcon.colcon_core.package_identification:Package 'rover_ros2_ws/src/embedded/yellowjacket/yellowjacket_node' with type 'ros.ament_cmake' and name 'yellowjacket_can'
[1.411s] Level 1:colcon.colcon_core.package_identification:_identify(rover_ros2_ws/src/rover_teleop) by extensions ['ignore', 'ignore_ament_install']
[1.411s] Level 1:colcon.colcon_core.package_identification:_identify(rover_ros2_ws/src/rover_teleop) by extension 'ignore'
[1.412s] Level 1:colcon.colcon_core.package_identification:_identify(rover_ros2_ws/src/rover_teleop) by extension 'ignore_ament_install'
[1.412s] Level 1:colcon.colcon_core.package_identification:_identify(rover_ros2_ws/src/rover_teleop) by extensions ['colcon_pkg']
[1.412s] Level 1:colcon.colcon_core.package_identification:_identify(rover_ros2_ws/src/rover_teleop) by extension 'colcon_pkg'
[1.412s] Level 1:colcon.colcon_core.package_identification:_identify(rover_ros2_ws/src/rover_teleop) by extensions ['colcon_meta']
[1.412s] Level 1:colcon.colcon_core.package_identification:_identify(rover_ros2_ws/src/rover_teleop) by extension 'colcon_meta'
[1.412s] Level 1:colcon.colcon_core.package_identification:_identify(rover_ros2_ws/src/rover_teleop) by extensions ['ros']
[1.413s] Level 1:colcon.colcon_core.package_identification:_identify(rover_ros2_ws/src/rover_teleop) by extension 'ros'
[1.413s] Level 1:colcon.colcon_core.package_identification:_identify(rover_ros2_ws/src/rover_teleop) by extensions ['cmake', 'python']
[1.413s] Level 1:colcon.colcon_core.package_identification:_identify(rover_ros2_ws/src/rover_teleop) by extension 'cmake'
[1.413s] Level 1:colcon.colcon_core.package_identification:_identify(rover_ros2_ws/src/rover_teleop) by extension 'python'
[1.413s] Level 1:colcon.colcon_core.package_identification:_identify(rover_ros2_ws/src/rover_teleop) by extensions ['python_setup_py']
[1.413s] Level 1:colcon.colcon_core.package_identification:_identify(rover_ros2_ws/src/rover_teleop) by extension 'python_setup_py'
[1.414s] Level 1:colcon.colcon_core.package_identification:_identify(rover_ros2_ws/src/rover_teleop/rover_teleop) by extensions ['ignore', 'ignore_ament_install']
[1.414s] Level 1:colcon.colcon_core.package_identification:_identify(rover_ros2_ws/src/rover_teleop/rover_teleop) by extension 'ignore'
[1.414s] Level 1:colcon.colcon_core.package_identification:_identify(rover_ros2_ws/src/rover_teleop/rover_teleop) by extension 'ignore_ament_install'
[1.415s] Level 1:colcon.colcon_core.package_identification:_identify(rover_ros2_ws/src/rover_teleop/rover_teleop) by extensions ['colcon_pkg']
[1.415s] Level 1:colcon.colcon_core.package_identification:_identify(rover_ros2_ws/src/rover_teleop/rover_teleop) by extension 'colcon_pkg'
[1.415s] Level 1:colcon.colcon_core.package_identification:_identify(rover_ros2_ws/src/rover_teleop/rover_teleop) by extensions ['colcon_meta']
[1.415s] Level 1:colcon.colcon_core.package_identification:_identify(rover_ros2_ws/src/rover_teleop/rover_teleop) by extension 'colcon_meta'
[1.415s] Level 1:colcon.colcon_core.package_identification:_identify(rover_ros2_ws/src/rover_teleop/rover_teleop) by extensions ['ros']
[1.415s] Level 1:colcon.colcon_core.package_identification:_identify(rover_ros2_ws/src/rover_teleop/rover_teleop) by extension 'ros'
[1.418s] DEBUG:colcon.colcon_core.package_identification:Package 'rover_ros2_ws/src/rover_teleop/rover_teleop' with type 'ros.ament_python' and name 'rover_teleop'
[1.418s] Level 1:colcon.colcon_core.package_discovery:discover_packages(recursive) using defaults
[1.418s] Level 1:colcon.colcon_core.package_discovery:discover_packages(ignore) discover
[1.418s] Level 1:colcon.colcon_core.package_discovery:discover_packages(ignore) using defaults
[1.419s] Level 1:colcon.colcon_core.package_discovery:discover_packages(path) discover
[1.419s] Level 1:colcon.colcon_core.package_discovery:discover_packages(path) using defaults
[1.518s] INFO:colcon.colcon_core.package_selection:Skipping not selected package 'arm' in 'rover_ros2_ws/src/arm/arm'
[1.519s] INFO:colcon.colcon_core.package_selection:Skipping not selected package 'arm_gamepad_teleop' in 'rover_ros2_ws/src/arm/arm_gamepad_teleop'
[1.519s] INFO:colcon.colcon_core.package_selection:Skipping not selected package 'cubemars_can' in 'rover_ros2_ws/src/embedded/cubemars/cubemars_node'
[1.519s] INFO:colcon.colcon_core.package_selection:Skipping not selected package 'drive_teleop' in 'rover_ros2_ws/src/drive/drive_teleop'
[1.519s] INFO:colcon.colcon_core.package_selection:Skipping not selected package 'mock_gps' in 'rover_ros2_ws/src/embedded/mock_gps'
[1.519s] INFO:colcon.colcon_core.package_selection:Skipping not selected package 'npk_sensor' in 'rover_ros2_ws/src/embedded/npk_sensor'
[1.519s] INFO:colcon.colcon_core.package_selection:Skipping not selected package 'odrive_can' in 'rover_ros2_ws/src/embedded/ros_odrive/odrive_node'
[1.519s] INFO:colcon.colcon_core.package_selection:Skipping not selected package 'rover_teleop' in 'rover_ros2_ws/src/rover_teleop/rover_teleop'
[1.519s] INFO:colcon.colcon_core.package_selection:Skipping not selected package 'spectro_sensor' in 'rover_ros2_ws/src/embedded/spectro_sensor'
[1.519s] INFO:colcon.colcon_core.package_selection:Skipping not selected package 'stepper_can' in 'rover_ros2_ws/src/embedded/stepper/stepper_node'
[1.519s] INFO:colcon.colcon_core.package_selection:Skipping not selected package 'usb_cam' in 'rover_ros2_ws/src/arm/usb_cam'
[1.520s] INFO:colcon.colcon_core.package_selection:Skipping not selected package 'yellowjacket_can' in 'rover_ros2_ws/src/embedded/yellowjacket/yellowjacket_node'
[1.520s] INFO:colcon.colcon_core.package_selection:Skipping not selected package 'arm_hardware_interface' in 'rover_ros2_ws/src/arm/arm_hardware_interface'
[1.520s] INFO:colcon.colcon_core.package_selection:Skipping not selected package 'arm_moveit_config' in 'rover_ros2_ws/src/arm/arm_moveit_config'
[1.520s] INFO:colcon.colcon_core.package_selection:Skipping not selected package 'drive_manager' in 'rover_ros2_ws/src/drive/drive'
[1.520s] INFO:colcon.colcon_core.package_selection:Skipping not selected package 'serializer_nodes_demo' in 'rover_ros2_ws/src/embedded/serializer_nodes_demo'
[1.522s] Level 1:colcon.colcon_core.package_discovery:discover_packages(prefix_path) check parameters
[1.522s] Level 1:colcon.colcon_core.package_discovery:discover_packages(prefix_path) discover
[1.534s] DEBUG:colcon.colcon_installed_package_information.package_discovery:Found 1 installed packages in /home/pi/Legacy/URC-2026/rover_ros2_ws/install
[1.536s] DEBUG:colcon.colcon_installed_package_information.package_discovery:Found 1 installed packages in /home/pi/Legacy/URC-2026/rover_ros2_ws/src/embedded/servo/servo_node/install
[1.539s] DEBUG:colcon.colcon_installed_package_information.package_discovery:Found 2 installed packages in /home/pi/Legacy/Testing/ros2_ws/install
[1.542s] DEBUG:colcon.colcon_installed_package_information.package_discovery:Found 9 installed packages in /home/pi/Legacy/URC-2026/embedded_ros2_ws/install
[1.546s] DEBUG:colcon.colcon_installed_package_information.package_discovery:Found 2 installed packages in /home/pi/Legacy/URC-2026/drive_ros2_ws/install
[1.552s] DEBUG:colcon.colcon_installed_package_information.package_discovery:Found 186 installed packages in /opt/ros/humble
[1.593s] Level 1:colcon.colcon_core.package_discovery:discover_packages(prefix_path) using defaults
[1.707s] Level 5:colcon.colcon_core.verb:set package 'servo' build argument 'cmake_args' from command line to 'None'
[1.707s] Level 5:colcon.colcon_core.verb:set package 'servo' build argument 'cmake_target' from command line to 'None'
[1.707s] Level 5:colcon.colcon_core.verb:set package 'servo' build argument 'cmake_target_skip_unavailable' from command line to 'False'
[1.707s] Level 5:colcon.colcon_core.verb:set package 'servo' build argument 'cmake_clean_cache' from command line to 'False'
[1.707s] Level 5:colcon.colcon_core.verb:set package 'servo' build argument 'cmake_clean_first' from command line to 'False'
[1.708s] Level 5:colcon.colcon_core.verb:set package 'servo' build argument 'cmake_force_configure' from command line to 'False'
[1.708s] Level 5:colcon.colcon_core.verb:set package 'servo' build argument 'ament_cmake_args' from command line to 'None'
[1.708s] Level 5:colcon.colcon_core.verb:set package 'servo' build argument 'catkin_cmake_args' from command line to 'None'
[1.708s] Level 5:colcon.colcon_core.verb:set package 'servo' build argument 'catkin_skip_building_tests' from command line to 'False'
[1.708s] DEBUG:colcon.colcon_core.verb:Building package 'servo' with the following arguments: {'ament_cmake_args': None, 'build_base': '/home/pi/Legacy/URC-2026/build/servo', 'catkin_cmake_args': None, 'catkin_skip_building_tests': False, 'cmake_args': None, 'cmake_clean_cache': False, 'cmake_clean_first': False, 'cmake_force_configure': False, 'cmake_target': None, 'cmake_target_skip_unavailable': False, 'install_base': '/home/pi/Legacy/URC-2026/install/servo', 'merge_install': False, 'path': '/home/pi/Legacy/URC-2026/rover_ros2_ws/src/embedded/servo/servo_node', 'symlink_install': False, 'test_result_base': None}
[1.709s] INFO:colcon.colcon_core.executor:Executing jobs using 'parallel' executor
[1.712s] DEBUG:colcon.colcon_parallel_executor.executor.parallel:run_until_complete
[1.713s] INFO:colcon.colcon_ros.task.ament_cmake.build:Building ROS package in '/home/pi/Legacy/URC-2026/rover_ros2_ws/src/embedded/servo/servo_node' with build type 'ament_cmake'
[1.714s] INFO:colcon.colcon_cmake.task.cmake.build:Building CMake package in '/home/pi/Legacy/URC-2026/rover_ros2_ws/src/embedded/servo/servo_node'
[1.725s] INFO:colcon.colcon_core.plugin_system:Skipping extension 'colcon_core.shell.bat': Not used on non-Windows systems
[1.726s] INFO:colcon.colcon_core.shell:Skip shell extension 'powershell' for command environment: Not usable outside of PowerShell
[1.726s] DEBUG:colcon.colcon_core.shell:Skip shell extension 'dsv' for command environment
[1.776s] DEBUG:colcon.colcon_core.event_handler.log_command:Invoking command in '/home/pi/Legacy/URC-2026/build/servo': CMAKE_PREFIX_PATH=${CMAKE_PREFIX_PATH}:/home/pi/Legacy/URC-2026/embedded_ros2_ws/install/serializer_nodes_demo:/home/pi/Legacy/URC-2026/embedded_ros2_ws/install/blender_motor:/home/pi/Legacy/Testing/ros2_ws/install/rover_motor_command:/home/pi/Legacy/URC-2026/drive_ros2_ws/install/drive_manager:/opt/ros/humble /usr/bin/cmake /home/pi/Legacy/URC-2026/rover_ros2_ws/src/embedded/servo/servo_node -DCMAKE_INSTALL_PREFIX=/home/pi/Legacy/URC-2026/install/servo
[3.286s] DEBUG:colcon.colcon_parallel_executor.executor.parallel:run_until_complete was interrupted
[3.286s] DEBUG:colcon.colcon_parallel_executor.executor.parallel:run_until_complete again
[3.291s] DEBUG:colcon.colcon_core.event_handler.log_command:Invoked command in '/home/pi/Legacy/URC-2026/build/servo' returned '-2': CMAKE_PREFIX_PATH=${CMAKE_PREFIX_PATH}:/home/pi/Legacy/URC-2026/embedded_ros2_ws/install/serializer_nodes_demo:/home/pi/Legacy/URC-2026/embedded_ros2_ws/install/blender_motor:/home/pi/Legacy/Testing/ros2_ws/install/rover_motor_command:/home/pi/Legacy/URC-2026/drive_ros2_ws/install/drive_manager:/opt/ros/humble /usr/bin/cmake /home/pi/Legacy/URC-2026/rover_ros2_ws/src/embedded/servo/servo_node -DCMAKE_INSTALL_PREFIX=/home/pi/Legacy/URC-2026/install/servo
[3.292s] Level 1:colcon.colcon_core.environment:create_environment_scripts_only(servo)
[3.304s] Level 1:colcon.colcon_core.environment:checking '/home/pi/Legacy/URC-2026/install/servo' for CMake module files
[3.306s] Level 1:colcon.colcon_core.environment:checking '/home/pi/Legacy/URC-2026/install/servo' for CMake config files
[3.307s] Level 1:colcon.colcon_core.environment:checking '/home/pi/Legacy/URC-2026/install/servo/bin'
[3.307s] Level 1:colcon.colcon_core.environment:checking '/home/pi/Legacy/URC-2026/install/servo/lib/pkgconfig/servo.pc'
[3.308s] Level 1:colcon.colcon_core.environment:checking '/home/pi/Legacy/URC-2026/install/servo/lib/python3.10/site-packages'
[3.310s] Level 1:colcon.colcon_core.environment:checking '/home/pi/Legacy/URC-2026/install/servo/bin'
[3.311s] INFO:colcon.colcon_core.shell:Creating package script '/home/pi/Legacy/URC-2026/install/servo/share/servo/package.ps1'
[3.315s] INFO:colcon.colcon_core.shell:Creating package descriptor '/home/pi/Legacy/URC-2026/install/servo/share/servo/package.dsv'
[3.317s] INFO:colcon.colcon_core.shell:Creating package script '/home/pi/Legacy/URC-2026/install/servo/share/servo/package.sh'
[3.320s] INFO:colcon.colcon_core.shell:Creating package script '/home/pi/Legacy/URC-2026/install/servo/share/servo/package.bash'
[3.323s] INFO:colcon.colcon_core.shell:Creating package script '/home/pi/Legacy/URC-2026/install/servo/share/servo/package.zsh'
[3.326s] Level 1:colcon.colcon_core.environment:create_file_with_runtime_dependencies(/home/pi/Legacy/URC-2026/install/servo/share/colcon-core/packages/servo)
[3.338s] DEBUG:colcon.colcon_parallel_executor.executor.parallel:run_until_complete finished
[3.338s] DEBUG:colcon.colcon_parallel_executor.executor.parallel:closing loop
[3.338s] DEBUG:colcon.colcon_parallel_executor.executor.parallel:loop closed
[3.339s] DEBUG:colcon.colcon_core.event_reactor:joining thread
[3.343s] DEBUG:colcon.colcon_core.event_reactor:joined thread
[3.344s] INFO:colcon.colcon_core.shell:Creating prefix script '/home/pi/Legacy/URC-2026/install/local_setup.ps1'
[3.352s] INFO:colcon.colcon_core.shell:Creating prefix util module '/home/pi/Legacy/URC-2026/install/_local_setup_util_ps1.py'
[3.360s] INFO:colcon.colcon_core.shell:Creating prefix chain script '/home/pi/Legacy/URC-2026/install/setup.ps1'
[3.371s] INFO:colcon.colcon_core.shell:Creating prefix script '/home/pi/Legacy/URC-2026/install/local_setup.sh'
[3.374s] INFO:colcon.colcon_core.shell:Creating prefix util module '/home/pi/Legacy/URC-2026/install/_local_setup_util_sh.py'
[3.376s] INFO:colcon.colcon_core.shell:Creating prefix chain script '/home/pi/Legacy/URC-2026/install/setup.sh'
[3.386s] INFO:colcon.colcon_core.shell:Creating prefix script '/home/pi/Legacy/URC-2026/install/local_setup.bash'
[3.389s] INFO:colcon.colcon_core.shell:Creating prefix chain script '/home/pi/Legacy/URC-2026/install/setup.bash'
[3.398s] INFO:colcon.colcon_core.shell:Creating prefix script '/home/pi/Legacy/URC-2026/install/local_setup.zsh'
[3.400s] INFO:colcon.colcon_core.shell:Creating prefix chain script '/home/pi/Legacy/URC-2026/install/setup.zsh'
