[0.072s] Invoking command in '/home/pi/Legacy/URC-2026/drive_ros2_ws/build/drive_teleop': CMAKE_PREFIX_PATH=${CMAKE_PREFIX_PATH}:/home/pi/Legacy/URC-2026/drive_ros2_ws/install/drive_manager:/home/pi/Legacy/URC-2026/embedded_ros2_ws/install/drive:/home/pi/Legacy/URC-2026/embedded_ros2_ws/install/serializer_nodes_demo:/home/pi/Legacy/Testing/ros2_ws/install/rover_motor_command:/opt/ros/humble /usr/bin/cmake --build /home/pi/Legacy/URC-2026/drive_ros2_ws/build/drive_teleop -- -j4 -l4
[0.404s] [  3%] Built target drive_teleop__cpp
[0.422s] [ 12%] Built target drive_teleop__rosidl_generator_c
[0.615s] [ 12%] Built target ament_cmake_python_copy_drive_teleop
[0.618s] [ 21%] Built target drive_teleop__rosidl_typesupport_fastrtps_cpp
[0.757s] [ 30%] Built target drive_teleop__rosidl_typesupport_introspection_cpp
[0.772s] [ 39%] Built target drive_teleop__rosidl_typesupport_fastrtps_c
[0.898s] [ 48%] Built target drive_teleop__rosidl_typesupport_introspection_c
[0.909s] [ 57%] Built target drive_teleop__rosidl_typesupport_c
[1.056s] [ 66%] Built target drive_teleop__rosidl_typesupport_cpp
[1.206s] [ 66%] Built target drive_teleop
[1.399s] [ 69%] [32mBuilding CXX object CMakeFiles/drive_teleop_node.dir/src/drive_teleop_node.cpp.o[0m
[2.572s] running egg_info
[2.575s] writing drive_teleop.egg-info/PKG-INFO
[2.578s] writing dependency_links to drive_teleop.egg-info/dependency_links.txt
[2.580s] writing top-level names to drive_teleop.egg-info/top_level.txt
[2.591s] reading manifest file 'drive_teleop.egg-info/SOURCES.txt'
[2.595s] writing manifest file 'drive_teleop.egg-info/SOURCES.txt'
[2.778s] [ 69%] Built target ament_cmake_python_build_drive_teleop_egg
[15.062s] gmake[2]: *** [CMakeFiles/drive_teleop_node.dir/build.make:76: CMakeFiles/drive_teleop_node.dir/src/drive_teleop_node.cpp.o] Interrupt
[15.069s] gmake[1]: *** [CMakeFiles/Makefile2:593: CMakeFiles/drive_teleop_node.dir/all] Interrupt
[15.070s] gmake: *** [Makefile:146: all] Interrupt
[15.122s] Invoked command in '/home/pi/Legacy/URC-2026/drive_ros2_ws/build/drive_teleop' returned '-2': CMAKE_PREFIX_PATH=${CMAKE_PREFIX_PATH}:/home/pi/Legacy/URC-2026/drive_ros2_ws/install/drive_manager:/home/pi/Legacy/URC-2026/embedded_ros2_ws/install/drive:/home/pi/Legacy/URC-2026/embedded_ros2_ws/install/serializer_nodes_demo:/home/pi/Legacy/Testing/ros2_ws/install/rover_motor_command:/opt/ros/humble /usr/bin/cmake --build /home/pi/Legacy/URC-2026/drive_ros2_ws/build/drive_teleop -- -j4 -l4
