[1.168s] Invoking command in '/home/pi/Legacy/URC-2026/embedded_ros2_ws/build/mock_gps': CMAKE_PREFIX_PATH=${CMAKE_PREFIX_PATH}:/home/pi/Legacy/URC-2026/embedded_ros2_ws/install/blender_motor:/home/pi/Legacy/Testing/ros2_ws/install/rover_motor_command:/home/pi/Legacy/URC-2026/drive_ros2_ws/install/drive_manager:/opt/ros/humble /usr/bin/cmake /home/pi/Legacy/URC-2026/embedded_ros2_ws/src/mock_gps -DCMAKE_INSTALL_PREFIX=/home/pi/Legacy/URC-2026/embedded_ros2_ws/install/mock_gps
[1.821s] -- The C compiler identification is GNU 11.4.0
[2.167s] -- The CXX compiler identification is GNU 11.4.0
[2.214s] -- Detecting C compiler ABI info
[2.737s] -- Detecting C compiler ABI info - done
[2.787s] -- Check for working C compiler: /usr/bin/cc - skipped
[2.788s] -- Detecting C compile features
[2.789s] -- Detecting C compile features - done
[2.802s] -- Detecting CXX compiler ABI info
[3.260s] -- Detecting CXX compiler ABI info - done
[3.287s] -- Check for working CXX compiler: /usr/bin/c++ - skipped
[3.289s] -- Detecting CXX compile features
[3.291s] -- Detecting CXX compile features - done
[3.335s] -- Found ament_cmake: 1.3.12 (/opt/ros/humble/share/ament_cmake/cmake)
[4.594s] -- Found Python3: /usr/bin/python3 (found version "3.10.12") found components: Interpreter 
[5.596s] -- Found rclcpp: 16.0.17 (/opt/ros/humble/share/rclcpp/cmake)
[6.024s] -- Found rosidl_generator_c: 3.1.8 (/opt/ros/humble/share/rosidl_generator_c/cmake)
[6.082s] -- Found rosidl_adapter: 3.1.8 (/opt/ros/humble/share/rosidl_adapter/cmake)
[6.147s] -- Found rosidl_generator_cpp: 3.1.8 (/opt/ros/humble/share/rosidl_generator_cpp/cmake)
[6.249s] -- Using all available rosidl_typesupport_c: rosidl_typesupport_fastrtps_c;rosidl_typesupport_introspection_c
[6.370s] -- Using all available rosidl_typesupport_cpp: rosidl_typesupport_fastrtps_cpp;rosidl_typesupport_introspection_cpp
[6.808s] -- Found rmw_implementation_cmake: 6.1.2 (/opt/ros/humble/share/rmw_implementation_cmake/cmake)
[6.855s] -- Found rmw_fastrtps_cpp: 6.2.9 (/opt/ros/humble/share/rmw_fastrtps_cpp/cmake)
[7.467s] -- Found OpenSSL: /usr/lib/aarch64-linux-gnu/libcrypto.so (found version "3.0.2")  
[7.693s] -- Found FastRTPS: /opt/ros/humble/include  
[8.005s] -- Using RMW implementation 'rmw_fastrtps_cpp' as default
[8.111s] -- Looking for pthread.h
[8.618s] -- Looking for pthread.h - found
[8.629s] -- Performing Test CMAKE_HAVE_LIBC_PTHREAD
[9.081s] -- Performing Test CMAKE_HAVE_LIBC_PTHREAD - Success
[9.091s] -- Found Threads: TRUE  
[9.515s] -- Found sensor_msgs: 4.9.0 (/opt/ros/humble/share/sensor_msgs/cmake)
[9.755s] -- Found ament_lint_auto: 0.12.14 (/opt/ros/humble/share/ament_lint_auto/cmake)
[10.417s] -- Added test 'cppcheck' to perform static code analysis on C / C++ code
[10.419s] -- Configured cppcheck include dirs: 
[10.420s] -- Configured cppcheck exclude dirs and/or files: 
[10.428s] -- Added test 'flake8' to check Python code syntax and style conventions
[10.434s] -- Added test 'lint_cmake' to check CMake code style
[10.440s] -- Added test 'pep257' to check Python code against some of the docstring style conventions in PEP 257
[10.452s] -- Added test 'uncrustify' to check C / C++ code style
[10.453s] -- Configured uncrustify additional arguments: 
[10.459s] -- Added test 'xmllint' to check XML markup files
[10.474s] -- Configuring done
[10.553s] -- Generating done
[10.585s] -- Build files have been written to: /home/pi/Legacy/URC-2026/embedded_ros2_ws/build/mock_gps
[10.640s] Invoked command in '/home/pi/Legacy/URC-2026/embedded_ros2_ws/build/mock_gps' returned '0': CMAKE_PREFIX_PATH=${CMAKE_PREFIX_PATH}:/home/pi/Legacy/URC-2026/embedded_ros2_ws/install/blender_motor:/home/pi/Legacy/Testing/ros2_ws/install/rover_motor_command:/home/pi/Legacy/URC-2026/drive_ros2_ws/install/drive_manager:/opt/ros/humble /usr/bin/cmake /home/pi/Legacy/URC-2026/embedded_ros2_ws/src/mock_gps -DCMAKE_INSTALL_PREFIX=/home/pi/Legacy/URC-2026/embedded_ros2_ws/install/mock_gps
[10.642s] Invoking command in '/home/pi/Legacy/URC-2026/embedded_ros2_ws/build/mock_gps': CMAKE_PREFIX_PATH=${CMAKE_PREFIX_PATH}:/home/pi/Legacy/URC-2026/embedded_ros2_ws/install/blender_motor:/home/pi/Legacy/Testing/ros2_ws/install/rover_motor_command:/home/pi/Legacy/URC-2026/drive_ros2_ws/install/drive_manager:/opt/ros/humble /usr/bin/cmake --build /home/pi/Legacy/URC-2026/embedded_ros2_ws/build/mock_gps -- -j4 -l4
[10.924s] [ 50%] [32mBuilding CXX object CMakeFiles/mock_gps_node.dir/src/mock_gps_node.cpp.o[0m
[61.327s] [100%] [32m[1mLinking CXX executable mock_gps_node[0m
[62.945s] [100%] Built target mock_gps_node
[63.014s] Invoked command in '/home/pi/Legacy/URC-2026/embedded_ros2_ws/build/mock_gps' returned '0': CMAKE_PREFIX_PATH=${CMAKE_PREFIX_PATH}:/home/pi/Legacy/URC-2026/embedded_ros2_ws/install/blender_motor:/home/pi/Legacy/Testing/ros2_ws/install/rover_motor_command:/home/pi/Legacy/URC-2026/drive_ros2_ws/install/drive_manager:/opt/ros/humble /usr/bin/cmake --build /home/pi/Legacy/URC-2026/embedded_ros2_ws/build/mock_gps -- -j4 -l4
[63.016s] Invoking command in '/home/pi/Legacy/URC-2026/embedded_ros2_ws/build/mock_gps': CMAKE_PREFIX_PATH=${CMAKE_PREFIX_PATH}:/home/pi/Legacy/URC-2026/embedded_ros2_ws/install/blender_motor:/home/pi/Legacy/Testing/ros2_ws/install/rover_motor_command:/home/pi/Legacy/URC-2026/drive_ros2_ws/install/drive_manager:/opt/ros/humble /usr/bin/cmake --install /home/pi/Legacy/URC-2026/embedded_ros2_ws/build/mock_gps
[63.080s] -- Install configuration: ""
[63.083s] -- Installing: /home/pi/Legacy/URC-2026/embedded_ros2_ws/install/mock_gps/lib/mock_gps/mock_gps_node
[63.098s] -- Set runtime path of "/home/pi/Legacy/URC-2026/embedded_ros2_ws/install/mock_gps/lib/mock_gps/mock_gps_node" to ""
[63.099s] -- Installing: /home/pi/Legacy/URC-2026/embedded_ros2_ws/install/mock_gps/share/mock_gps/launch
[63.100s] -- Installing: /home/pi/Legacy/URC-2026/embedded_ros2_ws/install/mock_gps/share/mock_gps/launch/gnss.launch.py
[63.105s] -- Installing: /home/pi/Legacy/URC-2026/embedded_ros2_ws/install/mock_gps/share/ament_index/resource_index/package_run_dependencies/mock_gps
[63.109s] -- Installing: /home/pi/Legacy/URC-2026/embedded_ros2_ws/install/mock_gps/share/ament_index/resource_index/parent_prefix_path/mock_gps
[63.113s] -- Installing: /home/pi/Legacy/URC-2026/embedded_ros2_ws/install/mock_gps/share/mock_gps/environment/ament_prefix_path.sh
[63.117s] -- Installing: /home/pi/Legacy/URC-2026/embedded_ros2_ws/install/mock_gps/share/mock_gps/environment/ament_prefix_path.dsv
[63.120s] -- Installing: /home/pi/Legacy/URC-2026/embedded_ros2_ws/install/mock_gps/share/mock_gps/environment/path.sh
[63.123s] -- Installing: /home/pi/Legacy/URC-2026/embedded_ros2_ws/install/mock_gps/share/mock_gps/environment/path.dsv
[63.126s] -- Installing: /home/pi/Legacy/URC-2026/embedded_ros2_ws/install/mock_gps/share/mock_gps/local_setup.bash
[63.129s] -- Installing: /home/pi/Legacy/URC-2026/embedded_ros2_ws/install/mock_gps/share/mock_gps/local_setup.sh
[63.132s] -- Installing: /home/pi/Legacy/URC-2026/embedded_ros2_ws/install/mock_gps/share/mock_gps/local_setup.zsh
[63.135s] -- Installing: /home/pi/Legacy/URC-2026/embedded_ros2_ws/install/mock_gps/share/mock_gps/local_setup.dsv
[63.138s] -- Installing: /home/pi/Legacy/URC-2026/embedded_ros2_ws/install/mock_gps/share/mock_gps/package.dsv
[63.142s] -- Installing: /home/pi/Legacy/URC-2026/embedded_ros2_ws/install/mock_gps/share/ament_index/resource_index/packages/mock_gps
[63.146s] -- Installing: /home/pi/Legacy/URC-2026/embedded_ros2_ws/install/mock_gps/share/mock_gps/cmake/mock_gpsConfig.cmake
[63.150s] -- Installing: /home/pi/Legacy/URC-2026/embedded_ros2_ws/install/mock_gps/share/mock_gps/cmake/mock_gpsConfig-version.cmake
[63.156s] -- Installing: /home/pi/Legacy/URC-2026/embedded_ros2_ws/install/mock_gps/share/mock_gps/package.xml
[63.174s] Invoked command in '/home/pi/Legacy/URC-2026/embedded_ros2_ws/build/mock_gps' returned '0': CMAKE_PREFIX_PATH=${CMAKE_PREFIX_PATH}:/home/pi/Legacy/URC-2026/embedded_ros2_ws/install/blender_motor:/home/pi/Legacy/Testing/ros2_ws/install/rover_motor_command:/home/pi/Legacy/URC-2026/drive_ros2_ws/install/drive_manager:/opt/ros/humble /usr/bin/cmake --install /home/pi/Legacy/URC-2026/embedded_ros2_ws/build/mock_gps
