[0.132s] Invoking command in '/home/pi/Legacy/URC-2026/embedded_ros2_ws/src/build/mock_gps': CMAKE_PREFIX_PATH=${CMAKE_PREFIX_PATH}:/home/pi/Legacy/URC-2026/embedded_ros2_ws/install/serializer_nodes_demo:/home/pi/Legacy/URC-2026/embedded_ros2_ws/install/blender_motor:/home/pi/Legacy/Testing/ros2_ws/install/rover_motor_command:/home/pi/Legacy/URC-2026/drive_ros2_ws/install/drive_manager:/opt/ros/humble /usr/bin/cmake /home/pi/Legacy/URC-2026/embedded_ros2_ws/src/mock_gps -DCMAKE_INSTALL_PREFIX=/home/pi/Legacy/URC-2026/embedded_ros2_ws/src/install/mock_gps
[1.441s] -- The C compiler identification is GNU 11.4.0
[2.344s] -- The CXX compiler identification is GNU 11.4.0
[2.384s] -- Detecting C compiler ABI info
[2.972s] -- Detecting C compiler ABI info - done
[3.014s] -- Check for working C compiler: /usr/bin/cc - skipped
[3.015s] -- Detecting C compile features
[3.015s] -- Detecting C compile features - done
[3.049s] -- Detecting CXX compiler ABI info
[3.697s] -- Detecting CXX compiler ABI info - done
[3.730s] -- Check for working CXX compiler: /usr/bin/c++ - skipped
[3.731s] -- Detecting CXX compile features
[3.733s] -- Detecting CXX compile features - done
[5.748s] -- Found ament_cmake: 1.3.12 (/opt/ros/humble/share/ament_cmake/cmake)
[7.243s] -- Found Python3: /usr/bin/python3 (found version "3.10.12") found components: Interpreter 
[8.977s] -- Found rclcpp: 16.0.17 (/opt/ros/humble/share/rclcpp/cmake)
[9.588s] -- Found rosidl_generator_c: 3.1.8 (/opt/ros/humble/share/rosidl_generator_c/cmake)
[9.676s] -- Found rosidl_adapter: 3.1.8 (/opt/ros/humble/share/rosidl_adapter/cmake)
[9.787s] -- Found rosidl_generator_cpp: 3.1.8 (/opt/ros/humble/share/rosidl_generator_cpp/cmake)
[9.962s] -- Using all available rosidl_typesupport_c: rosidl_typesupport_fastrtps_c;rosidl_typesupport_introspection_c
[10.180s] -- Using all available rosidl_typesupport_cpp: rosidl_typesupport_fastrtps_cpp;rosidl_typesupport_introspection_cpp
[10.803s] -- Found rmw_implementation_cmake: 6.1.2 (/opt/ros/humble/share/rmw_implementation_cmake/cmake)
[10.858s] -- Found rmw_fastrtps_cpp: 6.2.9 (/opt/ros/humble/share/rmw_fastrtps_cpp/cmake)
[11.811s] -- Found OpenSSL: /usr/lib/aarch64-linux-gnu/libcrypto.so (found version "3.0.2")  
[12.022s] -- Found FastRTPS: /opt/ros/humble/include  
[12.316s] -- Using RMW implementation 'rmw_fastrtps_cpp' as default
[12.526s] -- Looking for pthread.h
[13.295s] -- Looking for pthread.h - found
[13.300s] -- Performing Test CMAKE_HAVE_LIBC_PTHREAD
[13.880s] -- Performing Test CMAKE_HAVE_LIBC_PTHREAD - Success
[13.885s] -- Found Threads: TRUE  
[14.456s] -- Found sensor_msgs: 4.9.0 (/opt/ros/humble/share/sensor_msgs/cmake)
[14.895s] -- Found ament_lint_auto: 0.12.14 (/opt/ros/humble/share/ament_lint_auto/cmake)
[15.926s] -- Added test 'cppcheck' to perform static code analysis on C / C++ code
[15.926s] -- Configured cppcheck include dirs: 
[15.927s] -- Configured cppcheck exclude dirs and/or files: 
[15.941s] -- Added test 'flake8' to check Python code syntax and style conventions
[15.951s] -- Added test 'lint_cmake' to check CMake code style
[15.962s] -- Added test 'pep257' to check Python code against some of the docstring style conventions in PEP 257
[15.985s] -- Added test 'uncrustify' to check C / C++ code style
[15.990s] -- Configured uncrustify additional arguments: 
[15.997s] -- Added test 'xmllint' to check XML markup files
[16.024s] -- Configuring done
[16.140s] -- Generating done
[16.190s] -- Build files have been written to: /home/pi/Legacy/URC-2026/embedded_ros2_ws/src/build/mock_gps
[16.272s] Invoked command in '/home/pi/Legacy/URC-2026/embedded_ros2_ws/src/build/mock_gps' returned '0': CMAKE_PREFIX_PATH=${CMAKE_PREFIX_PATH}:/home/pi/Legacy/URC-2026/embedded_ros2_ws/install/serializer_nodes_demo:/home/pi/Legacy/URC-2026/embedded_ros2_ws/install/blender_motor:/home/pi/Legacy/Testing/ros2_ws/install/rover_motor_command:/home/pi/Legacy/URC-2026/drive_ros2_ws/install/drive_manager:/opt/ros/humble /usr/bin/cmake /home/pi/Legacy/URC-2026/embedded_ros2_ws/src/mock_gps -DCMAKE_INSTALL_PREFIX=/home/pi/Legacy/URC-2026/embedded_ros2_ws/src/install/mock_gps
[16.274s] Invoking command in '/home/pi/Legacy/URC-2026/embedded_ros2_ws/src/build/mock_gps': CMAKE_PREFIX_PATH=${CMAKE_PREFIX_PATH}:/home/pi/Legacy/URC-2026/embedded_ros2_ws/install/serializer_nodes_demo:/home/pi/Legacy/URC-2026/embedded_ros2_ws/install/blender_motor:/home/pi/Legacy/Testing/ros2_ws/install/rover_motor_command:/home/pi/Legacy/URC-2026/drive_ros2_ws/install/drive_manager:/opt/ros/humble /usr/bin/cmake --build /home/pi/Legacy/URC-2026/embedded_ros2_ws/src/build/mock_gps -- -j4 -l4
[16.755s] [ 50%] [32mBuilding CXX object CMakeFiles/mock_gps_node.dir/src/mock_gps_node.cpp.o[0m
[58.855s] [100%] [32m[1mLinking CXX executable mock_gps_node[0m
[61.023s] [100%] Built target mock_gps_node
[61.110s] Invoked command in '/home/pi/Legacy/URC-2026/embedded_ros2_ws/src/build/mock_gps' returned '0': CMAKE_PREFIX_PATH=${CMAKE_PREFIX_PATH}:/home/pi/Legacy/URC-2026/embedded_ros2_ws/install/serializer_nodes_demo:/home/pi/Legacy/URC-2026/embedded_ros2_ws/install/blender_motor:/home/pi/Legacy/Testing/ros2_ws/install/rover_motor_command:/home/pi/Legacy/URC-2026/drive_ros2_ws/install/drive_manager:/opt/ros/humble /usr/bin/cmake --build /home/pi/Legacy/URC-2026/embedded_ros2_ws/src/build/mock_gps -- -j4 -l4
[61.123s] Invoking command in '/home/pi/Legacy/URC-2026/embedded_ros2_ws/src/build/mock_gps': CMAKE_PREFIX_PATH=${CMAKE_PREFIX_PATH}:/home/pi/Legacy/URC-2026/embedded_ros2_ws/install/serializer_nodes_demo:/home/pi/Legacy/URC-2026/embedded_ros2_ws/install/blender_motor:/home/pi/Legacy/Testing/ros2_ws/install/rover_motor_command:/home/pi/Legacy/URC-2026/drive_ros2_ws/install/drive_manager:/opt/ros/humble /usr/bin/cmake --install /home/pi/Legacy/URC-2026/embedded_ros2_ws/src/build/mock_gps
[61.179s] -- Install configuration: ""
[61.182s] -- Installing: /home/pi/Legacy/URC-2026/embedded_ros2_ws/src/install/mock_gps/lib/mock_gps/mock_gps_node
[61.204s] -- Set runtime path of "/home/pi/Legacy/URC-2026/embedded_ros2_ws/src/install/mock_gps/lib/mock_gps/mock_gps_node" to ""
[61.208s] -- Installing: /home/pi/Legacy/URC-2026/embedded_ros2_ws/src/install/mock_gps/share/mock_gps/launch
[61.209s] -- Installing: /home/pi/Legacy/URC-2026/embedded_ros2_ws/src/install/mock_gps/share/mock_gps/launch/gnss.launch.py
[61.217s] -- Installing: /home/pi/Legacy/URC-2026/embedded_ros2_ws/src/install/mock_gps/share/ament_index/resource_index/package_run_dependencies/mock_gps
[61.224s] -- Installing: /home/pi/Legacy/URC-2026/embedded_ros2_ws/src/install/mock_gps/share/ament_index/resource_index/parent_prefix_path/mock_gps
[61.225s] -- Installing: /home/pi/Legacy/URC-2026/embedded_ros2_ws/src/install/mock_gps/share/mock_gps/environment/ament_prefix_path.sh
[61.227s] -- Installing: /home/pi/Legacy/URC-2026/embedded_ros2_ws/src/install/mock_gps/share/mock_gps/environment/ament_prefix_path.dsv
[61.228s] -- Installing: /home/pi/Legacy/URC-2026/embedded_ros2_ws/src/install/mock_gps/share/mock_gps/environment/path.sh
[61.232s] -- Installing: /home/pi/Legacy/URC-2026/embedded_ros2_ws/src/install/mock_gps/share/mock_gps/environment/path.dsv
[61.257s] -- Installing: /home/pi/Legacy/URC-2026/embedded_ros2_ws/src/install/mock_gps/share/mock_gps/local_setup.bash
[61.259s] -- Installing: /home/pi/Legacy/URC-2026/embedded_ros2_ws/src/install/mock_gps/share/mock_gps/local_setup.sh
[61.259s] -- Installing: /home/pi/Legacy/URC-2026/embedded_ros2_ws/src/install/mock_gps/share/mock_gps/local_setup.zsh
[61.260s] -- Installing: /home/pi/Legacy/URC-2026/embedded_ros2_ws/src/install/mock_gps/share/mock_gps/local_setup.dsv
[61.260s] -- Installing: /home/pi/Legacy/URC-2026/embedded_ros2_ws/src/install/mock_gps/share/mock_gps/package.dsv
[61.261s] -- Installing: /home/pi/Legacy/URC-2026/embedded_ros2_ws/src/install/mock_gps/share/ament_index/resource_index/packages/mock_gps
[61.262s] -- Installing: /home/pi/Legacy/URC-2026/embedded_ros2_ws/src/install/mock_gps/share/mock_gps/cmake/mock_gpsConfig.cmake
[61.262s] -- Installing: /home/pi/Legacy/URC-2026/embedded_ros2_ws/src/install/mock_gps/share/mock_gps/cmake/mock_gpsConfig-version.cmake
[61.263s] -- Installing: /home/pi/Legacy/URC-2026/embedded_ros2_ws/src/install/mock_gps/share/mock_gps/package.xml
[61.264s] Invoked command in '/home/pi/Legacy/URC-2026/embedded_ros2_ws/src/build/mock_gps' returned '0': CMAKE_PREFIX_PATH=${CMAKE_PREFIX_PATH}:/home/pi/Legacy/URC-2026/embedded_ros2_ws/install/serializer_nodes_demo:/home/pi/Legacy/URC-2026/embedded_ros2_ws/install/blender_motor:/home/pi/Legacy/Testing/ros2_ws/install/rover_motor_command:/home/pi/Legacy/URC-2026/drive_ros2_ws/install/drive_manager:/opt/ros/humble /usr/bin/cmake --install /home/pi/Legacy/URC-2026/embedded_ros2_ws/src/build/mock_gps
