[0.060s] Invoking command in '/home/pi/Legacy/URC-2026/drive_ros2_ws/build/drive_teleop': CMAKE_PREFIX_PATH=${CMAKE_PREFIX_PATH}:/home/pi/Legacy/URC-2026/drive_ros2_ws/install/drive_manager:/home/pi/Legacy/URC-2026/embedded_ros2_ws/install/serializer_nodes_demo:/home/pi/Legacy/URC-2026/embedded_ros2_ws/install/drive:/home/pi/Legacy/Testing/ros2_ws/install/rover_motor_command:/opt/ros/humble /usr/bin/cmake --build /home/pi/Legacy/URC-2026/drive_ros2_ws/build/drive_teleop -- -j4 -l4
[0.343s] [  3%] Built target drive_teleop__cpp
[0.360s] [ 12%] Built target drive_teleop__rosidl_generator_c
[0.405s] [ 12%] Built target ament_cmake_python_copy_drive_teleop
[0.479s] [ 21%] Built target drive_teleop__rosidl_typesupport_cpp
[0.491s] [ 30%] Built target drive_teleop__rosidl_typesupport_fastrtps_cpp
[0.501s] [ 39%] Built target drive_teleop__rosidl_typesupport_introspection_cpp
[0.542s] [ 48%] Built target drive_teleop__rosidl_typesupport_fastrtps_c
[0.628s] [ 57%] Built target drive_teleop__rosidl_typesupport_c
[0.635s] [ 66%] Built target drive_teleop__rosidl_typesupport_introspection_c
[0.704s] [ 72%] Built target drive_teleop_node
[0.752s] [ 72%] Built target drive_teleop
[0.868s] [ 75%] Built target drive_teleop__py
[0.999s] [ 81%] Built target drive_teleop__rosidl_generator_py
[1.137s] [ 87%] Built target drive_teleop__rosidl_typesupport_fastrtps_c__pyext
[1.148s] [ 93%] Built target drive_teleop__rosidl_typesupport_introspection_c__pyext
[1.154s] [100%] Built target drive_teleop__rosidl_typesupport_c__pyext
[1.743s] running egg_info
[1.746s] writing drive_teleop.egg-info/PKG-INFO
[1.747s] writing dependency_links to drive_teleop.egg-info/dependency_links.txt
[1.748s] writing top-level names to drive_teleop.egg-info/top_level.txt
[1.758s] reading manifest file 'drive_teleop.egg-info/SOURCES.txt'
[1.760s] writing manifest file 'drive_teleop.egg-info/SOURCES.txt'
[1.895s] [100%] Built target ament_cmake_python_build_drive_teleop_egg
[1.949s] Invoked command in '/home/pi/Legacy/URC-2026/drive_ros2_ws/build/drive_teleop' returned '0': CMAKE_PREFIX_PATH=${CMAKE_PREFIX_PATH}:/home/pi/Legacy/URC-2026/drive_ros2_ws/install/drive_manager:/home/pi/Legacy/URC-2026/embedded_ros2_ws/install/serializer_nodes_demo:/home/pi/Legacy/URC-2026/embedded_ros2_ws/install/drive:/home/pi/Legacy/Testing/ros2_ws/install/rover_motor_command:/opt/ros/humble /usr/bin/cmake --build /home/pi/Legacy/URC-2026/drive_ros2_ws/build/drive_teleop -- -j4 -l4
[2.000s] Invoking command in '/home/pi/Legacy/URC-2026/drive_ros2_ws/build/drive_teleop': CMAKE_PREFIX_PATH=${CMAKE_PREFIX_PATH}:/home/pi/Legacy/URC-2026/drive_ros2_ws/install/drive_manager:/home/pi/Legacy/URC-2026/embedded_ros2_ws/install/serializer_nodes_demo:/home/pi/Legacy/URC-2026/embedded_ros2_ws/install/drive:/home/pi/Legacy/Testing/ros2_ws/install/rover_motor_command:/opt/ros/humble /usr/bin/cmake --install /home/pi/Legacy/URC-2026/drive_ros2_ws/build/drive_teleop
[2.037s] -- Install configuration: ""
[2.038s] -- Up-to-date: /home/pi/Legacy/URC-2026/drive_ros2_ws/install/drive_teleop/share/ament_index/resource_index/rosidl_interfaces/drive_teleop
[2.039s] -- Up-to-date: /home/pi/Legacy/URC-2026/drive_ros2_ws/install/drive_teleop/include/drive_teleop/drive_teleop
[2.039s] -- Up-to-date: /home/pi/Legacy/URC-2026/drive_ros2_ws/install/drive_teleop/include/drive_teleop/drive_teleop/msg
[2.040s] -- Up-to-date: /home/pi/Legacy/URC-2026/drive_ros2_ws/install/drive_teleop/include/drive_teleop/drive_teleop/msg/drive_control_message.h
[2.040s] -- Up-to-date: /home/pi/Legacy/URC-2026/drive_ros2_ws/install/drive_teleop/include/drive_teleop/drive_teleop/msg/rosidl_generator_c__visibility_control.h
[2.041s] -- Up-to-date: /home/pi/Legacy/URC-2026/drive_ros2_ws/install/drive_teleop/include/drive_teleop/drive_teleop/msg/detail
[2.041s] -- Up-to-date: /home/pi/Legacy/URC-2026/drive_ros2_ws/install/drive_teleop/include/drive_teleop/drive_teleop/msg/detail/drive_control_message__struct.h
[2.041s] -- Up-to-date: /home/pi/Legacy/URC-2026/drive_ros2_ws/install/drive_teleop/include/drive_teleop/drive_teleop/msg/detail/drive_control_message__functions.c
[2.042s] -- Up-to-date: /home/pi/Legacy/URC-2026/drive_ros2_ws/install/drive_teleop/include/drive_teleop/drive_teleop/msg/detail/drive_control_message__type_support.h
[2.042s] -- Up-to-date: /home/pi/Legacy/URC-2026/drive_ros2_ws/install/drive_teleop/include/drive_teleop/drive_teleop/msg/detail/drive_control_message__functions.h
[2.043s] -- Up-to-date: /home/pi/Legacy/URC-2026/drive_ros2_ws/install/drive_teleop/share/drive_teleop/environment/library_path.sh
[2.043s] -- Up-to-date: /home/pi/Legacy/URC-2026/drive_ros2_ws/install/drive_teleop/share/drive_teleop/environment/library_path.dsv
[2.044s] -- Up-to-date: /home/pi/Legacy/URC-2026/drive_ros2_ws/install/drive_teleop/lib/libdrive_teleop__rosidl_generator_c.so
[2.045s] -- Up-to-date: /home/pi/Legacy/URC-2026/drive_ros2_ws/install/drive_teleop/include/drive_teleop/drive_teleop
[2.045s] -- Up-to-date: /home/pi/Legacy/URC-2026/drive_ros2_ws/install/drive_teleop/include/drive_teleop/drive_teleop/msg
[2.046s] -- Up-to-date: /home/pi/Legacy/URC-2026/drive_ros2_ws/install/drive_teleop/include/drive_teleop/drive_teleop/msg/rosidl_typesupport_fastrtps_c__visibility_control.h
[2.046s] -- Up-to-date: /home/pi/Legacy/URC-2026/drive_ros2_ws/install/drive_teleop/include/drive_teleop/drive_teleop/msg/detail
[2.047s] -- Up-to-date: /home/pi/Legacy/URC-2026/drive_ros2_ws/install/drive_teleop/include/drive_teleop/drive_teleop/msg/detail/drive_control_message__rosidl_typesupport_fastrtps_c.h
[2.048s] -- Up-to-date: /home/pi/Legacy/URC-2026/drive_ros2_ws/install/drive_teleop/lib/libdrive_teleop__rosidl_typesupport_fastrtps_c.so
[2.049s] -- Up-to-date: /home/pi/Legacy/URC-2026/drive_ros2_ws/install/drive_teleop/include/drive_teleop/drive_teleop
[2.050s] -- Up-to-date: /home/pi/Legacy/URC-2026/drive_ros2_ws/install/drive_teleop/include/drive_teleop/drive_teleop/msg
[2.050s] -- Up-to-date: /home/pi/Legacy/URC-2026/drive_ros2_ws/install/drive_teleop/include/drive_teleop/drive_teleop/msg/drive_control_message.hpp
[2.051s] -- Up-to-date: /home/pi/Legacy/URC-2026/drive_ros2_ws/install/drive_teleop/include/drive_teleop/drive_teleop/msg/detail
[2.051s] -- Up-to-date: /home/pi/Legacy/URC-2026/drive_ros2_ws/install/drive_teleop/include/drive_teleop/drive_teleop/msg/detail/drive_control_message__type_support.hpp
[2.051s] -- Up-to-date: /home/pi/Legacy/URC-2026/drive_ros2_ws/install/drive_teleop/include/drive_teleop/drive_teleop/msg/detail/drive_control_message__struct.hpp
[2.052s] -- Up-to-date: /home/pi/Legacy/URC-2026/drive_ros2_ws/install/drive_teleop/include/drive_teleop/drive_teleop/msg/detail/drive_control_message__builder.hpp
[2.052s] -- Up-to-date: /home/pi/Legacy/URC-2026/drive_ros2_ws/install/drive_teleop/include/drive_teleop/drive_teleop/msg/detail/drive_control_message__traits.hpp
[2.053s] -- Up-to-date: /home/pi/Legacy/URC-2026/drive_ros2_ws/install/drive_teleop/include/drive_teleop/drive_teleop/msg/rosidl_generator_cpp__visibility_control.hpp
[2.054s] -- Up-to-date: /home/pi/Legacy/URC-2026/drive_ros2_ws/install/drive_teleop/include/drive_teleop/drive_teleop
[2.054s] -- Up-to-date: /home/pi/Legacy/URC-2026/drive_ros2_ws/install/drive_teleop/include/drive_teleop/drive_teleop/msg
[2.055s] -- Up-to-date: /home/pi/Legacy/URC-2026/drive_ros2_ws/install/drive_teleop/include/drive_teleop/drive_teleop/msg/rosidl_typesupport_fastrtps_cpp__visibility_control.h
[2.055s] -- Up-to-date: /home/pi/Legacy/URC-2026/drive_ros2_ws/install/drive_teleop/include/drive_teleop/drive_teleop/msg/detail
[2.055s] -- Up-to-date: /home/pi/Legacy/URC-2026/drive_ros2_ws/install/drive_teleop/include/drive_teleop/drive_teleop/msg/detail/dds_fastrtps
[2.056s] -- Up-to-date: /home/pi/Legacy/URC-2026/drive_ros2_ws/install/drive_teleop/include/drive_teleop/drive_teleop/msg/detail/drive_control_message__rosidl_typesupport_fastrtps_cpp.hpp
[2.056s] -- Up-to-date: /home/pi/Legacy/URC-2026/drive_ros2_ws/install/drive_teleop/lib/libdrive_teleop__rosidl_typesupport_fastrtps_cpp.so
[2.058s] -- Up-to-date: /home/pi/Legacy/URC-2026/drive_ros2_ws/install/drive_teleop/include/drive_teleop/drive_teleop
[2.058s] -- Up-to-date: /home/pi/Legacy/URC-2026/drive_ros2_ws/install/drive_teleop/include/drive_teleop/drive_teleop/msg
[2.058s] -- Up-to-date: /home/pi/Legacy/URC-2026/drive_ros2_ws/install/drive_teleop/include/drive_teleop/drive_teleop/msg/detail
[2.059s] -- Up-to-date: /home/pi/Legacy/URC-2026/drive_ros2_ws/install/drive_teleop/include/drive_teleop/drive_teleop/msg/detail/drive_control_message__rosidl_typesupport_introspection_c.h
[2.059s] -- Up-to-date: /home/pi/Legacy/URC-2026/drive_ros2_ws/install/drive_teleop/include/drive_teleop/drive_teleop/msg/detail/drive_control_message__type_support.c
[2.060s] -- Up-to-date: /home/pi/Legacy/URC-2026/drive_ros2_ws/install/drive_teleop/include/drive_teleop/drive_teleop/msg/rosidl_typesupport_introspection_c__visibility_control.h
[2.061s] -- Up-to-date: /home/pi/Legacy/URC-2026/drive_ros2_ws/install/drive_teleop/lib/libdrive_teleop__rosidl_typesupport_introspection_c.so
[2.063s] -- Up-to-date: /home/pi/Legacy/URC-2026/drive_ros2_ws/install/drive_teleop/lib/libdrive_teleop__rosidl_typesupport_c.so
[2.064s] -- Up-to-date: /home/pi/Legacy/URC-2026/drive_ros2_ws/install/drive_teleop/include/drive_teleop/drive_teleop
[2.064s] -- Up-to-date: /home/pi/Legacy/URC-2026/drive_ros2_ws/install/drive_teleop/include/drive_teleop/drive_teleop/msg
[2.065s] -- Up-to-date: /home/pi/Legacy/URC-2026/drive_ros2_ws/install/drive_teleop/include/drive_teleop/drive_teleop/msg/detail
[2.065s] -- Up-to-date: /home/pi/Legacy/URC-2026/drive_ros2_ws/install/drive_teleop/include/drive_teleop/drive_teleop/msg/detail/drive_control_message__rosidl_typesupport_introspection_cpp.hpp
[2.066s] -- Up-to-date: /home/pi/Legacy/URC-2026/drive_ros2_ws/install/drive_teleop/include/drive_teleop/drive_teleop/msg/detail/drive_control_message__type_support.cpp
[2.067s] -- Up-to-date: /home/pi/Legacy/URC-2026/drive_ros2_ws/install/drive_teleop/lib/libdrive_teleop__rosidl_typesupport_introspection_cpp.so
[2.069s] -- Up-to-date: /home/pi/Legacy/URC-2026/drive_ros2_ws/install/drive_teleop/lib/libdrive_teleop__rosidl_typesupport_cpp.so
[2.070s] -- Up-to-date: /home/pi/Legacy/URC-2026/drive_ros2_ws/install/drive_teleop/share/drive_teleop/environment/pythonpath.sh
[2.071s] -- Up-to-date: /home/pi/Legacy/URC-2026/drive_ros2_ws/install/drive_teleop/share/drive_teleop/environment/pythonpath.dsv
[2.071s] -- Up-to-date: /home/pi/Legacy/URC-2026/drive_ros2_ws/install/drive_teleop/local/lib/python3.10/dist-packages/drive_teleop-0.0.0-py3.10.egg-info
[2.071s] -- Installing: /home/pi/Legacy/URC-2026/drive_ros2_ws/install/drive_teleop/local/lib/python3.10/dist-packages/drive_teleop-0.0.0-py3.10.egg-info/PKG-INFO
[2.073s] -- Installing: /home/pi/Legacy/URC-2026/drive_ros2_ws/install/drive_teleop/local/lib/python3.10/dist-packages/drive_teleop-0.0.0-py3.10.egg-info/top_level.txt
[2.074s] -- Installing: /home/pi/Legacy/URC-2026/drive_ros2_ws/install/drive_teleop/local/lib/python3.10/dist-packages/drive_teleop-0.0.0-py3.10.egg-info/SOURCES.txt
[2.076s] -- Installing: /home/pi/Legacy/URC-2026/drive_ros2_ws/install/drive_teleop/local/lib/python3.10/dist-packages/drive_teleop-0.0.0-py3.10.egg-info/dependency_links.txt
[2.077s] -- Up-to-date: /home/pi/Legacy/URC-2026/drive_ros2_ws/install/drive_teleop/local/lib/python3.10/dist-packages/drive_teleop
[2.078s] -- Up-to-date: /home/pi/Legacy/URC-2026/drive_ros2_ws/install/drive_teleop/local/lib/python3.10/dist-packages/drive_teleop/drive_teleop_s__rosidl_typesupport_fastrtps_c.cpython-310-aarch64-linux-gnu.so
[2.078s] -- Up-to-date: /home/pi/Legacy/URC-2026/drive_ros2_ws/install/drive_teleop/local/lib/python3.10/dist-packages/drive_teleop/__init__.py
[2.079s] -- Up-to-date: /home/pi/Legacy/URC-2026/drive_ros2_ws/install/drive_teleop/local/lib/python3.10/dist-packages/drive_teleop/drive_teleop_s__rosidl_typesupport_c.cpython-310-aarch64-linux-gnu.so
[2.079s] -- Up-to-date: /home/pi/Legacy/URC-2026/drive_ros2_ws/install/drive_teleop/local/lib/python3.10/dist-packages/drive_teleop/_drive_teleop_s.ep.rosidl_typesupport_c.c
[2.080s] -- Up-to-date: /home/pi/Legacy/URC-2026/drive_ros2_ws/install/drive_teleop/local/lib/python3.10/dist-packages/drive_teleop/_drive_teleop_s.ep.rosidl_typesupport_fastrtps_c.c
[2.080s] -- Up-to-date: /home/pi/Legacy/URC-2026/drive_ros2_ws/install/drive_teleop/local/lib/python3.10/dist-packages/drive_teleop/msg
[2.081s] -- Up-to-date: /home/pi/Legacy/URC-2026/drive_ros2_ws/install/drive_teleop/local/lib/python3.10/dist-packages/drive_teleop/msg/__init__.py
[2.081s] -- Up-to-date: /home/pi/Legacy/URC-2026/drive_ros2_ws/install/drive_teleop/local/lib/python3.10/dist-packages/drive_teleop/msg/_drive_control_message.py
[2.081s] -- Up-to-date: /home/pi/Legacy/URC-2026/drive_ros2_ws/install/drive_teleop/local/lib/python3.10/dist-packages/drive_teleop/msg/_drive_control_message_s.c
[2.082s] -- Up-to-date: /home/pi/Legacy/URC-2026/drive_ros2_ws/install/drive_teleop/local/lib/python3.10/dist-packages/drive_teleop/_drive_teleop_s.ep.rosidl_typesupport_introspection_c.c
[2.082s] -- Up-to-date: /home/pi/Legacy/URC-2026/drive_ros2_ws/install/drive_teleop/local/lib/python3.10/dist-packages/drive_teleop/drive_teleop_s__rosidl_typesupport_introspection_c.cpython-310-aarch64-linux-gnu.so
[2.083s] -- Up-to-date: /home/pi/Legacy/URC-2026/drive_ros2_ws/install/drive_teleop/local/lib/python3.10/dist-packages/drive_teleop/libdrive_teleop__rosidl_generator_py.so
[2.273s] Listing '/home/pi/Legacy/URC-2026/drive_ros2_ws/install/drive_teleop/local/lib/python3.10/dist-packages/drive_teleop'...
[2.274s] Listing '/home/pi/Legacy/URC-2026/drive_ros2_ws/install/drive_teleop/local/lib/python3.10/dist-packages/drive_teleop/msg'...
[2.297s] -- Up-to-date: /home/pi/Legacy/URC-2026/drive_ros2_ws/install/drive_teleop/local/lib/python3.10/dist-packages/drive_teleop/drive_teleop_s__rosidl_typesupport_fastrtps_c.cpython-310-aarch64-linux-gnu.so
[2.299s] -- Up-to-date: /home/pi/Legacy/URC-2026/drive_ros2_ws/install/drive_teleop/local/lib/python3.10/dist-packages/drive_teleop/drive_teleop_s__rosidl_typesupport_introspection_c.cpython-310-aarch64-linux-gnu.so
[2.302s] -- Up-to-date: /home/pi/Legacy/URC-2026/drive_ros2_ws/install/drive_teleop/local/lib/python3.10/dist-packages/drive_teleop/drive_teleop_s__rosidl_typesupport_c.cpython-310-aarch64-linux-gnu.so
[2.305s] -- Up-to-date: /home/pi/Legacy/URC-2026/drive_ros2_ws/install/drive_teleop/lib/libdrive_teleop__rosidl_generator_py.so
[2.306s] -- Up-to-date: /home/pi/Legacy/URC-2026/drive_ros2_ws/install/drive_teleop/share/drive_teleop/msg/DriveControlMessage.idl
[2.307s] -- Up-to-date: /home/pi/Legacy/URC-2026/drive_ros2_ws/install/drive_teleop/share/drive_teleop/msg/DriveControlMessage.msg
[2.308s] -- Up-to-date: /home/pi/Legacy/URC-2026/drive_ros2_ws/install/drive_teleop/lib/drive_teleop/drive_teleop_node
[2.310s] -- Up-to-date: /home/pi/Legacy/URC-2026/drive_ros2_ws/install/drive_teleop/share/ament_index/resource_index/package_run_dependencies/drive_teleop
[2.311s] -- Up-to-date: /home/pi/Legacy/URC-2026/drive_ros2_ws/install/drive_teleop/share/ament_index/resource_index/parent_prefix_path/drive_teleop
[2.311s] -- Up-to-date: /home/pi/Legacy/URC-2026/drive_ros2_ws/install/drive_teleop/share/drive_teleop/environment/ament_prefix_path.sh
[2.312s] -- Up-to-date: /home/pi/Legacy/URC-2026/drive_ros2_ws/install/drive_teleop/share/drive_teleop/environment/ament_prefix_path.dsv
[2.312s] -- Up-to-date: /home/pi/Legacy/URC-2026/drive_ros2_ws/install/drive_teleop/share/drive_teleop/environment/path.sh
[2.313s] -- Up-to-date: /home/pi/Legacy/URC-2026/drive_ros2_ws/install/drive_teleop/share/drive_teleop/environment/path.dsv
[2.313s] -- Up-to-date: /home/pi/Legacy/URC-2026/drive_ros2_ws/install/drive_teleop/share/drive_teleop/local_setup.bash
[2.314s] -- Up-to-date: /home/pi/Legacy/URC-2026/drive_ros2_ws/install/drive_teleop/share/drive_teleop/local_setup.sh
[2.314s] -- Up-to-date: /home/pi/Legacy/URC-2026/drive_ros2_ws/install/drive_teleop/share/drive_teleop/local_setup.zsh
[2.314s] -- Up-to-date: /home/pi/Legacy/URC-2026/drive_ros2_ws/install/drive_teleop/share/drive_teleop/local_setup.dsv
[2.315s] -- Installing: /home/pi/Legacy/URC-2026/drive_ros2_ws/install/drive_teleop/share/drive_teleop/package.dsv
[2.316s] -- Up-to-date: /home/pi/Legacy/URC-2026/drive_ros2_ws/install/drive_teleop/share/ament_index/resource_index/packages/drive_teleop
[2.316s] -- Up-to-date: /home/pi/Legacy/URC-2026/drive_ros2_ws/install/drive_teleop/share/drive_teleop/cmake/export_drive_teleop__rosidl_generator_cExport.cmake
[2.317s] -- Up-to-date: /home/pi/Legacy/URC-2026/drive_ros2_ws/install/drive_teleop/share/drive_teleop/cmake/export_drive_teleop__rosidl_generator_cExport-noconfig.cmake
[2.318s] -- Up-to-date: /home/pi/Legacy/URC-2026/drive_ros2_ws/install/drive_teleop/share/drive_teleop/cmake/export_drive_teleop__rosidl_typesupport_fastrtps_cExport.cmake
[2.319s] -- Up-to-date: /home/pi/Legacy/URC-2026/drive_ros2_ws/install/drive_teleop/share/drive_teleop/cmake/export_drive_teleop__rosidl_typesupport_fastrtps_cExport-noconfig.cmake
[2.319s] -- Up-to-date: /home/pi/Legacy/URC-2026/drive_ros2_ws/install/drive_teleop/share/drive_teleop/cmake/export_drive_teleop__rosidl_generator_cppExport.cmake
[2.320s] -- Up-to-date: /home/pi/Legacy/URC-2026/drive_ros2_ws/install/drive_teleop/share/drive_teleop/cmake/export_drive_teleop__rosidl_typesupport_fastrtps_cppExport.cmake
[2.321s] -- Up-to-date: /home/pi/Legacy/URC-2026/drive_ros2_ws/install/drive_teleop/share/drive_teleop/cmake/export_drive_teleop__rosidl_typesupport_fastrtps_cppExport-noconfig.cmake
[2.322s] -- Up-to-date: /home/pi/Legacy/URC-2026/drive_ros2_ws/install/drive_teleop/share/drive_teleop/cmake/drive_teleop__rosidl_typesupport_introspection_cExport.cmake
[2.322s] -- Up-to-date: /home/pi/Legacy/URC-2026/drive_ros2_ws/install/drive_teleop/share/drive_teleop/cmake/drive_teleop__rosidl_typesupport_introspection_cExport-noconfig.cmake
[2.323s] -- Up-to-date: /home/pi/Legacy/URC-2026/drive_ros2_ws/install/drive_teleop/share/drive_teleop/cmake/drive_teleop__rosidl_typesupport_cExport.cmake
[2.324s] -- Up-to-date: /home/pi/Legacy/URC-2026/drive_ros2_ws/install/drive_teleop/share/drive_teleop/cmake/drive_teleop__rosidl_typesupport_cExport-noconfig.cmake
[2.324s] -- Up-to-date: /home/pi/Legacy/URC-2026/drive_ros2_ws/install/drive_teleop/share/drive_teleop/cmake/drive_teleop__rosidl_typesupport_introspection_cppExport.cmake
[2.325s] -- Up-to-date: /home/pi/Legacy/URC-2026/drive_ros2_ws/install/drive_teleop/share/drive_teleop/cmake/drive_teleop__rosidl_typesupport_introspection_cppExport-noconfig.cmake
[2.326s] -- Up-to-date: /home/pi/Legacy/URC-2026/drive_ros2_ws/install/drive_teleop/share/drive_teleop/cmake/drive_teleop__rosidl_typesupport_cppExport.cmake
[2.326s] -- Up-to-date: /home/pi/Legacy/URC-2026/drive_ros2_ws/install/drive_teleop/share/drive_teleop/cmake/drive_teleop__rosidl_typesupport_cppExport-noconfig.cmake
[2.327s] -- Up-to-date: /home/pi/Legacy/URC-2026/drive_ros2_ws/install/drive_teleop/share/drive_teleop/cmake/export_drive_teleop__rosidl_generator_pyExport.cmake
[2.328s] -- Up-to-date: /home/pi/Legacy/URC-2026/drive_ros2_ws/install/drive_teleop/share/drive_teleop/cmake/export_drive_teleop__rosidl_generator_pyExport-noconfig.cmake
[2.328s] -- Up-to-date: /home/pi/Legacy/URC-2026/drive_ros2_ws/install/drive_teleop/share/drive_teleop/cmake/rosidl_cmake-extras.cmake
[2.329s] -- Up-to-date: /home/pi/Legacy/URC-2026/drive_ros2_ws/install/drive_teleop/share/drive_teleop/cmake/ament_cmake_export_dependencies-extras.cmake
[2.329s] -- Up-to-date: /home/pi/Legacy/URC-2026/drive_ros2_ws/install/drive_teleop/share/drive_teleop/cmake/ament_cmake_export_include_directories-extras.cmake
[2.330s] -- Up-to-date: /home/pi/Legacy/URC-2026/drive_ros2_ws/install/drive_teleop/share/drive_teleop/cmake/ament_cmake_export_libraries-extras.cmake
[2.330s] -- Up-to-date: /home/pi/Legacy/URC-2026/drive_ros2_ws/install/drive_teleop/share/drive_teleop/cmake/ament_cmake_export_targets-extras.cmake
[2.331s] -- Up-to-date: /home/pi/Legacy/URC-2026/drive_ros2_ws/install/drive_teleop/share/drive_teleop/cmake/rosidl_cmake_export_typesupport_targets-extras.cmake
[2.331s] -- Up-to-date: /home/pi/Legacy/URC-2026/drive_ros2_ws/install/drive_teleop/share/drive_teleop/cmake/rosidl_cmake_export_typesupport_libraries-extras.cmake
[2.332s] -- Up-to-date: /home/pi/Legacy/URC-2026/drive_ros2_ws/install/drive_teleop/share/drive_teleop/cmake/drive_teleopConfig.cmake
[2.332s] -- Up-to-date: /home/pi/Legacy/URC-2026/drive_ros2_ws/install/drive_teleop/share/drive_teleop/cmake/drive_teleopConfig-version.cmake
[2.332s] -- Up-to-date: /home/pi/Legacy/URC-2026/drive_ros2_ws/install/drive_teleop/share/drive_teleop/package.xml
[2.340s] Invoked command in '/home/pi/Legacy/URC-2026/drive_ros2_ws/build/drive_teleop' returned '0': CMAKE_PREFIX_PATH=${CMAKE_PREFIX_PATH}:/home/pi/Legacy/URC-2026/drive_ros2_ws/install/drive_manager:/home/pi/Legacy/URC-2026/embedded_ros2_ws/install/serializer_nodes_demo:/home/pi/Legacy/URC-2026/embedded_ros2_ws/install/drive:/home/pi/Legacy/Testing/ros2_ws/install/rover_motor_command:/opt/ros/humble /usr/bin/cmake --install /home/pi/Legacy/URC-2026/drive_ros2_ws/build/drive_teleop
