[0.166s] Invoking command in '/home/pi/Legacy/URC-2026/embedded_ros2_ws/build/stepper_can': CMAKE_PREFIX_PATH=${CMAKE_PREFIX_PATH}:/home/pi/Legacy/URC-2026/embedded_ros2_ws/install/blender_motor:/home/pi/Legacy/Testing/ros2_ws/install/rover_motor_command:/home/pi/Legacy/URC-2026/drive_ros2_ws/install/drive_manager:/opt/ros/humble /usr/bin/cmake --build /home/pi/Legacy/URC-2026/embedded_ros2_ws/build/stepper_can -- -j4 -l4
[0.580s] [ 10%] Built target stepper_can__rosidl_generator_c
[0.687s] [ 11%] Built target stepper_can__cpp
[0.765s] [ 11%] Built target ament_cmake_python_copy_stepper_can
[0.919s] [ 21%] Built target stepper_can__rosidl_typesupport_fastrtps_c
[0.948s] [ 31%] Built target stepper_can__rosidl_typesupport_introspection_c
[1.018s] [ 41%] Built target stepper_can__rosidl_typesupport_c
[1.181s] [ 51%] Built target stepper_can__rosidl_typesupport_introspection_cpp
[1.340s] [ 68%] Built target stepper_can__rosidl_typesupport_fastrtps_cpp
[1.355s] [ 71%] Built target stepper_can__rosidl_typesupport_cpp
[1.641s] [ 71%] Built target stepper_can
[1.683s] [ 80%] Built target stepper_can_node
[1.986s] [ 81%] Built target stepper_can__py
[2.333s] [ 90%] Built target stepper_can__rosidl_generator_py
[2.774s] [ 93%] Built target stepper_can__rosidl_typesupport_introspection_c__pyext
[2.859s] [ 96%] Built target stepper_can__rosidl_typesupport_fastrtps_c__pyext
[2.900s] [100%] Built target stepper_can__rosidl_typesupport_c__pyext
[4.204s] running egg_info
[4.208s] writing stepper_can.egg-info/PKG-INFO
[4.220s] writing dependency_links to stepper_can.egg-info/dependency_links.txt
[4.222s] writing top-level names to stepper_can.egg-info/top_level.txt
[4.247s] reading manifest file 'stepper_can.egg-info/SOURCES.txt'
[4.251s] writing manifest file 'stepper_can.egg-info/SOURCES.txt'
[4.647s] [100%] Built target ament_cmake_python_build_stepper_can_egg
[4.784s] Invoked command in '/home/pi/Legacy/URC-2026/embedded_ros2_ws/build/stepper_can' returned '0': CMAKE_PREFIX_PATH=${CMAKE_PREFIX_PATH}:/home/pi/Legacy/URC-2026/embedded_ros2_ws/install/blender_motor:/home/pi/Legacy/Testing/ros2_ws/install/rover_motor_command:/home/pi/Legacy/URC-2026/drive_ros2_ws/install/drive_manager:/opt/ros/humble /usr/bin/cmake --build /home/pi/Legacy/URC-2026/embedded_ros2_ws/build/stepper_can -- -j4 -l4
[4.792s] Invoking command in '/home/pi/Legacy/URC-2026/embedded_ros2_ws/build/stepper_can': CMAKE_PREFIX_PATH=${CMAKE_PREFIX_PATH}:/home/pi/Legacy/URC-2026/embedded_ros2_ws/install/blender_motor:/home/pi/Legacy/Testing/ros2_ws/install/rover_motor_command:/home/pi/Legacy/URC-2026/drive_ros2_ws/install/drive_manager:/opt/ros/humble /usr/bin/cmake --install /home/pi/Legacy/URC-2026/embedded_ros2_ws/build/stepper_can
[4.905s] -- Install configuration: ""
[4.905s] -- Up-to-date: /home/pi/Legacy/URC-2026/embedded_ros2_ws/install/stepper_can/share/ament_index/resource_index/rosidl_interfaces/stepper_can
[4.906s] -- Up-to-date: /home/pi/Legacy/URC-2026/embedded_ros2_ws/install/stepper_can/include/stepper_can/stepper_can
[4.907s] -- Up-to-date: /home/pi/Legacy/URC-2026/embedded_ros2_ws/install/stepper_can/include/stepper_can/stepper_can/msg
[4.908s] -- Up-to-date: /home/pi/Legacy/URC-2026/embedded_ros2_ws/install/stepper_can/include/stepper_can/stepper_can/msg/o_drive_status.h
[4.908s] -- Up-to-date: /home/pi/Legacy/URC-2026/embedded_ros2_ws/install/stepper_can/include/stepper_can/stepper_can/msg/controller_status.h
[4.909s] -- Up-to-date: /home/pi/Legacy/URC-2026/embedded_ros2_ws/install/stepper_can/include/stepper_can/stepper_can/msg/control_message.h
[4.910s] -- Up-to-date: /home/pi/Legacy/URC-2026/embedded_ros2_ws/install/stepper_can/include/stepper_can/stepper_can/msg/rosidl_generator_c__visibility_control.h
[4.910s] -- Up-to-date: /home/pi/Legacy/URC-2026/embedded_ros2_ws/install/stepper_can/include/stepper_can/stepper_can/msg/detail
[4.911s] -- Up-to-date: /home/pi/Legacy/URC-2026/embedded_ros2_ws/install/stepper_can/include/stepper_can/stepper_can/msg/detail/control_message__functions.c
[4.912s] -- Up-to-date: /home/pi/Legacy/URC-2026/embedded_ros2_ws/install/stepper_can/include/stepper_can/stepper_can/msg/detail/o_drive_status__functions.c
[4.919s] -- Up-to-date: /home/pi/Legacy/URC-2026/embedded_ros2_ws/install/stepper_can/include/stepper_can/stepper_can/msg/detail/controller_status__functions.c
[4.920s] -- Up-to-date: /home/pi/Legacy/URC-2026/embedded_ros2_ws/install/stepper_can/include/stepper_can/stepper_can/msg/detail/o_drive_status__struct.h
[4.920s] -- Up-to-date: /home/pi/Legacy/URC-2026/embedded_ros2_ws/install/stepper_can/include/stepper_can/stepper_can/msg/detail/o_drive_status__type_support.h
[4.921s] -- Up-to-date: /home/pi/Legacy/URC-2026/embedded_ros2_ws/install/stepper_can/include/stepper_can/stepper_can/msg/detail/controller_status__functions.h
[4.922s] -- Up-to-date: /home/pi/Legacy/URC-2026/embedded_ros2_ws/install/stepper_can/include/stepper_can/stepper_can/msg/detail/o_drive_status__functions.h
[4.922s] -- Up-to-date: /home/pi/Legacy/URC-2026/embedded_ros2_ws/install/stepper_can/include/stepper_can/stepper_can/msg/detail/control_message__struct.h
[4.923s] -- Up-to-date: /home/pi/Legacy/URC-2026/embedded_ros2_ws/install/stepper_can/include/stepper_can/stepper_can/msg/detail/control_message__type_support.h
[4.924s] -- Up-to-date: /home/pi/Legacy/URC-2026/embedded_ros2_ws/install/stepper_can/include/stepper_can/stepper_can/msg/detail/controller_status__type_support.h
[4.924s] -- Up-to-date: /home/pi/Legacy/URC-2026/embedded_ros2_ws/install/stepper_can/include/stepper_can/stepper_can/msg/detail/control_message__functions.h
[4.927s] -- Up-to-date: /home/pi/Legacy/URC-2026/embedded_ros2_ws/install/stepper_can/include/stepper_can/stepper_can/msg/detail/controller_status__struct.h
[4.939s] -- Up-to-date: /home/pi/Legacy/URC-2026/embedded_ros2_ws/install/stepper_can/include/stepper_can/stepper_can/srv
[4.940s] -- Up-to-date: /home/pi/Legacy/URC-2026/embedded_ros2_ws/install/stepper_can/include/stepper_can/stepper_can/srv/axis_state.h
[4.940s] -- Up-to-date: /home/pi/Legacy/URC-2026/embedded_ros2_ws/install/stepper_can/include/stepper_can/stepper_can/srv/detail
[4.941s] -- Up-to-date: /home/pi/Legacy/URC-2026/embedded_ros2_ws/install/stepper_can/include/stepper_can/stepper_can/srv/detail/axis_state__struct.h
[4.947s] -- Up-to-date: /home/pi/Legacy/URC-2026/embedded_ros2_ws/install/stepper_can/include/stepper_can/stepper_can/srv/detail/axis_state__functions.h
[4.948s] -- Up-to-date: /home/pi/Legacy/URC-2026/embedded_ros2_ws/install/stepper_can/include/stepper_can/stepper_can/srv/detail/axis_state__type_support.h
[4.948s] -- Up-to-date: /home/pi/Legacy/URC-2026/embedded_ros2_ws/install/stepper_can/include/stepper_can/stepper_can/srv/detail/axis_state__functions.c
[4.949s] -- Up-to-date: /home/pi/Legacy/URC-2026/embedded_ros2_ws/install/stepper_can/share/stepper_can/environment/library_path.sh
[4.955s] -- Up-to-date: /home/pi/Legacy/URC-2026/embedded_ros2_ws/install/stepper_can/share/stepper_can/environment/library_path.dsv
[4.956s] -- Up-to-date: /home/pi/Legacy/URC-2026/embedded_ros2_ws/install/stepper_can/lib/libstepper_can__rosidl_generator_c.so
[4.957s] -- Up-to-date: /home/pi/Legacy/URC-2026/embedded_ros2_ws/install/stepper_can/include/stepper_can/stepper_can
[4.958s] -- Up-to-date: /home/pi/Legacy/URC-2026/embedded_ros2_ws/install/stepper_can/include/stepper_can/stepper_can/msg
[4.963s] -- Up-to-date: /home/pi/Legacy/URC-2026/embedded_ros2_ws/install/stepper_can/include/stepper_can/stepper_can/msg/rosidl_typesupport_fastrtps_c__visibility_control.h
[4.964s] -- Up-to-date: /home/pi/Legacy/URC-2026/embedded_ros2_ws/install/stepper_can/include/stepper_can/stepper_can/msg/detail
[4.965s] -- Up-to-date: /home/pi/Legacy/URC-2026/embedded_ros2_ws/install/stepper_can/include/stepper_can/stepper_can/msg/detail/controller_status__rosidl_typesupport_fastrtps_c.h
[4.965s] -- Up-to-date: /home/pi/Legacy/URC-2026/embedded_ros2_ws/install/stepper_can/include/stepper_can/stepper_can/msg/detail/control_message__rosidl_typesupport_fastrtps_c.h
[4.966s] -- Up-to-date: /home/pi/Legacy/URC-2026/embedded_ros2_ws/install/stepper_can/include/stepper_can/stepper_can/msg/detail/o_drive_status__rosidl_typesupport_fastrtps_c.h
[4.972s] -- Up-to-date: /home/pi/Legacy/URC-2026/embedded_ros2_ws/install/stepper_can/include/stepper_can/stepper_can/srv
[4.972s] -- Up-to-date: /home/pi/Legacy/URC-2026/embedded_ros2_ws/install/stepper_can/include/stepper_can/stepper_can/srv/detail
[4.973s] -- Up-to-date: /home/pi/Legacy/URC-2026/embedded_ros2_ws/install/stepper_can/include/stepper_can/stepper_can/srv/detail/axis_state__rosidl_typesupport_fastrtps_c.h
[4.973s] -- Up-to-date: /home/pi/Legacy/URC-2026/embedded_ros2_ws/install/stepper_can/lib/libstepper_can__rosidl_typesupport_fastrtps_c.so
[4.979s] -- Up-to-date: /home/pi/Legacy/URC-2026/embedded_ros2_ws/install/stepper_can/include/stepper_can/stepper_can
[4.980s] -- Up-to-date: /home/pi/Legacy/URC-2026/embedded_ros2_ws/install/stepper_can/include/stepper_can/stepper_can/msg
[4.981s] -- Up-to-date: /home/pi/Legacy/URC-2026/embedded_ros2_ws/install/stepper_can/include/stepper_can/stepper_can/msg/controller_status.hpp
[4.987s] -- Up-to-date: /home/pi/Legacy/URC-2026/embedded_ros2_ws/install/stepper_can/include/stepper_can/stepper_can/msg/control_message.hpp
[4.988s] -- Up-to-date: /home/pi/Legacy/URC-2026/embedded_ros2_ws/install/stepper_can/include/stepper_can/stepper_can/msg/detail
[4.988s] -- Up-to-date: /home/pi/Legacy/URC-2026/embedded_ros2_ws/install/stepper_can/include/stepper_can/stepper_can/msg/detail/controller_status__type_support.hpp
[4.989s] -- Up-to-date: /home/pi/Legacy/URC-2026/embedded_ros2_ws/install/stepper_can/include/stepper_can/stepper_can/msg/detail/control_message__type_support.hpp
[4.992s] -- Up-to-date: /home/pi/Legacy/URC-2026/embedded_ros2_ws/install/stepper_can/include/stepper_can/stepper_can/msg/detail/controller_status__builder.hpp
[4.993s] -- Up-to-date: /home/pi/Legacy/URC-2026/embedded_ros2_ws/install/stepper_can/include/stepper_can/stepper_can/msg/detail/o_drive_status__builder.hpp
[4.993s] -- Up-to-date: /home/pi/Legacy/URC-2026/embedded_ros2_ws/install/stepper_can/include/stepper_can/stepper_can/msg/detail/control_message__traits.hpp
[4.994s] -- Up-to-date: /home/pi/Legacy/URC-2026/embedded_ros2_ws/install/stepper_can/include/stepper_can/stepper_can/msg/detail/o_drive_status__traits.hpp
[4.994s] -- Up-to-date: /home/pi/Legacy/URC-2026/embedded_ros2_ws/install/stepper_can/include/stepper_can/stepper_can/msg/detail/controller_status__traits.hpp
[4.994s] -- Up-to-date: /home/pi/Legacy/URC-2026/embedded_ros2_ws/install/stepper_can/include/stepper_can/stepper_can/msg/detail/o_drive_status__struct.hpp
[4.995s] -- Up-to-date: /home/pi/Legacy/URC-2026/embedded_ros2_ws/install/stepper_can/include/stepper_can/stepper_can/msg/detail/controller_status__struct.hpp
[4.997s] -- Up-to-date: /home/pi/Legacy/URC-2026/embedded_ros2_ws/install/stepper_can/include/stepper_can/stepper_can/msg/detail/control_message__struct.hpp
[4.997s] -- Up-to-date: /home/pi/Legacy/URC-2026/embedded_ros2_ws/install/stepper_can/include/stepper_can/stepper_can/msg/detail/o_drive_status__type_support.hpp
[4.998s] -- Up-to-date: /home/pi/Legacy/URC-2026/embedded_ros2_ws/install/stepper_can/include/stepper_can/stepper_can/msg/detail/control_message__builder.hpp
[4.998s] -- Up-to-date: /home/pi/Legacy/URC-2026/embedded_ros2_ws/install/stepper_can/include/stepper_can/stepper_can/msg/o_drive_status.hpp
[4.999s] -- Up-to-date: /home/pi/Legacy/URC-2026/embedded_ros2_ws/install/stepper_can/include/stepper_can/stepper_can/msg/rosidl_generator_cpp__visibility_control.hpp
[4.999s] -- Up-to-date: /home/pi/Legacy/URC-2026/embedded_ros2_ws/install/stepper_can/include/stepper_can/stepper_can/srv
[5.000s] -- Up-to-date: /home/pi/Legacy/URC-2026/embedded_ros2_ws/install/stepper_can/include/stepper_can/stepper_can/srv/axis_state.hpp
[5.000s] -- Up-to-date: /home/pi/Legacy/URC-2026/embedded_ros2_ws/install/stepper_can/include/stepper_can/stepper_can/srv/detail
[5.001s] -- Up-to-date: /home/pi/Legacy/URC-2026/embedded_ros2_ws/install/stepper_can/include/stepper_can/stepper_can/srv/detail/axis_state__traits.hpp
[5.001s] -- Up-to-date: /home/pi/Legacy/URC-2026/embedded_ros2_ws/install/stepper_can/include/stepper_can/stepper_can/srv/detail/axis_state__builder.hpp
[5.002s] -- Up-to-date: /home/pi/Legacy/URC-2026/embedded_ros2_ws/install/stepper_can/include/stepper_can/stepper_can/srv/detail/axis_state__type_support.hpp
[5.002s] -- Up-to-date: /home/pi/Legacy/URC-2026/embedded_ros2_ws/install/stepper_can/include/stepper_can/stepper_can/srv/detail/axis_state__struct.hpp
[5.003s] -- Up-to-date: /home/pi/Legacy/URC-2026/embedded_ros2_ws/install/stepper_can/include/stepper_can/stepper_can
[5.012s] -- Up-to-date: /home/pi/Legacy/URC-2026/embedded_ros2_ws/install/stepper_can/include/stepper_can/stepper_can/msg
[5.012s] -- Up-to-date: /home/pi/Legacy/URC-2026/embedded_ros2_ws/install/stepper_can/include/stepper_can/stepper_can/msg/rosidl_typesupport_fastrtps_cpp__visibility_control.h
[5.012s] -- Up-to-date: /home/pi/Legacy/URC-2026/embedded_ros2_ws/install/stepper_can/include/stepper_can/stepper_can/msg/detail
[5.013s] -- Up-to-date: /home/pi/Legacy/URC-2026/embedded_ros2_ws/install/stepper_can/include/stepper_can/stepper_can/msg/detail/dds_fastrtps
[5.013s] -- Up-to-date: /home/pi/Legacy/URC-2026/embedded_ros2_ws/install/stepper_can/include/stepper_can/stepper_can/msg/detail/controller_status__rosidl_typesupport_fastrtps_cpp.hpp
[5.014s] -- Up-to-date: /home/pi/Legacy/URC-2026/embedded_ros2_ws/install/stepper_can/include/stepper_can/stepper_can/msg/detail/control_message__rosidl_typesupport_fastrtps_cpp.hpp
[5.018s] -- Up-to-date: /home/pi/Legacy/URC-2026/embedded_ros2_ws/install/stepper_can/include/stepper_can/stepper_can/msg/detail/o_drive_status__rosidl_typesupport_fastrtps_cpp.hpp
[5.019s] -- Up-to-date: /home/pi/Legacy/URC-2026/embedded_ros2_ws/install/stepper_can/include/stepper_can/stepper_can/srv
[5.019s] -- Up-to-date: /home/pi/Legacy/URC-2026/embedded_ros2_ws/install/stepper_can/include/stepper_can/stepper_can/srv/detail
[5.020s] -- Up-to-date: /home/pi/Legacy/URC-2026/embedded_ros2_ws/install/stepper_can/include/stepper_can/stepper_can/srv/detail/dds_fastrtps
[5.020s] -- Up-to-date: /home/pi/Legacy/URC-2026/embedded_ros2_ws/install/stepper_can/include/stepper_can/stepper_can/srv/detail/axis_state__rosidl_typesupport_fastrtps_cpp.hpp
[5.021s] -- Up-to-date: /home/pi/Legacy/URC-2026/embedded_ros2_ws/install/stepper_can/lib/libstepper_can__rosidl_typesupport_fastrtps_cpp.so
[5.021s] -- Up-to-date: /home/pi/Legacy/URC-2026/embedded_ros2_ws/install/stepper_can/include/stepper_can/stepper_can
[5.022s] -- Up-to-date: /home/pi/Legacy/URC-2026/embedded_ros2_ws/install/stepper_can/include/stepper_can/stepper_can/msg
[5.022s] -- Up-to-date: /home/pi/Legacy/URC-2026/embedded_ros2_ws/install/stepper_can/include/stepper_can/stepper_can/msg/detail
[5.029s] -- Up-to-date: /home/pi/Legacy/URC-2026/embedded_ros2_ws/install/stepper_can/include/stepper_can/stepper_can/msg/detail/o_drive_status__rosidl_typesupport_introspection_c.h
[5.029s] -- Up-to-date: /home/pi/Legacy/URC-2026/embedded_ros2_ws/install/stepper_can/include/stepper_can/stepper_can/msg/detail/control_message__rosidl_typesupport_introspection_c.h
[5.030s] -- Up-to-date: /home/pi/Legacy/URC-2026/embedded_ros2_ws/install/stepper_can/include/stepper_can/stepper_can/msg/detail/control_message__type_support.c
[5.030s] -- Up-to-date: /home/pi/Legacy/URC-2026/embedded_ros2_ws/install/stepper_can/include/stepper_can/stepper_can/msg/detail/controller_status__rosidl_typesupport_introspection_c.h
[5.031s] -- Up-to-date: /home/pi/Legacy/URC-2026/embedded_ros2_ws/install/stepper_can/include/stepper_can/stepper_can/msg/detail/o_drive_status__type_support.c
[5.035s] -- Up-to-date: /home/pi/Legacy/URC-2026/embedded_ros2_ws/install/stepper_can/include/stepper_can/stepper_can/msg/detail/controller_status__type_support.c
[5.035s] -- Up-to-date: /home/pi/Legacy/URC-2026/embedded_ros2_ws/install/stepper_can/include/stepper_can/stepper_can/msg/rosidl_typesupport_introspection_c__visibility_control.h
[5.036s] -- Up-to-date: /home/pi/Legacy/URC-2026/embedded_ros2_ws/install/stepper_can/include/stepper_can/stepper_can/srv
[5.036s] -- Up-to-date: /home/pi/Legacy/URC-2026/embedded_ros2_ws/install/stepper_can/include/stepper_can/stepper_can/srv/detail
[5.037s] -- Up-to-date: /home/pi/Legacy/URC-2026/embedded_ros2_ws/install/stepper_can/include/stepper_can/stepper_can/srv/detail/axis_state__type_support.c
[5.037s] -- Up-to-date: /home/pi/Legacy/URC-2026/embedded_ros2_ws/install/stepper_can/include/stepper_can/stepper_can/srv/detail/axis_state__rosidl_typesupport_introspection_c.h
[5.038s] -- Up-to-date: /home/pi/Legacy/URC-2026/embedded_ros2_ws/install/stepper_can/lib/libstepper_can__rosidl_typesupport_introspection_c.so
[5.038s] -- Up-to-date: /home/pi/Legacy/URC-2026/embedded_ros2_ws/install/stepper_can/lib/libstepper_can__rosidl_typesupport_c.so
[5.038s] -- Up-to-date: /home/pi/Legacy/URC-2026/embedded_ros2_ws/install/stepper_can/include/stepper_can/stepper_can
[5.044s] -- Up-to-date: /home/pi/Legacy/URC-2026/embedded_ros2_ws/install/stepper_can/include/stepper_can/stepper_can/msg
[5.044s] -- Up-to-date: /home/pi/Legacy/URC-2026/embedded_ros2_ws/install/stepper_can/include/stepper_can/stepper_can/msg/detail
[5.045s] -- Up-to-date: /home/pi/Legacy/URC-2026/embedded_ros2_ws/install/stepper_can/include/stepper_can/stepper_can/msg/detail/control_message__type_support.cpp
[5.045s] -- Up-to-date: /home/pi/Legacy/URC-2026/embedded_ros2_ws/install/stepper_can/include/stepper_can/stepper_can/msg/detail/control_message__rosidl_typesupport_introspection_cpp.hpp
[5.046s] -- Up-to-date: /home/pi/Legacy/URC-2026/embedded_ros2_ws/install/stepper_can/include/stepper_can/stepper_can/msg/detail/controller_status__type_support.cpp
[5.046s] -- Up-to-date: /home/pi/Legacy/URC-2026/embedded_ros2_ws/install/stepper_can/include/stepper_can/stepper_can/msg/detail/controller_status__rosidl_typesupport_introspection_cpp.hpp
[5.047s] -- Up-to-date: /home/pi/Legacy/URC-2026/embedded_ros2_ws/install/stepper_can/include/stepper_can/stepper_can/msg/detail/o_drive_status__type_support.cpp
[5.047s] -- Up-to-date: /home/pi/Legacy/URC-2026/embedded_ros2_ws/install/stepper_can/include/stepper_can/stepper_can/msg/detail/o_drive_status__rosidl_typesupport_introspection_cpp.hpp
[5.048s] -- Up-to-date: /home/pi/Legacy/URC-2026/embedded_ros2_ws/install/stepper_can/include/stepper_can/stepper_can/srv
[5.049s] -- Up-to-date: /home/pi/Legacy/URC-2026/embedded_ros2_ws/install/stepper_can/include/stepper_can/stepper_can/srv/detail
[5.049s] -- Up-to-date: /home/pi/Legacy/URC-2026/embedded_ros2_ws/install/stepper_can/include/stepper_can/stepper_can/srv/detail/axis_state__rosidl_typesupport_introspection_cpp.hpp
[5.050s] -- Up-to-date: /home/pi/Legacy/URC-2026/embedded_ros2_ws/install/stepper_can/include/stepper_can/stepper_can/srv/detail/axis_state__type_support.cpp
[5.050s] -- Up-to-date: /home/pi/Legacy/URC-2026/embedded_ros2_ws/install/stepper_can/lib/libstepper_can__rosidl_typesupport_introspection_cpp.so
[5.051s] -- Up-to-date: /home/pi/Legacy/URC-2026/embedded_ros2_ws/install/stepper_can/lib/libstepper_can__rosidl_typesupport_cpp.so
[5.056s] -- Up-to-date: /home/pi/Legacy/URC-2026/embedded_ros2_ws/install/stepper_can/share/stepper_can/environment/pythonpath.sh
[5.056s] -- Up-to-date: /home/pi/Legacy/URC-2026/embedded_ros2_ws/install/stepper_can/share/stepper_can/environment/pythonpath.dsv
[5.057s] -- Up-to-date: /home/pi/Legacy/URC-2026/embedded_ros2_ws/install/stepper_can/local/lib/python3.10/dist-packages/stepper_can-0.0.1-py3.10.egg-info
[5.057s] -- Installing: /home/pi/Legacy/URC-2026/embedded_ros2_ws/install/stepper_can/local/lib/python3.10/dist-packages/stepper_can-0.0.1-py3.10.egg-info/PKG-INFO
[5.058s] -- Installing: /home/pi/Legacy/URC-2026/embedded_ros2_ws/install/stepper_can/local/lib/python3.10/dist-packages/stepper_can-0.0.1-py3.10.egg-info/top_level.txt
[5.058s] -- Installing: /home/pi/Legacy/URC-2026/embedded_ros2_ws/install/stepper_can/local/lib/python3.10/dist-packages/stepper_can-0.0.1-py3.10.egg-info/SOURCES.txt
[5.058s] -- Installing: /home/pi/Legacy/URC-2026/embedded_ros2_ws/install/stepper_can/local/lib/python3.10/dist-packages/stepper_can-0.0.1-py3.10.egg-info/dependency_links.txt
[5.063s] -- Up-to-date: /home/pi/Legacy/URC-2026/embedded_ros2_ws/install/stepper_can/local/lib/python3.10/dist-packages/stepper_can
[5.064s] -- Up-to-date: /home/pi/Legacy/URC-2026/embedded_ros2_ws/install/stepper_can/local/lib/python3.10/dist-packages/stepper_can/__init__.py
[5.064s] -- Up-to-date: /home/pi/Legacy/URC-2026/embedded_ros2_ws/install/stepper_can/local/lib/python3.10/dist-packages/stepper_can/stepper_can_s__rosidl_typesupport_introspection_c.cpython-310-aarch64-linux-gnu.so
[5.065s] -- Up-to-date: /home/pi/Legacy/URC-2026/embedded_ros2_ws/install/stepper_can/local/lib/python3.10/dist-packages/stepper_can/_stepper_can_s.ep.rosidl_typesupport_c.c
[5.065s] -- Up-to-date: /home/pi/Legacy/URC-2026/embedded_ros2_ws/install/stepper_can/local/lib/python3.10/dist-packages/stepper_can/libstepper_can__rosidl_generator_py.so
[5.066s] -- Up-to-date: /home/pi/Legacy/URC-2026/embedded_ros2_ws/install/stepper_can/local/lib/python3.10/dist-packages/stepper_can/stepper_can_s__rosidl_typesupport_fastrtps_c.cpython-310-aarch64-linux-gnu.so
[5.066s] -- Up-to-date: /home/pi/Legacy/URC-2026/embedded_ros2_ws/install/stepper_can/local/lib/python3.10/dist-packages/stepper_can/msg
[5.066s] -- Up-to-date: /home/pi/Legacy/URC-2026/embedded_ros2_ws/install/stepper_can/local/lib/python3.10/dist-packages/stepper_can/msg/__init__.py
[5.067s] -- Up-to-date: /home/pi/Legacy/URC-2026/embedded_ros2_ws/install/stepper_can/local/lib/python3.10/dist-packages/stepper_can/msg/_controller_status_s.c
[5.067s] -- Up-to-date: /home/pi/Legacy/URC-2026/embedded_ros2_ws/install/stepper_can/local/lib/python3.10/dist-packages/stepper_can/msg/_control_message_s.c
[5.068s] -- Up-to-date: /home/pi/Legacy/URC-2026/embedded_ros2_ws/install/stepper_can/local/lib/python3.10/dist-packages/stepper_can/msg/_o_drive_status_s.c
[5.068s] -- Up-to-date: /home/pi/Legacy/URC-2026/embedded_ros2_ws/install/stepper_can/local/lib/python3.10/dist-packages/stepper_can/msg/_controller_status.py
[5.068s] -- Up-to-date: /home/pi/Legacy/URC-2026/embedded_ros2_ws/install/stepper_can/local/lib/python3.10/dist-packages/stepper_can/msg/_control_message.py
[5.069s] -- Up-to-date: /home/pi/Legacy/URC-2026/embedded_ros2_ws/install/stepper_can/local/lib/python3.10/dist-packages/stepper_can/msg/_o_drive_status.py
[5.069s] -- Up-to-date: /home/pi/Legacy/URC-2026/embedded_ros2_ws/install/stepper_can/local/lib/python3.10/dist-packages/stepper_can/_stepper_can_s.ep.rosidl_typesupport_fastrtps_c.c
[5.070s] -- Up-to-date: /home/pi/Legacy/URC-2026/embedded_ros2_ws/install/stepper_can/local/lib/python3.10/dist-packages/stepper_can/stepper_can_s__rosidl_typesupport_c.cpython-310-aarch64-linux-gnu.so
[5.070s] -- Up-to-date: /home/pi/Legacy/URC-2026/embedded_ros2_ws/install/stepper_can/local/lib/python3.10/dist-packages/stepper_can/srv
[5.071s] -- Up-to-date: /home/pi/Legacy/URC-2026/embedded_ros2_ws/install/stepper_can/local/lib/python3.10/dist-packages/stepper_can/srv/__init__.py
[5.091s] -- Up-to-date: /home/pi/Legacy/URC-2026/embedded_ros2_ws/install/stepper_can/local/lib/python3.10/dist-packages/stepper_can/srv/_axis_state.py
[5.092s] -- Up-to-date: /home/pi/Legacy/URC-2026/embedded_ros2_ws/install/stepper_can/local/lib/python3.10/dist-packages/stepper_can/srv/_axis_state_s.c
[5.092s] -- Up-to-date: /home/pi/Legacy/URC-2026/embedded_ros2_ws/install/stepper_can/local/lib/python3.10/dist-packages/stepper_can/_stepper_can_s.ep.rosidl_typesupport_introspection_c.c
[5.589s] Listing '/home/pi/Legacy/URC-2026/embedded_ros2_ws/install/stepper_can/local/lib/python3.10/dist-packages/stepper_can'...
[5.592s] Listing '/home/pi/Legacy/URC-2026/embedded_ros2_ws/install/stepper_can/local/lib/python3.10/dist-packages/stepper_can/msg'...
[5.593s] Listing '/home/pi/Legacy/URC-2026/embedded_ros2_ws/install/stepper_can/local/lib/python3.10/dist-packages/stepper_can/srv'...
[5.670s] -- Up-to-date: /home/pi/Legacy/URC-2026/embedded_ros2_ws/install/stepper_can/local/lib/python3.10/dist-packages/stepper_can/stepper_can_s__rosidl_typesupport_fastrtps_c.cpython-310-aarch64-linux-gnu.so
[5.673s] -- Up-to-date: /home/pi/Legacy/URC-2026/embedded_ros2_ws/install/stepper_can/local/lib/python3.10/dist-packages/stepper_can/stepper_can_s__rosidl_typesupport_introspection_c.cpython-310-aarch64-linux-gnu.so
[5.678s] -- Up-to-date: /home/pi/Legacy/URC-2026/embedded_ros2_ws/install/stepper_can/local/lib/python3.10/dist-packages/stepper_can/stepper_can_s__rosidl_typesupport_c.cpython-310-aarch64-linux-gnu.so
[5.693s] -- Up-to-date: /home/pi/Legacy/URC-2026/embedded_ros2_ws/install/stepper_can/lib/libstepper_can__rosidl_generator_py.so
[5.696s] -- Up-to-date: /home/pi/Legacy/URC-2026/embedded_ros2_ws/install/stepper_can/share/stepper_can/msg/ControlMessage.idl
[5.698s] -- Up-to-date: /home/pi/Legacy/URC-2026/embedded_ros2_ws/install/stepper_can/share/stepper_can/msg/ControllerStatus.idl
[5.699s] -- Up-to-date: /home/pi/Legacy/URC-2026/embedded_ros2_ws/install/stepper_can/share/stepper_can/msg/ODriveStatus.idl
[5.701s] -- Up-to-date: /home/pi/Legacy/URC-2026/embedded_ros2_ws/install/stepper_can/share/stepper_can/srv/AxisState.idl
[5.704s] -- Up-to-date: /home/pi/Legacy/URC-2026/embedded_ros2_ws/install/stepper_can/share/stepper_can/msg/ControlMessage.msg
[5.705s] -- Up-to-date: /home/pi/Legacy/URC-2026/embedded_ros2_ws/install/stepper_can/share/stepper_can/msg/ControllerStatus.msg
[5.710s] -- Up-to-date: /home/pi/Legacy/URC-2026/embedded_ros2_ws/install/stepper_can/share/stepper_can/msg/ODriveStatus.msg
[5.712s] -- Up-to-date: /home/pi/Legacy/URC-2026/embedded_ros2_ws/install/stepper_can/share/stepper_can/srv/AxisState.srv
[5.715s] -- Up-to-date: /home/pi/Legacy/URC-2026/embedded_ros2_ws/install/stepper_can/share/stepper_can/srv/AxisState_Request.msg
[5.717s] -- Up-to-date: /home/pi/Legacy/URC-2026/embedded_ros2_ws/install/stepper_can/share/stepper_can/srv/AxisState_Response.msg
[5.720s] -- Up-to-date: /home/pi/Legacy/URC-2026/embedded_ros2_ws/install/stepper_can/lib/stepper_can/stepper_can_node
[5.728s] -- Up-to-date: /home/pi/Legacy/URC-2026/embedded_ros2_ws/install/stepper_can/share/stepper_can/launch
[5.733s] -- Up-to-date: /home/pi/Legacy/URC-2026/embedded_ros2_ws/install/stepper_can/share/stepper_can/launch/example_launch.yaml
[5.737s] -- Up-to-date: /home/pi/Legacy/URC-2026/embedded_ros2_ws/install/stepper_can/share/ament_index/resource_index/package_run_dependencies/stepper_can
[5.758s] -- Up-to-date: /home/pi/Legacy/URC-2026/embedded_ros2_ws/install/stepper_can/share/ament_index/resource_index/parent_prefix_path/stepper_can
[5.761s] -- Up-to-date: /home/pi/Legacy/URC-2026/embedded_ros2_ws/install/stepper_can/share/stepper_can/environment/ament_prefix_path.sh
[5.765s] -- Up-to-date: /home/pi/Legacy/URC-2026/embedded_ros2_ws/install/stepper_can/share/stepper_can/environment/ament_prefix_path.dsv
[5.768s] -- Up-to-date: /home/pi/Legacy/URC-2026/embedded_ros2_ws/install/stepper_can/share/stepper_can/environment/path.sh
[5.771s] -- Up-to-date: /home/pi/Legacy/URC-2026/embedded_ros2_ws/install/stepper_can/share/stepper_can/environment/path.dsv
[5.774s] -- Up-to-date: /home/pi/Legacy/URC-2026/embedded_ros2_ws/install/stepper_can/share/stepper_can/local_setup.bash
[5.778s] -- Up-to-date: /home/pi/Legacy/URC-2026/embedded_ros2_ws/install/stepper_can/share/stepper_can/local_setup.sh
[5.789s] -- Up-to-date: /home/pi/Legacy/URC-2026/embedded_ros2_ws/install/stepper_can/share/stepper_can/local_setup.zsh
[5.790s] -- Up-to-date: /home/pi/Legacy/URC-2026/embedded_ros2_ws/install/stepper_can/share/stepper_can/local_setup.dsv
[5.801s] -- Installing: /home/pi/Legacy/URC-2026/embedded_ros2_ws/install/stepper_can/share/stepper_can/package.dsv
[5.802s] -- Up-to-date: /home/pi/Legacy/URC-2026/embedded_ros2_ws/install/stepper_can/share/ament_index/resource_index/packages/stepper_can
[5.805s] -- Up-to-date: /home/pi/Legacy/URC-2026/embedded_ros2_ws/install/stepper_can/share/stepper_can/cmake/export_stepper_can__rosidl_generator_cExport.cmake
[5.808s] -- Up-to-date: /home/pi/Legacy/URC-2026/embedded_ros2_ws/install/stepper_can/share/stepper_can/cmake/export_stepper_can__rosidl_generator_cExport-noconfig.cmake
[5.824s] -- Up-to-date: /home/pi/Legacy/URC-2026/embedded_ros2_ws/install/stepper_can/share/stepper_can/cmake/export_stepper_can__rosidl_typesupport_fastrtps_cExport.cmake
[5.829s] -- Up-to-date: /home/pi/Legacy/URC-2026/embedded_ros2_ws/install/stepper_can/share/stepper_can/cmake/export_stepper_can__rosidl_typesupport_fastrtps_cExport-noconfig.cmake
[5.831s] -- Up-to-date: /home/pi/Legacy/URC-2026/embedded_ros2_ws/install/stepper_can/share/stepper_can/cmake/export_stepper_can__rosidl_generator_cppExport.cmake
[5.844s] -- Up-to-date: /home/pi/Legacy/URC-2026/embedded_ros2_ws/install/stepper_can/share/stepper_can/cmake/export_stepper_can__rosidl_typesupport_fastrtps_cppExport.cmake
[5.847s] -- Up-to-date: /home/pi/Legacy/URC-2026/embedded_ros2_ws/install/stepper_can/share/stepper_can/cmake/export_stepper_can__rosidl_typesupport_fastrtps_cppExport-noconfig.cmake
[5.851s] -- Up-to-date: /home/pi/Legacy/URC-2026/embedded_ros2_ws/install/stepper_can/share/stepper_can/cmake/stepper_can__rosidl_typesupport_introspection_cExport.cmake
[5.854s] -- Up-to-date: /home/pi/Legacy/URC-2026/embedded_ros2_ws/install/stepper_can/share/stepper_can/cmake/stepper_can__rosidl_typesupport_introspection_cExport-noconfig.cmake
[5.857s] -- Up-to-date: /home/pi/Legacy/URC-2026/embedded_ros2_ws/install/stepper_can/share/stepper_can/cmake/stepper_can__rosidl_typesupport_cExport.cmake
[5.859s] -- Up-to-date: /home/pi/Legacy/URC-2026/embedded_ros2_ws/install/stepper_can/share/stepper_can/cmake/stepper_can__rosidl_typesupport_cExport-noconfig.cmake
[5.862s] -- Up-to-date: /home/pi/Legacy/URC-2026/embedded_ros2_ws/install/stepper_can/share/stepper_can/cmake/stepper_can__rosidl_typesupport_introspection_cppExport.cmake
[5.876s] -- Up-to-date: /home/pi/Legacy/URC-2026/embedded_ros2_ws/install/stepper_can/share/stepper_can/cmake/stepper_can__rosidl_typesupport_introspection_cppExport-noconfig.cmake
[5.879s] -- Up-to-date: /home/pi/Legacy/URC-2026/embedded_ros2_ws/install/stepper_can/share/stepper_can/cmake/stepper_can__rosidl_typesupport_cppExport.cmake
[5.880s] -- Up-to-date: /home/pi/Legacy/URC-2026/embedded_ros2_ws/install/stepper_can/share/stepper_can/cmake/stepper_can__rosidl_typesupport_cppExport-noconfig.cmake
[5.883s] -- Up-to-date: /home/pi/Legacy/URC-2026/embedded_ros2_ws/install/stepper_can/share/stepper_can/cmake/export_stepper_can__rosidl_generator_pyExport.cmake
[5.885s] -- Up-to-date: /home/pi/Legacy/URC-2026/embedded_ros2_ws/install/stepper_can/share/stepper_can/cmake/export_stepper_can__rosidl_generator_pyExport-noconfig.cmake
[5.886s] -- Up-to-date: /home/pi/Legacy/URC-2026/embedded_ros2_ws/install/stepper_can/share/stepper_can/cmake/rosidl_cmake-extras.cmake
[5.888s] -- Up-to-date: /home/pi/Legacy/URC-2026/embedded_ros2_ws/install/stepper_can/share/stepper_can/cmake/ament_cmake_export_include_directories-extras.cmake
[5.890s] -- Up-to-date: /home/pi/Legacy/URC-2026/embedded_ros2_ws/install/stepper_can/share/stepper_can/cmake/ament_cmake_export_libraries-extras.cmake
[5.892s] -- Up-to-date: /home/pi/Legacy/URC-2026/embedded_ros2_ws/install/stepper_can/share/stepper_can/cmake/ament_cmake_export_targets-extras.cmake
[5.893s] -- Up-to-date: /home/pi/Legacy/URC-2026/embedded_ros2_ws/install/stepper_can/share/stepper_can/cmake/rosidl_cmake_export_typesupport_targets-extras.cmake
[5.895s] -- Up-to-date: /home/pi/Legacy/URC-2026/embedded_ros2_ws/install/stepper_can/share/stepper_can/cmake/ament_cmake_export_dependencies-extras.cmake
[5.897s] -- Up-to-date: /home/pi/Legacy/URC-2026/embedded_ros2_ws/install/stepper_can/share/stepper_can/cmake/rosidl_cmake_export_typesupport_libraries-extras.cmake
[5.899s] -- Up-to-date: /home/pi/Legacy/URC-2026/embedded_ros2_ws/install/stepper_can/share/stepper_can/cmake/stepper_canConfig.cmake
[5.900s] -- Up-to-date: /home/pi/Legacy/URC-2026/embedded_ros2_ws/install/stepper_can/share/stepper_can/cmake/stepper_canConfig-version.cmake
[5.902s] -- Up-to-date: /home/pi/Legacy/URC-2026/embedded_ros2_ws/install/stepper_can/share/stepper_can/package.xml
[5.925s] Invoked command in '/home/pi/Legacy/URC-2026/embedded_ros2_ws/build/stepper_can' returned '0': CMAKE_PREFIX_PATH=${CMAKE_PREFIX_PATH}:/home/pi/Legacy/URC-2026/embedded_ros2_ws/install/blender_motor:/home/pi/Legacy/Testing/ros2_ws/install/rover_motor_command:/home/pi/Legacy/URC-2026/drive_ros2_ws/install/drive_manager:/opt/ros/humble /usr/bin/cmake --install /home/pi/Legacy/URC-2026/embedded_ros2_ws/build/stepper_can
