[0.464s] DEBUG:colcon:Command line arguments: ['/usr/bin/colcon', 'build']
[0.464s] DEBUG:colcon:Parsed command line arguments: Namespace(log_base=None, log_level=None, verb_name='build', build_base='build', install_base='install', merge_install=False, symlink_install=False, test_result_base=None, continue_on_error=False, executor='parallel', parallel_workers=4, event_handlers=None, ignore_user_meta=False, metas=['./colcon.meta'], base_paths=['.'], packages_ignore=None, packages_ignore_regex=None, paths=None, packages_up_to=None, packages_up_to_regex=None, packages_above=None, packages_above_and_dependencies=None, packages_above_depth=None, packages_select_by_dep=None, packages_skip_by_dep=None, packages_skip_up_to=None, packages_select_build_failed=False, packages_skip_build_finished=False, packages_select_test_failures=False, packages_skip_test_passed=False, packages_select=None, packages_skip=None, packages_select_regex=None, packages_skip_regex=None, packages_start=None, packages_end=None, allow_overriding=[], cmake_args=None, cmake_target=None, cmake_target_skip_unavailable=False, cmake_clean_cache=False, cmake_clean_first=False, cmake_force_configure=False, ament_cmake_args=None, catkin_cmake_args=None, catkin_skip_building_tests=False, verb_parser=<colcon_defaults.argument_parser.defaults.DefaultArgumentsDecorator object at 0xffff8e1684c0>, verb_extension=<colcon_core.verb.build.BuildVerb object at 0xffff8e265ae0>, main=<bound method BuildVerb.main of <colcon_core.verb.build.BuildVerb object at 0xffff8e265ae0>>)
[1.165s] Level 1:colcon.colcon_core.package_discovery:discover_packages(colcon_meta) check parameters
[1.166s] Level 1:colcon.colcon_core.package_discovery:discover_packages(recursive) check parameters
[1.166s] Level 1:colcon.colcon_core.package_discovery:discover_packages(ignore) check parameters
[1.166s] Level 1:colcon.colcon_core.package_discovery:discover_packages(path) check parameters
[1.166s] Level 1:colcon.colcon_core.package_discovery:discover_packages(colcon_meta) discover
[1.166s] Level 1:colcon.colcon_core.package_discovery:discover_packages(recursive) discover
[1.166s] INFO:colcon.colcon_core.package_discovery:Crawling recursively for packages in '/home/pi/Legacy/URC-2026/drive_ros2_ws'
[1.167s] Level 1:colcon.colcon_core.package_identification:_identify(.) by extensions ['ignore', 'ignore_ament_install']
[1.167s] Level 1:colcon.colcon_core.package_identification:_identify(.) by extension 'ignore'
[1.168s] Level 1:colcon.colcon_core.package_identification:_identify(.) by extension 'ignore_ament_install'
[1.168s] Level 1:colcon.colcon_core.package_identification:_identify(.) by extensions ['colcon_pkg']
[1.168s] Level 1:colcon.colcon_core.package_identification:_identify(.) by extension 'colcon_pkg'
[1.168s] Level 1:colcon.colcon_core.package_identification:_identify(.) by extensions ['colcon_meta']
[1.168s] Level 1:colcon.colcon_core.package_identification:_identify(.) by extension 'colcon_meta'
[1.168s] Level 1:colcon.colcon_core.package_identification:_identify(.) by extensions ['ros']
[1.169s] Level 1:colcon.colcon_core.package_identification:_identify(.) by extension 'ros'
[1.219s] Level 1:colcon.colcon_core.package_identification:_identify(.) by extensions ['cmake', 'python']
[1.219s] Level 1:colcon.colcon_core.package_identification:_identify(.) by extension 'cmake'
[1.219s] Level 1:colcon.colcon_core.package_identification:_identify(.) by extension 'python'
[1.220s] Level 1:colcon.colcon_core.package_identification:_identify(.) by extensions ['python_setup_py']
[1.220s] Level 1:colcon.colcon_core.package_identification:_identify(.) by extension 'python_setup_py'
[1.220s] Level 1:colcon.colcon_core.package_identification:_identify(build) by extensions ['ignore', 'ignore_ament_install']
[1.221s] Level 1:colcon.colcon_core.package_identification:_identify(build) by extension 'ignore'
[1.221s] Level 1:colcon.colcon_core.package_identification:_identify(build) ignored
[1.222s] Level 1:colcon.colcon_core.package_identification:_identify(install) by extensions ['ignore', 'ignore_ament_install']
[1.222s] Level 1:colcon.colcon_core.package_identification:_identify(install) by extension 'ignore'
[1.222s] Level 1:colcon.colcon_core.package_identification:_identify(install) ignored
[1.223s] Level 1:colcon.colcon_core.package_identification:_identify(log) by extensions ['ignore', 'ignore_ament_install']
[1.223s] Level 1:colcon.colcon_core.package_identification:_identify(log) by extension 'ignore'
[1.223s] Level 1:colcon.colcon_core.package_identification:_identify(log) ignored
[1.224s] Level 1:colcon.colcon_core.package_identification:_identify(src) by extensions ['ignore', 'ignore_ament_install']
[1.224s] Level 1:colcon.colcon_core.package_identification:_identify(src) by extension 'ignore'
[1.224s] Level 1:colcon.colcon_core.package_identification:_identify(src) by extension 'ignore_ament_install'
[1.225s] Level 1:colcon.colcon_core.package_identification:_identify(src) by extensions ['colcon_pkg']
[1.225s] Level 1:colcon.colcon_core.package_identification:_identify(src) by extension 'colcon_pkg'
[1.225s] Level 1:colcon.colcon_core.package_identification:_identify(src) by extensions ['colcon_meta']
[1.225s] Level 1:colcon.colcon_core.package_identification:_identify(src) by extension 'colcon_meta'
[1.225s] Level 1:colcon.colcon_core.package_identification:_identify(src) by extensions ['ros']
[1.225s] Level 1:colcon.colcon_core.package_identification:_identify(src) by extension 'ros'
[1.226s] Level 1:colcon.colcon_core.package_identification:_identify(src) by extensions ['cmake', 'python']
[1.226s] Level 1:colcon.colcon_core.package_identification:_identify(src) by extension 'cmake'
[1.226s] Level 1:colcon.colcon_core.package_identification:_identify(src) by extension 'python'
[1.226s] Level 1:colcon.colcon_core.package_identification:_identify(src) by extensions ['python_setup_py']
[1.226s] Level 1:colcon.colcon_core.package_identification:_identify(src) by extension 'python_setup_py'
[1.227s] Level 1:colcon.colcon_core.package_identification:_identify(src/drive) by extensions ['ignore', 'ignore_ament_install']
[1.227s] Level 1:colcon.colcon_core.package_identification:_identify(src/drive) by extension 'ignore'
[1.227s] Level 1:colcon.colcon_core.package_identification:_identify(src/drive) by extension 'ignore_ament_install'
[1.228s] Level 1:colcon.colcon_core.package_identification:_identify(src/drive) by extensions ['colcon_pkg']
[1.228s] Level 1:colcon.colcon_core.package_identification:_identify(src/drive) by extension 'colcon_pkg'
[1.228s] Level 1:colcon.colcon_core.package_identification:_identify(src/drive) by extensions ['colcon_meta']
[1.228s] Level 1:colcon.colcon_core.package_identification:_identify(src/drive) by extension 'colcon_meta'
[1.228s] Level 1:colcon.colcon_core.package_identification:_identify(src/drive) by extensions ['ros']
[1.228s] Level 1:colcon.colcon_core.package_identification:_identify(src/drive) by extension 'ros'
[1.237s] DEBUG:colcon.colcon_core.package_identification:Package 'src/drive' with type 'ros.ament_python' and name 'drive_manager'
[1.238s] Level 1:colcon.colcon_core.package_identification:_identify(src/drive_teleop) by extensions ['ignore', 'ignore_ament_install']
[1.238s] Level 1:colcon.colcon_core.package_identification:_identify(src/drive_teleop) by extension 'ignore'
[1.238s] Level 1:colcon.colcon_core.package_identification:_identify(src/drive_teleop) by extension 'ignore_ament_install'
[1.239s] Level 1:colcon.colcon_core.package_identification:_identify(src/drive_teleop) by extensions ['colcon_pkg']
[1.239s] Level 1:colcon.colcon_core.package_identification:_identify(src/drive_teleop) by extension 'colcon_pkg'
[1.239s] Level 1:colcon.colcon_core.package_identification:_identify(src/drive_teleop) by extensions ['colcon_meta']
[1.239s] Level 1:colcon.colcon_core.package_identification:_identify(src/drive_teleop) by extension 'colcon_meta'
[1.239s] Level 1:colcon.colcon_core.package_identification:_identify(src/drive_teleop) by extensions ['ros']
[1.239s] Level 1:colcon.colcon_core.package_identification:_identify(src/drive_teleop) by extension 'ros'
[1.243s] DEBUG:colcon.colcon_core.package_identification:Package 'src/drive_teleop' with type 'ros.ament_cmake' and name 'drive_teleop'
[1.243s] Level 1:colcon.colcon_core.package_discovery:discover_packages(recursive) using defaults
[1.243s] Level 1:colcon.colcon_core.package_discovery:discover_packages(ignore) discover
[1.244s] Level 1:colcon.colcon_core.package_discovery:discover_packages(ignore) using defaults
[1.244s] Level 1:colcon.colcon_core.package_discovery:discover_packages(path) discover
[1.244s] Level 1:colcon.colcon_core.package_discovery:discover_packages(path) using defaults
[1.329s] Level 1:colcon.colcon_core.package_discovery:discover_packages(prefix_path) check parameters
[1.329s] Level 1:colcon.colcon_core.package_discovery:discover_packages(prefix_path) discover
[1.343s] DEBUG:colcon.colcon_installed_package_information.package_discovery:Found 9 installed packages in /home/pi/Legacy/URC-2026/embedded_ros2_ws/install
[1.345s] DEBUG:colcon.colcon_installed_package_information.package_discovery:Found 2 installed packages in /home/pi/Legacy/URC-2026/drive_ros2_ws/install
[1.348s] DEBUG:colcon.colcon_installed_package_information.package_discovery:Found 2 installed packages in /home/pi/Legacy/Testing/ros2_ws/install
[1.355s] DEBUG:colcon.colcon_installed_package_information.package_discovery:Found 185 installed packages in /opt/ros/humble
[1.359s] Level 1:colcon.colcon_core.package_discovery:discover_packages(prefix_path) using defaults
[1.514s] WARNING:colcon.colcon_core.package_selection:Some selected packages are already built in one or more underlay workspaces:
	'drive_teleop' is in: /home/pi/Legacy/URC-2026/drive_ros2_ws/install/drive_teleop
If a package in a merged underlay workspace is overridden and it installs headers, then all packages in the overlay must sort their include directories by workspace order. Failure to do so may result in build failures or undefined behavior at run time.
If the overridden package is used by another package in any underlay, then the overriding package in the overlay must be API and ABI compatible or undefined behavior at run time may occur.

If you understand the risks and want to override a package anyways, add the following to the command line:
	--allow-overriding drive_teleop

This may be promoted to an error in a future release of colcon-override-check.
[1.517s] Level 5:colcon.colcon_core.verb:set package 'drive_teleop' build argument 'cmake_args' from command line to 'None'
[1.517s] Level 5:colcon.colcon_core.verb:set package 'drive_teleop' build argument 'cmake_target' from command line to 'None'
[1.517s] Level 5:colcon.colcon_core.verb:set package 'drive_teleop' build argument 'cmake_target_skip_unavailable' from command line to 'False'
[1.517s] Level 5:colcon.colcon_core.verb:set package 'drive_teleop' build argument 'cmake_clean_cache' from command line to 'False'
[1.517s] Level 5:colcon.colcon_core.verb:set package 'drive_teleop' build argument 'cmake_clean_first' from command line to 'False'
[1.517s] Level 5:colcon.colcon_core.verb:set package 'drive_teleop' build argument 'cmake_force_configure' from command line to 'False'
[1.518s] Level 5:colcon.colcon_core.verb:set package 'drive_teleop' build argument 'ament_cmake_args' from command line to 'None'
[1.518s] Level 5:colcon.colcon_core.verb:set package 'drive_teleop' build argument 'catkin_cmake_args' from command line to 'None'
[1.518s] Level 5:colcon.colcon_core.verb:set package 'drive_teleop' build argument 'catkin_skip_building_tests' from command line to 'False'
[1.518s] DEBUG:colcon.colcon_core.verb:Building package 'drive_teleop' with the following arguments: {'ament_cmake_args': None, 'build_base': '/home/pi/Legacy/URC-2026/drive_ros2_ws/build/drive_teleop', 'catkin_cmake_args': None, 'catkin_skip_building_tests': False, 'cmake_args': None, 'cmake_clean_cache': False, 'cmake_clean_first': False, 'cmake_force_configure': False, 'cmake_target': None, 'cmake_target_skip_unavailable': False, 'install_base': '/home/pi/Legacy/URC-2026/drive_ros2_ws/install/drive_teleop', 'merge_install': False, 'path': '/home/pi/Legacy/URC-2026/drive_ros2_ws/src/drive_teleop', 'symlink_install': False, 'test_result_base': None}
[1.519s] Level 5:colcon.colcon_core.verb:set package 'drive_manager' build argument 'cmake_args' from command line to 'None'
[1.520s] Level 5:colcon.colcon_core.verb:set package 'drive_manager' build argument 'cmake_target' from command line to 'None'
[1.520s] Level 5:colcon.colcon_core.verb:set package 'drive_manager' build argument 'cmake_target_skip_unavailable' from command line to 'False'
[1.520s] Level 5:colcon.colcon_core.verb:set package 'drive_manager' build argument 'cmake_clean_cache' from command line to 'False'
[1.520s] Level 5:colcon.colcon_core.verb:set package 'drive_manager' build argument 'cmake_clean_first' from command line to 'False'
[1.520s] Level 5:colcon.colcon_core.verb:set package 'drive_manager' build argument 'cmake_force_configure' from command line to 'False'
[1.520s] Level 5:colcon.colcon_core.verb:set package 'drive_manager' build argument 'ament_cmake_args' from command line to 'None'
[1.520s] Level 5:colcon.colcon_core.verb:set package 'drive_manager' build argument 'catkin_cmake_args' from command line to 'None'
[1.520s] Level 5:colcon.colcon_core.verb:set package 'drive_manager' build argument 'catkin_skip_building_tests' from command line to 'False'
[1.521s] DEBUG:colcon.colcon_core.verb:Building package 'drive_manager' with the following arguments: {'ament_cmake_args': None, 'build_base': '/home/pi/Legacy/URC-2026/drive_ros2_ws/build/drive_manager', 'catkin_cmake_args': None, 'catkin_skip_building_tests': False, 'cmake_args': None, 'cmake_clean_cache': False, 'cmake_clean_first': False, 'cmake_force_configure': False, 'cmake_target': None, 'cmake_target_skip_unavailable': False, 'install_base': '/home/pi/Legacy/URC-2026/drive_ros2_ws/install/drive_manager', 'merge_install': False, 'path': '/home/pi/Legacy/URC-2026/drive_ros2_ws/src/drive', 'symlink_install': False, 'test_result_base': None}
[1.521s] INFO:colcon.colcon_core.executor:Executing jobs using 'parallel' executor
[1.524s] DEBUG:colcon.colcon_parallel_executor.executor.parallel:run_until_complete
[1.526s] INFO:colcon.colcon_ros.task.ament_cmake.build:Building ROS package in '/home/pi/Legacy/URC-2026/drive_ros2_ws/src/drive_teleop' with build type 'ament_cmake'
[1.526s] INFO:colcon.colcon_cmake.task.cmake.build:Building CMake package in '/home/pi/Legacy/URC-2026/drive_ros2_ws/src/drive_teleop'
[1.536s] INFO:colcon.colcon_core.plugin_system:Skipping extension 'colcon_core.shell.bat': Not used on non-Windows systems
[1.537s] INFO:colcon.colcon_core.shell:Skip shell extension 'powershell' for command environment: Not usable outside of PowerShell
[1.538s] DEBUG:colcon.colcon_core.shell:Skip shell extension 'dsv' for command environment
[1.587s] DEBUG:colcon.colcon_core.event_handler.log_command:Invoking command in '/home/pi/Legacy/URC-2026/drive_ros2_ws/build/drive_teleop': CMAKE_PREFIX_PATH=${CMAKE_PREFIX_PATH}:/home/pi/Legacy/URC-2026/drive_ros2_ws/install/drive_manager:/home/pi/Legacy/URC-2026/embedded_ros2_ws/install/serializer_nodes_demo:/home/pi/Legacy/URC-2026/embedded_ros2_ws/install/drive:/home/pi/Legacy/Testing/ros2_ws/install/rover_motor_command:/opt/ros/humble /usr/bin/cmake --build /home/pi/Legacy/URC-2026/drive_ros2_ws/build/drive_teleop -- -j4 -l4
[37.332s] DEBUG:colcon.colcon_core.event_handler.log_command:Invoked command in '/home/pi/Legacy/URC-2026/drive_ros2_ws/build/drive_teleop' returned '0': CMAKE_PREFIX_PATH=${CMAKE_PREFIX_PATH}:/home/pi/Legacy/URC-2026/drive_ros2_ws/install/drive_manager:/home/pi/Legacy/URC-2026/embedded_ros2_ws/install/serializer_nodes_demo:/home/pi/Legacy/URC-2026/embedded_ros2_ws/install/drive:/home/pi/Legacy/Testing/ros2_ws/install/rover_motor_command:/opt/ros/humble /usr/bin/cmake --build /home/pi/Legacy/URC-2026/drive_ros2_ws/build/drive_teleop -- -j4 -l4
[37.382s] DEBUG:colcon.colcon_core.event_handler.log_command:Invoking command in '/home/pi/Legacy/URC-2026/drive_ros2_ws/build/drive_teleop': CMAKE_PREFIX_PATH=${CMAKE_PREFIX_PATH}:/home/pi/Legacy/URC-2026/drive_ros2_ws/install/drive_manager:/home/pi/Legacy/URC-2026/embedded_ros2_ws/install/serializer_nodes_demo:/home/pi/Legacy/URC-2026/embedded_ros2_ws/install/drive:/home/pi/Legacy/Testing/ros2_ws/install/rover_motor_command:/opt/ros/humble /usr/bin/cmake --install /home/pi/Legacy/URC-2026/drive_ros2_ws/build/drive_teleop
[37.748s] Level 1:colcon.colcon_core.environment:create_environment_scripts_only(drive_teleop)
[37.750s] DEBUG:colcon.colcon_core.event_handler.log_command:Invoked command in '/home/pi/Legacy/URC-2026/drive_ros2_ws/build/drive_teleop' returned '0': CMAKE_PREFIX_PATH=${CMAKE_PREFIX_PATH}:/home/pi/Legacy/URC-2026/drive_ros2_ws/install/drive_manager:/home/pi/Legacy/URC-2026/embedded_ros2_ws/install/serializer_nodes_demo:/home/pi/Legacy/URC-2026/embedded_ros2_ws/install/drive:/home/pi/Legacy/Testing/ros2_ws/install/rover_motor_command:/opt/ros/humble /usr/bin/cmake --install /home/pi/Legacy/URC-2026/drive_ros2_ws/build/drive_teleop
[37.762s] Level 1:colcon.colcon_core.environment:checking '/home/pi/Legacy/URC-2026/drive_ros2_ws/install/drive_teleop' for CMake module files
[37.766s] Level 1:colcon.colcon_core.environment:checking '/home/pi/Legacy/URC-2026/drive_ros2_ws/install/drive_teleop' for CMake config files
[37.770s] Level 1:colcon.colcon_core.shell:create_environment_hook('drive_teleop', 'cmake_prefix_path')
[37.771s] INFO:colcon.colcon_core.shell:Creating environment hook '/home/pi/Legacy/URC-2026/drive_ros2_ws/install/drive_teleop/share/drive_teleop/hook/cmake_prefix_path.ps1'
[37.773s] INFO:colcon.colcon_core.shell:Creating environment descriptor '/home/pi/Legacy/URC-2026/drive_ros2_ws/install/drive_teleop/share/drive_teleop/hook/cmake_prefix_path.dsv'
[37.776s] INFO:colcon.colcon_core.shell:Creating environment hook '/home/pi/Legacy/URC-2026/drive_ros2_ws/install/drive_teleop/share/drive_teleop/hook/cmake_prefix_path.sh'
[37.780s] Level 1:colcon.colcon_core.environment:checking '/home/pi/Legacy/URC-2026/drive_ros2_ws/install/drive_teleop/lib'
[37.781s] Level 1:colcon.colcon_core.shell:create_environment_hook('drive_teleop', 'ld_library_path_lib')
[37.782s] INFO:colcon.colcon_core.shell:Creating environment hook '/home/pi/Legacy/URC-2026/drive_ros2_ws/install/drive_teleop/share/drive_teleop/hook/ld_library_path_lib.ps1'
[37.784s] INFO:colcon.colcon_core.shell:Creating environment descriptor '/home/pi/Legacy/URC-2026/drive_ros2_ws/install/drive_teleop/share/drive_teleop/hook/ld_library_path_lib.dsv'
[37.786s] INFO:colcon.colcon_core.shell:Creating environment hook '/home/pi/Legacy/URC-2026/drive_ros2_ws/install/drive_teleop/share/drive_teleop/hook/ld_library_path_lib.sh'
[37.788s] Level 1:colcon.colcon_core.environment:checking '/home/pi/Legacy/URC-2026/drive_ros2_ws/install/drive_teleop/bin'
[37.788s] Level 1:colcon.colcon_core.environment:checking '/home/pi/Legacy/URC-2026/drive_ros2_ws/install/drive_teleop/lib/pkgconfig/drive_teleop.pc'
[37.789s] Level 1:colcon.colcon_core.environment:checking '/home/pi/Legacy/URC-2026/drive_ros2_ws/install/drive_teleop/lib/python3.10/site-packages'
[37.791s] Level 1:colcon.colcon_core.environment:checking '/home/pi/Legacy/URC-2026/drive_ros2_ws/install/drive_teleop/bin'
[37.792s] INFO:colcon.colcon_core.shell:Creating package script '/home/pi/Legacy/URC-2026/drive_ros2_ws/install/drive_teleop/share/drive_teleop/package.ps1'
[37.796s] INFO:colcon.colcon_core.shell:Creating package descriptor '/home/pi/Legacy/URC-2026/drive_ros2_ws/install/drive_teleop/share/drive_teleop/package.dsv'
[37.799s] INFO:colcon.colcon_core.shell:Creating package script '/home/pi/Legacy/URC-2026/drive_ros2_ws/install/drive_teleop/share/drive_teleop/package.sh'
[37.802s] INFO:colcon.colcon_core.shell:Creating package script '/home/pi/Legacy/URC-2026/drive_ros2_ws/install/drive_teleop/share/drive_teleop/package.bash'
[37.806s] INFO:colcon.colcon_core.shell:Creating package script '/home/pi/Legacy/URC-2026/drive_ros2_ws/install/drive_teleop/share/drive_teleop/package.zsh'
[37.810s] Level 1:colcon.colcon_core.environment:create_file_with_runtime_dependencies(/home/pi/Legacy/URC-2026/drive_ros2_ws/install/drive_teleop/share/colcon-core/packages/drive_teleop)
[37.813s] Level 1:colcon.colcon_core.environment:create_environment_scripts_only(drive_teleop)
[37.814s] Level 1:colcon.colcon_core.environment:checking '/home/pi/Legacy/URC-2026/drive_ros2_ws/install/drive_teleop' for CMake module files
[37.819s] Level 1:colcon.colcon_core.environment:checking '/home/pi/Legacy/URC-2026/drive_ros2_ws/install/drive_teleop' for CMake config files
[37.822s] Level 1:colcon.colcon_core.shell:create_environment_hook('drive_teleop', 'cmake_prefix_path')
[37.823s] INFO:colcon.colcon_core.shell:Creating environment hook '/home/pi/Legacy/URC-2026/drive_ros2_ws/install/drive_teleop/share/drive_teleop/hook/cmake_prefix_path.ps1'
[37.825s] INFO:colcon.colcon_core.shell:Creating environment descriptor '/home/pi/Legacy/URC-2026/drive_ros2_ws/install/drive_teleop/share/drive_teleop/hook/cmake_prefix_path.dsv'
[37.827s] INFO:colcon.colcon_core.shell:Creating environment hook '/home/pi/Legacy/URC-2026/drive_ros2_ws/install/drive_teleop/share/drive_teleop/hook/cmake_prefix_path.sh'
[37.830s] Level 1:colcon.colcon_core.environment:checking '/home/pi/Legacy/URC-2026/drive_ros2_ws/install/drive_teleop/lib'
[37.830s] Level 1:colcon.colcon_core.shell:create_environment_hook('drive_teleop', 'ld_library_path_lib')
[37.831s] INFO:colcon.colcon_core.shell:Creating environment hook '/home/pi/Legacy/URC-2026/drive_ros2_ws/install/drive_teleop/share/drive_teleop/hook/ld_library_path_lib.ps1'
[37.833s] INFO:colcon.colcon_core.shell:Creating environment descriptor '/home/pi/Legacy/URC-2026/drive_ros2_ws/install/drive_teleop/share/drive_teleop/hook/ld_library_path_lib.dsv'
[37.835s] INFO:colcon.colcon_core.shell:Creating environment hook '/home/pi/Legacy/URC-2026/drive_ros2_ws/install/drive_teleop/share/drive_teleop/hook/ld_library_path_lib.sh'
[37.837s] Level 1:colcon.colcon_core.environment:checking '/home/pi/Legacy/URC-2026/drive_ros2_ws/install/drive_teleop/bin'
[37.838s] Level 1:colcon.colcon_core.environment:checking '/home/pi/Legacy/URC-2026/drive_ros2_ws/install/drive_teleop/lib/pkgconfig/drive_teleop.pc'
[37.839s] Level 1:colcon.colcon_core.environment:checking '/home/pi/Legacy/URC-2026/drive_ros2_ws/install/drive_teleop/lib/python3.10/site-packages'
[37.841s] Level 1:colcon.colcon_core.environment:checking '/home/pi/Legacy/URC-2026/drive_ros2_ws/install/drive_teleop/bin'
[37.842s] INFO:colcon.colcon_core.shell:Creating package script '/home/pi/Legacy/URC-2026/drive_ros2_ws/install/drive_teleop/share/drive_teleop/package.ps1'
[37.845s] INFO:colcon.colcon_core.shell:Creating package descriptor '/home/pi/Legacy/URC-2026/drive_ros2_ws/install/drive_teleop/share/drive_teleop/package.dsv'
[37.848s] INFO:colcon.colcon_core.shell:Creating package script '/home/pi/Legacy/URC-2026/drive_ros2_ws/install/drive_teleop/share/drive_teleop/package.sh'
[37.850s] INFO:colcon.colcon_core.shell:Creating package script '/home/pi/Legacy/URC-2026/drive_ros2_ws/install/drive_teleop/share/drive_teleop/package.bash'
[37.852s] INFO:colcon.colcon_core.shell:Creating package script '/home/pi/Legacy/URC-2026/drive_ros2_ws/install/drive_teleop/share/drive_teleop/package.zsh'
[37.854s] Level 1:colcon.colcon_core.environment:create_file_with_runtime_dependencies(/home/pi/Legacy/URC-2026/drive_ros2_ws/install/drive_teleop/share/colcon-core/packages/drive_teleop)
[37.856s] INFO:colcon.colcon_ros.task.ament_python.build:Building ROS package in '/home/pi/Legacy/URC-2026/drive_ros2_ws/src/drive' with build type 'ament_python'
[37.857s] Level 1:colcon.colcon_core.shell:create_environment_hook('drive_manager', 'ament_prefix_path')
[37.858s] INFO:colcon.colcon_core.shell:Creating environment hook '/home/pi/Legacy/URC-2026/drive_ros2_ws/install/drive_manager/share/drive_manager/hook/ament_prefix_path.ps1'
[37.861s] INFO:colcon.colcon_core.shell:Creating environment descriptor '/home/pi/Legacy/URC-2026/drive_ros2_ws/install/drive_manager/share/drive_manager/hook/ament_prefix_path.dsv'
[37.863s] INFO:colcon.colcon_core.shell:Creating environment hook '/home/pi/Legacy/URC-2026/drive_ros2_ws/install/drive_manager/share/drive_manager/hook/ament_prefix_path.sh'
[37.866s] INFO:colcon.colcon_core.shell:Skip shell extension 'powershell' for command environment: Not usable outside of PowerShell
[37.866s] DEBUG:colcon.colcon_core.shell:Skip shell extension 'dsv' for command environment
[39.056s] INFO:colcon.colcon_core.task.python.build:Building Python package in '/home/pi/Legacy/URC-2026/drive_ros2_ws/src/drive'
[39.057s] INFO:colcon.colcon_core.shell:Skip shell extension 'powershell' for command environment: Not usable outside of PowerShell
[39.058s] DEBUG:colcon.colcon_core.shell:Skip shell extension 'dsv' for command environment
[40.711s] DEBUG:colcon.colcon_core.event_handler.log_command:Invoking command in '/home/pi/Legacy/URC-2026/drive_ros2_ws/src/drive': PYTHONPATH=/home/pi/Legacy/URC-2026/drive_ros2_ws/build/drive_manager/prefix_override:/usr/lib/python3/dist-packages/colcon_core/task/python/colcon_distutils_commands:/home/pi/Legacy/URC-2026/drive_ros2_ws/install/drive_manager/lib/python3.10/site-packages:${PYTHONPATH} /usr/bin/python3 -W ignore:setup.py install is deprecated -W ignore:easy_install command is deprecated setup.py egg_info --egg-base ../../build/drive_manager build --build-base /home/pi/Legacy/URC-2026/drive_ros2_ws/build/drive_manager/build install --record /home/pi/Legacy/URC-2026/drive_ros2_ws/build/drive_manager/install.log --single-version-externally-managed install_data
[42.020s] Level 1:colcon.colcon_core.environment:checking '/home/pi/Legacy/URC-2026/drive_ros2_ws/install/drive_manager' for CMake module files
[42.022s] DEBUG:colcon.colcon_core.event_handler.log_command:Invoked command in '/home/pi/Legacy/URC-2026/drive_ros2_ws/src/drive' returned '0': PYTHONPATH=/home/pi/Legacy/URC-2026/drive_ros2_ws/build/drive_manager/prefix_override:/usr/lib/python3/dist-packages/colcon_core/task/python/colcon_distutils_commands:/home/pi/Legacy/URC-2026/drive_ros2_ws/install/drive_manager/lib/python3.10/site-packages:${PYTHONPATH} /usr/bin/python3 -W ignore:setup.py install is deprecated -W ignore:easy_install command is deprecated setup.py egg_info --egg-base ../../build/drive_manager build --build-base /home/pi/Legacy/URC-2026/drive_ros2_ws/build/drive_manager/build install --record /home/pi/Legacy/URC-2026/drive_ros2_ws/build/drive_manager/install.log --single-version-externally-managed install_data
[42.024s] Level 1:colcon.colcon_core.environment:checking '/home/pi/Legacy/URC-2026/drive_ros2_ws/install/drive_manager' for CMake config files
[42.028s] Level 1:colcon.colcon_core.environment:checking '/home/pi/Legacy/URC-2026/drive_ros2_ws/install/drive_manager/lib'
[42.028s] Level 1:colcon.colcon_core.environment:checking '/home/pi/Legacy/URC-2026/drive_ros2_ws/install/drive_manager/bin'
[42.028s] Level 1:colcon.colcon_core.environment:checking '/home/pi/Legacy/URC-2026/drive_ros2_ws/install/drive_manager/lib/pkgconfig/drive_manager.pc'
[42.029s] Level 1:colcon.colcon_core.environment:checking '/home/pi/Legacy/URC-2026/drive_ros2_ws/install/drive_manager/lib/python3.10/site-packages'
[42.030s] Level 1:colcon.colcon_core.shell:create_environment_hook('drive_manager', 'pythonpath')
[42.031s] INFO:colcon.colcon_core.shell:Creating environment hook '/home/pi/Legacy/URC-2026/drive_ros2_ws/install/drive_manager/share/drive_manager/hook/pythonpath.ps1'
[42.033s] INFO:colcon.colcon_core.shell:Creating environment descriptor '/home/pi/Legacy/URC-2026/drive_ros2_ws/install/drive_manager/share/drive_manager/hook/pythonpath.dsv'
[42.035s] INFO:colcon.colcon_core.shell:Creating environment hook '/home/pi/Legacy/URC-2026/drive_ros2_ws/install/drive_manager/share/drive_manager/hook/pythonpath.sh'
[42.039s] Level 1:colcon.colcon_core.environment:checking '/home/pi/Legacy/URC-2026/drive_ros2_ws/install/drive_manager/bin'
[42.039s] Level 1:colcon.colcon_core.environment:create_environment_scripts_only(drive_manager)
[42.041s] INFO:colcon.colcon_core.shell:Creating package script '/home/pi/Legacy/URC-2026/drive_ros2_ws/install/drive_manager/share/drive_manager/package.ps1'
[42.043s] INFO:colcon.colcon_core.shell:Creating package descriptor '/home/pi/Legacy/URC-2026/drive_ros2_ws/install/drive_manager/share/drive_manager/package.dsv'
[42.045s] INFO:colcon.colcon_core.shell:Creating package script '/home/pi/Legacy/URC-2026/drive_ros2_ws/install/drive_manager/share/drive_manager/package.sh'
[42.048s] INFO:colcon.colcon_core.shell:Creating package script '/home/pi/Legacy/URC-2026/drive_ros2_ws/install/drive_manager/share/drive_manager/package.bash'
[42.050s] INFO:colcon.colcon_core.shell:Creating package script '/home/pi/Legacy/URC-2026/drive_ros2_ws/install/drive_manager/share/drive_manager/package.zsh'
[42.051s] Level 1:colcon.colcon_core.environment:create_file_with_runtime_dependencies(/home/pi/Legacy/URC-2026/drive_ros2_ws/install/drive_manager/share/colcon-core/packages/drive_manager)
[42.053s] DEBUG:colcon.colcon_parallel_executor.executor.parallel:closing loop
[42.054s] DEBUG:colcon.colcon_parallel_executor.executor.parallel:loop closed
[42.054s] DEBUG:colcon.colcon_parallel_executor.executor.parallel:run_until_complete finished with '0'
[42.054s] DEBUG:colcon.colcon_core.event_reactor:joining thread
[42.080s] INFO:colcon.colcon_core.plugin_system:Skipping extension 'colcon_notification.desktop_notification.notify_send': Could not find 'notify-send'
[42.080s] INFO:colcon.colcon_core.plugin_system:Skipping extension 'colcon_notification.desktop_notification.terminal_notifier': Not used on non-Darwin systems
[42.081s] INFO:colcon.colcon_core.plugin_system:Skipping extension 'colcon_notification.desktop_notification.win32': Not used on non-Windows systems
[42.081s] INFO:colcon.colcon_notification.desktop_notification:Sending desktop notification using 'notify2'
[42.084s] DEBUG:colcon.colcon_notification.desktop_notification.notify2:Failed to initialize notify2: org.freedesktop.DBus.Error.ServiceUnknown: The name org.freedesktop.Notifications was not provided by any .service files
[42.084s] DEBUG:colcon.colcon_core.event_reactor:joined thread
[42.085s] INFO:colcon.colcon_core.shell:Creating prefix script '/home/pi/Legacy/URC-2026/drive_ros2_ws/install/local_setup.ps1'
[42.089s] INFO:colcon.colcon_core.shell:Creating prefix util module '/home/pi/Legacy/URC-2026/drive_ros2_ws/install/_local_setup_util_ps1.py'
[42.097s] INFO:colcon.colcon_core.shell:Creating prefix chain script '/home/pi/Legacy/URC-2026/drive_ros2_ws/install/setup.ps1'
[42.108s] INFO:colcon.colcon_core.shell:Creating prefix script '/home/pi/Legacy/URC-2026/drive_ros2_ws/install/local_setup.sh'
[42.110s] INFO:colcon.colcon_core.shell:Creating prefix util module '/home/pi/Legacy/URC-2026/drive_ros2_ws/install/_local_setup_util_sh.py'
[42.113s] INFO:colcon.colcon_core.shell:Creating prefix chain script '/home/pi/Legacy/URC-2026/drive_ros2_ws/install/setup.sh'
[42.122s] INFO:colcon.colcon_core.shell:Creating prefix script '/home/pi/Legacy/URC-2026/drive_ros2_ws/install/local_setup.bash'
[42.124s] INFO:colcon.colcon_core.shell:Creating prefix chain script '/home/pi/Legacy/URC-2026/drive_ros2_ws/install/setup.bash'
[42.133s] INFO:colcon.colcon_core.shell:Creating prefix script '/home/pi/Legacy/URC-2026/drive_ros2_ws/install/local_setup.zsh'
[42.136s] INFO:colcon.colcon_core.shell:Creating prefix chain script '/home/pi/Legacy/URC-2026/drive_ros2_ws/install/setup.zsh'
