-- The C compiler identification is GNU 11.4.0
-- The CXX compiler identification is GNU 11.4.0
-- Detecting C compiler ABI info
-- Detecting C compiler ABI info - done
-- Check for working C compiler: /usr/bin/cc - skipped
-- Detecting C compile features
-- Detecting C compile features - done
-- Detecting CXX compiler ABI info
-- Detecting CXX compiler ABI info - done
-- Check for working CXX compiler: /usr/bin/c++ - skipped
-- Detecting CXX compile features
-- Detecting CXX compile features - done
-- Found ament_cmake: 1.3.12 (/opt/ros/humble/share/ament_cmake/cmake)
-- Found Python3: /usr/bin/python3 (found version "3.10.12") found components: Interpreter 
-- Found rclcpp: 16.0.17 (/opt/ros/humble/share/rclcpp/cmake)
-- Found rosidl_generator_c: 3.1.8 (/opt/ros/humble/share/rosidl_generator_c/cmake)
-- Found rosidl_adapter: 3.1.8 (/opt/ros/humble/share/rosidl_adapter/cmake)
-- Found rosidl_generator_cpp: 3.1.8 (/opt/ros/humble/share/rosidl_generator_cpp/cmake)
-- Using all available rosidl_typesupport_c: rosidl_typesupport_fastrtps_c;rosidl_typesupport_introspection_c
-- Using all available rosidl_typesupport_cpp: rosidl_typesupport_fastrtps_cpp;rosidl_typesupport_introspection_cpp
-- Found rmw_implementation_cmake: 6.1.2 (/opt/ros/humble/share/rmw_implementation_cmake/cmake)
-- Found rmw_fastrtps_cpp: 6.2.9 (/opt/ros/humble/share/rmw_fastrtps_cpp/cmake)
-- Found OpenSSL: /usr/lib/aarch64-linux-gnu/libcrypto.so (found version "3.0.2")  
-- Found FastRTPS: /opt/ros/humble/include  
-- Using RMW implementation 'rmw_fastrtps_cpp' as default
-- Looking for pthread.h
-- Looking for pthread.h - found
-- Performing Test CMAKE_HAVE_LIBC_PTHREAD
-- Performing Test CMAKE_HAVE_LIBC_PTHREAD - Success
-- Found Threads: TRUE  
-- Found rosidl_default_generators: 1.2.0 (/opt/ros/humble/share/rosidl_default_generators/cmake)
-- Found std_srvs: 4.9.0 (/opt/ros/humble/share/std_srvs/cmake)
-- Found ament_cmake_ros: 0.10.0 (/opt/ros/humble/share/ament_cmake_ros/cmake)
-- Using all available rosidl_typesupport_c: rosidl_typesupport_fastrtps_c;rosidl_typesupport_introspection_c
-- Using all available rosidl_typesupport_cpp: rosidl_typesupport_fastrtps_cpp;rosidl_typesupport_introspection_cpp
-- Found PythonInterp: /usr/bin/python3 (found suitable version "3.10.12", minimum required is "3.6") 
-- Found python_cmake_module: 0.10.0 (/opt/ros/humble/share/python_cmake_module/cmake)
-- Found PythonLibs: /usr/lib/aarch64-linux-gnu/libpython3.10.so (found suitable version "3.10.12", minimum required is "3.5") 
-- Using PYTHON_EXECUTABLE: /usr/bin/python3
-- Using PYTHON_INCLUDE_DIRS: /usr/include/python3.10
-- Using PYTHON_LIBRARIES: /usr/lib/aarch64-linux-gnu/libpython3.10.so
-- Found PythonExtra: .so  
-- Configuring done
-- Generating done
-- Build files have been written to: /home/pi/Legacy/URC-2026/embedded_ros2_ws/build/stepper_can
[  1%] [34m[1mGenerating C++ code for ROS interfaces[0m
[  1%] Built target stepper_can__cpp
[  1%] Built target ament_cmake_python_copy_stepper_can
[  3%] [34m[1mGenerating C++ type support for eProsima Fast-RTPS[0m
[  5%] [32mBuilding CXX object CMakeFiles/stepper_can__rosidl_typesupport_fastrtps_cpp.dir/rosidl_typesupport_fastrtps_cpp/stepper_can/msg/detail/dds_fastrtps/control_message__type_support.cpp.o[0m
[  6%] [32mBuilding CXX object CMakeFiles/stepper_can__rosidl_typesupport_fastrtps_cpp.dir/rosidl_typesupport_fastrtps_cpp/stepper_can/msg/detail/dds_fastrtps/controller_status__type_support.cpp.o[0m
[  8%] [32mBuilding CXX object CMakeFiles/stepper_can__rosidl_typesupport_fastrtps_cpp.dir/rosidl_typesupport_fastrtps_cpp/stepper_can/msg/detail/dds_fastrtps/o_drive_status__type_support.cpp.o[0m
[ 10%] [32mBuilding CXX object CMakeFiles/stepper_can__rosidl_typesupport_fastrtps_cpp.dir/rosidl_typesupport_fastrtps_cpp/stepper_can/srv/detail/dds_fastrtps/axis_state__type_support.cpp.o[0m
[ 11%] [32m[1mLinking CXX shared library libstepper_can__rosidl_typesupport_fastrtps_cpp.so[0m
[ 11%] Built target stepper_can__rosidl_typesupport_fastrtps_cpp
[ 13%] [34m[1mGenerating C++ introspection for ROS interfaces[0m
[ 15%] [32mBuilding CXX object CMakeFiles/stepper_can__rosidl_typesupport_introspection_cpp.dir/rosidl_typesupport_introspection_cpp/stepper_can/msg/detail/control_message__type_support.cpp.o[0m
[ 16%] [32mBuilding CXX object CMakeFiles/stepper_can__rosidl_typesupport_introspection_cpp.dir/rosidl_typesupport_introspection_cpp/stepper_can/msg/detail/controller_status__type_support.cpp.o[0m
[ 18%] [32mBuilding CXX object CMakeFiles/stepper_can__rosidl_typesupport_introspection_cpp.dir/rosidl_typesupport_introspection_cpp/stepper_can/msg/detail/o_drive_status__type_support.cpp.o[0m
[ 20%] [32mBuilding CXX object CMakeFiles/stepper_can__rosidl_typesupport_introspection_cpp.dir/rosidl_typesupport_introspection_cpp/stepper_can/srv/detail/axis_state__type_support.cpp.o[0m
[ 21%] [32m[1mLinking CXX shared library libstepper_can__rosidl_typesupport_introspection_cpp.so[0m
[ 21%] Built target stepper_can__rosidl_typesupport_introspection_cpp
running egg_info
creating stepper_can.egg-info
writing stepper_can.egg-info/PKG-INFO
writing dependency_links to stepper_can.egg-info/dependency_links.txt
writing top-level names to stepper_can.egg-info/top_level.txt
writing manifest file 'stepper_can.egg-info/SOURCES.txt'
reading manifest file 'stepper_can.egg-info/SOURCES.txt'
writing manifest file 'stepper_can.egg-info/SOURCES.txt'
[ 21%] Built target ament_cmake_python_build_stepper_can_egg
[ 23%] [34m[1mGenerating C++ type support dispatch for ROS interfaces[0m
[ 25%] [32mBuilding CXX object CMakeFiles/stepper_can__rosidl_typesupport_cpp.dir/rosidl_typesupport_cpp/stepper_can/msg/control_message__type_support.cpp.o[0m
[ 26%] [32mBuilding CXX object CMakeFiles/stepper_can__rosidl_typesupport_cpp.dir/rosidl_typesupport_cpp/stepper_can/msg/o_drive_status__type_support.cpp.o[0m
[ 28%] [32mBuilding CXX object CMakeFiles/stepper_can__rosidl_typesupport_cpp.dir/rosidl_typesupport_cpp/stepper_can/srv/axis_state__type_support.cpp.o[0m
[ 30%] [32mBuilding CXX object CMakeFiles/stepper_can__rosidl_typesupport_cpp.dir/rosidl_typesupport_cpp/stepper_can/msg/controller_status__type_support.cpp.o[0m
[ 31%] [32m[1mLinking CXX shared library libstepper_can__rosidl_typesupport_cpp.so[0m
[ 31%] Built target stepper_can__rosidl_typesupport_cpp
[ 33%] [34m[1mGenerating C code for ROS interfaces[0m
[ 35%] [32mBuilding C object CMakeFiles/stepper_can__rosidl_generator_c.dir/rosidl_generator_c/stepper_can/msg/detail/control_message__functions.c.o[0m
[ 36%] [32mBuilding C object CMakeFiles/stepper_can__rosidl_generator_c.dir/rosidl_generator_c/stepper_can/msg/detail/o_drive_status__functions.c.o[0m
[ 38%] [32mBuilding C object CMakeFiles/stepper_can__rosidl_generator_c.dir/rosidl_generator_c/stepper_can/srv/detail/axis_state__functions.c.o[0m
[ 40%] [32mBuilding C object CMakeFiles/stepper_can__rosidl_generator_c.dir/rosidl_generator_c/stepper_can/msg/detail/controller_status__functions.c.o[0m
[ 41%] [32m[1mLinking C shared library libstepper_can__rosidl_generator_c.so[0m
[ 41%] Built target stepper_can__rosidl_generator_c
[ 43%] [32mBuilding CXX object CMakeFiles/stepper_can_node.dir/home/pi/Legacy/URC-2026/embedded_ros2_ws/src/stepper/can_base/src/epoll_event_loop.cpp.o[0m
[ 45%] [32mBuilding CXX object CMakeFiles/stepper_can_node.dir/home/pi/Legacy/URC-2026/embedded_ros2_ws/src/stepper/can_base/src/socket_can.cpp.o[0m
[ 46%] [32mBuilding CXX object CMakeFiles/stepper_can_node.dir/src/stepper_can_node.cpp.o[0m
[ 48%] [32mBuilding CXX object CMakeFiles/stepper_can_node.dir/src/main.cpp.o[0m
[ 50%] [32m[1mLinking CXX executable stepper_can_node[0m
[ 50%] Built target stepper_can_node
[ 51%] [34m[1mGenerating C type support dispatch for ROS interfaces[0m
[ 53%] [34m[1mGenerating C introspection for ROS interfaces[0m
[ 55%] [34m[1mGenerating C type support for eProsima Fast-RTPS[0m
[ 56%] [32mBuilding CXX object CMakeFiles/stepper_can__rosidl_typesupport_c.dir/rosidl_typesupport_c/stepper_can/msg/control_message__type_support.cpp.o[0m
[ 58%] [32mBuilding CXX object CMakeFiles/stepper_can__rosidl_typesupport_c.dir/rosidl_typesupport_c/stepper_can/msg/controller_status__type_support.cpp.o[0m
[ 60%] [32mBuilding CXX object CMakeFiles/stepper_can__rosidl_typesupport_c.dir/rosidl_typesupport_c/stepper_can/msg/o_drive_status__type_support.cpp.o[0m
[ 61%] [32mBuilding CXX object CMakeFiles/stepper_can__rosidl_typesupport_c.dir/rosidl_typesupport_c/stepper_can/srv/axis_state__type_support.cpp.o[0m
[ 63%] [32m[1mLinking CXX shared library libstepper_can__rosidl_typesupport_c.so[0m
[ 65%] [32mBuilding C object CMakeFiles/stepper_can__rosidl_typesupport_introspection_c.dir/rosidl_typesupport_introspection_c/stepper_can/msg/detail/control_message__type_support.c.o[0m
[ 66%] [32mBuilding C object CMakeFiles/stepper_can__rosidl_typesupport_introspection_c.dir/rosidl_typesupport_introspection_c/stepper_can/msg/detail/controller_status__type_support.c.o[0m
[ 68%] [32mBuilding CXX object CMakeFiles/stepper_can__rosidl_typesupport_fastrtps_c.dir/rosidl_typesupport_fastrtps_c/stepper_can/msg/detail/control_message__type_support_c.cpp.o[0m
[ 68%] Built target stepper_can__rosidl_typesupport_c
[ 70%] [32mBuilding CXX object CMakeFiles/stepper_can__rosidl_typesupport_fastrtps_c.dir/rosidl_typesupport_fastrtps_c/stepper_can/msg/detail/controller_status__type_support_c.cpp.o[0m
[ 71%] [32mBuilding CXX object CMakeFiles/stepper_can__rosidl_typesupport_fastrtps_c.dir/rosidl_typesupport_fastrtps_c/stepper_can/msg/detail/o_drive_status__type_support_c.cpp.o[0m
[ 73%] [32mBuilding C object CMakeFiles/stepper_can__rosidl_typesupport_introspection_c.dir/rosidl_typesupport_introspection_c/stepper_can/msg/detail/o_drive_status__type_support.c.o[0m
[ 75%] [32mBuilding C object CMakeFiles/stepper_can__rosidl_typesupport_introspection_c.dir/rosidl_typesupport_introspection_c/stepper_can/srv/detail/axis_state__type_support.c.o[0m
[ 76%] [32m[1mLinking C shared library libstepper_can__rosidl_typesupport_introspection_c.so[0m
[ 76%] Built target stepper_can__rosidl_typesupport_introspection_c
[ 78%] [32mBuilding CXX object CMakeFiles/stepper_can__rosidl_typesupport_fastrtps_c.dir/rosidl_typesupport_fastrtps_c/stepper_can/srv/detail/axis_state__type_support_c.cpp.o[0m
[ 80%] [32m[1mLinking CXX shared library libstepper_can__rosidl_typesupport_fastrtps_c.so[0m
[ 80%] Built target stepper_can__rosidl_typesupport_fastrtps_c
[ 80%] Built target stepper_can
[ 81%] [34m[1mGenerating Python code for ROS interfaces[0m
[ 81%] Built target stepper_can__py
[ 83%] [32mBuilding C object CMakeFiles/stepper_can__rosidl_generator_py.dir/rosidl_generator_py/stepper_can/msg/_control_message_s.c.o[0m
[ 85%] [32mBuilding C object CMakeFiles/stepper_can__rosidl_generator_py.dir/rosidl_generator_py/stepper_can/msg/_controller_status_s.c.o[0m
[ 86%] [32mBuilding C object CMakeFiles/stepper_can__rosidl_generator_py.dir/rosidl_generator_py/stepper_can/msg/_o_drive_status_s.c.o[0m
[ 88%] [32mBuilding C object CMakeFiles/stepper_can__rosidl_generator_py.dir/rosidl_generator_py/stepper_can/srv/_axis_state_s.c.o[0m
[ 90%] [32m[1mLinking C shared library rosidl_generator_py/stepper_can/libstepper_can__rosidl_generator_py.so[0m
[ 90%] Built target stepper_can__rosidl_generator_py
[ 91%] [32mBuilding C object CMakeFiles/stepper_can__rosidl_typesupport_fastrtps_c__pyext.dir/rosidl_generator_py/stepper_can/_stepper_can_s.ep.rosidl_typesupport_fastrtps_c.c.o[0m
[ 93%] [32mBuilding C object CMakeFiles/stepper_can__rosidl_typesupport_introspection_c__pyext.dir/rosidl_generator_py/stepper_can/_stepper_can_s.ep.rosidl_typesupport_introspection_c.c.o[0m
[ 95%] [32mBuilding C object CMakeFiles/stepper_can__rosidl_typesupport_c__pyext.dir/rosidl_generator_py/stepper_can/_stepper_can_s.ep.rosidl_typesupport_c.c.o[0m
[ 96%] [32m[1mLinking C shared library rosidl_generator_py/stepper_can/stepper_can_s__rosidl_typesupport_fastrtps_c.cpython-310-aarch64-linux-gnu.so[0m
[ 98%] [32m[1mLinking C shared library rosidl_generator_py/stepper_can/stepper_can_s__rosidl_typesupport_introspection_c.cpython-310-aarch64-linux-gnu.so[0m
[ 98%] Built target stepper_can__rosidl_typesupport_fastrtps_c__pyext
[100%] [32m[1mLinking C shared library rosidl_generator_py/stepper_can/stepper_can_s__rosidl_typesupport_c.cpython-310-aarch64-linux-gnu.so[0m
[100%] Built target stepper_can__rosidl_typesupport_introspection_c__pyext
[100%] Built target stepper_can__rosidl_typesupport_c__pyext
-- Install configuration: ""
-- Installing: /home/pi/Legacy/URC-2026/embedded_ros2_ws/install/stepper_can/share/ament_index/resource_index/rosidl_interfaces/stepper_can
-- Installing: /home/pi/Legacy/URC-2026/embedded_ros2_ws/install/stepper_can/include/stepper_can/stepper_can
-- Installing: /home/pi/Legacy/URC-2026/embedded_ros2_ws/install/stepper_can/include/stepper_can/stepper_can/msg
-- Installing: /home/pi/Legacy/URC-2026/embedded_ros2_ws/install/stepper_can/include/stepper_can/stepper_can/msg/o_drive_status.h
-- Installing: /home/pi/Legacy/URC-2026/embedded_ros2_ws/install/stepper_can/include/stepper_can/stepper_can/msg/controller_status.h
-- Installing: /home/pi/Legacy/URC-2026/embedded_ros2_ws/install/stepper_can/include/stepper_can/stepper_can/msg/control_message.h
-- Installing: /home/pi/Legacy/URC-2026/embedded_ros2_ws/install/stepper_can/include/stepper_can/stepper_can/msg/rosidl_generator_c__visibility_control.h
-- Installing: /home/pi/Legacy/URC-2026/embedded_ros2_ws/install/stepper_can/include/stepper_can/stepper_can/msg/detail
-- Installing: /home/pi/Legacy/URC-2026/embedded_ros2_ws/install/stepper_can/include/stepper_can/stepper_can/msg/detail/control_message__functions.c
-- Installing: /home/pi/Legacy/URC-2026/embedded_ros2_ws/install/stepper_can/include/stepper_can/stepper_can/msg/detail/o_drive_status__functions.c
-- Installing: /home/pi/Legacy/URC-2026/embedded_ros2_ws/install/stepper_can/include/stepper_can/stepper_can/msg/detail/controller_status__functions.c
-- Installing: /home/pi/Legacy/URC-2026/embedded_ros2_ws/install/stepper_can/include/stepper_can/stepper_can/msg/detail/o_drive_status__struct.h
-- Installing: /home/pi/Legacy/URC-2026/embedded_ros2_ws/install/stepper_can/include/stepper_can/stepper_can/msg/detail/o_drive_status__type_support.h
-- Installing: /home/pi/Legacy/URC-2026/embedded_ros2_ws/install/stepper_can/include/stepper_can/stepper_can/msg/detail/controller_status__functions.h
-- Installing: /home/pi/Legacy/URC-2026/embedded_ros2_ws/install/stepper_can/include/stepper_can/stepper_can/msg/detail/o_drive_status__functions.h
-- Installing: /home/pi/Legacy/URC-2026/embedded_ros2_ws/install/stepper_can/include/stepper_can/stepper_can/msg/detail/control_message__struct.h
-- Installing: /home/pi/Legacy/URC-2026/embedded_ros2_ws/install/stepper_can/include/stepper_can/stepper_can/msg/detail/control_message__type_support.h
-- Installing: /home/pi/Legacy/URC-2026/embedded_ros2_ws/install/stepper_can/include/stepper_can/stepper_can/msg/detail/controller_status__type_support.h
-- Installing: /home/pi/Legacy/URC-2026/embedded_ros2_ws/install/stepper_can/include/stepper_can/stepper_can/msg/detail/control_message__functions.h
-- Installing: /home/pi/Legacy/URC-2026/embedded_ros2_ws/install/stepper_can/include/stepper_can/stepper_can/msg/detail/controller_status__struct.h
-- Installing: /home/pi/Legacy/URC-2026/embedded_ros2_ws/install/stepper_can/include/stepper_can/stepper_can/srv
-- Installing: /home/pi/Legacy/URC-2026/embedded_ros2_ws/install/stepper_can/include/stepper_can/stepper_can/srv/axis_state.h
-- Installing: /home/pi/Legacy/URC-2026/embedded_ros2_ws/install/stepper_can/include/stepper_can/stepper_can/srv/detail
-- Installing: /home/pi/Legacy/URC-2026/embedded_ros2_ws/install/stepper_can/include/stepper_can/stepper_can/srv/detail/axis_state__struct.h
-- Installing: /home/pi/Legacy/URC-2026/embedded_ros2_ws/install/stepper_can/include/stepper_can/stepper_can/srv/detail/axis_state__functions.h
-- Installing: /home/pi/Legacy/URC-2026/embedded_ros2_ws/install/stepper_can/include/stepper_can/stepper_can/srv/detail/axis_state__type_support.h
-- Installing: /home/pi/Legacy/URC-2026/embedded_ros2_ws/install/stepper_can/include/stepper_can/stepper_can/srv/detail/axis_state__functions.c
-- Installing: /home/pi/Legacy/URC-2026/embedded_ros2_ws/install/stepper_can/share/stepper_can/environment/library_path.sh
-- Installing: /home/pi/Legacy/URC-2026/embedded_ros2_ws/install/stepper_can/share/stepper_can/environment/library_path.dsv
-- Installing: /home/pi/Legacy/URC-2026/embedded_ros2_ws/install/stepper_can/lib/libstepper_can__rosidl_generator_c.so
-- Set runtime path of "/home/pi/Legacy/URC-2026/embedded_ros2_ws/install/stepper_can/lib/libstepper_can__rosidl_generator_c.so" to ""
-- Up-to-date: /home/pi/Legacy/URC-2026/embedded_ros2_ws/install/stepper_can/include/stepper_can/stepper_can
-- Up-to-date: /home/pi/Legacy/URC-2026/embedded_ros2_ws/install/stepper_can/include/stepper_can/stepper_can/msg
-- Installing: /home/pi/Legacy/URC-2026/embedded_ros2_ws/install/stepper_can/include/stepper_can/stepper_can/msg/rosidl_typesupport_fastrtps_c__visibility_control.h
-- Up-to-date: /home/pi/Legacy/URC-2026/embedded_ros2_ws/install/stepper_can/include/stepper_can/stepper_can/msg/detail
-- Installing: /home/pi/Legacy/URC-2026/embedded_ros2_ws/install/stepper_can/include/stepper_can/stepper_can/msg/detail/controller_status__rosidl_typesupport_fastrtps_c.h
-- Installing: /home/pi/Legacy/URC-2026/embedded_ros2_ws/install/stepper_can/include/stepper_can/stepper_can/msg/detail/control_message__rosidl_typesupport_fastrtps_c.h
-- Installing: /home/pi/Legacy/URC-2026/embedded_ros2_ws/install/stepper_can/include/stepper_can/stepper_can/msg/detail/o_drive_status__rosidl_typesupport_fastrtps_c.h
-- Up-to-date: /home/pi/Legacy/URC-2026/embedded_ros2_ws/install/stepper_can/include/stepper_can/stepper_can/srv
-- Up-to-date: /home/pi/Legacy/URC-2026/embedded_ros2_ws/install/stepper_can/include/stepper_can/stepper_can/srv/detail
-- Installing: /home/pi/Legacy/URC-2026/embedded_ros2_ws/install/stepper_can/include/stepper_can/stepper_can/srv/detail/axis_state__rosidl_typesupport_fastrtps_c.h
-- Installing: /home/pi/Legacy/URC-2026/embedded_ros2_ws/install/stepper_can/lib/libstepper_can__rosidl_typesupport_fastrtps_c.so
-- Set runtime path of "/home/pi/Legacy/URC-2026/embedded_ros2_ws/install/stepper_can/lib/libstepper_can__rosidl_typesupport_fastrtps_c.so" to ""
-- Up-to-date: /home/pi/Legacy/URC-2026/embedded_ros2_ws/install/stepper_can/include/stepper_can/stepper_can
-- Up-to-date: /home/pi/Legacy/URC-2026/embedded_ros2_ws/install/stepper_can/include/stepper_can/stepper_can/msg
-- Installing: /home/pi/Legacy/URC-2026/embedded_ros2_ws/install/stepper_can/include/stepper_can/stepper_can/msg/controller_status.hpp
-- Installing: /home/pi/Legacy/URC-2026/embedded_ros2_ws/install/stepper_can/include/stepper_can/stepper_can/msg/control_message.hpp
-- Up-to-date: /home/pi/Legacy/URC-2026/embedded_ros2_ws/install/stepper_can/include/stepper_can/stepper_can/msg/detail
-- Installing: /home/pi/Legacy/URC-2026/embedded_ros2_ws/install/stepper_can/include/stepper_can/stepper_can/msg/detail/controller_status__type_support.hpp
-- Installing: /home/pi/Legacy/URC-2026/embedded_ros2_ws/install/stepper_can/include/stepper_can/stepper_can/msg/detail/control_message__type_support.hpp
-- Installing: /home/pi/Legacy/URC-2026/embedded_ros2_ws/install/stepper_can/include/stepper_can/stepper_can/msg/detail/controller_status__builder.hpp
-- Installing: /home/pi/Legacy/URC-2026/embedded_ros2_ws/install/stepper_can/include/stepper_can/stepper_can/msg/detail/o_drive_status__builder.hpp
-- Installing: /home/pi/Legacy/URC-2026/embedded_ros2_ws/install/stepper_can/include/stepper_can/stepper_can/msg/detail/control_message__traits.hpp
-- Installing: /home/pi/Legacy/URC-2026/embedded_ros2_ws/install/stepper_can/include/stepper_can/stepper_can/msg/detail/o_drive_status__traits.hpp
-- Installing: /home/pi/Legacy/URC-2026/embedded_ros2_ws/install/stepper_can/include/stepper_can/stepper_can/msg/detail/controller_status__traits.hpp
-- Installing: /home/pi/Legacy/URC-2026/embedded_ros2_ws/install/stepper_can/include/stepper_can/stepper_can/msg/detail/o_drive_status__struct.hpp
-- Installing: /home/pi/Legacy/URC-2026/embedded_ros2_ws/install/stepper_can/include/stepper_can/stepper_can/msg/detail/controller_status__struct.hpp
-- Installing: /home/pi/Legacy/URC-2026/embedded_ros2_ws/install/stepper_can/include/stepper_can/stepper_can/msg/detail/control_message__struct.hpp
-- Installing: /home/pi/Legacy/URC-2026/embedded_ros2_ws/install/stepper_can/include/stepper_can/stepper_can/msg/detail/o_drive_status__type_support.hpp
-- Installing: /home/pi/Legacy/URC-2026/embedded_ros2_ws/install/stepper_can/include/stepper_can/stepper_can/msg/detail/control_message__builder.hpp
-- Installing: /home/pi/Legacy/URC-2026/embedded_ros2_ws/install/stepper_can/include/stepper_can/stepper_can/msg/o_drive_status.hpp
-- Installing: /home/pi/Legacy/URC-2026/embedded_ros2_ws/install/stepper_can/include/stepper_can/stepper_can/msg/rosidl_generator_cpp__visibility_control.hpp
-- Up-to-date: /home/pi/Legacy/URC-2026/embedded_ros2_ws/install/stepper_can/include/stepper_can/stepper_can/srv
-- Installing: /home/pi/Legacy/URC-2026/embedded_ros2_ws/install/stepper_can/include/stepper_can/stepper_can/srv/axis_state.hpp
-- Up-to-date: /home/pi/Legacy/URC-2026/embedded_ros2_ws/install/stepper_can/include/stepper_can/stepper_can/srv/detail
-- Installing: /home/pi/Legacy/URC-2026/embedded_ros2_ws/install/stepper_can/include/stepper_can/stepper_can/srv/detail/axis_state__traits.hpp
-- Installing: /home/pi/Legacy/URC-2026/embedded_ros2_ws/install/stepper_can/include/stepper_can/stepper_can/srv/detail/axis_state__builder.hpp
-- Installing: /home/pi/Legacy/URC-2026/embedded_ros2_ws/install/stepper_can/include/stepper_can/stepper_can/srv/detail/axis_state__type_support.hpp
-- Installing: /home/pi/Legacy/URC-2026/embedded_ros2_ws/install/stepper_can/include/stepper_can/stepper_can/srv/detail/axis_state__struct.hpp
-- Up-to-date: /home/pi/Legacy/URC-2026/embedded_ros2_ws/install/stepper_can/include/stepper_can/stepper_can
-- Up-to-date: /home/pi/Legacy/URC-2026/embedded_ros2_ws/install/stepper_can/include/stepper_can/stepper_can/msg
-- Installing: /home/pi/Legacy/URC-2026/embedded_ros2_ws/install/stepper_can/include/stepper_can/stepper_can/msg/rosidl_typesupport_fastrtps_cpp__visibility_control.h
-- Up-to-date: /home/pi/Legacy/URC-2026/embedded_ros2_ws/install/stepper_can/include/stepper_can/stepper_can/msg/detail
-- Installing: /home/pi/Legacy/URC-2026/embedded_ros2_ws/install/stepper_can/include/stepper_can/stepper_can/msg/detail/dds_fastrtps
-- Installing: /home/pi/Legacy/URC-2026/embedded_ros2_ws/install/stepper_can/include/stepper_can/stepper_can/msg/detail/controller_status__rosidl_typesupport_fastrtps_cpp.hpp
-- Installing: /home/pi/Legacy/URC-2026/embedded_ros2_ws/install/stepper_can/include/stepper_can/stepper_can/msg/detail/control_message__rosidl_typesupport_fastrtps_cpp.hpp
-- Installing: /home/pi/Legacy/URC-2026/embedded_ros2_ws/install/stepper_can/include/stepper_can/stepper_can/msg/detail/o_drive_status__rosidl_typesupport_fastrtps_cpp.hpp
-- Up-to-date: /home/pi/Legacy/URC-2026/embedded_ros2_ws/install/stepper_can/include/stepper_can/stepper_can/srv
-- Up-to-date: /home/pi/Legacy/URC-2026/embedded_ros2_ws/install/stepper_can/include/stepper_can/stepper_can/srv/detail
-- Installing: /home/pi/Legacy/URC-2026/embedded_ros2_ws/install/stepper_can/include/stepper_can/stepper_can/srv/detail/dds_fastrtps
-- Installing: /home/pi/Legacy/URC-2026/embedded_ros2_ws/install/stepper_can/include/stepper_can/stepper_can/srv/detail/axis_state__rosidl_typesupport_fastrtps_cpp.hpp
-- Installing: /home/pi/Legacy/URC-2026/embedded_ros2_ws/install/stepper_can/lib/libstepper_can__rosidl_typesupport_fastrtps_cpp.so
-- Set runtime path of "/home/pi/Legacy/URC-2026/embedded_ros2_ws/install/stepper_can/lib/libstepper_can__rosidl_typesupport_fastrtps_cpp.so" to ""
-- Up-to-date: /home/pi/Legacy/URC-2026/embedded_ros2_ws/install/stepper_can/include/stepper_can/stepper_can
-- Up-to-date: /home/pi/Legacy/URC-2026/embedded_ros2_ws/install/stepper_can/include/stepper_can/stepper_can/msg
-- Up-to-date: /home/pi/Legacy/URC-2026/embedded_ros2_ws/install/stepper_can/include/stepper_can/stepper_can/msg/detail
-- Installing: /home/pi/Legacy/URC-2026/embedded_ros2_ws/install/stepper_can/include/stepper_can/stepper_can/msg/detail/o_drive_status__rosidl_typesupport_introspection_c.h
-- Installing: /home/pi/Legacy/URC-2026/embedded_ros2_ws/install/stepper_can/include/stepper_can/stepper_can/msg/detail/control_message__rosidl_typesupport_introspection_c.h
-- Installing: /home/pi/Legacy/URC-2026/embedded_ros2_ws/install/stepper_can/include/stepper_can/stepper_can/msg/detail/control_message__type_support.c
-- Installing: /home/pi/Legacy/URC-2026/embedded_ros2_ws/install/stepper_can/include/stepper_can/stepper_can/msg/detail/controller_status__rosidl_typesupport_introspection_c.h
-- Installing: /home/pi/Legacy/URC-2026/embedded_ros2_ws/install/stepper_can/include/stepper_can/stepper_can/msg/detail/o_drive_status__type_support.c
-- Installing: /home/pi/Legacy/URC-2026/embedded_ros2_ws/install/stepper_can/include/stepper_can/stepper_can/msg/detail/controller_status__type_support.c
-- Installing: /home/pi/Legacy/URC-2026/embedded_ros2_ws/install/stepper_can/include/stepper_can/stepper_can/msg/rosidl_typesupport_introspection_c__visibility_control.h
-- Up-to-date: /home/pi/Legacy/URC-2026/embedded_ros2_ws/install/stepper_can/include/stepper_can/stepper_can/srv
-- Up-to-date: /home/pi/Legacy/URC-2026/embedded_ros2_ws/install/stepper_can/include/stepper_can/stepper_can/srv/detail
-- Installing: /home/pi/Legacy/URC-2026/embedded_ros2_ws/install/stepper_can/include/stepper_can/stepper_can/srv/detail/axis_state__type_support.c
-- Installing: /home/pi/Legacy/URC-2026/embedded_ros2_ws/install/stepper_can/include/stepper_can/stepper_can/srv/detail/axis_state__rosidl_typesupport_introspection_c.h
-- Installing: /home/pi/Legacy/URC-2026/embedded_ros2_ws/install/stepper_can/lib/libstepper_can__rosidl_typesupport_introspection_c.so
-- Set runtime path of "/home/pi/Legacy/URC-2026/embedded_ros2_ws/install/stepper_can/lib/libstepper_can__rosidl_typesupport_introspection_c.so" to ""
-- Installing: /home/pi/Legacy/URC-2026/embedded_ros2_ws/install/stepper_can/lib/libstepper_can__rosidl_typesupport_c.so
-- Set runtime path of "/home/pi/Legacy/URC-2026/embedded_ros2_ws/install/stepper_can/lib/libstepper_can__rosidl_typesupport_c.so" to ""
-- Up-to-date: /home/pi/Legacy/URC-2026/embedded_ros2_ws/install/stepper_can/include/stepper_can/stepper_can
-- Up-to-date: /home/pi/Legacy/URC-2026/embedded_ros2_ws/install/stepper_can/include/stepper_can/stepper_can/msg
-- Up-to-date: /home/pi/Legacy/URC-2026/embedded_ros2_ws/install/stepper_can/include/stepper_can/stepper_can/msg/detail
-- Installing: /home/pi/Legacy/URC-2026/embedded_ros2_ws/install/stepper_can/include/stepper_can/stepper_can/msg/detail/control_message__type_support.cpp
-- Installing: /home/pi/Legacy/URC-2026/embedded_ros2_ws/install/stepper_can/include/stepper_can/stepper_can/msg/detail/control_message__rosidl_typesupport_introspection_cpp.hpp
-- Installing: /home/pi/Legacy/URC-2026/embedded_ros2_ws/install/stepper_can/include/stepper_can/stepper_can/msg/detail/controller_status__type_support.cpp
-- Installing: /home/pi/Legacy/URC-2026/embedded_ros2_ws/install/stepper_can/include/stepper_can/stepper_can/msg/detail/controller_status__rosidl_typesupport_introspection_cpp.hpp
-- Installing: /home/pi/Legacy/URC-2026/embedded_ros2_ws/install/stepper_can/include/stepper_can/stepper_can/msg/detail/o_drive_status__type_support.cpp
-- Installing: /home/pi/Legacy/URC-2026/embedded_ros2_ws/install/stepper_can/include/stepper_can/stepper_can/msg/detail/o_drive_status__rosidl_typesupport_introspection_cpp.hpp
-- Up-to-date: /home/pi/Legacy/URC-2026/embedded_ros2_ws/install/stepper_can/include/stepper_can/stepper_can/srv
-- Up-to-date: /home/pi/Legacy/URC-2026/embedded_ros2_ws/install/stepper_can/include/stepper_can/stepper_can/srv/detail
-- Installing: /home/pi/Legacy/URC-2026/embedded_ros2_ws/install/stepper_can/include/stepper_can/stepper_can/srv/detail/axis_state__rosidl_typesupport_introspection_cpp.hpp
-- Installing: /home/pi/Legacy/URC-2026/embedded_ros2_ws/install/stepper_can/include/stepper_can/stepper_can/srv/detail/axis_state__type_support.cpp
-- Installing: /home/pi/Legacy/URC-2026/embedded_ros2_ws/install/stepper_can/lib/libstepper_can__rosidl_typesupport_introspection_cpp.so
-- Set runtime path of "/home/pi/Legacy/URC-2026/embedded_ros2_ws/install/stepper_can/lib/libstepper_can__rosidl_typesupport_introspection_cpp.so" to ""
-- Installing: /home/pi/Legacy/URC-2026/embedded_ros2_ws/install/stepper_can/lib/libstepper_can__rosidl_typesupport_cpp.so
-- Set runtime path of "/home/pi/Legacy/URC-2026/embedded_ros2_ws/install/stepper_can/lib/libstepper_can__rosidl_typesupport_cpp.so" to ""
-- Installing: /home/pi/Legacy/URC-2026/embedded_ros2_ws/install/stepper_can/share/stepper_can/environment/pythonpath.sh
-- Installing: /home/pi/Legacy/URC-2026/embedded_ros2_ws/install/stepper_can/share/stepper_can/environment/pythonpath.dsv
-- Installing: /home/pi/Legacy/URC-2026/embedded_ros2_ws/install/stepper_can/local/lib/python3.10/dist-packages/stepper_can-0.0.1-py3.10.egg-info
-- Installing: /home/pi/Legacy/URC-2026/embedded_ros2_ws/install/stepper_can/local/lib/python3.10/dist-packages/stepper_can-0.0.1-py3.10.egg-info/PKG-INFO
-- Installing: /home/pi/Legacy/URC-2026/embedded_ros2_ws/install/stepper_can/local/lib/python3.10/dist-packages/stepper_can-0.0.1-py3.10.egg-info/top_level.txt
-- Installing: /home/pi/Legacy/URC-2026/embedded_ros2_ws/install/stepper_can/local/lib/python3.10/dist-packages/stepper_can-0.0.1-py3.10.egg-info/SOURCES.txt
-- Installing: /home/pi/Legacy/URC-2026/embedded_ros2_ws/install/stepper_can/local/lib/python3.10/dist-packages/stepper_can-0.0.1-py3.10.egg-info/dependency_links.txt
-- Installing: /home/pi/Legacy/URC-2026/embedded_ros2_ws/install/stepper_can/local/lib/python3.10/dist-packages/stepper_can
-- Installing: /home/pi/Legacy/URC-2026/embedded_ros2_ws/install/stepper_can/local/lib/python3.10/dist-packages/stepper_can/__init__.py
-- Installing: /home/pi/Legacy/URC-2026/embedded_ros2_ws/install/stepper_can/local/lib/python3.10/dist-packages/stepper_can/stepper_can_s__rosidl_typesupport_introspection_c.cpython-310-aarch64-linux-gnu.so
-- Installing: /home/pi/Legacy/URC-2026/embedded_ros2_ws/install/stepper_can/local/lib/python3.10/dist-packages/stepper_can/_stepper_can_s.ep.rosidl_typesupport_c.c
-- Installing: /home/pi/Legacy/URC-2026/embedded_ros2_ws/install/stepper_can/local/lib/python3.10/dist-packages/stepper_can/libstepper_can__rosidl_generator_py.so
-- Installing: /home/pi/Legacy/URC-2026/embedded_ros2_ws/install/stepper_can/local/lib/python3.10/dist-packages/stepper_can/stepper_can_s__rosidl_typesupport_fastrtps_c.cpython-310-aarch64-linux-gnu.so
-- Installing: /home/pi/Legacy/URC-2026/embedded_ros2_ws/install/stepper_can/local/lib/python3.10/dist-packages/stepper_can/msg
-- Installing: /home/pi/Legacy/URC-2026/embedded_ros2_ws/install/stepper_can/local/lib/python3.10/dist-packages/stepper_can/msg/__init__.py
-- Installing: /home/pi/Legacy/URC-2026/embedded_ros2_ws/install/stepper_can/local/lib/python3.10/dist-packages/stepper_can/msg/_controller_status_s.c
-- Installing: /home/pi/Legacy/URC-2026/embedded_ros2_ws/install/stepper_can/local/lib/python3.10/dist-packages/stepper_can/msg/_control_message_s.c
-- Installing: /home/pi/Legacy/URC-2026/embedded_ros2_ws/install/stepper_can/local/lib/python3.10/dist-packages/stepper_can/msg/_o_drive_status_s.c
-- Installing: /home/pi/Legacy/URC-2026/embedded_ros2_ws/install/stepper_can/local/lib/python3.10/dist-packages/stepper_can/msg/_controller_status.py
-- Installing: /home/pi/Legacy/URC-2026/embedded_ros2_ws/install/stepper_can/local/lib/python3.10/dist-packages/stepper_can/msg/_control_message.py
-- Installing: /home/pi/Legacy/URC-2026/embedded_ros2_ws/install/stepper_can/local/lib/python3.10/dist-packages/stepper_can/msg/_o_drive_status.py
-- Installing: /home/pi/Legacy/URC-2026/embedded_ros2_ws/install/stepper_can/local/lib/python3.10/dist-packages/stepper_can/_stepper_can_s.ep.rosidl_typesupport_fastrtps_c.c
-- Installing: /home/pi/Legacy/URC-2026/embedded_ros2_ws/install/stepper_can/local/lib/python3.10/dist-packages/stepper_can/stepper_can_s__rosidl_typesupport_c.cpython-310-aarch64-linux-gnu.so
-- Installing: /home/pi/Legacy/URC-2026/embedded_ros2_ws/install/stepper_can/local/lib/python3.10/dist-packages/stepper_can/srv
-- Installing: /home/pi/Legacy/URC-2026/embedded_ros2_ws/install/stepper_can/local/lib/python3.10/dist-packages/stepper_can/srv/__init__.py
-- Installing: /home/pi/Legacy/URC-2026/embedded_ros2_ws/install/stepper_can/local/lib/python3.10/dist-packages/stepper_can/srv/_axis_state.py
-- Installing: /home/pi/Legacy/URC-2026/embedded_ros2_ws/install/stepper_can/local/lib/python3.10/dist-packages/stepper_can/srv/_axis_state_s.c
-- Installing: /home/pi/Legacy/URC-2026/embedded_ros2_ws/install/stepper_can/local/lib/python3.10/dist-packages/stepper_can/_stepper_can_s.ep.rosidl_typesupport_introspection_c.c
Listing '/home/pi/Legacy/URC-2026/embedded_ros2_ws/install/stepper_can/local/lib/python3.10/dist-packages/stepper_can'...
Compiling '/home/pi/Legacy/URC-2026/embedded_ros2_ws/install/stepper_can/local/lib/python3.10/dist-packages/stepper_can/__init__.py'...
Listing '/home/pi/Legacy/URC-2026/embedded_ros2_ws/install/stepper_can/local/lib/python3.10/dist-packages/stepper_can/msg'...
Compiling '/home/pi/Legacy/URC-2026/embedded_ros2_ws/install/stepper_can/local/lib/python3.10/dist-packages/stepper_can/msg/__init__.py'...
Compiling '/home/pi/Legacy/URC-2026/embedded_ros2_ws/install/stepper_can/local/lib/python3.10/dist-packages/stepper_can/msg/_control_message.py'...
Compiling '/home/pi/Legacy/URC-2026/embedded_ros2_ws/install/stepper_can/local/lib/python3.10/dist-packages/stepper_can/msg/_controller_status.py'...
Compiling '/home/pi/Legacy/URC-2026/embedded_ros2_ws/install/stepper_can/local/lib/python3.10/dist-packages/stepper_can/msg/_o_drive_status.py'...
Listing '/home/pi/Legacy/URC-2026/embedded_ros2_ws/install/stepper_can/local/lib/python3.10/dist-packages/stepper_can/srv'...
Compiling '/home/pi/Legacy/URC-2026/embedded_ros2_ws/install/stepper_can/local/lib/python3.10/dist-packages/stepper_can/srv/__init__.py'...
Compiling '/home/pi/Legacy/URC-2026/embedded_ros2_ws/install/stepper_can/local/lib/python3.10/dist-packages/stepper_can/srv/_axis_state.py'...
-- Installing: /home/pi/Legacy/URC-2026/embedded_ros2_ws/install/stepper_can/local/lib/python3.10/dist-packages/stepper_can/stepper_can_s__rosidl_typesupport_fastrtps_c.cpython-310-aarch64-linux-gnu.so
-- Set runtime path of "/home/pi/Legacy/URC-2026/embedded_ros2_ws/install/stepper_can/local/lib/python3.10/dist-packages/stepper_can/stepper_can_s__rosidl_typesupport_fastrtps_c.cpython-310-aarch64-linux-gnu.so" to ""
-- Installing: /home/pi/Legacy/URC-2026/embedded_ros2_ws/install/stepper_can/local/lib/python3.10/dist-packages/stepper_can/stepper_can_s__rosidl_typesupport_introspection_c.cpython-310-aarch64-linux-gnu.so
-- Set runtime path of "/home/pi/Legacy/URC-2026/embedded_ros2_ws/install/stepper_can/local/lib/python3.10/dist-packages/stepper_can/stepper_can_s__rosidl_typesupport_introspection_c.cpython-310-aarch64-linux-gnu.so" to ""
-- Installing: /home/pi/Legacy/URC-2026/embedded_ros2_ws/install/stepper_can/local/lib/python3.10/dist-packages/stepper_can/stepper_can_s__rosidl_typesupport_c.cpython-310-aarch64-linux-gnu.so
-- Set runtime path of "/home/pi/Legacy/URC-2026/embedded_ros2_ws/install/stepper_can/local/lib/python3.10/dist-packages/stepper_can/stepper_can_s__rosidl_typesupport_c.cpython-310-aarch64-linux-gnu.so" to ""
-- Installing: /home/pi/Legacy/URC-2026/embedded_ros2_ws/install/stepper_can/lib/libstepper_can__rosidl_generator_py.so
-- Set runtime path of "/home/pi/Legacy/URC-2026/embedded_ros2_ws/install/stepper_can/lib/libstepper_can__rosidl_generator_py.so" to ""
-- Installing: /home/pi/Legacy/URC-2026/embedded_ros2_ws/install/stepper_can/share/stepper_can/msg/ControlMessage.idl
-- Installing: /home/pi/Legacy/URC-2026/embedded_ros2_ws/install/stepper_can/share/stepper_can/msg/ControllerStatus.idl
-- Installing: /home/pi/Legacy/URC-2026/embedded_ros2_ws/install/stepper_can/share/stepper_can/msg/ODriveStatus.idl
-- Installing: /home/pi/Legacy/URC-2026/embedded_ros2_ws/install/stepper_can/share/stepper_can/srv/AxisState.idl
-- Installing: /home/pi/Legacy/URC-2026/embedded_ros2_ws/install/stepper_can/share/stepper_can/msg/ControlMessage.msg
-- Installing: /home/pi/Legacy/URC-2026/embedded_ros2_ws/install/stepper_can/share/stepper_can/msg/ControllerStatus.msg
-- Installing: /home/pi/Legacy/URC-2026/embedded_ros2_ws/install/stepper_can/share/stepper_can/msg/ODriveStatus.msg
-- Installing: /home/pi/Legacy/URC-2026/embedded_ros2_ws/install/stepper_can/share/stepper_can/srv/AxisState.srv
-- Installing: /home/pi/Legacy/URC-2026/embedded_ros2_ws/install/stepper_can/share/stepper_can/srv/AxisState_Request.msg
-- Installing: /home/pi/Legacy/URC-2026/embedded_ros2_ws/install/stepper_can/share/stepper_can/srv/AxisState_Response.msg
-- Installing: /home/pi/Legacy/URC-2026/embedded_ros2_ws/install/stepper_can/lib/stepper_can/stepper_can_node
-- Set runtime path of "/home/pi/Legacy/URC-2026/embedded_ros2_ws/install/stepper_can/lib/stepper_can/stepper_can_node" to ""
-- Installing: /home/pi/Legacy/URC-2026/embedded_ros2_ws/install/stepper_can/share/stepper_can/launch
-- Installing: /home/pi/Legacy/URC-2026/embedded_ros2_ws/install/stepper_can/share/stepper_can/launch/example_launch.yaml
-- Installing: /home/pi/Legacy/URC-2026/embedded_ros2_ws/install/stepper_can/share/ament_index/resource_index/package_run_dependencies/stepper_can
-- Installing: /home/pi/Legacy/URC-2026/embedded_ros2_ws/install/stepper_can/share/ament_index/resource_index/parent_prefix_path/stepper_can
-- Installing: /home/pi/Legacy/URC-2026/embedded_ros2_ws/install/stepper_can/share/stepper_can/environment/ament_prefix_path.sh
-- Installing: /home/pi/Legacy/URC-2026/embedded_ros2_ws/install/stepper_can/share/stepper_can/environment/ament_prefix_path.dsv
-- Installing: /home/pi/Legacy/URC-2026/embedded_ros2_ws/install/stepper_can/share/stepper_can/environment/path.sh
-- Installing: /home/pi/Legacy/URC-2026/embedded_ros2_ws/install/stepper_can/share/stepper_can/environment/path.dsv
-- Installing: /home/pi/Legacy/URC-2026/embedded_ros2_ws/install/stepper_can/share/stepper_can/local_setup.bash
-- Installing: /home/pi/Legacy/URC-2026/embedded_ros2_ws/install/stepper_can/share/stepper_can/local_setup.sh
-- Installing: /home/pi/Legacy/URC-2026/embedded_ros2_ws/install/stepper_can/share/stepper_can/local_setup.zsh
-- Installing: /home/pi/Legacy/URC-2026/embedded_ros2_ws/install/stepper_can/share/stepper_can/local_setup.dsv
-- Installing: /home/pi/Legacy/URC-2026/embedded_ros2_ws/install/stepper_can/share/stepper_can/package.dsv
-- Installing: /home/pi/Legacy/URC-2026/embedded_ros2_ws/install/stepper_can/share/ament_index/resource_index/packages/stepper_can
-- Installing: /home/pi/Legacy/URC-2026/embedded_ros2_ws/install/stepper_can/share/stepper_can/cmake/export_stepper_can__rosidl_generator_cExport.cmake
-- Installing: /home/pi/Legacy/URC-2026/embedded_ros2_ws/install/stepper_can/share/stepper_can/cmake/export_stepper_can__rosidl_generator_cExport-noconfig.cmake
-- Installing: /home/pi/Legacy/URC-2026/embedded_ros2_ws/install/stepper_can/share/stepper_can/cmake/export_stepper_can__rosidl_typesupport_fastrtps_cExport.cmake
-- Installing: /home/pi/Legacy/URC-2026/embedded_ros2_ws/install/stepper_can/share/stepper_can/cmake/export_stepper_can__rosidl_typesupport_fastrtps_cExport-noconfig.cmake
-- Installing: /home/pi/Legacy/URC-2026/embedded_ros2_ws/install/stepper_can/share/stepper_can/cmake/export_stepper_can__rosidl_generator_cppExport.cmake
-- Installing: /home/pi/Legacy/URC-2026/embedded_ros2_ws/install/stepper_can/share/stepper_can/cmake/export_stepper_can__rosidl_typesupport_fastrtps_cppExport.cmake
-- Installing: /home/pi/Legacy/URC-2026/embedded_ros2_ws/install/stepper_can/share/stepper_can/cmake/export_stepper_can__rosidl_typesupport_fastrtps_cppExport-noconfig.cmake
-- Installing: /home/pi/Legacy/URC-2026/embedded_ros2_ws/install/stepper_can/share/stepper_can/cmake/stepper_can__rosidl_typesupport_introspection_cExport.cmake
-- Installing: /home/pi/Legacy/URC-2026/embedded_ros2_ws/install/stepper_can/share/stepper_can/cmake/stepper_can__rosidl_typesupport_introspection_cExport-noconfig.cmake
-- Installing: /home/pi/Legacy/URC-2026/embedded_ros2_ws/install/stepper_can/share/stepper_can/cmake/stepper_can__rosidl_typesupport_cExport.cmake
-- Installing: /home/pi/Legacy/URC-2026/embedded_ros2_ws/install/stepper_can/share/stepper_can/cmake/stepper_can__rosidl_typesupport_cExport-noconfig.cmake
-- Installing: /home/pi/Legacy/URC-2026/embedded_ros2_ws/install/stepper_can/share/stepper_can/cmake/stepper_can__rosidl_typesupport_introspection_cppExport.cmake
-- Installing: /home/pi/Legacy/URC-2026/embedded_ros2_ws/install/stepper_can/share/stepper_can/cmake/stepper_can__rosidl_typesupport_introspection_cppExport-noconfig.cmake
-- Installing: /home/pi/Legacy/URC-2026/embedded_ros2_ws/install/stepper_can/share/stepper_can/cmake/stepper_can__rosidl_typesupport_cppExport.cmake
-- Installing: /home/pi/Legacy/URC-2026/embedded_ros2_ws/install/stepper_can/share/stepper_can/cmake/stepper_can__rosidl_typesupport_cppExport-noconfig.cmake
-- Installing: /home/pi/Legacy/URC-2026/embedded_ros2_ws/install/stepper_can/share/stepper_can/cmake/export_stepper_can__rosidl_generator_pyExport.cmake
-- Installing: /home/pi/Legacy/URC-2026/embedded_ros2_ws/install/stepper_can/share/stepper_can/cmake/export_stepper_can__rosidl_generator_pyExport-noconfig.cmake
-- Installing: /home/pi/Legacy/URC-2026/embedded_ros2_ws/install/stepper_can/share/stepper_can/cmake/rosidl_cmake-extras.cmake
-- Installing: /home/pi/Legacy/URC-2026/embedded_ros2_ws/install/stepper_can/share/stepper_can/cmake/ament_cmake_export_include_directories-extras.cmake
-- Installing: /home/pi/Legacy/URC-2026/embedded_ros2_ws/install/stepper_can/share/stepper_can/cmake/ament_cmake_export_libraries-extras.cmake
-- Installing: /home/pi/Legacy/URC-2026/embedded_ros2_ws/install/stepper_can/share/stepper_can/cmake/ament_cmake_export_targets-extras.cmake
-- Installing: /home/pi/Legacy/URC-2026/embedded_ros2_ws/install/stepper_can/share/stepper_can/cmake/rosidl_cmake_export_typesupport_targets-extras.cmake
-- Installing: /home/pi/Legacy/URC-2026/embedded_ros2_ws/install/stepper_can/share/stepper_can/cmake/ament_cmake_export_dependencies-extras.cmake
-- Installing: /home/pi/Legacy/URC-2026/embedded_ros2_ws/install/stepper_can/share/stepper_can/cmake/rosidl_cmake_export_typesupport_libraries-extras.cmake
-- Installing: /home/pi/Legacy/URC-2026/embedded_ros2_ws/install/stepper_can/share/stepper_can/cmake/stepper_canConfig.cmake
-- Installing: /home/pi/Legacy/URC-2026/embedded_ros2_ws/install/stepper_can/share/stepper_can/cmake/stepper_canConfig-version.cmake
-- Installing: /home/pi/Legacy/URC-2026/embedded_ros2_ws/install/stepper_can/share/stepper_can/package.xml
