[5.036s] Invoking command in '/home/pi/Legacy/URC-2026/drive_ros2_ws/src/drive': PYTHONPATH=/home/pi/Legacy/URC-2026/drive_ros2_ws/build/drive_manager/prefix_override:/usr/lib/python3/dist-packages/colcon_core/task/python/colcon_distutils_commands:/home/pi/Legacy/URC-2026/drive_ros2_ws/install/drive_manager/lib/python3.10/site-packages:${PYTHONPATH} /usr/bin/python3 -W ignore:setup.py install is deprecated -W ignore:easy_install command is deprecated setup.py egg_info --egg-base ../../build/drive_manager build --build-base /home/pi/Legacy/URC-2026/drive_ros2_ws/build/drive_manager/build install --record /home/pi/Legacy/URC-2026/drive_ros2_ws/build/drive_manager/install.log --single-version-externally-managed install_data
[6.528s] running egg_info
[6.532s] writing ../../build/drive_manager/drive_manager.egg-info/PKG-INFO
[6.534s] writing dependency_links to ../../build/drive_manager/drive_manager.egg-info/dependency_links.txt
[6.536s] writing entry points to ../../build/drive_manager/drive_manager.egg-info/entry_points.txt
[6.538s] writing requirements to ../../build/drive_manager/drive_manager.egg-info/requires.txt
[6.539s] writing top-level names to ../../build/drive_manager/drive_manager.egg-info/top_level.txt
[6.553s] reading manifest file '../../build/drive_manager/drive_manager.egg-info/SOURCES.txt'
[6.555s] adding license file 'LICENSE'
[6.558s] writing manifest file '../../build/drive_manager/drive_manager.egg-info/SOURCES.txt'
[6.558s] running build
[6.559s] running build_py
[6.560s] running install
[6.561s] running install_lib
[6.570s] running install_data
[6.571s] running install_egg_info
[6.587s] removing '/home/pi/Legacy/URC-2026/drive_ros2_ws/install/drive_manager/lib/python3.10/site-packages/drive_manager-0.0.0-py3.10.egg-info' (and everything under it)
[6.591s] Copying ../../build/drive_manager/drive_manager.egg-info to /home/pi/Legacy/URC-2026/drive_ros2_ws/install/drive_manager/lib/python3.10/site-packages/drive_manager-0.0.0-py3.10.egg-info
[6.602s] running install_scripts
[6.717s] Installing drive_manager_node script to /home/pi/Legacy/URC-2026/drive_ros2_ws/install/drive_manager/lib/drive_manager
[6.719s] writing list of installed files to '/home/pi/Legacy/URC-2026/drive_ros2_ws/build/drive_manager/install.log'
[6.875s] Invoked command in '/home/pi/Legacy/URC-2026/drive_ros2_ws/src/drive' returned '0': PYTHONPATH=/home/pi/Legacy/URC-2026/drive_ros2_ws/build/drive_manager/prefix_override:/usr/lib/python3/dist-packages/colcon_core/task/python/colcon_distutils_commands:/home/pi/Legacy/URC-2026/drive_ros2_ws/install/drive_manager/lib/python3.10/site-packages:${PYTHONPATH} /usr/bin/python3 -W ignore:setup.py install is deprecated -W ignore:easy_install command is deprecated setup.py egg_info --egg-base ../../build/drive_manager build --build-base /home/pi/Legacy/URC-2026/drive_ros2_ws/build/drive_manager/build install --record /home/pi/Legacy/URC-2026/drive_ros2_ws/build/drive_manager/install.log --single-version-externally-managed install_data
