/home/pi/Legacy/URC-2026/embedded_ros2_ws/src/install/serializer_nodes_demo/lib/python3.10/site-packages/serializer_nodes_demo/serial_demo_node_basestation.py
/home/pi/Legacy/URC-2026/embedded_ros2_ws/src/install/serializer_nodes_demo/lib/python3.10/site-packages/serializer_nodes_demo/__init__.py
/home/pi/Legacy/URC-2026/embedded_ros2_ws/src/install/serializer_nodes_demo/lib/python3.10/site-packages/serializer_nodes_demo/serial_demo_node_subscriber.py
/home/pi/Legacy/URC-2026/embedded_ros2_ws/src/install/serializer_nodes_demo/lib/python3.10/site-packages/serializer_nodes_demo/serial_demo_node_publisher.py
/home/pi/Legacy/URC-2026/embedded_ros2_ws/src/install/serializer_nodes_demo/lib/python3.10/site-packages/serializer_nodes_demo/listener_node_rover.py
/home/pi/Legacy/URC-2026/embedded_ros2_ws/src/install/serializer_nodes_demo/lib/python3.10/site-packages/serializer_nodes_demo/__pycache__/serial_demo_node_basestation.cpython-310.pyc
/home/pi/Legacy/URC-2026/embedded_ros2_ws/src/install/serializer_nodes_demo/lib/python3.10/site-packages/serializer_nodes_demo/__pycache__/__init__.cpython-310.pyc
/home/pi/Legacy/URC-2026/embedded_ros2_ws/src/install/serializer_nodes_demo/lib/python3.10/site-packages/serializer_nodes_demo/__pycache__/serial_demo_node_subscriber.cpython-310.pyc
/home/pi/Legacy/URC-2026/embedded_ros2_ws/src/install/serializer_nodes_demo/lib/python3.10/site-packages/serializer_nodes_demo/__pycache__/serial_demo_node_publisher.cpython-310.pyc
/home/pi/Legacy/URC-2026/embedded_ros2_ws/src/install/serializer_nodes_demo/lib/python3.10/site-packages/serializer_nodes_demo/__pycache__/listener_node_rover.cpython-310.pyc
/home/pi/Legacy/URC-2026/embedded_ros2_ws/src/install/serializer_nodes_demo/share/ament_index/resource_index/packages/serializer_nodes_demo
/home/pi/Legacy/URC-2026/embedded_ros2_ws/src/install/serializer_nodes_demo/share/serializer_nodes_demo/package.xml
/home/pi/Legacy/URC-2026/embedded_ros2_ws/src/install/serializer_nodes_demo/share/serializer_nodes_demo/launch/telemetry_launch.yaml
/home/pi/Legacy/URC-2026/embedded_ros2_ws/src/install/serializer_nodes_demo/lib/python3.10/site-packages/serializer_nodes_demo-0.0.0-py3.10.egg-info/PKG-INFO
/home/pi/Legacy/URC-2026/embedded_ros2_ws/src/install/serializer_nodes_demo/lib/python3.10/site-packages/serializer_nodes_demo-0.0.0-py3.10.egg-info/top_level.txt
/home/pi/Legacy/URC-2026/embedded_ros2_ws/src/install/serializer_nodes_demo/lib/python3.10/site-packages/serializer_nodes_demo-0.0.0-py3.10.egg-info/SOURCES.txt
/home/pi/Legacy/URC-2026/embedded_ros2_ws/src/install/serializer_nodes_demo/lib/python3.10/site-packages/serializer_nodes_demo-0.0.0-py3.10.egg-info/entry_points.txt
/home/pi/Legacy/URC-2026/embedded_ros2_ws/src/install/serializer_nodes_demo/lib/python3.10/site-packages/serializer_nodes_demo-0.0.0-py3.10.egg-info/requires.txt
/home/pi/Legacy/URC-2026/embedded_ros2_ws/src/install/serializer_nodes_demo/lib/python3.10/site-packages/serializer_nodes_demo-0.0.0-py3.10.egg-info/dependency_links.txt
/home/pi/Legacy/URC-2026/embedded_ros2_ws/src/install/serializer_nodes_demo/lib/python3.10/site-packages/serializer_nodes_demo-0.0.0-py3.10.egg-info/zip-safe
/home/pi/Legacy/URC-2026/embedded_ros2_ws/src/install/serializer_nodes_demo/lib/serializer_nodes_demo/pub_serial_node
/home/pi/Legacy/URC-2026/embedded_ros2_ws/src/install/serializer_nodes_demo/lib/serializer_nodes_demo/sub_serial_node
/home/pi/Legacy/URC-2026/embedded_ros2_ws/src/install/serializer_nodes_demo/lib/serializer_nodes_demo/test_node
/home/pi/Legacy/URC-2026/embedded_ros2_ws/src/install/serializer_nodes_demo/lib/serializer_nodes_demo/usb_serial_node
