running egg_info
creating ../../../build/rover_teleop/rover_teleop.egg-info
writing ../../../build/rover_teleop/rover_teleop.egg-info/PKG-INFO
writing dependency_links to ../../../build/rover_teleop/rover_teleop.egg-info/dependency_links.txt
writing entry points to ../../../build/rover_teleop/rover_teleop.egg-info/entry_points.txt
writing requirements to ../../../build/rover_teleop/rover_teleop.egg-info/requires.txt
writing top-level names to ../../../build/rover_teleop/rover_teleop.egg-info/top_level.txt
writing manifest file '../../../build/rover_teleop/rover_teleop.egg-info/SOURCES.txt'
reading manifest file '../../../build/rover_teleop/rover_teleop.egg-info/SOURCES.txt'
writing manifest file '../../../build/rover_teleop/rover_teleop.egg-info/SOURCES.txt'
running build
running build_py
creating /home/pi/Legacy/URC-2026/build/rover_teleop/build
creating /home/pi/Legacy/URC-2026/build/rover_teleop/build/lib
creating /home/pi/Legacy/URC-2026/build/rover_teleop/build/lib/rover_teleop
copying rover_teleop/__init__.py -> /home/pi/Legacy/URC-2026/build/rover_teleop/build/lib/rover_teleop
copying rover_teleop/velocity_publisher_node.py -> /home/pi/Legacy/URC-2026/build/rover_teleop/build/lib/rover_teleop
running install
running install_lib
creating /home/pi/Legacy/URC-2026/install/rover_teleop/lib/python3.10/site-packages/rover_teleop
copying /home/pi/Legacy/URC-2026/build/rover_teleop/build/lib/rover_teleop/__init__.py -> /home/pi/Legacy/URC-2026/install/rover_teleop/lib/python3.10/site-packages/rover_teleop
copying /home/pi/Legacy/URC-2026/build/rover_teleop/build/lib/rover_teleop/velocity_publisher_node.py -> /home/pi/Legacy/URC-2026/install/rover_teleop/lib/python3.10/site-packages/rover_teleop
byte-compiling /home/pi/Legacy/URC-2026/install/rover_teleop/lib/python3.10/site-packages/rover_teleop/__init__.py to __init__.cpython-310.pyc
byte-compiling /home/pi/Legacy/URC-2026/install/rover_teleop/lib/python3.10/site-packages/rover_teleop/velocity_publisher_node.py to velocity_publisher_node.cpython-310.pyc
running install_data
creating /home/pi/Legacy/URC-2026/install/rover_teleop/share/ament_index
creating /home/pi/Legacy/URC-2026/install/rover_teleop/share/ament_index/resource_index
creating /home/pi/Legacy/URC-2026/install/rover_teleop/share/ament_index/resource_index/packages
copying resource/rover_teleop -> /home/pi/Legacy/URC-2026/install/rover_teleop/share/ament_index/resource_index/packages
copying package.xml -> /home/pi/Legacy/URC-2026/install/rover_teleop/share/rover_teleop
running install_egg_info
Copying ../../../build/rover_teleop/rover_teleop.egg-info to /home/pi/Legacy/URC-2026/install/rover_teleop/lib/python3.10/site-packages/rover_teleop-0.0.0-py3.10.egg-info
running install_scripts
Installing velocity_node script to /home/pi/Legacy/URC-2026/install/rover_teleop/lib/rover_teleop
writing list of installed files to '/home/pi/Legacy/URC-2026/build/rover_teleop/install.log'
