[2.792s] Invoking command in '/home/pi/Legacy/URC-2026/rover_teleop_ws/src/rover_teleop': PYTHONPATH=/home/pi/Legacy/URC-2026/build/rover_teleop/prefix_override:/usr/lib/python3/dist-packages/colcon_core/task/python/colcon_distutils_commands:/home/pi/Legacy/URC-2026/install/rover_teleop/lib/python3.10/site-packages:${PYTHONPATH} /usr/bin/python3 -W ignore:setup.py install is deprecated -W ignore:easy_install command is deprecated setup.py egg_info --egg-base ../../../build/rover_teleop build --build-base /home/pi/Legacy/URC-2026/build/rover_teleop/build install --record /home/pi/Legacy/URC-2026/build/rover_teleop/install.log --single-version-externally-managed install_data
[3.842s] running egg_info
[3.845s] creating ../../../build/rover_teleop/rover_teleop.egg-info
[3.845s] writing ../../../build/rover_teleop/rover_teleop.egg-info/PKG-INFO
[3.846s] writing dependency_links to ../../../build/rover_teleop/rover_teleop.egg-info/dependency_links.txt
[3.847s] writing entry points to ../../../build/rover_teleop/rover_teleop.egg-info/entry_points.txt
[3.847s] writing requirements to ../../../build/rover_teleop/rover_teleop.egg-info/requires.txt
[3.848s] writing top-level names to ../../../build/rover_teleop/rover_teleop.egg-info/top_level.txt
[3.849s] writing manifest file '../../../build/rover_teleop/rover_teleop.egg-info/SOURCES.txt'
[3.856s] reading manifest file '../../../build/rover_teleop/rover_teleop.egg-info/SOURCES.txt'
[3.859s] writing manifest file '../../../build/rover_teleop/rover_teleop.egg-info/SOURCES.txt'
[3.860s] running build
[3.860s] running build_py
[3.861s] creating /home/pi/Legacy/URC-2026/build/rover_teleop/build
[3.861s] creating /home/pi/Legacy/URC-2026/build/rover_teleop/build/lib
[3.862s] creating /home/pi/Legacy/URC-2026/build/rover_teleop/build/lib/rover_teleop
[3.862s] copying rover_teleop/__init__.py -> /home/pi/Legacy/URC-2026/build/rover_teleop/build/lib/rover_teleop
[3.862s] copying rover_teleop/velocity_publisher_node.py -> /home/pi/Legacy/URC-2026/build/rover_teleop/build/lib/rover_teleop
[3.864s] running install
[3.865s] running install_lib
[3.868s] creating /home/pi/Legacy/URC-2026/install/rover_teleop/lib/python3.10/site-packages/rover_teleop
[3.868s] copying /home/pi/Legacy/URC-2026/build/rover_teleop/build/lib/rover_teleop/__init__.py -> /home/pi/Legacy/URC-2026/install/rover_teleop/lib/python3.10/site-packages/rover_teleop
[3.869s] copying /home/pi/Legacy/URC-2026/build/rover_teleop/build/lib/rover_teleop/velocity_publisher_node.py -> /home/pi/Legacy/URC-2026/install/rover_teleop/lib/python3.10/site-packages/rover_teleop
[3.872s] byte-compiling /home/pi/Legacy/URC-2026/install/rover_teleop/lib/python3.10/site-packages/rover_teleop/__init__.py to __init__.cpython-310.pyc
[3.874s] byte-compiling /home/pi/Legacy/URC-2026/install/rover_teleop/lib/python3.10/site-packages/rover_teleop/velocity_publisher_node.py to velocity_publisher_node.cpython-310.pyc
[3.875s] running install_data
[3.876s] creating /home/pi/Legacy/URC-2026/install/rover_teleop/share/ament_index
[3.877s] creating /home/pi/Legacy/URC-2026/install/rover_teleop/share/ament_index/resource_index
[3.877s] creating /home/pi/Legacy/URC-2026/install/rover_teleop/share/ament_index/resource_index/packages
[3.877s] copying resource/rover_teleop -> /home/pi/Legacy/URC-2026/install/rover_teleop/share/ament_index/resource_index/packages
[3.878s] copying package.xml -> /home/pi/Legacy/URC-2026/install/rover_teleop/share/rover_teleop
[3.878s] running install_egg_info
[3.886s] Copying ../../../build/rover_teleop/rover_teleop.egg-info to /home/pi/Legacy/URC-2026/install/rover_teleop/lib/python3.10/site-packages/rover_teleop-0.0.0-py3.10.egg-info
[3.892s] running install_scripts
[3.978s] Installing velocity_node script to /home/pi/Legacy/URC-2026/install/rover_teleop/lib/rover_teleop
[3.979s] writing list of installed files to '/home/pi/Legacy/URC-2026/build/rover_teleop/install.log'
[4.094s] Invoked command in '/home/pi/Legacy/URC-2026/rover_teleop_ws/src/rover_teleop' returned '0': PYTHONPATH=/home/pi/Legacy/URC-2026/build/rover_teleop/prefix_override:/usr/lib/python3/dist-packages/colcon_core/task/python/colcon_distutils_commands:/home/pi/Legacy/URC-2026/install/rover_teleop/lib/python3.10/site-packages:${PYTHONPATH} /usr/bin/python3 -W ignore:setup.py install is deprecated -W ignore:easy_install command is deprecated setup.py egg_info --egg-base ../../../build/rover_teleop build --build-base /home/pi/Legacy/URC-2026/build/rover_teleop/build install --record /home/pi/Legacy/URC-2026/build/rover_teleop/install.log --single-version-externally-managed install_data
