-- The C compiler identification is GNU 11.4.0
-- The CXX compiler identification is GNU 11.4.0
-- Detecting C compiler ABI info
-- Detecting C compiler ABI info - done
-- Check for working C compiler: /usr/bin/cc - skipped
-- Detecting C compile features
-- Detecting C compile features - done
-- Detecting CXX compiler ABI info
-- Detecting CXX compiler ABI info - done
-- Check for working CXX compiler: /usr/bin/c++ - skipped
-- Detecting CXX compile features
-- Detecting CXX compile features - done
-- Found ament_cmake: 1.3.12 (/opt/ros/humble/share/ament_cmake/cmake)
-- Found Python3: /usr/bin/python3 (found version "3.10.12") found components: Interpreter 
-- Found rclcpp: 16.0.17 (/opt/ros/humble/share/rclcpp/cmake)
-- Found rosidl_generator_c: 3.1.8 (/opt/ros/humble/share/rosidl_generator_c/cmake)
-- Found rosidl_adapter: 3.1.8 (/opt/ros/humble/share/rosidl_adapter/cmake)
-- Found rosidl_generator_cpp: 3.1.8 (/opt/ros/humble/share/rosidl_generator_cpp/cmake)
-- Using all available rosidl_typesupport_c: rosidl_typesupport_fastrtps_c;rosidl_typesupport_introspection_c
-- Using all available rosidl_typesupport_cpp: rosidl_typesupport_fastrtps_cpp;rosidl_typesupport_introspection_cpp
-- Found rmw_implementation_cmake: 6.1.2 (/opt/ros/humble/share/rmw_implementation_cmake/cmake)
-- Found rmw_fastrtps_cpp: 6.2.9 (/opt/ros/humble/share/rmw_fastrtps_cpp/cmake)
-- Found OpenSSL: /usr/lib/aarch64-linux-gnu/libcrypto.so (found version "3.0.2")  
-- Found FastRTPS: /opt/ros/humble/include  
-- Using RMW implementation 'rmw_fastrtps_cpp' as default
-- Looking for pthread.h
-- Looking for pthread.h - found
-- Performing Test CMAKE_HAVE_LIBC_PTHREAD
-- Performing Test CMAKE_HAVE_LIBC_PTHREAD - Success
-- Found Threads: TRUE  
-- Found rosidl_default_generators: 1.2.0 (/opt/ros/humble/share/rosidl_default_generators/cmake)
-- Found ament_cmake_ros: 0.10.0 (/opt/ros/humble/share/ament_cmake_ros/cmake)
-- Using all available rosidl_typesupport_c: rosidl_typesupport_fastrtps_c;rosidl_typesupport_introspection_c
-- Using all available rosidl_typesupport_cpp: rosidl_typesupport_fastrtps_cpp;rosidl_typesupport_introspection_cpp
-- Found PythonInterp: /usr/bin/python3 (found suitable version "3.10.12", minimum required is "3.6") 
-- Found python_cmake_module: 0.10.0 (/opt/ros/humble/share/python_cmake_module/cmake)
-- Found PythonLibs: /usr/lib/aarch64-linux-gnu/libpython3.10.so (found suitable version "3.10.12", minimum required is "3.5") 
-- Using PYTHON_EXECUTABLE: /usr/bin/python3
-- Using PYTHON_INCLUDE_DIRS: /usr/include/python3.10
-- Using PYTHON_LIBRARIES: /usr/lib/aarch64-linux-gnu/libpython3.10.so
-- Found PythonExtra: .so  
-- Found ament_lint_auto: 0.12.14 (/opt/ros/humble/share/ament_lint_auto/cmake)
-- Added test 'cppcheck' to perform static code analysis on C / C++ code
-- Configured cppcheck include dirs: /home/pi/Legacy/URC-2026/embedded_ros2_ws/src/servo/servo_node/include
-- Configured cppcheck exclude dirs and/or files: 
-- Added test 'lint_cmake' to check CMake code style
-- Added test 'uncrustify' to check C / C++ code style
-- Configured uncrustify additional arguments: 
-- Added test 'xmllint' to check XML markup files
-- Configuring done
-- Generating done
-- Build files have been written to: /home/pi/Legacy/URC-2026/embedded_ros2_ws/src/build/servo
[  2%] [34m[1mGenerating C++ code for ROS interfaces[0m
[  2%] Built target servo__cpp
[  2%] Built target ament_cmake_python_copy_servo
[  5%] [34m[1mGenerating C++ type support for eProsima Fast-RTPS[0m
[  8%] [32mBuilding CXX object CMakeFiles/servo__rosidl_typesupport_fastrtps_cpp.dir/rosidl_typesupport_fastrtps_cpp/servo/msg/detail/dds_fastrtps/control_message__type_support.cpp.o[0m
[ 11%] [32m[1mLinking CXX shared library libservo__rosidl_typesupport_fastrtps_cpp.so[0m
[ 11%] Built target servo__rosidl_typesupport_fastrtps_cpp
[ 14%] [34m[1mGenerating C++ introspection for ROS interfaces[0m
[ 17%] [32mBuilding CXX object CMakeFiles/servo__rosidl_typesupport_introspection_cpp.dir/rosidl_typesupport_introspection_cpp/servo/msg/detail/control_message__type_support.cpp.o[0m
[ 20%] [32m[1mLinking CXX shared library libservo__rosidl_typesupport_introspection_cpp.so[0m
[ 20%] Built target servo__rosidl_typesupport_introspection_cpp
running egg_info
creating servo.egg-info
writing servo.egg-info/PKG-INFO
writing dependency_links to servo.egg-info/dependency_links.txt
writing top-level names to servo.egg-info/top_level.txt
writing manifest file 'servo.egg-info/SOURCES.txt'
reading manifest file 'servo.egg-info/SOURCES.txt'
writing manifest file 'servo.egg-info/SOURCES.txt'
[ 20%] Built target ament_cmake_python_build_servo_egg
[ 23%] [34m[1mGenerating C++ type support dispatch for ROS interfaces[0m
[ 26%] [32mBuilding CXX object CMakeFiles/servo__rosidl_typesupport_cpp.dir/rosidl_typesupport_cpp/servo/msg/control_message__type_support.cpp.o[0m
[ 29%] [32m[1mLinking CXX shared library libservo__rosidl_typesupport_cpp.so[0m
[ 29%] Built target servo__rosidl_typesupport_cpp
[ 32%] [34m[1mGenerating C code for ROS interfaces[0m
[ 35%] [32mBuilding C object CMakeFiles/servo__rosidl_generator_c.dir/rosidl_generator_c/servo/msg/detail/control_message__functions.c.o[0m
[ 38%] [32m[1mLinking C shared library libservo__rosidl_generator_c.so[0m
[ 38%] Built target servo__rosidl_generator_c
[ 41%] [32mBuilding CXX object CMakeFiles/servo_node.dir/src/servo_node.cpp.o[0m
[ 44%] [32mBuilding CXX object CMakeFiles/servo_node.dir/src/main.cpp.o[0m
[ 47%] [32m[1mLinking CXX executable servo_node[0m
[ 47%] Built target servo_node
[ 50%] [34m[1mGenerating C type support dispatch for ROS interfaces[0m
[ 52%] [32mBuilding CXX object CMakeFiles/servo__rosidl_typesupport_c.dir/rosidl_typesupport_c/servo/msg/control_message__type_support.cpp.o[0m
[ 55%] [32m[1mLinking CXX shared library libservo__rosidl_typesupport_c.so[0m
[ 55%] Built target servo__rosidl_typesupport_c
[ 58%] [34m[1mGenerating C introspection for ROS interfaces[0m
[ 61%] [32mBuilding C object CMakeFiles/servo__rosidl_typesupport_introspection_c.dir/rosidl_typesupport_introspection_c/servo/msg/detail/control_message__type_support.c.o[0m
[ 64%] [32m[1mLinking C shared library libservo__rosidl_typesupport_introspection_c.so[0m
[ 64%] Built target servo__rosidl_typesupport_introspection_c
[ 67%] [34m[1mGenerating C type support for eProsima Fast-RTPS[0m
[ 70%] [32mBuilding CXX object CMakeFiles/servo__rosidl_typesupport_fastrtps_c.dir/rosidl_typesupport_fastrtps_c/servo/msg/detail/control_message__type_support_c.cpp.o[0m
[ 73%] [32m[1mLinking CXX shared library libservo__rosidl_typesupport_fastrtps_c.so[0m
[ 73%] Built target servo__rosidl_typesupport_fastrtps_c
[ 73%] Built target servo
[ 76%] [34m[1mGenerating Python code for ROS interfaces[0m
[ 76%] Built target servo__py
[ 79%] [32mBuilding C object CMakeFiles/servo__rosidl_generator_py.dir/rosidl_generator_py/servo/msg/_control_message_s.c.o[0m
[ 82%] [32m[1mLinking C shared library rosidl_generator_py/servo/libservo__rosidl_generator_py.so[0m
[ 82%] Built target servo__rosidl_generator_py
[ 85%] [32mBuilding C object CMakeFiles/servo__rosidl_typesupport_fastrtps_c__pyext.dir/rosidl_generator_py/servo/_servo_s.ep.rosidl_typesupport_fastrtps_c.c.o[0m
[ 88%] [32m[1mLinking C shared library rosidl_generator_py/servo/servo_s__rosidl_typesupport_fastrtps_c.cpython-310-aarch64-linux-gnu.so[0m
[ 88%] Built target servo__rosidl_typesupport_fastrtps_c__pyext
[ 91%] [32mBuilding C object CMakeFiles/servo__rosidl_typesupport_c__pyext.dir/rosidl_generator_py/servo/_servo_s.ep.rosidl_typesupport_c.c.o[0m
[ 94%] [32m[1mLinking C shared library rosidl_generator_py/servo/servo_s__rosidl_typesupport_c.cpython-310-aarch64-linux-gnu.so[0m
[ 94%] Built target servo__rosidl_typesupport_c__pyext
[ 97%] [32mBuilding C object CMakeFiles/servo__rosidl_typesupport_introspection_c__pyext.dir/rosidl_generator_py/servo/_servo_s.ep.rosidl_typesupport_introspection_c.c.o[0m
[100%] [32m[1mLinking C shared library rosidl_generator_py/servo/servo_s__rosidl_typesupport_introspection_c.cpython-310-aarch64-linux-gnu.so[0m
[100%] Built target servo__rosidl_typesupport_introspection_c__pyext
-- Install configuration: ""
-- Installing: /home/pi/Legacy/URC-2026/embedded_ros2_ws/src/install/servo/share/ament_index/resource_index/rosidl_interfaces/servo
-- Installing: /home/pi/Legacy/URC-2026/embedded_ros2_ws/src/install/servo/include/servo/servo
-- Installing: /home/pi/Legacy/URC-2026/embedded_ros2_ws/src/install/servo/include/servo/servo/msg
-- Installing: /home/pi/Legacy/URC-2026/embedded_ros2_ws/src/install/servo/include/servo/servo/msg/control_message.h
-- Installing: /home/pi/Legacy/URC-2026/embedded_ros2_ws/src/install/servo/include/servo/servo/msg/rosidl_generator_c__visibility_control.h
-- Installing: /home/pi/Legacy/URC-2026/embedded_ros2_ws/src/install/servo/include/servo/servo/msg/detail
-- Installing: /home/pi/Legacy/URC-2026/embedded_ros2_ws/src/install/servo/include/servo/servo/msg/detail/control_message__functions.c
-- Installing: /home/pi/Legacy/URC-2026/embedded_ros2_ws/src/install/servo/include/servo/servo/msg/detail/control_message__struct.h
-- Installing: /home/pi/Legacy/URC-2026/embedded_ros2_ws/src/install/servo/include/servo/servo/msg/detail/control_message__type_support.h
-- Installing: /home/pi/Legacy/URC-2026/embedded_ros2_ws/src/install/servo/include/servo/servo/msg/detail/control_message__functions.h
-- Installing: /home/pi/Legacy/URC-2026/embedded_ros2_ws/src/install/servo/share/servo/environment/library_path.sh
-- Installing: /home/pi/Legacy/URC-2026/embedded_ros2_ws/src/install/servo/share/servo/environment/library_path.dsv
-- Installing: /home/pi/Legacy/URC-2026/embedded_ros2_ws/src/install/servo/lib/libservo__rosidl_generator_c.so
-- Set runtime path of "/home/pi/Legacy/URC-2026/embedded_ros2_ws/src/install/servo/lib/libservo__rosidl_generator_c.so" to ""
-- Up-to-date: /home/pi/Legacy/URC-2026/embedded_ros2_ws/src/install/servo/include/servo/servo
-- Up-to-date: /home/pi/Legacy/URC-2026/embedded_ros2_ws/src/install/servo/include/servo/servo/msg
-- Installing: /home/pi/Legacy/URC-2026/embedded_ros2_ws/src/install/servo/include/servo/servo/msg/rosidl_typesupport_fastrtps_c__visibility_control.h
-- Up-to-date: /home/pi/Legacy/URC-2026/embedded_ros2_ws/src/install/servo/include/servo/servo/msg/detail
-- Installing: /home/pi/Legacy/URC-2026/embedded_ros2_ws/src/install/servo/include/servo/servo/msg/detail/control_message__rosidl_typesupport_fastrtps_c.h
-- Installing: /home/pi/Legacy/URC-2026/embedded_ros2_ws/src/install/servo/lib/libservo__rosidl_typesupport_fastrtps_c.so
-- Set runtime path of "/home/pi/Legacy/URC-2026/embedded_ros2_ws/src/install/servo/lib/libservo__rosidl_typesupport_fastrtps_c.so" to ""
-- Up-to-date: /home/pi/Legacy/URC-2026/embedded_ros2_ws/src/install/servo/include/servo/servo
-- Up-to-date: /home/pi/Legacy/URC-2026/embedded_ros2_ws/src/install/servo/include/servo/servo/msg
-- Installing: /home/pi/Legacy/URC-2026/embedded_ros2_ws/src/install/servo/include/servo/servo/msg/control_message.hpp
-- Up-to-date: /home/pi/Legacy/URC-2026/embedded_ros2_ws/src/install/servo/include/servo/servo/msg/detail
-- Installing: /home/pi/Legacy/URC-2026/embedded_ros2_ws/src/install/servo/include/servo/servo/msg/detail/control_message__type_support.hpp
-- Installing: /home/pi/Legacy/URC-2026/embedded_ros2_ws/src/install/servo/include/servo/servo/msg/detail/control_message__traits.hpp
-- Installing: /home/pi/Legacy/URC-2026/embedded_ros2_ws/src/install/servo/include/servo/servo/msg/detail/control_message__struct.hpp
-- Installing: /home/pi/Legacy/URC-2026/embedded_ros2_ws/src/install/servo/include/servo/servo/msg/detail/control_message__builder.hpp
-- Installing: /home/pi/Legacy/URC-2026/embedded_ros2_ws/src/install/servo/include/servo/servo/msg/rosidl_generator_cpp__visibility_control.hpp
-- Up-to-date: /home/pi/Legacy/URC-2026/embedded_ros2_ws/src/install/servo/include/servo/servo
-- Up-to-date: /home/pi/Legacy/URC-2026/embedded_ros2_ws/src/install/servo/include/servo/servo/msg
-- Installing: /home/pi/Legacy/URC-2026/embedded_ros2_ws/src/install/servo/include/servo/servo/msg/rosidl_typesupport_fastrtps_cpp__visibility_control.h
-- Up-to-date: /home/pi/Legacy/URC-2026/embedded_ros2_ws/src/install/servo/include/servo/servo/msg/detail
-- Installing: /home/pi/Legacy/URC-2026/embedded_ros2_ws/src/install/servo/include/servo/servo/msg/detail/dds_fastrtps
-- Installing: /home/pi/Legacy/URC-2026/embedded_ros2_ws/src/install/servo/include/servo/servo/msg/detail/control_message__rosidl_typesupport_fastrtps_cpp.hpp
-- Installing: /home/pi/Legacy/URC-2026/embedded_ros2_ws/src/install/servo/lib/libservo__rosidl_typesupport_fastrtps_cpp.so
-- Set runtime path of "/home/pi/Legacy/URC-2026/embedded_ros2_ws/src/install/servo/lib/libservo__rosidl_typesupport_fastrtps_cpp.so" to ""
-- Up-to-date: /home/pi/Legacy/URC-2026/embedded_ros2_ws/src/install/servo/include/servo/servo
-- Up-to-date: /home/pi/Legacy/URC-2026/embedded_ros2_ws/src/install/servo/include/servo/servo/msg
-- Up-to-date: /home/pi/Legacy/URC-2026/embedded_ros2_ws/src/install/servo/include/servo/servo/msg/detail
-- Installing: /home/pi/Legacy/URC-2026/embedded_ros2_ws/src/install/servo/include/servo/servo/msg/detail/control_message__rosidl_typesupport_introspection_c.h
-- Installing: /home/pi/Legacy/URC-2026/embedded_ros2_ws/src/install/servo/include/servo/servo/msg/detail/control_message__type_support.c
-- Installing: /home/pi/Legacy/URC-2026/embedded_ros2_ws/src/install/servo/include/servo/servo/msg/rosidl_typesupport_introspection_c__visibility_control.h
-- Installing: /home/pi/Legacy/URC-2026/embedded_ros2_ws/src/install/servo/lib/libservo__rosidl_typesupport_introspection_c.so
-- Set runtime path of "/home/pi/Legacy/URC-2026/embedded_ros2_ws/src/install/servo/lib/libservo__rosidl_typesupport_introspection_c.so" to ""
-- Installing: /home/pi/Legacy/URC-2026/embedded_ros2_ws/src/install/servo/lib/libservo__rosidl_typesupport_c.so
-- Set runtime path of "/home/pi/Legacy/URC-2026/embedded_ros2_ws/src/install/servo/lib/libservo__rosidl_typesupport_c.so" to ""
-- Up-to-date: /home/pi/Legacy/URC-2026/embedded_ros2_ws/src/install/servo/include/servo/servo
-- Up-to-date: /home/pi/Legacy/URC-2026/embedded_ros2_ws/src/install/servo/include/servo/servo/msg
-- Up-to-date: /home/pi/Legacy/URC-2026/embedded_ros2_ws/src/install/servo/include/servo/servo/msg/detail
-- Installing: /home/pi/Legacy/URC-2026/embedded_ros2_ws/src/install/servo/include/servo/servo/msg/detail/control_message__type_support.cpp
-- Installing: /home/pi/Legacy/URC-2026/embedded_ros2_ws/src/install/servo/include/servo/servo/msg/detail/control_message__rosidl_typesupport_introspection_cpp.hpp
-- Installing: /home/pi/Legacy/URC-2026/embedded_ros2_ws/src/install/servo/lib/libservo__rosidl_typesupport_introspection_cpp.so
-- Set runtime path of "/home/pi/Legacy/URC-2026/embedded_ros2_ws/src/install/servo/lib/libservo__rosidl_typesupport_introspection_cpp.so" to ""
-- Installing: /home/pi/Legacy/URC-2026/embedded_ros2_ws/src/install/servo/lib/libservo__rosidl_typesupport_cpp.so
-- Set runtime path of "/home/pi/Legacy/URC-2026/embedded_ros2_ws/src/install/servo/lib/libservo__rosidl_typesupport_cpp.so" to ""
-- Installing: /home/pi/Legacy/URC-2026/embedded_ros2_ws/src/install/servo/share/servo/environment/pythonpath.sh
-- Installing: /home/pi/Legacy/URC-2026/embedded_ros2_ws/src/install/servo/share/servo/environment/pythonpath.dsv
-- Installing: /home/pi/Legacy/URC-2026/embedded_ros2_ws/src/install/servo/local/lib/python3.10/dist-packages/servo-0.0.0-py3.10.egg-info
-- Installing: /home/pi/Legacy/URC-2026/embedded_ros2_ws/src/install/servo/local/lib/python3.10/dist-packages/servo-0.0.0-py3.10.egg-info/PKG-INFO
-- Installing: /home/pi/Legacy/URC-2026/embedded_ros2_ws/src/install/servo/local/lib/python3.10/dist-packages/servo-0.0.0-py3.10.egg-info/top_level.txt
-- Installing: /home/pi/Legacy/URC-2026/embedded_ros2_ws/src/install/servo/local/lib/python3.10/dist-packages/servo-0.0.0-py3.10.egg-info/SOURCES.txt
-- Installing: /home/pi/Legacy/URC-2026/embedded_ros2_ws/src/install/servo/local/lib/python3.10/dist-packages/servo-0.0.0-py3.10.egg-info/dependency_links.txt
-- Installing: /home/pi/Legacy/URC-2026/embedded_ros2_ws/src/install/servo/local/lib/python3.10/dist-packages/servo
-- Installing: /home/pi/Legacy/URC-2026/embedded_ros2_ws/src/install/servo/local/lib/python3.10/dist-packages/servo/servo_s__rosidl_typesupport_fastrtps_c.cpython-310-aarch64-linux-gnu.so
-- Installing: /home/pi/Legacy/URC-2026/embedded_ros2_ws/src/install/servo/local/lib/python3.10/dist-packages/servo/__init__.py
-- Installing: /home/pi/Legacy/URC-2026/embedded_ros2_ws/src/install/servo/local/lib/python3.10/dist-packages/servo/libservo__rosidl_generator_py.so
-- Installing: /home/pi/Legacy/URC-2026/embedded_ros2_ws/src/install/servo/local/lib/python3.10/dist-packages/servo/_servo_s.ep.rosidl_typesupport_c.c
-- Installing: /home/pi/Legacy/URC-2026/embedded_ros2_ws/src/install/servo/local/lib/python3.10/dist-packages/servo/_servo_s.ep.rosidl_typesupport_fastrtps_c.c
-- Installing: /home/pi/Legacy/URC-2026/embedded_ros2_ws/src/install/servo/local/lib/python3.10/dist-packages/servo/servo_s__rosidl_typesupport_introspection_c.cpython-310-aarch64-linux-gnu.so
-- Installing: /home/pi/Legacy/URC-2026/embedded_ros2_ws/src/install/servo/local/lib/python3.10/dist-packages/servo/_servo_s.ep.rosidl_typesupport_introspection_c.c
-- Installing: /home/pi/Legacy/URC-2026/embedded_ros2_ws/src/install/servo/local/lib/python3.10/dist-packages/servo/msg
-- Installing: /home/pi/Legacy/URC-2026/embedded_ros2_ws/src/install/servo/local/lib/python3.10/dist-packages/servo/msg/__init__.py
-- Installing: /home/pi/Legacy/URC-2026/embedded_ros2_ws/src/install/servo/local/lib/python3.10/dist-packages/servo/msg/_control_message_s.c
-- Installing: /home/pi/Legacy/URC-2026/embedded_ros2_ws/src/install/servo/local/lib/python3.10/dist-packages/servo/msg/_control_message.py
-- Installing: /home/pi/Legacy/URC-2026/embedded_ros2_ws/src/install/servo/local/lib/python3.10/dist-packages/servo/servo_s__rosidl_typesupport_c.cpython-310-aarch64-linux-gnu.so
Listing '/home/pi/Legacy/URC-2026/embedded_ros2_ws/src/install/servo/local/lib/python3.10/dist-packages/servo'...
Compiling '/home/pi/Legacy/URC-2026/embedded_ros2_ws/src/install/servo/local/lib/python3.10/dist-packages/servo/__init__.py'...
Listing '/home/pi/Legacy/URC-2026/embedded_ros2_ws/src/install/servo/local/lib/python3.10/dist-packages/servo/msg'...
Compiling '/home/pi/Legacy/URC-2026/embedded_ros2_ws/src/install/servo/local/lib/python3.10/dist-packages/servo/msg/__init__.py'...
Compiling '/home/pi/Legacy/URC-2026/embedded_ros2_ws/src/install/servo/local/lib/python3.10/dist-packages/servo/msg/_control_message.py'...
-- Installing: /home/pi/Legacy/URC-2026/embedded_ros2_ws/src/install/servo/local/lib/python3.10/dist-packages/servo/servo_s__rosidl_typesupport_fastrtps_c.cpython-310-aarch64-linux-gnu.so
-- Set runtime path of "/home/pi/Legacy/URC-2026/embedded_ros2_ws/src/install/servo/local/lib/python3.10/dist-packages/servo/servo_s__rosidl_typesupport_fastrtps_c.cpython-310-aarch64-linux-gnu.so" to ""
-- Installing: /home/pi/Legacy/URC-2026/embedded_ros2_ws/src/install/servo/local/lib/python3.10/dist-packages/servo/servo_s__rosidl_typesupport_introspection_c.cpython-310-aarch64-linux-gnu.so
-- Set runtime path of "/home/pi/Legacy/URC-2026/embedded_ros2_ws/src/install/servo/local/lib/python3.10/dist-packages/servo/servo_s__rosidl_typesupport_introspection_c.cpython-310-aarch64-linux-gnu.so" to ""
-- Installing: /home/pi/Legacy/URC-2026/embedded_ros2_ws/src/install/servo/local/lib/python3.10/dist-packages/servo/servo_s__rosidl_typesupport_c.cpython-310-aarch64-linux-gnu.so
-- Set runtime path of "/home/pi/Legacy/URC-2026/embedded_ros2_ws/src/install/servo/local/lib/python3.10/dist-packages/servo/servo_s__rosidl_typesupport_c.cpython-310-aarch64-linux-gnu.so" to ""
-- Installing: /home/pi/Legacy/URC-2026/embedded_ros2_ws/src/install/servo/lib/libservo__rosidl_generator_py.so
-- Set runtime path of "/home/pi/Legacy/URC-2026/embedded_ros2_ws/src/install/servo/lib/libservo__rosidl_generator_py.so" to ""
-- Installing: /home/pi/Legacy/URC-2026/embedded_ros2_ws/src/install/servo/share/servo/msg/ControlMessage.idl
-- Installing: /home/pi/Legacy/URC-2026/embedded_ros2_ws/src/install/servo/share/servo/msg/ControlMessage.msg
-- Installing: /home/pi/Legacy/URC-2026/embedded_ros2_ws/src/install/servo/lib/servo/servo_node
-- Set runtime path of "/home/pi/Legacy/URC-2026/embedded_ros2_ws/src/install/servo/lib/servo/servo_node" to ""
-- Installing: /home/pi/Legacy/URC-2026/embedded_ros2_ws/src/install/servo/share/servo/launch
-- Installing: /home/pi/Legacy/URC-2026/embedded_ros2_ws/src/install/servo/share/servo/launch/example_launch.yaml
-- Installing: /home/pi/Legacy/URC-2026/embedded_ros2_ws/src/install/servo/share/ament_index/resource_index/package_run_dependencies/servo
-- Installing: /home/pi/Legacy/URC-2026/embedded_ros2_ws/src/install/servo/share/ament_index/resource_index/parent_prefix_path/servo
-- Installing: /home/pi/Legacy/URC-2026/embedded_ros2_ws/src/install/servo/share/servo/environment/ament_prefix_path.sh
-- Installing: /home/pi/Legacy/URC-2026/embedded_ros2_ws/src/install/servo/share/servo/environment/ament_prefix_path.dsv
-- Installing: /home/pi/Legacy/URC-2026/embedded_ros2_ws/src/install/servo/share/servo/environment/path.sh
-- Installing: /home/pi/Legacy/URC-2026/embedded_ros2_ws/src/install/servo/share/servo/environment/path.dsv
-- Installing: /home/pi/Legacy/URC-2026/embedded_ros2_ws/src/install/servo/share/servo/local_setup.bash
-- Installing: /home/pi/Legacy/URC-2026/embedded_ros2_ws/src/install/servo/share/servo/local_setup.sh
-- Installing: /home/pi/Legacy/URC-2026/embedded_ros2_ws/src/install/servo/share/servo/local_setup.zsh
-- Installing: /home/pi/Legacy/URC-2026/embedded_ros2_ws/src/install/servo/share/servo/local_setup.dsv
-- Installing: /home/pi/Legacy/URC-2026/embedded_ros2_ws/src/install/servo/share/servo/package.dsv
-- Installing: /home/pi/Legacy/URC-2026/embedded_ros2_ws/src/install/servo/share/ament_index/resource_index/packages/servo
-- Installing: /home/pi/Legacy/URC-2026/embedded_ros2_ws/src/install/servo/share/servo/cmake/export_servo__rosidl_generator_cExport.cmake
-- Installing: /home/pi/Legacy/URC-2026/embedded_ros2_ws/src/install/servo/share/servo/cmake/export_servo__rosidl_generator_cExport-noconfig.cmake
-- Installing: /home/pi/Legacy/URC-2026/embedded_ros2_ws/src/install/servo/share/servo/cmake/export_servo__rosidl_typesupport_fastrtps_cExport.cmake
-- Installing: /home/pi/Legacy/URC-2026/embedded_ros2_ws/src/install/servo/share/servo/cmake/export_servo__rosidl_typesupport_fastrtps_cExport-noconfig.cmake
-- Installing: /home/pi/Legacy/URC-2026/embedded_ros2_ws/src/install/servo/share/servo/cmake/export_servo__rosidl_generator_cppExport.cmake
-- Installing: /home/pi/Legacy/URC-2026/embedded_ros2_ws/src/install/servo/share/servo/cmake/export_servo__rosidl_typesupport_fastrtps_cppExport.cmake
-- Installing: /home/pi/Legacy/URC-2026/embedded_ros2_ws/src/install/servo/share/servo/cmake/export_servo__rosidl_typesupport_fastrtps_cppExport-noconfig.cmake
-- Installing: /home/pi/Legacy/URC-2026/embedded_ros2_ws/src/install/servo/share/servo/cmake/servo__rosidl_typesupport_introspection_cExport.cmake
-- Installing: /home/pi/Legacy/URC-2026/embedded_ros2_ws/src/install/servo/share/servo/cmake/servo__rosidl_typesupport_introspection_cExport-noconfig.cmake
-- Installing: /home/pi/Legacy/URC-2026/embedded_ros2_ws/src/install/servo/share/servo/cmake/servo__rosidl_typesupport_cExport.cmake
-- Installing: /home/pi/Legacy/URC-2026/embedded_ros2_ws/src/install/servo/share/servo/cmake/servo__rosidl_typesupport_cExport-noconfig.cmake
-- Installing: /home/pi/Legacy/URC-2026/embedded_ros2_ws/src/install/servo/share/servo/cmake/servo__rosidl_typesupport_introspection_cppExport.cmake
-- Installing: /home/pi/Legacy/URC-2026/embedded_ros2_ws/src/install/servo/share/servo/cmake/servo__rosidl_typesupport_introspection_cppExport-noconfig.cmake
-- Installing: /home/pi/Legacy/URC-2026/embedded_ros2_ws/src/install/servo/share/servo/cmake/servo__rosidl_typesupport_cppExport.cmake
-- Installing: /home/pi/Legacy/URC-2026/embedded_ros2_ws/src/install/servo/share/servo/cmake/servo__rosidl_typesupport_cppExport-noconfig.cmake
-- Installing: /home/pi/Legacy/URC-2026/embedded_ros2_ws/src/install/servo/share/servo/cmake/export_servo__rosidl_generator_pyExport.cmake
-- Installing: /home/pi/Legacy/URC-2026/embedded_ros2_ws/src/install/servo/share/servo/cmake/export_servo__rosidl_generator_pyExport-noconfig.cmake
-- Installing: /home/pi/Legacy/URC-2026/embedded_ros2_ws/src/install/servo/share/servo/cmake/rosidl_cmake-extras.cmake
-- Installing: /home/pi/Legacy/URC-2026/embedded_ros2_ws/src/install/servo/share/servo/cmake/ament_cmake_export_include_directories-extras.cmake
-- Installing: /home/pi/Legacy/URC-2026/embedded_ros2_ws/src/install/servo/share/servo/cmake/ament_cmake_export_libraries-extras.cmake
-- Installing: /home/pi/Legacy/URC-2026/embedded_ros2_ws/src/install/servo/share/servo/cmake/ament_cmake_export_targets-extras.cmake
-- Installing: /home/pi/Legacy/URC-2026/embedded_ros2_ws/src/install/servo/share/servo/cmake/rosidl_cmake_export_typesupport_targets-extras.cmake
-- Installing: /home/pi/Legacy/URC-2026/embedded_ros2_ws/src/install/servo/share/servo/cmake/ament_cmake_export_dependencies-extras.cmake
-- Installing: /home/pi/Legacy/URC-2026/embedded_ros2_ws/src/install/servo/share/servo/cmake/rosidl_cmake_export_typesupport_libraries-extras.cmake
-- Installing: /home/pi/Legacy/URC-2026/embedded_ros2_ws/src/install/servo/share/servo/cmake/servoConfig.cmake
-- Installing: /home/pi/Legacy/URC-2026/embedded_ros2_ws/src/install/servo/share/servo/cmake/servoConfig-version.cmake
-- Installing: /home/pi/Legacy/URC-2026/embedded_ros2_ws/src/install/servo/share/servo/package.xml
