running egg_info
creating ../../build/drive_manager/drive_manager.egg-info
writing ../../build/drive_manager/drive_manager.egg-info/PKG-INFO
writing dependency_links to ../../build/drive_manager/drive_manager.egg-info/dependency_links.txt
writing entry points to ../../build/drive_manager/drive_manager.egg-info/entry_points.txt
writing requirements to ../../build/drive_manager/drive_manager.egg-info/requires.txt
writing top-level names to ../../build/drive_manager/drive_manager.egg-info/top_level.txt
writing manifest file '../../build/drive_manager/drive_manager.egg-info/SOURCES.txt'
reading manifest file '../../build/drive_manager/drive_manager.egg-info/SOURCES.txt'
adding license file 'LICENSE'
writing manifest file '../../build/drive_manager/drive_manager.egg-info/SOURCES.txt'
running build
running build_py
creating /home/pi/Legacy/URC-2026/drive_ros2_ws/build/drive_manager/build
creating /home/pi/Legacy/URC-2026/drive_ros2_ws/build/drive_manager/build/lib
creating /home/pi/Legacy/URC-2026/drive_ros2_ws/build/drive_manager/build/lib/src
copying src/drive_manager_node.py -> /home/pi/Legacy/URC-2026/drive_ros2_ws/build/drive_manager/build/lib/src
copying src/__init__.py -> /home/pi/Legacy/URC-2026/drive_ros2_ws/build/drive_manager/build/lib/src
running install
running install_lib
creating /home/pi/Legacy/URC-2026/drive_ros2_ws/install/drive_manager/lib/python3.10/site-packages/src
copying /home/pi/Legacy/URC-2026/drive_ros2_ws/build/drive_manager/build/lib/src/drive_manager_node.py -> /home/pi/Legacy/URC-2026/drive_ros2_ws/install/drive_manager/lib/python3.10/site-packages/src
copying /home/pi/Legacy/URC-2026/drive_ros2_ws/build/drive_manager/build/lib/src/__init__.py -> /home/pi/Legacy/URC-2026/drive_ros2_ws/install/drive_manager/lib/python3.10/site-packages/src
byte-compiling /home/pi/Legacy/URC-2026/drive_ros2_ws/install/drive_manager/lib/python3.10/site-packages/src/drive_manager_node.py to drive_manager_node.cpython-310.pyc
byte-compiling /home/pi/Legacy/URC-2026/drive_ros2_ws/install/drive_manager/lib/python3.10/site-packages/src/__init__.py to __init__.cpython-310.pyc
running install_data
creating /home/pi/Legacy/URC-2026/drive_ros2_ws/install/drive_manager/share/ament_index
creating /home/pi/Legacy/URC-2026/drive_ros2_ws/install/drive_manager/share/ament_index/resource_index
creating /home/pi/Legacy/URC-2026/drive_ros2_ws/install/drive_manager/share/ament_index/resource_index/packages
copying resource/drive_manager -> /home/pi/Legacy/URC-2026/drive_ros2_ws/install/drive_manager/share/ament_index/resource_index/packages
copying package.xml -> /home/pi/Legacy/URC-2026/drive_ros2_ws/install/drive_manager/share/drive_manager
creating /home/pi/Legacy/URC-2026/drive_ros2_ws/install/drive_manager/share/drive_manager/launch
copying launch/teleop_drive_launch.yaml -> /home/pi/Legacy/URC-2026/drive_ros2_ws/install/drive_manager/share/drive_manager/launch
running install_egg_info
Copying ../../build/drive_manager/drive_manager.egg-info to /home/pi/Legacy/URC-2026/drive_ros2_ws/install/drive_manager/lib/python3.10/site-packages/drive_manager-0.0.0-py3.10.egg-info
running install_scripts
Installing drive_manager_node script to /home/pi/Legacy/URC-2026/drive_ros2_ws/install/drive_manager/lib/drive_manager
writing list of installed files to '/home/pi/Legacy/URC-2026/drive_ros2_ws/build/drive_manager/install.log'
