[0.060s] Invoking command in '/home/pi/Legacy/URC-2026/drive_ros2_ws/build/drive_teleop': CMAKE_PREFIX_PATH=${CMAKE_PREFIX_PATH}:/home/pi/Legacy/URC-2026/drive_ros2_ws/install/drive_manager:/home/pi/Legacy/URC-2026/embedded_ros2_ws/install/serializer_nodes_demo:/home/pi/Legacy/URC-2026/embedded_ros2_ws/install/drive:/home/pi/Legacy/Testing/ros2_ws/install/rover_motor_command:/opt/ros/humble /usr/bin/cmake --build /home/pi/Legacy/URC-2026/drive_ros2_ws/build/drive_teleop -- -j4 -l4
[0.294s] [35m[1mConsolidate compiler generated dependencies of target drive_teleop__rosidl_generator_c[0m
[0.345s] [  3%] Built target drive_teleop__cpp
[0.365s] [ 12%] Built target drive_teleop__rosidl_generator_c
[0.409s] [35m[1mConsolidate compiler generated dependencies of target drive_teleop__rosidl_typesupport_cpp[0m
[0.410s] [35m[1mConsolidate compiler generated dependencies of target drive_teleop__rosidl_typesupport_fastrtps_cpp[0m
[0.425s] [ 12%] Built target ament_cmake_python_copy_drive_teleop
[0.435s] [35m[1mConsolidate compiler generated dependencies of target drive_teleop__rosidl_typesupport_introspection_cpp[0m
[0.489s] [ 21%] Built target drive_teleop__rosidl_typesupport_fastrtps_cpp
[0.497s] [ 30%] Built target drive_teleop__rosidl_typesupport_cpp
[0.523s] [ 39%] Built target drive_teleop__rosidl_typesupport_introspection_cpp
[0.552s] [35m[1mConsolidate compiler generated dependencies of target drive_teleop__rosidl_typesupport_introspection_c[0m
[0.562s] [35m[1mConsolidate compiler generated dependencies of target drive_teleop__rosidl_typesupport_fastrtps_c[0m
[0.583s] [35m[1mConsolidate compiler generated dependencies of target drive_teleop__rosidl_typesupport_c[0m
[0.635s] [ 48%] Built target drive_teleop__rosidl_typesupport_introspection_c
[0.680s] [ 57%] Built target drive_teleop__rosidl_typesupport_fastrtps_c
[0.692s] [ 66%] Built target drive_teleop__rosidl_typesupport_c
[0.708s] [35m[1mConsolidate compiler generated dependencies of target drive_teleop_node[0m
[0.810s] [ 66%] Built target drive_teleop
[0.825s] [ 72%] Built target drive_teleop_node
[0.928s] [ 75%] Built target drive_teleop__py
[0.988s] [35m[1mConsolidate compiler generated dependencies of target drive_teleop__rosidl_generator_py[0m
[1.067s] [ 81%] Built target drive_teleop__rosidl_generator_py
[1.134s] [35m[1mConsolidate compiler generated dependencies of target drive_teleop__rosidl_typesupport_introspection_c__pyext[0m
[1.138s] [35m[1mConsolidate compiler generated dependencies of target drive_teleop__rosidl_typesupport_fastrtps_c__pyext[0m
[1.140s] [35m[1mConsolidate compiler generated dependencies of target drive_teleop__rosidl_typesupport_c__pyext[0m
[1.246s] [ 87%] Built target drive_teleop__rosidl_typesupport_introspection_c__pyext
[1.257s] [ 93%] Built target drive_teleop__rosidl_typesupport_fastrtps_c__pyext
[1.272s] [100%] Built target drive_teleop__rosidl_typesupport_c__pyext
[1.849s] running egg_info
[1.852s] writing drive_teleop.egg-info/PKG-INFO
[1.853s] writing dependency_links to drive_teleop.egg-info/dependency_links.txt
[1.854s] writing top-level names to drive_teleop.egg-info/top_level.txt
[1.864s] reading manifest file 'drive_teleop.egg-info/SOURCES.txt'
[1.866s] writing manifest file 'drive_teleop.egg-info/SOURCES.txt'
[2.006s] [100%] Built target ament_cmake_python_build_drive_teleop_egg
[2.058s] Invoked command in '/home/pi/Legacy/URC-2026/drive_ros2_ws/build/drive_teleop' returned '0': CMAKE_PREFIX_PATH=${CMAKE_PREFIX_PATH}:/home/pi/Legacy/URC-2026/drive_ros2_ws/install/drive_manager:/home/pi/Legacy/URC-2026/embedded_ros2_ws/install/serializer_nodes_demo:/home/pi/Legacy/URC-2026/embedded_ros2_ws/install/drive:/home/pi/Legacy/Testing/ros2_ws/install/rover_motor_command:/opt/ros/humble /usr/bin/cmake --build /home/pi/Legacy/URC-2026/drive_ros2_ws/build/drive_teleop -- -j4 -l4
[2.110s] Invoking command in '/home/pi/Legacy/URC-2026/drive_ros2_ws/build/drive_teleop': CMAKE_PREFIX_PATH=${CMAKE_PREFIX_PATH}:/home/pi/Legacy/URC-2026/drive_ros2_ws/install/drive_manager:/home/pi/Legacy/URC-2026/embedded_ros2_ws/install/serializer_nodes_demo:/home/pi/Legacy/URC-2026/embedded_ros2_ws/install/drive:/home/pi/Legacy/Testing/ros2_ws/install/rover_motor_command:/opt/ros/humble /usr/bin/cmake --install /home/pi/Legacy/URC-2026/drive_ros2_ws/build/drive_teleop
[2.150s] -- Install configuration: ""
[2.150s] -- Up-to-date: /home/pi/Legacy/URC-2026/drive_ros2_ws/install/drive_teleop/share/ament_index/resource_index/rosidl_interfaces/drive_teleop
[2.151s] -- Up-to-date: /home/pi/Legacy/URC-2026/drive_ros2_ws/install/drive_teleop/include/drive_teleop/drive_teleop
[2.151s] -- Up-to-date: /home/pi/Legacy/URC-2026/drive_ros2_ws/install/drive_teleop/include/drive_teleop/drive_teleop/msg
[2.152s] -- Up-to-date: /home/pi/Legacy/URC-2026/drive_ros2_ws/install/drive_teleop/include/drive_teleop/drive_teleop/msg/drive_control_message.h
[2.152s] -- Up-to-date: /home/pi/Legacy/URC-2026/drive_ros2_ws/install/drive_teleop/include/drive_teleop/drive_teleop/msg/rosidl_generator_c__visibility_control.h
[2.153s] -- Up-to-date: /home/pi/Legacy/URC-2026/drive_ros2_ws/install/drive_teleop/include/drive_teleop/drive_teleop/msg/detail
[2.153s] -- Up-to-date: /home/pi/Legacy/URC-2026/drive_ros2_ws/install/drive_teleop/include/drive_teleop/drive_teleop/msg/detail/drive_control_message__struct.h
[2.154s] -- Up-to-date: /home/pi/Legacy/URC-2026/drive_ros2_ws/install/drive_teleop/include/drive_teleop/drive_teleop/msg/detail/drive_control_message__functions.c
[2.154s] -- Up-to-date: /home/pi/Legacy/URC-2026/drive_ros2_ws/install/drive_teleop/include/drive_teleop/drive_teleop/msg/detail/drive_control_message__type_support.h
[2.155s] -- Up-to-date: /home/pi/Legacy/URC-2026/drive_ros2_ws/install/drive_teleop/include/drive_teleop/drive_teleop/msg/detail/drive_control_message__functions.h
[2.155s] -- Up-to-date: /home/pi/Legacy/URC-2026/drive_ros2_ws/install/drive_teleop/share/drive_teleop/environment/library_path.sh
[2.156s] -- Up-to-date: /home/pi/Legacy/URC-2026/drive_ros2_ws/install/drive_teleop/share/drive_teleop/environment/library_path.dsv
[2.157s] -- Up-to-date: /home/pi/Legacy/URC-2026/drive_ros2_ws/install/drive_teleop/lib/libdrive_teleop__rosidl_generator_c.so
[2.158s] -- Up-to-date: /home/pi/Legacy/URC-2026/drive_ros2_ws/install/drive_teleop/include/drive_teleop/drive_teleop
[2.158s] -- Up-to-date: /home/pi/Legacy/URC-2026/drive_ros2_ws/install/drive_teleop/include/drive_teleop/drive_teleop/msg
[2.159s] -- Up-to-date: /home/pi/Legacy/URC-2026/drive_ros2_ws/install/drive_teleop/include/drive_teleop/drive_teleop/msg/rosidl_typesupport_fastrtps_c__visibility_control.h
[2.159s] -- Up-to-date: /home/pi/Legacy/URC-2026/drive_ros2_ws/install/drive_teleop/include/drive_teleop/drive_teleop/msg/detail
[2.160s] -- Up-to-date: /home/pi/Legacy/URC-2026/drive_ros2_ws/install/drive_teleop/include/drive_teleop/drive_teleop/msg/detail/drive_control_message__rosidl_typesupport_fastrtps_c.h
[2.161s] -- Up-to-date: /home/pi/Legacy/URC-2026/drive_ros2_ws/install/drive_teleop/lib/libdrive_teleop__rosidl_typesupport_fastrtps_c.so
[2.162s] -- Up-to-date: /home/pi/Legacy/URC-2026/drive_ros2_ws/install/drive_teleop/include/drive_teleop/drive_teleop
[2.163s] -- Up-to-date: /home/pi/Legacy/URC-2026/drive_ros2_ws/install/drive_teleop/include/drive_teleop/drive_teleop/msg
[2.163s] -- Up-to-date: /home/pi/Legacy/URC-2026/drive_ros2_ws/install/drive_teleop/include/drive_teleop/drive_teleop/msg/drive_control_message.hpp
[2.164s] -- Up-to-date: /home/pi/Legacy/URC-2026/drive_ros2_ws/install/drive_teleop/include/drive_teleop/drive_teleop/msg/detail
[2.164s] -- Up-to-date: /home/pi/Legacy/URC-2026/drive_ros2_ws/install/drive_teleop/include/drive_teleop/drive_teleop/msg/detail/drive_control_message__type_support.hpp
[2.165s] -- Up-to-date: /home/pi/Legacy/URC-2026/drive_ros2_ws/install/drive_teleop/include/drive_teleop/drive_teleop/msg/detail/drive_control_message__struct.hpp
[2.165s] -- Up-to-date: /home/pi/Legacy/URC-2026/drive_ros2_ws/install/drive_teleop/include/drive_teleop/drive_teleop/msg/detail/drive_control_message__builder.hpp
[2.166s] -- Up-to-date: /home/pi/Legacy/URC-2026/drive_ros2_ws/install/drive_teleop/include/drive_teleop/drive_teleop/msg/detail/drive_control_message__traits.hpp
[2.166s] -- Up-to-date: /home/pi/Legacy/URC-2026/drive_ros2_ws/install/drive_teleop/include/drive_teleop/drive_teleop/msg/rosidl_generator_cpp__visibility_control.hpp
[2.167s] -- Up-to-date: /home/pi/Legacy/URC-2026/drive_ros2_ws/install/drive_teleop/include/drive_teleop/drive_teleop
[2.167s] -- Up-to-date: /home/pi/Legacy/URC-2026/drive_ros2_ws/install/drive_teleop/include/drive_teleop/drive_teleop/msg
[2.167s] -- Up-to-date: /home/pi/Legacy/URC-2026/drive_ros2_ws/install/drive_teleop/include/drive_teleop/drive_teleop/msg/rosidl_typesupport_fastrtps_cpp__visibility_control.h
[2.168s] -- Up-to-date: /home/pi/Legacy/URC-2026/drive_ros2_ws/install/drive_teleop/include/drive_teleop/drive_teleop/msg/detail
[2.168s] -- Up-to-date: /home/pi/Legacy/URC-2026/drive_ros2_ws/install/drive_teleop/include/drive_teleop/drive_teleop/msg/detail/dds_fastrtps
[2.169s] -- Up-to-date: /home/pi/Legacy/URC-2026/drive_ros2_ws/install/drive_teleop/include/drive_teleop/drive_teleop/msg/detail/drive_control_message__rosidl_typesupport_fastrtps_cpp.hpp
[2.169s] -- Up-to-date: /home/pi/Legacy/URC-2026/drive_ros2_ws/install/drive_teleop/lib/libdrive_teleop__rosidl_typesupport_fastrtps_cpp.so
[2.171s] -- Up-to-date: /home/pi/Legacy/URC-2026/drive_ros2_ws/install/drive_teleop/include/drive_teleop/drive_teleop
[2.171s] -- Up-to-date: /home/pi/Legacy/URC-2026/drive_ros2_ws/install/drive_teleop/include/drive_teleop/drive_teleop/msg
[2.172s] -- Up-to-date: /home/pi/Legacy/URC-2026/drive_ros2_ws/install/drive_teleop/include/drive_teleop/drive_teleop/msg/detail
[2.172s] -- Up-to-date: /home/pi/Legacy/URC-2026/drive_ros2_ws/install/drive_teleop/include/drive_teleop/drive_teleop/msg/detail/drive_control_message__rosidl_typesupport_introspection_c.h
[2.172s] -- Up-to-date: /home/pi/Legacy/URC-2026/drive_ros2_ws/install/drive_teleop/include/drive_teleop/drive_teleop/msg/detail/drive_control_message__type_support.c
[2.173s] -- Up-to-date: /home/pi/Legacy/URC-2026/drive_ros2_ws/install/drive_teleop/include/drive_teleop/drive_teleop/msg/rosidl_typesupport_introspection_c__visibility_control.h
[2.174s] -- Up-to-date: /home/pi/Legacy/URC-2026/drive_ros2_ws/install/drive_teleop/lib/libdrive_teleop__rosidl_typesupport_introspection_c.so
[2.176s] -- Up-to-date: /home/pi/Legacy/URC-2026/drive_ros2_ws/install/drive_teleop/lib/libdrive_teleop__rosidl_typesupport_c.so
[2.177s] -- Up-to-date: /home/pi/Legacy/URC-2026/drive_ros2_ws/install/drive_teleop/include/drive_teleop/drive_teleop
[2.178s] -- Up-to-date: /home/pi/Legacy/URC-2026/drive_ros2_ws/install/drive_teleop/include/drive_teleop/drive_teleop/msg
[2.178s] -- Up-to-date: /home/pi/Legacy/URC-2026/drive_ros2_ws/install/drive_teleop/include/drive_teleop/drive_teleop/msg/detail
[2.179s] -- Up-to-date: /home/pi/Legacy/URC-2026/drive_ros2_ws/install/drive_teleop/include/drive_teleop/drive_teleop/msg/detail/drive_control_message__rosidl_typesupport_introspection_cpp.hpp
[2.179s] -- Up-to-date: /home/pi/Legacy/URC-2026/drive_ros2_ws/install/drive_teleop/include/drive_teleop/drive_teleop/msg/detail/drive_control_message__type_support.cpp
[2.180s] -- Up-to-date: /home/pi/Legacy/URC-2026/drive_ros2_ws/install/drive_teleop/lib/libdrive_teleop__rosidl_typesupport_introspection_cpp.so
[2.182s] -- Up-to-date: /home/pi/Legacy/URC-2026/drive_ros2_ws/install/drive_teleop/lib/libdrive_teleop__rosidl_typesupport_cpp.so
[2.184s] -- Up-to-date: /home/pi/Legacy/URC-2026/drive_ros2_ws/install/drive_teleop/share/drive_teleop/environment/pythonpath.sh
[2.184s] -- Up-to-date: /home/pi/Legacy/URC-2026/drive_ros2_ws/install/drive_teleop/share/drive_teleop/environment/pythonpath.dsv
[2.185s] -- Up-to-date: /home/pi/Legacy/URC-2026/drive_ros2_ws/install/drive_teleop/local/lib/python3.10/dist-packages/drive_teleop-0.0.0-py3.10.egg-info
[2.185s] -- Installing: /home/pi/Legacy/URC-2026/drive_ros2_ws/install/drive_teleop/local/lib/python3.10/dist-packages/drive_teleop-0.0.0-py3.10.egg-info/PKG-INFO
[2.186s] -- Installing: /home/pi/Legacy/URC-2026/drive_ros2_ws/install/drive_teleop/local/lib/python3.10/dist-packages/drive_teleop-0.0.0-py3.10.egg-info/top_level.txt
[2.188s] -- Installing: /home/pi/Legacy/URC-2026/drive_ros2_ws/install/drive_teleop/local/lib/python3.10/dist-packages/drive_teleop-0.0.0-py3.10.egg-info/SOURCES.txt
[2.189s] -- Installing: /home/pi/Legacy/URC-2026/drive_ros2_ws/install/drive_teleop/local/lib/python3.10/dist-packages/drive_teleop-0.0.0-py3.10.egg-info/dependency_links.txt
[2.191s] -- Up-to-date: /home/pi/Legacy/URC-2026/drive_ros2_ws/install/drive_teleop/local/lib/python3.10/dist-packages/drive_teleop
[2.192s] -- Up-to-date: /home/pi/Legacy/URC-2026/drive_ros2_ws/install/drive_teleop/local/lib/python3.10/dist-packages/drive_teleop/drive_teleop_s__rosidl_typesupport_fastrtps_c.cpython-310-aarch64-linux-gnu.so
[2.192s] -- Up-to-date: /home/pi/Legacy/URC-2026/drive_ros2_ws/install/drive_teleop/local/lib/python3.10/dist-packages/drive_teleop/__init__.py
[2.192s] -- Up-to-date: /home/pi/Legacy/URC-2026/drive_ros2_ws/install/drive_teleop/local/lib/python3.10/dist-packages/drive_teleop/drive_teleop_s__rosidl_typesupport_c.cpython-310-aarch64-linux-gnu.so
[2.193s] -- Up-to-date: /home/pi/Legacy/URC-2026/drive_ros2_ws/install/drive_teleop/local/lib/python3.10/dist-packages/drive_teleop/_drive_teleop_s.ep.rosidl_typesupport_c.c
[2.193s] -- Up-to-date: /home/pi/Legacy/URC-2026/drive_ros2_ws/install/drive_teleop/local/lib/python3.10/dist-packages/drive_teleop/_drive_teleop_s.ep.rosidl_typesupport_fastrtps_c.c
[2.194s] -- Up-to-date: /home/pi/Legacy/URC-2026/drive_ros2_ws/install/drive_teleop/local/lib/python3.10/dist-packages/drive_teleop/msg
[2.194s] -- Up-to-date: /home/pi/Legacy/URC-2026/drive_ros2_ws/install/drive_teleop/local/lib/python3.10/dist-packages/drive_teleop/msg/__init__.py
[2.195s] -- Up-to-date: /home/pi/Legacy/URC-2026/drive_ros2_ws/install/drive_teleop/local/lib/python3.10/dist-packages/drive_teleop/msg/_drive_control_message.py
[2.195s] -- Up-to-date: /home/pi/Legacy/URC-2026/drive_ros2_ws/install/drive_teleop/local/lib/python3.10/dist-packages/drive_teleop/msg/_drive_control_message_s.c
[2.196s] -- Up-to-date: /home/pi/Legacy/URC-2026/drive_ros2_ws/install/drive_teleop/local/lib/python3.10/dist-packages/drive_teleop/_drive_teleop_s.ep.rosidl_typesupport_introspection_c.c
[2.196s] -- Up-to-date: /home/pi/Legacy/URC-2026/drive_ros2_ws/install/drive_teleop/local/lib/python3.10/dist-packages/drive_teleop/drive_teleop_s__rosidl_typesupport_introspection_c.cpython-310-aarch64-linux-gnu.so
[2.197s] -- Up-to-date: /home/pi/Legacy/URC-2026/drive_ros2_ws/install/drive_teleop/local/lib/python3.10/dist-packages/drive_teleop/libdrive_teleop__rosidl_generator_py.so
[2.394s] Listing '/home/pi/Legacy/URC-2026/drive_ros2_ws/install/drive_teleop/local/lib/python3.10/dist-packages/drive_teleop'...
[2.395s] Listing '/home/pi/Legacy/URC-2026/drive_ros2_ws/install/drive_teleop/local/lib/python3.10/dist-packages/drive_teleop/msg'...
[2.418s] -- Up-to-date: /home/pi/Legacy/URC-2026/drive_ros2_ws/install/drive_teleop/local/lib/python3.10/dist-packages/drive_teleop/drive_teleop_s__rosidl_typesupport_fastrtps_c.cpython-310-aarch64-linux-gnu.so
[2.420s] -- Up-to-date: /home/pi/Legacy/URC-2026/drive_ros2_ws/install/drive_teleop/local/lib/python3.10/dist-packages/drive_teleop/drive_teleop_s__rosidl_typesupport_introspection_c.cpython-310-aarch64-linux-gnu.so
[2.423s] -- Up-to-date: /home/pi/Legacy/URC-2026/drive_ros2_ws/install/drive_teleop/local/lib/python3.10/dist-packages/drive_teleop/drive_teleop_s__rosidl_typesupport_c.cpython-310-aarch64-linux-gnu.so
[2.425s] -- Up-to-date: /home/pi/Legacy/URC-2026/drive_ros2_ws/install/drive_teleop/lib/libdrive_teleop__rosidl_generator_py.so
[2.426s] -- Up-to-date: /home/pi/Legacy/URC-2026/drive_ros2_ws/install/drive_teleop/share/drive_teleop/msg/DriveControlMessage.idl
[2.427s] -- Up-to-date: /home/pi/Legacy/URC-2026/drive_ros2_ws/install/drive_teleop/share/drive_teleop/msg/DriveControlMessage.msg
[2.428s] -- Up-to-date: /home/pi/Legacy/URC-2026/drive_ros2_ws/install/drive_teleop/lib/drive_teleop/drive_teleop_node
[2.430s] -- Up-to-date: /home/pi/Legacy/URC-2026/drive_ros2_ws/install/drive_teleop/share/ament_index/resource_index/package_run_dependencies/drive_teleop
[2.430s] -- Up-to-date: /home/pi/Legacy/URC-2026/drive_ros2_ws/install/drive_teleop/share/ament_index/resource_index/parent_prefix_path/drive_teleop
[2.430s] -- Up-to-date: /home/pi/Legacy/URC-2026/drive_ros2_ws/install/drive_teleop/share/drive_teleop/environment/ament_prefix_path.sh
[2.431s] -- Up-to-date: /home/pi/Legacy/URC-2026/drive_ros2_ws/install/drive_teleop/share/drive_teleop/environment/ament_prefix_path.dsv
[2.432s] -- Up-to-date: /home/pi/Legacy/URC-2026/drive_ros2_ws/install/drive_teleop/share/drive_teleop/environment/path.sh
[2.433s] -- Up-to-date: /home/pi/Legacy/URC-2026/drive_ros2_ws/install/drive_teleop/share/drive_teleop/environment/path.dsv
[2.433s] -- Up-to-date: /home/pi/Legacy/URC-2026/drive_ros2_ws/install/drive_teleop/share/drive_teleop/local_setup.bash
[2.434s] -- Up-to-date: /home/pi/Legacy/URC-2026/drive_ros2_ws/install/drive_teleop/share/drive_teleop/local_setup.sh
[2.434s] -- Up-to-date: /home/pi/Legacy/URC-2026/drive_ros2_ws/install/drive_teleop/share/drive_teleop/local_setup.zsh
[2.435s] -- Up-to-date: /home/pi/Legacy/URC-2026/drive_ros2_ws/install/drive_teleop/share/drive_teleop/local_setup.dsv
[2.435s] -- Installing: /home/pi/Legacy/URC-2026/drive_ros2_ws/install/drive_teleop/share/drive_teleop/package.dsv
[2.436s] -- Up-to-date: /home/pi/Legacy/URC-2026/drive_ros2_ws/install/drive_teleop/share/ament_index/resource_index/packages/drive_teleop
[2.436s] -- Up-to-date: /home/pi/Legacy/URC-2026/drive_ros2_ws/install/drive_teleop/share/drive_teleop/cmake/export_drive_teleop__rosidl_generator_cExport.cmake
[2.437s] -- Up-to-date: /home/pi/Legacy/URC-2026/drive_ros2_ws/install/drive_teleop/share/drive_teleop/cmake/export_drive_teleop__rosidl_generator_cExport-noconfig.cmake
[2.438s] -- Up-to-date: /home/pi/Legacy/URC-2026/drive_ros2_ws/install/drive_teleop/share/drive_teleop/cmake/export_drive_teleop__rosidl_typesupport_fastrtps_cExport.cmake
[2.438s] -- Up-to-date: /home/pi/Legacy/URC-2026/drive_ros2_ws/install/drive_teleop/share/drive_teleop/cmake/export_drive_teleop__rosidl_typesupport_fastrtps_cExport-noconfig.cmake
[2.439s] -- Up-to-date: /home/pi/Legacy/URC-2026/drive_ros2_ws/install/drive_teleop/share/drive_teleop/cmake/export_drive_teleop__rosidl_generator_cppExport.cmake
[2.440s] -- Up-to-date: /home/pi/Legacy/URC-2026/drive_ros2_ws/install/drive_teleop/share/drive_teleop/cmake/export_drive_teleop__rosidl_typesupport_fastrtps_cppExport.cmake
[2.441s] -- Up-to-date: /home/pi/Legacy/URC-2026/drive_ros2_ws/install/drive_teleop/share/drive_teleop/cmake/export_drive_teleop__rosidl_typesupport_fastrtps_cppExport-noconfig.cmake
[2.442s] -- Up-to-date: /home/pi/Legacy/URC-2026/drive_ros2_ws/install/drive_teleop/share/drive_teleop/cmake/drive_teleop__rosidl_typesupport_introspection_cExport.cmake
[2.442s] -- Up-to-date: /home/pi/Legacy/URC-2026/drive_ros2_ws/install/drive_teleop/share/drive_teleop/cmake/drive_teleop__rosidl_typesupport_introspection_cExport-noconfig.cmake
[2.443s] -- Up-to-date: /home/pi/Legacy/URC-2026/drive_ros2_ws/install/drive_teleop/share/drive_teleop/cmake/drive_teleop__rosidl_typesupport_cExport.cmake
[2.444s] -- Up-to-date: /home/pi/Legacy/URC-2026/drive_ros2_ws/install/drive_teleop/share/drive_teleop/cmake/drive_teleop__rosidl_typesupport_cExport-noconfig.cmake
[2.444s] -- Up-to-date: /home/pi/Legacy/URC-2026/drive_ros2_ws/install/drive_teleop/share/drive_teleop/cmake/drive_teleop__rosidl_typesupport_introspection_cppExport.cmake
[2.445s] -- Up-to-date: /home/pi/Legacy/URC-2026/drive_ros2_ws/install/drive_teleop/share/drive_teleop/cmake/drive_teleop__rosidl_typesupport_introspection_cppExport-noconfig.cmake
[2.446s] -- Up-to-date: /home/pi/Legacy/URC-2026/drive_ros2_ws/install/drive_teleop/share/drive_teleop/cmake/drive_teleop__rosidl_typesupport_cppExport.cmake
[2.446s] -- Up-to-date: /home/pi/Legacy/URC-2026/drive_ros2_ws/install/drive_teleop/share/drive_teleop/cmake/drive_teleop__rosidl_typesupport_cppExport-noconfig.cmake
[2.448s] -- Up-to-date: /home/pi/Legacy/URC-2026/drive_ros2_ws/install/drive_teleop/share/drive_teleop/cmake/export_drive_teleop__rosidl_generator_pyExport.cmake
[2.449s] -- Up-to-date: /home/pi/Legacy/URC-2026/drive_ros2_ws/install/drive_teleop/share/drive_teleop/cmake/export_drive_teleop__rosidl_generator_pyExport-noconfig.cmake
[2.450s] -- Up-to-date: /home/pi/Legacy/URC-2026/drive_ros2_ws/install/drive_teleop/share/drive_teleop/cmake/rosidl_cmake-extras.cmake
[2.451s] -- Up-to-date: /home/pi/Legacy/URC-2026/drive_ros2_ws/install/drive_teleop/share/drive_teleop/cmake/ament_cmake_export_dependencies-extras.cmake
[2.451s] -- Up-to-date: /home/pi/Legacy/URC-2026/drive_ros2_ws/install/drive_teleop/share/drive_teleop/cmake/ament_cmake_export_include_directories-extras.cmake
[2.452s] -- Up-to-date: /home/pi/Legacy/URC-2026/drive_ros2_ws/install/drive_teleop/share/drive_teleop/cmake/ament_cmake_export_libraries-extras.cmake
[2.452s] -- Up-to-date: /home/pi/Legacy/URC-2026/drive_ros2_ws/install/drive_teleop/share/drive_teleop/cmake/ament_cmake_export_targets-extras.cmake
[2.453s] -- Up-to-date: /home/pi/Legacy/URC-2026/drive_ros2_ws/install/drive_teleop/share/drive_teleop/cmake/rosidl_cmake_export_typesupport_targets-extras.cmake
[2.453s] -- Up-to-date: /home/pi/Legacy/URC-2026/drive_ros2_ws/install/drive_teleop/share/drive_teleop/cmake/rosidl_cmake_export_typesupport_libraries-extras.cmake
[2.454s] -- Up-to-date: /home/pi/Legacy/URC-2026/drive_ros2_ws/install/drive_teleop/share/drive_teleop/cmake/drive_teleopConfig.cmake
[2.454s] -- Up-to-date: /home/pi/Legacy/URC-2026/drive_ros2_ws/install/drive_teleop/share/drive_teleop/cmake/drive_teleopConfig-version.cmake
[2.455s] -- Up-to-date: /home/pi/Legacy/URC-2026/drive_ros2_ws/install/drive_teleop/share/drive_teleop/package.xml
[2.461s] Invoked command in '/home/pi/Legacy/URC-2026/drive_ros2_ws/build/drive_teleop' returned '0': CMAKE_PREFIX_PATH=${CMAKE_PREFIX_PATH}:/home/pi/Legacy/URC-2026/drive_ros2_ws/install/drive_manager:/home/pi/Legacy/URC-2026/embedded_ros2_ws/install/serializer_nodes_demo:/home/pi/Legacy/URC-2026/embedded_ros2_ws/install/drive:/home/pi/Legacy/Testing/ros2_ws/install/rover_motor_command:/opt/ros/humble /usr/bin/cmake --install /home/pi/Legacy/URC-2026/drive_ros2_ws/build/drive_teleop
