-- The C compiler identification is GNU 11.4.0
-- The CXX compiler identification is GNU 11.4.0
-- Detecting C compiler ABI info
-- Detecting C compiler ABI info - done
-- Check for working C compiler: /usr/bin/cc - skipped
-- Detecting C compile features
-- Detecting C compile features - done
-- Detecting CXX compiler ABI info
-- Detecting CXX compiler ABI info - done
-- Check for working CXX compiler: /usr/bin/c++ - skipped
-- Detecting CXX compile features
-- Detecting CXX compile features - done
-- Found ament_cmake: 1.3.12 (/opt/ros/humble/share/ament_cmake/cmake)
-- Found Python3: /usr/bin/python3 (found version "3.10.12") found components: Interpreter 
-- Found rclpy: 3.3.19 (/opt/ros/humble/share/rclpy/cmake)
-- Found rosidl_default_generators: 1.2.0 (/opt/ros/humble/share/rosidl_default_generators/cmake)
-- Using all available rosidl_typesupport_c: rosidl_typesupport_fastrtps_c;rosidl_typesupport_introspection_c
-- Found rosidl_adapter: 3.1.8 (/opt/ros/humble/share/rosidl_adapter/cmake)
-- Using all available rosidl_typesupport_cpp: rosidl_typesupport_fastrtps_cpp;rosidl_typesupport_introspection_cpp
-- Found ament_cmake_ros: 0.10.0 (/opt/ros/humble/share/ament_cmake_ros/cmake)
-- Using all available rosidl_typesupport_c: rosidl_typesupport_fastrtps_c;rosidl_typesupport_introspection_c
-- Using all available rosidl_typesupport_cpp: rosidl_typesupport_fastrtps_cpp;rosidl_typesupport_introspection_cpp
-- Found PythonInterp: /usr/bin/python3 (found suitable version "3.10.12", minimum required is "3.6") 
-- Found python_cmake_module: 0.10.0 (/opt/ros/humble/share/python_cmake_module/cmake)
-- Found PythonLibs: /usr/lib/aarch64-linux-gnu/libpython3.10.so (found suitable version "3.10.12", minimum required is "3.5") 
-- Using PYTHON_EXECUTABLE: /usr/bin/python3
-- Using PYTHON_INCLUDE_DIRS: /usr/include/python3.10
-- Using PYTHON_LIBRARIES: /usr/lib/aarch64-linux-gnu/libpython3.10.so
-- Found PythonExtra: .so  
-- Configuring done
-- Generating done
-- Build files have been written to: /home/pi/Legacy/URC-2026/embedded_ros2_ws/src/build/npk_sensor
[  3%] [34m[1mGenerating C code for ROS interfaces[0m
[  6%] [34m[1mGenerating C++ code for ROS interfaces[0m
[  6%] Built target ament_cmake_python_copy_npk_sensor
[  6%] Built target ament_cmake_python_copy_src
[  9%] [32mBuilding C object CMakeFiles/npk_sensor__rosidl_generator_c.dir/rosidl_generator_c/npk_sensor/srv/detail/get_soil_data__functions.c.o[0m
running egg_info
creating npk_sensor.egg-info
writing npk_sensor.egg-info/PKG-INFO
writing dependency_links to npk_sensor.egg-info/dependency_links.txt
writing top-level names to npk_sensor.egg-info/top_level.txt
writing manifest file 'npk_sensor.egg-info/SOURCES.txt'
reading manifest file 'npk_sensor.egg-info/SOURCES.txt'
writing manifest file 'npk_sensor.egg-info/SOURCES.txt'
[  9%] Built target ament_cmake_python_build_npk_sensor_egg
running egg_info
creating src.egg-info
writing src.egg-info/PKG-INFO
writing dependency_links to src.egg-info/dependency_links.txt
writing top-level names to src.egg-info/top_level.txt
writing manifest file 'src.egg-info/SOURCES.txt'
reading manifest file 'src.egg-info/SOURCES.txt'
writing manifest file 'src.egg-info/SOURCES.txt'
[  9%] Built target npk_sensor__cpp
[ 12%] [34m[1mGenerating C++ introspection for ROS interfaces[0m
[ 16%] [34m[1mGenerating C++ type support for eProsima Fast-RTPS[0m
[ 16%] Built target ament_cmake_python_build_src_egg
[ 19%] [34m[1mGenerating C++ type support dispatch for ROS interfaces[0m
[ 22%] [32m[1mLinking C shared library libnpk_sensor__rosidl_generator_c.so[0m
[ 22%] Built target npk_sensor__rosidl_generator_c
[ 25%] [34m[1mGenerating C introspection for ROS interfaces[0m
[ 29%] [32mBuilding CXX object CMakeFiles/npk_sensor__rosidl_typesupport_cpp.dir/rosidl_typesupport_cpp/npk_sensor/srv/get_soil_data__type_support.cpp.o[0m
[ 32%] [32mBuilding CXX object CMakeFiles/npk_sensor__rosidl_typesupport_introspection_cpp.dir/rosidl_typesupport_introspection_cpp/npk_sensor/srv/detail/get_soil_data__type_support.cpp.o[0m
[ 35%] [32mBuilding CXX object CMakeFiles/npk_sensor__rosidl_typesupport_fastrtps_cpp.dir/rosidl_typesupport_fastrtps_cpp/npk_sensor/srv/detail/dds_fastrtps/get_soil_data__type_support.cpp.o[0m
[ 38%] [32mBuilding C object CMakeFiles/npk_sensor__rosidl_typesupport_introspection_c.dir/rosidl_typesupport_introspection_c/npk_sensor/srv/detail/get_soil_data__type_support.c.o[0m
[ 41%] [32m[1mLinking C shared library libnpk_sensor__rosidl_typesupport_introspection_c.so[0m
[ 41%] Built target npk_sensor__rosidl_typesupport_introspection_c
[ 45%] [34m[1mGenerating C type support dispatch for ROS interfaces[0m
[ 48%] [32m[1mLinking CXX shared library libnpk_sensor__rosidl_typesupport_cpp.so[0m
[ 48%] Built target npk_sensor__rosidl_typesupport_cpp
[ 51%] [32m[1mLinking CXX shared library libnpk_sensor__rosidl_typesupport_introspection_cpp.so[0m
[ 51%] Built target npk_sensor__rosidl_typesupport_introspection_cpp
[ 54%] [32m[1mLinking CXX shared library libnpk_sensor__rosidl_typesupport_fastrtps_cpp.so[0m
[ 58%] [32mBuilding CXX object CMakeFiles/npk_sensor__rosidl_typesupport_c.dir/rosidl_typesupport_c/npk_sensor/srv/get_soil_data__type_support.cpp.o[0m
[ 61%] [32m[1mLinking CXX shared library libnpk_sensor__rosidl_typesupport_c.so[0m
[ 61%] Built target npk_sensor__rosidl_typesupport_fastrtps_cpp
[ 61%] Built target npk_sensor__rosidl_typesupport_c
[ 64%] [34m[1mGenerating C type support for eProsima Fast-RTPS[0m
[ 67%] [32mBuilding CXX object CMakeFiles/npk_sensor__rosidl_typesupport_fastrtps_c.dir/rosidl_typesupport_fastrtps_c/npk_sensor/srv/detail/get_soil_data__type_support_c.cpp.o[0m
[ 70%] [32m[1mLinking CXX shared library libnpk_sensor__rosidl_typesupport_fastrtps_c.so[0m
[ 70%] Built target npk_sensor__rosidl_typesupport_fastrtps_c
[ 70%] Built target npk_sensor
[ 74%] [34m[1mGenerating Python code for ROS interfaces[0m
[ 74%] Built target npk_sensor__py
[ 77%] [32mBuilding C object CMakeFiles/npk_sensor__rosidl_generator_py.dir/rosidl_generator_py/npk_sensor/srv/_get_soil_data_s.c.o[0m
[ 80%] [32m[1mLinking C shared library rosidl_generator_py/npk_sensor/libnpk_sensor__rosidl_generator_py.so[0m
[ 80%] Built target npk_sensor__rosidl_generator_py
[ 83%] [32mBuilding C object CMakeFiles/npk_sensor__rosidl_typesupport_fastrtps_c__pyext.dir/rosidl_generator_py/npk_sensor/_npk_sensor_s.ep.rosidl_typesupport_fastrtps_c.c.o[0m
[ 87%] [32m[1mLinking C shared library rosidl_generator_py/npk_sensor/npk_sensor_s__rosidl_typesupport_fastrtps_c.cpython-310-aarch64-linux-gnu.so[0m
[ 87%] Built target npk_sensor__rosidl_typesupport_fastrtps_c__pyext
[ 90%] [32mBuilding C object CMakeFiles/npk_sensor__rosidl_typesupport_c__pyext.dir/rosidl_generator_py/npk_sensor/_npk_sensor_s.ep.rosidl_typesupport_c.c.o[0m
[ 93%] [32m[1mLinking C shared library rosidl_generator_py/npk_sensor/npk_sensor_s__rosidl_typesupport_c.cpython-310-aarch64-linux-gnu.so[0m
[ 93%] Built target npk_sensor__rosidl_typesupport_c__pyext
[ 96%] [32mBuilding C object CMakeFiles/npk_sensor__rosidl_typesupport_introspection_c__pyext.dir/rosidl_generator_py/npk_sensor/_npk_sensor_s.ep.rosidl_typesupport_introspection_c.c.o[0m
[100%] [32m[1mLinking C shared library rosidl_generator_py/npk_sensor/npk_sensor_s__rosidl_typesupport_introspection_c.cpython-310-aarch64-linux-gnu.so[0m
[100%] Built target npk_sensor__rosidl_typesupport_introspection_c__pyext
-- Install configuration: ""
-- Installing: /home/pi/Legacy/URC-2026/embedded_ros2_ws/src/install/npk_sensor/share/ament_index/resource_index/rosidl_interfaces/npk_sensor
-- Installing: /home/pi/Legacy/URC-2026/embedded_ros2_ws/src/install/npk_sensor/include/npk_sensor/npk_sensor
-- Installing: /home/pi/Legacy/URC-2026/embedded_ros2_ws/src/install/npk_sensor/include/npk_sensor/npk_sensor/msg
-- Installing: /home/pi/Legacy/URC-2026/embedded_ros2_ws/src/install/npk_sensor/include/npk_sensor/npk_sensor/msg/rosidl_generator_c__visibility_control.h
-- Installing: /home/pi/Legacy/URC-2026/embedded_ros2_ws/src/install/npk_sensor/include/npk_sensor/npk_sensor/srv
-- Installing: /home/pi/Legacy/URC-2026/embedded_ros2_ws/src/install/npk_sensor/include/npk_sensor/npk_sensor/srv/detail
-- Installing: /home/pi/Legacy/URC-2026/embedded_ros2_ws/src/install/npk_sensor/include/npk_sensor/npk_sensor/srv/detail/get_soil_data__struct.h
-- Installing: /home/pi/Legacy/URC-2026/embedded_ros2_ws/src/install/npk_sensor/include/npk_sensor/npk_sensor/srv/detail/get_soil_data__functions.c
-- Installing: /home/pi/Legacy/URC-2026/embedded_ros2_ws/src/install/npk_sensor/include/npk_sensor/npk_sensor/srv/detail/get_soil_data__functions.h
-- Installing: /home/pi/Legacy/URC-2026/embedded_ros2_ws/src/install/npk_sensor/include/npk_sensor/npk_sensor/srv/detail/get_soil_data__type_support.h
-- Installing: /home/pi/Legacy/URC-2026/embedded_ros2_ws/src/install/npk_sensor/include/npk_sensor/npk_sensor/srv/get_soil_data.h
-- Installing: /home/pi/Legacy/URC-2026/embedded_ros2_ws/src/install/npk_sensor/share/npk_sensor/environment/library_path.sh
-- Installing: /home/pi/Legacy/URC-2026/embedded_ros2_ws/src/install/npk_sensor/share/npk_sensor/environment/library_path.dsv
-- Installing: /home/pi/Legacy/URC-2026/embedded_ros2_ws/src/install/npk_sensor/lib/libnpk_sensor__rosidl_generator_c.so
-- Set runtime path of "/home/pi/Legacy/URC-2026/embedded_ros2_ws/src/install/npk_sensor/lib/libnpk_sensor__rosidl_generator_c.so" to ""
-- Up-to-date: /home/pi/Legacy/URC-2026/embedded_ros2_ws/src/install/npk_sensor/include/npk_sensor/npk_sensor
-- Up-to-date: /home/pi/Legacy/URC-2026/embedded_ros2_ws/src/install/npk_sensor/include/npk_sensor/npk_sensor/msg
-- Installing: /home/pi/Legacy/URC-2026/embedded_ros2_ws/src/install/npk_sensor/include/npk_sensor/npk_sensor/msg/rosidl_typesupport_fastrtps_c__visibility_control.h
-- Up-to-date: /home/pi/Legacy/URC-2026/embedded_ros2_ws/src/install/npk_sensor/include/npk_sensor/npk_sensor/srv
-- Up-to-date: /home/pi/Legacy/URC-2026/embedded_ros2_ws/src/install/npk_sensor/include/npk_sensor/npk_sensor/srv/detail
-- Installing: /home/pi/Legacy/URC-2026/embedded_ros2_ws/src/install/npk_sensor/include/npk_sensor/npk_sensor/srv/detail/get_soil_data__rosidl_typesupport_fastrtps_c.h
-- Installing: /home/pi/Legacy/URC-2026/embedded_ros2_ws/src/install/npk_sensor/lib/libnpk_sensor__rosidl_typesupport_fastrtps_c.so
-- Set runtime path of "/home/pi/Legacy/URC-2026/embedded_ros2_ws/src/install/npk_sensor/lib/libnpk_sensor__rosidl_typesupport_fastrtps_c.so" to ""
-- Up-to-date: /home/pi/Legacy/URC-2026/embedded_ros2_ws/src/install/npk_sensor/include/npk_sensor/npk_sensor
-- Up-to-date: /home/pi/Legacy/URC-2026/embedded_ros2_ws/src/install/npk_sensor/include/npk_sensor/npk_sensor/msg
-- Installing: /home/pi/Legacy/URC-2026/embedded_ros2_ws/src/install/npk_sensor/include/npk_sensor/npk_sensor/msg/rosidl_typesupport_introspection_c__visibility_control.h
-- Up-to-date: /home/pi/Legacy/URC-2026/embedded_ros2_ws/src/install/npk_sensor/include/npk_sensor/npk_sensor/srv
-- Up-to-date: /home/pi/Legacy/URC-2026/embedded_ros2_ws/src/install/npk_sensor/include/npk_sensor/npk_sensor/srv/detail
-- Installing: /home/pi/Legacy/URC-2026/embedded_ros2_ws/src/install/npk_sensor/include/npk_sensor/npk_sensor/srv/detail/get_soil_data__type_support.c
-- Installing: /home/pi/Legacy/URC-2026/embedded_ros2_ws/src/install/npk_sensor/include/npk_sensor/npk_sensor/srv/detail/get_soil_data__rosidl_typesupport_introspection_c.h
-- Installing: /home/pi/Legacy/URC-2026/embedded_ros2_ws/src/install/npk_sensor/lib/libnpk_sensor__rosidl_typesupport_introspection_c.so
-- Set runtime path of "/home/pi/Legacy/URC-2026/embedded_ros2_ws/src/install/npk_sensor/lib/libnpk_sensor__rosidl_typesupport_introspection_c.so" to ""
-- Installing: /home/pi/Legacy/URC-2026/embedded_ros2_ws/src/install/npk_sensor/lib/libnpk_sensor__rosidl_typesupport_c.so
-- Set runtime path of "/home/pi/Legacy/URC-2026/embedded_ros2_ws/src/install/npk_sensor/lib/libnpk_sensor__rosidl_typesupport_c.so" to ""
-- Up-to-date: /home/pi/Legacy/URC-2026/embedded_ros2_ws/src/install/npk_sensor/include/npk_sensor/npk_sensor
-- Up-to-date: /home/pi/Legacy/URC-2026/embedded_ros2_ws/src/install/npk_sensor/include/npk_sensor/npk_sensor/msg
-- Installing: /home/pi/Legacy/URC-2026/embedded_ros2_ws/src/install/npk_sensor/include/npk_sensor/npk_sensor/msg/rosidl_generator_cpp__visibility_control.hpp
-- Up-to-date: /home/pi/Legacy/URC-2026/embedded_ros2_ws/src/install/npk_sensor/include/npk_sensor/npk_sensor/srv
-- Installing: /home/pi/Legacy/URC-2026/embedded_ros2_ws/src/install/npk_sensor/include/npk_sensor/npk_sensor/srv/get_soil_data.hpp
-- Up-to-date: /home/pi/Legacy/URC-2026/embedded_ros2_ws/src/install/npk_sensor/include/npk_sensor/npk_sensor/srv/detail
-- Installing: /home/pi/Legacy/URC-2026/embedded_ros2_ws/src/install/npk_sensor/include/npk_sensor/npk_sensor/srv/detail/get_soil_data__traits.hpp
-- Installing: /home/pi/Legacy/URC-2026/embedded_ros2_ws/src/install/npk_sensor/include/npk_sensor/npk_sensor/srv/detail/get_soil_data__type_support.hpp
-- Installing: /home/pi/Legacy/URC-2026/embedded_ros2_ws/src/install/npk_sensor/include/npk_sensor/npk_sensor/srv/detail/get_soil_data__builder.hpp
-- Installing: /home/pi/Legacy/URC-2026/embedded_ros2_ws/src/install/npk_sensor/include/npk_sensor/npk_sensor/srv/detail/get_soil_data__struct.hpp
-- Up-to-date: /home/pi/Legacy/URC-2026/embedded_ros2_ws/src/install/npk_sensor/include/npk_sensor/npk_sensor
-- Up-to-date: /home/pi/Legacy/URC-2026/embedded_ros2_ws/src/install/npk_sensor/include/npk_sensor/npk_sensor/msg
-- Installing: /home/pi/Legacy/URC-2026/embedded_ros2_ws/src/install/npk_sensor/include/npk_sensor/npk_sensor/msg/rosidl_typesupport_fastrtps_cpp__visibility_control.h
-- Up-to-date: /home/pi/Legacy/URC-2026/embedded_ros2_ws/src/install/npk_sensor/include/npk_sensor/npk_sensor/srv
-- Up-to-date: /home/pi/Legacy/URC-2026/embedded_ros2_ws/src/install/npk_sensor/include/npk_sensor/npk_sensor/srv/detail
-- Installing: /home/pi/Legacy/URC-2026/embedded_ros2_ws/src/install/npk_sensor/include/npk_sensor/npk_sensor/srv/detail/dds_fastrtps
-- Installing: /home/pi/Legacy/URC-2026/embedded_ros2_ws/src/install/npk_sensor/include/npk_sensor/npk_sensor/srv/detail/get_soil_data__rosidl_typesupport_fastrtps_cpp.hpp
-- Installing: /home/pi/Legacy/URC-2026/embedded_ros2_ws/src/install/npk_sensor/lib/libnpk_sensor__rosidl_typesupport_fastrtps_cpp.so
-- Set runtime path of "/home/pi/Legacy/URC-2026/embedded_ros2_ws/src/install/npk_sensor/lib/libnpk_sensor__rosidl_typesupport_fastrtps_cpp.so" to ""
-- Up-to-date: /home/pi/Legacy/URC-2026/embedded_ros2_ws/src/install/npk_sensor/include/npk_sensor/npk_sensor
-- Up-to-date: /home/pi/Legacy/URC-2026/embedded_ros2_ws/src/install/npk_sensor/include/npk_sensor/npk_sensor/srv
-- Up-to-date: /home/pi/Legacy/URC-2026/embedded_ros2_ws/src/install/npk_sensor/include/npk_sensor/npk_sensor/srv/detail
-- Installing: /home/pi/Legacy/URC-2026/embedded_ros2_ws/src/install/npk_sensor/include/npk_sensor/npk_sensor/srv/detail/get_soil_data__rosidl_typesupport_introspection_cpp.hpp
-- Installing: /home/pi/Legacy/URC-2026/embedded_ros2_ws/src/install/npk_sensor/include/npk_sensor/npk_sensor/srv/detail/get_soil_data__type_support.cpp
-- Installing: /home/pi/Legacy/URC-2026/embedded_ros2_ws/src/install/npk_sensor/lib/libnpk_sensor__rosidl_typesupport_introspection_cpp.so
-- Set runtime path of "/home/pi/Legacy/URC-2026/embedded_ros2_ws/src/install/npk_sensor/lib/libnpk_sensor__rosidl_typesupport_introspection_cpp.so" to ""
-- Installing: /home/pi/Legacy/URC-2026/embedded_ros2_ws/src/install/npk_sensor/lib/libnpk_sensor__rosidl_typesupport_cpp.so
-- Set runtime path of "/home/pi/Legacy/URC-2026/embedded_ros2_ws/src/install/npk_sensor/lib/libnpk_sensor__rosidl_typesupport_cpp.so" to ""
-- Installing: /home/pi/Legacy/URC-2026/embedded_ros2_ws/src/install/npk_sensor/share/npk_sensor/environment/pythonpath.sh
-- Installing: /home/pi/Legacy/URC-2026/embedded_ros2_ws/src/install/npk_sensor/share/npk_sensor/environment/pythonpath.dsv
-- Installing: /home/pi/Legacy/URC-2026/embedded_ros2_ws/src/install/npk_sensor/local/lib/python3.10/dist-packages/npk_sensor-0.0.0-py3.10.egg-info
-- Installing: /home/pi/Legacy/URC-2026/embedded_ros2_ws/src/install/npk_sensor/local/lib/python3.10/dist-packages/npk_sensor-0.0.0-py3.10.egg-info/PKG-INFO
-- Installing: /home/pi/Legacy/URC-2026/embedded_ros2_ws/src/install/npk_sensor/local/lib/python3.10/dist-packages/npk_sensor-0.0.0-py3.10.egg-info/top_level.txt
-- Installing: /home/pi/Legacy/URC-2026/embedded_ros2_ws/src/install/npk_sensor/local/lib/python3.10/dist-packages/npk_sensor-0.0.0-py3.10.egg-info/SOURCES.txt
-- Installing: /home/pi/Legacy/URC-2026/embedded_ros2_ws/src/install/npk_sensor/local/lib/python3.10/dist-packages/npk_sensor-0.0.0-py3.10.egg-info/dependency_links.txt
-- Installing: /home/pi/Legacy/URC-2026/embedded_ros2_ws/src/install/npk_sensor/local/lib/python3.10/dist-packages/npk_sensor
-- Installing: /home/pi/Legacy/URC-2026/embedded_ros2_ws/src/install/npk_sensor/local/lib/python3.10/dist-packages/npk_sensor/_npk_sensor_s.ep.rosidl_typesupport_c.c
-- Installing: /home/pi/Legacy/URC-2026/embedded_ros2_ws/src/install/npk_sensor/local/lib/python3.10/dist-packages/npk_sensor/__init__.py
-- Installing: /home/pi/Legacy/URC-2026/embedded_ros2_ws/src/install/npk_sensor/local/lib/python3.10/dist-packages/npk_sensor/_npk_sensor_s.ep.rosidl_typesupport_fastrtps_c.c
-- Installing: /home/pi/Legacy/URC-2026/embedded_ros2_ws/src/install/npk_sensor/local/lib/python3.10/dist-packages/npk_sensor/npk_sensor_s__rosidl_typesupport_introspection_c.cpython-310-aarch64-linux-gnu.so
-- Installing: /home/pi/Legacy/URC-2026/embedded_ros2_ws/src/install/npk_sensor/local/lib/python3.10/dist-packages/npk_sensor/_npk_sensor_s.ep.rosidl_typesupport_introspection_c.c
-- Installing: /home/pi/Legacy/URC-2026/embedded_ros2_ws/src/install/npk_sensor/local/lib/python3.10/dist-packages/npk_sensor/npk_sensor_s__rosidl_typesupport_fastrtps_c.cpython-310-aarch64-linux-gnu.so
-- Installing: /home/pi/Legacy/URC-2026/embedded_ros2_ws/src/install/npk_sensor/local/lib/python3.10/dist-packages/npk_sensor/libnpk_sensor__rosidl_generator_py.so
-- Installing: /home/pi/Legacy/URC-2026/embedded_ros2_ws/src/install/npk_sensor/local/lib/python3.10/dist-packages/npk_sensor/npk_sensor_s__rosidl_typesupport_c.cpython-310-aarch64-linux-gnu.so
-- Installing: /home/pi/Legacy/URC-2026/embedded_ros2_ws/src/install/npk_sensor/local/lib/python3.10/dist-packages/npk_sensor/srv
-- Installing: /home/pi/Legacy/URC-2026/embedded_ros2_ws/src/install/npk_sensor/local/lib/python3.10/dist-packages/npk_sensor/srv/_get_soil_data.py
-- Installing: /home/pi/Legacy/URC-2026/embedded_ros2_ws/src/install/npk_sensor/local/lib/python3.10/dist-packages/npk_sensor/srv/_get_soil_data_s.c
-- Installing: /home/pi/Legacy/URC-2026/embedded_ros2_ws/src/install/npk_sensor/local/lib/python3.10/dist-packages/npk_sensor/srv/__init__.py
Listing '/home/pi/Legacy/URC-2026/embedded_ros2_ws/src/install/npk_sensor/local/lib/python3.10/dist-packages/npk_sensor'...
Compiling '/home/pi/Legacy/URC-2026/embedded_ros2_ws/src/install/npk_sensor/local/lib/python3.10/dist-packages/npk_sensor/__init__.py'...
Listing '/home/pi/Legacy/URC-2026/embedded_ros2_ws/src/install/npk_sensor/local/lib/python3.10/dist-packages/npk_sensor/srv'...
Compiling '/home/pi/Legacy/URC-2026/embedded_ros2_ws/src/install/npk_sensor/local/lib/python3.10/dist-packages/npk_sensor/srv/__init__.py'...
Compiling '/home/pi/Legacy/URC-2026/embedded_ros2_ws/src/install/npk_sensor/local/lib/python3.10/dist-packages/npk_sensor/srv/_get_soil_data.py'...
-- Installing: /home/pi/Legacy/URC-2026/embedded_ros2_ws/src/install/npk_sensor/local/lib/python3.10/dist-packages/npk_sensor/npk_sensor_s__rosidl_typesupport_fastrtps_c.cpython-310-aarch64-linux-gnu.so
-- Set runtime path of "/home/pi/Legacy/URC-2026/embedded_ros2_ws/src/install/npk_sensor/local/lib/python3.10/dist-packages/npk_sensor/npk_sensor_s__rosidl_typesupport_fastrtps_c.cpython-310-aarch64-linux-gnu.so" to ""
-- Installing: /home/pi/Legacy/URC-2026/embedded_ros2_ws/src/install/npk_sensor/local/lib/python3.10/dist-packages/npk_sensor/npk_sensor_s__rosidl_typesupport_introspection_c.cpython-310-aarch64-linux-gnu.so
-- Set runtime path of "/home/pi/Legacy/URC-2026/embedded_ros2_ws/src/install/npk_sensor/local/lib/python3.10/dist-packages/npk_sensor/npk_sensor_s__rosidl_typesupport_introspection_c.cpython-310-aarch64-linux-gnu.so" to ""
-- Installing: /home/pi/Legacy/URC-2026/embedded_ros2_ws/src/install/npk_sensor/local/lib/python3.10/dist-packages/npk_sensor/npk_sensor_s__rosidl_typesupport_c.cpython-310-aarch64-linux-gnu.so
-- Set runtime path of "/home/pi/Legacy/URC-2026/embedded_ros2_ws/src/install/npk_sensor/local/lib/python3.10/dist-packages/npk_sensor/npk_sensor_s__rosidl_typesupport_c.cpython-310-aarch64-linux-gnu.so" to ""
-- Installing: /home/pi/Legacy/URC-2026/embedded_ros2_ws/src/install/npk_sensor/lib/libnpk_sensor__rosidl_generator_py.so
-- Set runtime path of "/home/pi/Legacy/URC-2026/embedded_ros2_ws/src/install/npk_sensor/lib/libnpk_sensor__rosidl_generator_py.so" to ""
-- Installing: /home/pi/Legacy/URC-2026/embedded_ros2_ws/src/install/npk_sensor/share/npk_sensor/srv/GetSoilData.idl
-- Installing: /home/pi/Legacy/URC-2026/embedded_ros2_ws/src/install/npk_sensor/share/npk_sensor/srv/GetSoilData.srv
-- Installing: /home/pi/Legacy/URC-2026/embedded_ros2_ws/src/install/npk_sensor/share/npk_sensor/srv/GetSoilData_Request.msg
-- Installing: /home/pi/Legacy/URC-2026/embedded_ros2_ws/src/install/npk_sensor/share/npk_sensor/srv/GetSoilData_Response.msg
-- Installing: /home/pi/Legacy/URC-2026/embedded_ros2_ws/src/install/npk_sensor/local/lib/python3.10/dist-packages/src-0.0.0-py3.10.egg-info
-- Installing: /home/pi/Legacy/URC-2026/embedded_ros2_ws/src/install/npk_sensor/local/lib/python3.10/dist-packages/src-0.0.0-py3.10.egg-info/PKG-INFO
-- Installing: /home/pi/Legacy/URC-2026/embedded_ros2_ws/src/install/npk_sensor/local/lib/python3.10/dist-packages/src-0.0.0-py3.10.egg-info/top_level.txt
-- Installing: /home/pi/Legacy/URC-2026/embedded_ros2_ws/src/install/npk_sensor/local/lib/python3.10/dist-packages/src-0.0.0-py3.10.egg-info/SOURCES.txt
-- Installing: /home/pi/Legacy/URC-2026/embedded_ros2_ws/src/install/npk_sensor/local/lib/python3.10/dist-packages/src-0.0.0-py3.10.egg-info/dependency_links.txt
-- Installing: /home/pi/Legacy/URC-2026/embedded_ros2_ws/src/install/npk_sensor/local/lib/python3.10/dist-packages/src
-- Installing: /home/pi/Legacy/URC-2026/embedded_ros2_ws/src/install/npk_sensor/local/lib/python3.10/dist-packages/src/__init__.py
-- Installing: /home/pi/Legacy/URC-2026/embedded_ros2_ws/src/install/npk_sensor/local/lib/python3.10/dist-packages/src/npk_sensor_node.py
Listing '/home/pi/Legacy/URC-2026/embedded_ros2_ws/src/install/npk_sensor/local/lib/python3.10/dist-packages/src'...
Compiling '/home/pi/Legacy/URC-2026/embedded_ros2_ws/src/install/npk_sensor/local/lib/python3.10/dist-packages/src/__init__.py'...
Compiling '/home/pi/Legacy/URC-2026/embedded_ros2_ws/src/install/npk_sensor/local/lib/python3.10/dist-packages/src/npk_sensor_node.py'...
-- Installing: /home/pi/Legacy/URC-2026/embedded_ros2_ws/src/install/npk_sensor/lib/npk_sensor/npk_node
-- Installing: /home/pi/Legacy/URC-2026/embedded_ros2_ws/src/install/npk_sensor/share/npk_sensor/launch
-- Installing: /home/pi/Legacy/URC-2026/embedded_ros2_ws/src/install/npk_sensor/share/npk_sensor/launch/example_launch.yaml
-- Installing: /home/pi/Legacy/URC-2026/embedded_ros2_ws/src/install/npk_sensor/share/ament_index/resource_index/package_run_dependencies/npk_sensor
-- Installing: /home/pi/Legacy/URC-2026/embedded_ros2_ws/src/install/npk_sensor/share/ament_index/resource_index/parent_prefix_path/npk_sensor
-- Installing: /home/pi/Legacy/URC-2026/embedded_ros2_ws/src/install/npk_sensor/share/npk_sensor/environment/ament_prefix_path.sh
-- Installing: /home/pi/Legacy/URC-2026/embedded_ros2_ws/src/install/npk_sensor/share/npk_sensor/environment/ament_prefix_path.dsv
-- Installing: /home/pi/Legacy/URC-2026/embedded_ros2_ws/src/install/npk_sensor/share/npk_sensor/environment/path.sh
-- Installing: /home/pi/Legacy/URC-2026/embedded_ros2_ws/src/install/npk_sensor/share/npk_sensor/environment/path.dsv
-- Installing: /home/pi/Legacy/URC-2026/embedded_ros2_ws/src/install/npk_sensor/share/npk_sensor/local_setup.bash
-- Installing: /home/pi/Legacy/URC-2026/embedded_ros2_ws/src/install/npk_sensor/share/npk_sensor/local_setup.sh
-- Installing: /home/pi/Legacy/URC-2026/embedded_ros2_ws/src/install/npk_sensor/share/npk_sensor/local_setup.zsh
-- Installing: /home/pi/Legacy/URC-2026/embedded_ros2_ws/src/install/npk_sensor/share/npk_sensor/local_setup.dsv
-- Installing: /home/pi/Legacy/URC-2026/embedded_ros2_ws/src/install/npk_sensor/share/npk_sensor/package.dsv
-- Installing: /home/pi/Legacy/URC-2026/embedded_ros2_ws/src/install/npk_sensor/share/ament_index/resource_index/packages/npk_sensor
-- Installing: /home/pi/Legacy/URC-2026/embedded_ros2_ws/src/install/npk_sensor/share/npk_sensor/cmake/export_npk_sensor__rosidl_generator_cExport.cmake
-- Installing: /home/pi/Legacy/URC-2026/embedded_ros2_ws/src/install/npk_sensor/share/npk_sensor/cmake/export_npk_sensor__rosidl_generator_cExport-noconfig.cmake
-- Installing: /home/pi/Legacy/URC-2026/embedded_ros2_ws/src/install/npk_sensor/share/npk_sensor/cmake/export_npk_sensor__rosidl_typesupport_fastrtps_cExport.cmake
-- Installing: /home/pi/Legacy/URC-2026/embedded_ros2_ws/src/install/npk_sensor/share/npk_sensor/cmake/export_npk_sensor__rosidl_typesupport_fastrtps_cExport-noconfig.cmake
-- Installing: /home/pi/Legacy/URC-2026/embedded_ros2_ws/src/install/npk_sensor/share/npk_sensor/cmake/npk_sensor__rosidl_typesupport_introspection_cExport.cmake
-- Installing: /home/pi/Legacy/URC-2026/embedded_ros2_ws/src/install/npk_sensor/share/npk_sensor/cmake/npk_sensor__rosidl_typesupport_introspection_cExport-noconfig.cmake
-- Installing: /home/pi/Legacy/URC-2026/embedded_ros2_ws/src/install/npk_sensor/share/npk_sensor/cmake/npk_sensor__rosidl_typesupport_cExport.cmake
-- Installing: /home/pi/Legacy/URC-2026/embedded_ros2_ws/src/install/npk_sensor/share/npk_sensor/cmake/npk_sensor__rosidl_typesupport_cExport-noconfig.cmake
-- Installing: /home/pi/Legacy/URC-2026/embedded_ros2_ws/src/install/npk_sensor/share/npk_sensor/cmake/export_npk_sensor__rosidl_generator_cppExport.cmake
-- Installing: /home/pi/Legacy/URC-2026/embedded_ros2_ws/src/install/npk_sensor/share/npk_sensor/cmake/export_npk_sensor__rosidl_typesupport_fastrtps_cppExport.cmake
-- Installing: /home/pi/Legacy/URC-2026/embedded_ros2_ws/src/install/npk_sensor/share/npk_sensor/cmake/export_npk_sensor__rosidl_typesupport_fastrtps_cppExport-noconfig.cmake
-- Installing: /home/pi/Legacy/URC-2026/embedded_ros2_ws/src/install/npk_sensor/share/npk_sensor/cmake/npk_sensor__rosidl_typesupport_introspection_cppExport.cmake
-- Installing: /home/pi/Legacy/URC-2026/embedded_ros2_ws/src/install/npk_sensor/share/npk_sensor/cmake/npk_sensor__rosidl_typesupport_introspection_cppExport-noconfig.cmake
-- Installing: /home/pi/Legacy/URC-2026/embedded_ros2_ws/src/install/npk_sensor/share/npk_sensor/cmake/npk_sensor__rosidl_typesupport_cppExport.cmake
-- Installing: /home/pi/Legacy/URC-2026/embedded_ros2_ws/src/install/npk_sensor/share/npk_sensor/cmake/npk_sensor__rosidl_typesupport_cppExport-noconfig.cmake
-- Installing: /home/pi/Legacy/URC-2026/embedded_ros2_ws/src/install/npk_sensor/share/npk_sensor/cmake/export_npk_sensor__rosidl_generator_pyExport.cmake
-- Installing: /home/pi/Legacy/URC-2026/embedded_ros2_ws/src/install/npk_sensor/share/npk_sensor/cmake/export_npk_sensor__rosidl_generator_pyExport-noconfig.cmake
-- Installing: /home/pi/Legacy/URC-2026/embedded_ros2_ws/src/install/npk_sensor/share/npk_sensor/cmake/rosidl_cmake-extras.cmake
-- Installing: /home/pi/Legacy/URC-2026/embedded_ros2_ws/src/install/npk_sensor/share/npk_sensor/cmake/ament_cmake_export_include_directories-extras.cmake
-- Installing: /home/pi/Legacy/URC-2026/embedded_ros2_ws/src/install/npk_sensor/share/npk_sensor/cmake/ament_cmake_export_libraries-extras.cmake
-- Installing: /home/pi/Legacy/URC-2026/embedded_ros2_ws/src/install/npk_sensor/share/npk_sensor/cmake/ament_cmake_export_targets-extras.cmake
-- Installing: /home/pi/Legacy/URC-2026/embedded_ros2_ws/src/install/npk_sensor/share/npk_sensor/cmake/rosidl_cmake_export_typesupport_targets-extras.cmake
-- Installing: /home/pi/Legacy/URC-2026/embedded_ros2_ws/src/install/npk_sensor/share/npk_sensor/cmake/ament_cmake_export_dependencies-extras.cmake
-- Installing: /home/pi/Legacy/URC-2026/embedded_ros2_ws/src/install/npk_sensor/share/npk_sensor/cmake/rosidl_cmake_export_typesupport_libraries-extras.cmake
-- Installing: /home/pi/Legacy/URC-2026/embedded_ros2_ws/src/install/npk_sensor/share/npk_sensor/cmake/npk_sensorConfig.cmake
-- Installing: /home/pi/Legacy/URC-2026/embedded_ros2_ws/src/install/npk_sensor/share/npk_sensor/cmake/npk_sensorConfig-version.cmake
-- Installing: /home/pi/Legacy/URC-2026/embedded_ros2_ws/src/install/npk_sensor/share/npk_sensor/package.xml
