[0.581s] DEBUG:colcon:Command line arguments: ['/usr/bin/colcon', 'build']
[0.581s] DEBUG:colcon:Parsed command line arguments: Namespace(log_base=None, log_level=None, verb_name='build', build_base='build', install_base='install', merge_install=False, symlink_install=False, test_result_base=None, continue_on_error=False, executor='parallel', parallel_workers=4, event_handlers=None, ignore_user_meta=False, metas=['./colcon.meta'], base_paths=['.'], packages_ignore=None, packages_ignore_regex=None, paths=None, packages_up_to=None, packages_up_to_regex=None, packages_above=None, packages_above_and_dependencies=None, packages_above_depth=None, packages_select_by_dep=None, packages_skip_by_dep=None, packages_skip_up_to=None, packages_select_build_failed=False, packages_skip_build_finished=False, packages_select_test_failures=False, packages_skip_test_passed=False, packages_select=None, packages_skip=None, packages_select_regex=None, packages_skip_regex=None, packages_start=None, packages_end=None, allow_overriding=[], cmake_args=None, cmake_target=None, cmake_target_skip_unavailable=False, cmake_clean_cache=False, cmake_clean_first=False, cmake_force_configure=False, ament_cmake_args=None, catkin_cmake_args=None, catkin_skip_building_tests=False, verb_parser=<colcon_defaults.argument_parser.defaults.DefaultArgumentsDecorator object at 0xffff864985b0>, verb_extension=<colcon_core.verb.build.BuildVerb object at 0xffff86595bd0>, main=<bound method BuildVerb.main of <colcon_core.verb.build.BuildVerb object at 0xffff86595bd0>>)
[1.508s] Level 1:colcon.colcon_core.package_discovery:discover_packages(colcon_meta) check parameters
[1.508s] Level 1:colcon.colcon_core.package_discovery:discover_packages(recursive) check parameters
[1.509s] Level 1:colcon.colcon_core.package_discovery:discover_packages(ignore) check parameters
[1.509s] Level 1:colcon.colcon_core.package_discovery:discover_packages(path) check parameters
[1.509s] Level 1:colcon.colcon_core.package_discovery:discover_packages(colcon_meta) discover
[1.509s] Level 1:colcon.colcon_core.package_discovery:discover_packages(recursive) discover
[1.509s] INFO:colcon.colcon_core.package_discovery:Crawling recursively for packages in '/home/pi/Legacy/URC-2026/drive_ros2_ws'
[1.510s] Level 1:colcon.colcon_core.package_identification:_identify(.) by extensions ['ignore', 'ignore_ament_install']
[1.510s] Level 1:colcon.colcon_core.package_identification:_identify(.) by extension 'ignore'
[1.511s] Level 1:colcon.colcon_core.package_identification:_identify(.) by extension 'ignore_ament_install'
[1.511s] Level 1:colcon.colcon_core.package_identification:_identify(.) by extensions ['colcon_pkg']
[1.511s] Level 1:colcon.colcon_core.package_identification:_identify(.) by extension 'colcon_pkg'
[1.511s] Level 1:colcon.colcon_core.package_identification:_identify(.) by extensions ['colcon_meta']
[1.511s] Level 1:colcon.colcon_core.package_identification:_identify(.) by extension 'colcon_meta'
[1.512s] Level 1:colcon.colcon_core.package_identification:_identify(.) by extensions ['ros']
[1.512s] Level 1:colcon.colcon_core.package_identification:_identify(.) by extension 'ros'
[1.570s] Level 1:colcon.colcon_core.package_identification:_identify(.) by extensions ['cmake', 'python']
[1.570s] Level 1:colcon.colcon_core.package_identification:_identify(.) by extension 'cmake'
[1.570s] Level 1:colcon.colcon_core.package_identification:_identify(.) by extension 'python'
[1.570s] Level 1:colcon.colcon_core.package_identification:_identify(.) by extensions ['python_setup_py']
[1.570s] Level 1:colcon.colcon_core.package_identification:_identify(.) by extension 'python_setup_py'
[1.571s] Level 1:colcon.colcon_core.package_identification:_identify(build) by extensions ['ignore', 'ignore_ament_install']
[1.572s] Level 1:colcon.colcon_core.package_identification:_identify(build) by extension 'ignore'
[1.572s] Level 1:colcon.colcon_core.package_identification:_identify(build) ignored
[1.572s] Level 1:colcon.colcon_core.package_identification:_identify(install) by extensions ['ignore', 'ignore_ament_install']
[1.573s] Level 1:colcon.colcon_core.package_identification:_identify(install) by extension 'ignore'
[1.573s] Level 1:colcon.colcon_core.package_identification:_identify(install) ignored
[1.574s] Level 1:colcon.colcon_core.package_identification:_identify(log) by extensions ['ignore', 'ignore_ament_install']
[1.574s] Level 1:colcon.colcon_core.package_identification:_identify(log) by extension 'ignore'
[1.575s] Level 1:colcon.colcon_core.package_identification:_identify(log) ignored
[1.575s] Level 1:colcon.colcon_core.package_identification:_identify(src) by extensions ['ignore', 'ignore_ament_install']
[1.576s] Level 1:colcon.colcon_core.package_identification:_identify(src) by extension 'ignore'
[1.576s] Level 1:colcon.colcon_core.package_identification:_identify(src) by extension 'ignore_ament_install'
[1.576s] Level 1:colcon.colcon_core.package_identification:_identify(src) by extensions ['colcon_pkg']
[1.576s] Level 1:colcon.colcon_core.package_identification:_identify(src) by extension 'colcon_pkg'
[1.576s] Level 1:colcon.colcon_core.package_identification:_identify(src) by extensions ['colcon_meta']
[1.577s] Level 1:colcon.colcon_core.package_identification:_identify(src) by extension 'colcon_meta'
[1.577s] Level 1:colcon.colcon_core.package_identification:_identify(src) by extensions ['ros']
[1.577s] Level 1:colcon.colcon_core.package_identification:_identify(src) by extension 'ros'
[1.578s] Level 1:colcon.colcon_core.package_identification:_identify(src) by extensions ['cmake', 'python']
[1.578s] Level 1:colcon.colcon_core.package_identification:_identify(src) by extension 'cmake'
[1.578s] Level 1:colcon.colcon_core.package_identification:_identify(src) by extension 'python'
[1.578s] Level 1:colcon.colcon_core.package_identification:_identify(src) by extensions ['python_setup_py']
[1.578s] Level 1:colcon.colcon_core.package_identification:_identify(src) by extension 'python_setup_py'
[1.579s] Level 1:colcon.colcon_core.package_identification:_identify(src/drive) by extensions ['ignore', 'ignore_ament_install']
[1.579s] Level 1:colcon.colcon_core.package_identification:_identify(src/drive) by extension 'ignore'
[1.580s] Level 1:colcon.colcon_core.package_identification:_identify(src/drive) by extension 'ignore_ament_install'
[1.580s] Level 1:colcon.colcon_core.package_identification:_identify(src/drive) by extensions ['colcon_pkg']
[1.580s] Level 1:colcon.colcon_core.package_identification:_identify(src/drive) by extension 'colcon_pkg'
[1.581s] Level 1:colcon.colcon_core.package_identification:_identify(src/drive) by extensions ['colcon_meta']
[1.581s] Level 1:colcon.colcon_core.package_identification:_identify(src/drive) by extension 'colcon_meta'
[1.581s] Level 1:colcon.colcon_core.package_identification:_identify(src/drive) by extensions ['ros']
[1.581s] Level 1:colcon.colcon_core.package_identification:_identify(src/drive) by extension 'ros'
[1.591s] DEBUG:colcon.colcon_core.package_identification:Package 'src/drive' with type 'ros.ament_python' and name 'drive_manager'
[1.592s] Level 1:colcon.colcon_core.package_identification:_identify(src/drive_teleop) by extensions ['ignore', 'ignore_ament_install']
[1.592s] Level 1:colcon.colcon_core.package_identification:_identify(src/drive_teleop) by extension 'ignore'
[1.593s] Level 1:colcon.colcon_core.package_identification:_identify(src/drive_teleop) by extension 'ignore_ament_install'
[1.593s] Level 1:colcon.colcon_core.package_identification:_identify(src/drive_teleop) by extensions ['colcon_pkg']
[1.593s] Level 1:colcon.colcon_core.package_identification:_identify(src/drive_teleop) by extension 'colcon_pkg'
[1.593s] Level 1:colcon.colcon_core.package_identification:_identify(src/drive_teleop) by extensions ['colcon_meta']
[1.594s] Level 1:colcon.colcon_core.package_identification:_identify(src/drive_teleop) by extension 'colcon_meta'
[1.594s] Level 1:colcon.colcon_core.package_identification:_identify(src/drive_teleop) by extensions ['ros']
[1.594s] Level 1:colcon.colcon_core.package_identification:_identify(src/drive_teleop) by extension 'ros'
[1.597s] DEBUG:colcon.colcon_core.package_identification:Package 'src/drive_teleop' with type 'ros.ament_cmake' and name 'drive_teleop'
[1.598s] Level 1:colcon.colcon_core.package_discovery:discover_packages(recursive) using defaults
[1.598s] Level 1:colcon.colcon_core.package_discovery:discover_packages(ignore) discover
[1.598s] Level 1:colcon.colcon_core.package_discovery:discover_packages(ignore) using defaults
[1.598s] Level 1:colcon.colcon_core.package_discovery:discover_packages(path) discover
[1.598s] Level 1:colcon.colcon_core.package_discovery:discover_packages(path) using defaults
[1.729s] Level 1:colcon.colcon_core.package_discovery:discover_packages(prefix_path) check parameters
[1.730s] Level 1:colcon.colcon_core.package_discovery:discover_packages(prefix_path) discover
[1.735s] WARNING:colcon.colcon_ros.prefix_path.ament:The path '/home/pi/Legacy/URC-2026/drive_ros2_ws/install/drive_manager' in the environment variable AMENT_PREFIX_PATH doesn't exist
[1.736s] WARNING:colcon.colcon_ros.prefix_path.ament:The path '/home/pi/Legacy/URC-2026/drive_ros2_ws/install/drive_teleop' in the environment variable AMENT_PREFIX_PATH doesn't exist
[1.741s] WARNING:colcon.colcon_ros.prefix_path.catkin:The path '/home/pi/Legacy/URC-2026/drive_ros2_ws/install/drive_teleop' in the environment variable CMAKE_PREFIX_PATH doesn't exist
[1.746s] DEBUG:colcon.colcon_installed_package_information.package_discovery:Found 0 installed packages in /home/pi/Legacy/URC-2026/drive_ros2_ws/install
[1.751s] DEBUG:colcon.colcon_installed_package_information.package_discovery:Found 9 installed packages in /home/pi/Legacy/URC-2026/embedded_ros2_ws/install
[1.755s] DEBUG:colcon.colcon_installed_package_information.package_discovery:Found 2 installed packages in /home/pi/Legacy/Testing/ros2_ws/install
[1.762s] DEBUG:colcon.colcon_installed_package_information.package_discovery:Found 185 installed packages in /opt/ros/humble
[1.767s] Level 1:colcon.colcon_core.package_discovery:discover_packages(prefix_path) using defaults
[1.985s] Level 5:colcon.colcon_core.verb:set package 'drive_teleop' build argument 'cmake_args' from command line to 'None'
[1.986s] Level 5:colcon.colcon_core.verb:set package 'drive_teleop' build argument 'cmake_target' from command line to 'None'
[1.986s] Level 5:colcon.colcon_core.verb:set package 'drive_teleop' build argument 'cmake_target_skip_unavailable' from command line to 'False'
[1.986s] Level 5:colcon.colcon_core.verb:set package 'drive_teleop' build argument 'cmake_clean_cache' from command line to 'False'
[1.986s] Level 5:colcon.colcon_core.verb:set package 'drive_teleop' build argument 'cmake_clean_first' from command line to 'False'
[1.986s] Level 5:colcon.colcon_core.verb:set package 'drive_teleop' build argument 'cmake_force_configure' from command line to 'False'
[1.986s] Level 5:colcon.colcon_core.verb:set package 'drive_teleop' build argument 'ament_cmake_args' from command line to 'None'
[1.986s] Level 5:colcon.colcon_core.verb:set package 'drive_teleop' build argument 'catkin_cmake_args' from command line to 'None'
[1.986s] Level 5:colcon.colcon_core.verb:set package 'drive_teleop' build argument 'catkin_skip_building_tests' from command line to 'False'
[1.987s] DEBUG:colcon.colcon_core.verb:Building package 'drive_teleop' with the following arguments: {'ament_cmake_args': None, 'build_base': '/home/pi/Legacy/URC-2026/drive_ros2_ws/build/drive_teleop', 'catkin_cmake_args': None, 'catkin_skip_building_tests': False, 'cmake_args': None, 'cmake_clean_cache': False, 'cmake_clean_first': False, 'cmake_force_configure': False, 'cmake_target': None, 'cmake_target_skip_unavailable': False, 'install_base': '/home/pi/Legacy/URC-2026/drive_ros2_ws/install/drive_teleop', 'merge_install': False, 'path': '/home/pi/Legacy/URC-2026/drive_ros2_ws/src/drive_teleop', 'symlink_install': False, 'test_result_base': None}
[1.988s] Level 5:colcon.colcon_core.verb:set package 'drive_manager' build argument 'cmake_args' from command line to 'None'
[1.988s] Level 5:colcon.colcon_core.verb:set package 'drive_manager' build argument 'cmake_target' from command line to 'None'
[1.989s] Level 5:colcon.colcon_core.verb:set package 'drive_manager' build argument 'cmake_target_skip_unavailable' from command line to 'False'
[1.989s] Level 5:colcon.colcon_core.verb:set package 'drive_manager' build argument 'cmake_clean_cache' from command line to 'False'
[1.989s] Level 5:colcon.colcon_core.verb:set package 'drive_manager' build argument 'cmake_clean_first' from command line to 'False'
[1.989s] Level 5:colcon.colcon_core.verb:set package 'drive_manager' build argument 'cmake_force_configure' from command line to 'False'
[1.989s] Level 5:colcon.colcon_core.verb:set package 'drive_manager' build argument 'ament_cmake_args' from command line to 'None'
[1.989s] Level 5:colcon.colcon_core.verb:set package 'drive_manager' build argument 'catkin_cmake_args' from command line to 'None'
[1.989s] Level 5:colcon.colcon_core.verb:set package 'drive_manager' build argument 'catkin_skip_building_tests' from command line to 'False'
[1.989s] DEBUG:colcon.colcon_core.verb:Building package 'drive_manager' with the following arguments: {'ament_cmake_args': None, 'build_base': '/home/pi/Legacy/URC-2026/drive_ros2_ws/build/drive_manager', 'catkin_cmake_args': None, 'catkin_skip_building_tests': False, 'cmake_args': None, 'cmake_clean_cache': False, 'cmake_clean_first': False, 'cmake_force_configure': False, 'cmake_target': None, 'cmake_target_skip_unavailable': False, 'install_base': '/home/pi/Legacy/URC-2026/drive_ros2_ws/install/drive_manager', 'merge_install': False, 'path': '/home/pi/Legacy/URC-2026/drive_ros2_ws/src/drive', 'symlink_install': False, 'test_result_base': None}
[1.990s] INFO:colcon.colcon_core.executor:Executing jobs using 'parallel' executor
[1.994s] DEBUG:colcon.colcon_parallel_executor.executor.parallel:run_until_complete
[1.995s] INFO:colcon.colcon_ros.task.ament_cmake.build:Building ROS package in '/home/pi/Legacy/URC-2026/drive_ros2_ws/src/drive_teleop' with build type 'ament_cmake'
[1.996s] INFO:colcon.colcon_cmake.task.cmake.build:Building CMake package in '/home/pi/Legacy/URC-2026/drive_ros2_ws/src/drive_teleop'
[2.010s] INFO:colcon.colcon_core.plugin_system:Skipping extension 'colcon_core.shell.bat': Not used on non-Windows systems
[2.011s] INFO:colcon.colcon_core.shell:Skip shell extension 'powershell' for command environment: Not usable outside of PowerShell
[2.012s] DEBUG:colcon.colcon_core.shell:Skip shell extension 'dsv' for command environment
[2.059s] DEBUG:colcon.colcon_core.event_handler.log_command:Invoking command in '/home/pi/Legacy/URC-2026/drive_ros2_ws/build/drive_teleop': CMAKE_PREFIX_PATH=${CMAKE_PREFIX_PATH}:/home/pi/Legacy/URC-2026/drive_ros2_ws/install/drive_manager:/home/pi/Legacy/URC-2026/embedded_ros2_ws/install/serializer_nodes_demo:/home/pi/Legacy/URC-2026/embedded_ros2_ws/install/drive:/home/pi/Legacy/Testing/ros2_ws/install/rover_motor_command:/opt/ros/humble /usr/bin/cmake /home/pi/Legacy/URC-2026/drive_ros2_ws/src/drive_teleop -DCMAKE_INSTALL_PREFIX=/home/pi/Legacy/URC-2026/drive_ros2_ws/install/drive_teleop
[15.765s] DEBUG:colcon.colcon_core.event_handler.log_command:Invoked command in '/home/pi/Legacy/URC-2026/drive_ros2_ws/build/drive_teleop' returned '0': CMAKE_PREFIX_PATH=${CMAKE_PREFIX_PATH}:/home/pi/Legacy/URC-2026/drive_ros2_ws/install/drive_manager:/home/pi/Legacy/URC-2026/embedded_ros2_ws/install/serializer_nodes_demo:/home/pi/Legacy/URC-2026/embedded_ros2_ws/install/drive:/home/pi/Legacy/Testing/ros2_ws/install/rover_motor_command:/opt/ros/humble /usr/bin/cmake /home/pi/Legacy/URC-2026/drive_ros2_ws/src/drive_teleop -DCMAKE_INSTALL_PREFIX=/home/pi/Legacy/URC-2026/drive_ros2_ws/install/drive_teleop
[15.774s] DEBUG:colcon.colcon_core.event_handler.log_command:Invoking command in '/home/pi/Legacy/URC-2026/drive_ros2_ws/build/drive_teleop': CMAKE_PREFIX_PATH=${CMAKE_PREFIX_PATH}:/home/pi/Legacy/URC-2026/drive_ros2_ws/install/drive_manager:/home/pi/Legacy/URC-2026/embedded_ros2_ws/install/serializer_nodes_demo:/home/pi/Legacy/URC-2026/embedded_ros2_ws/install/drive:/home/pi/Legacy/Testing/ros2_ws/install/rover_motor_command:/opt/ros/humble /usr/bin/cmake --build /home/pi/Legacy/URC-2026/drive_ros2_ws/build/drive_teleop -- -j4 -l4
[58.509s] DEBUG:colcon.colcon_core.event_handler.log_command:Invoked command in '/home/pi/Legacy/URC-2026/drive_ros2_ws/build/drive_teleop' returned '0': CMAKE_PREFIX_PATH=${CMAKE_PREFIX_PATH}:/home/pi/Legacy/URC-2026/drive_ros2_ws/install/drive_manager:/home/pi/Legacy/URC-2026/embedded_ros2_ws/install/serializer_nodes_demo:/home/pi/Legacy/URC-2026/embedded_ros2_ws/install/drive:/home/pi/Legacy/Testing/ros2_ws/install/rover_motor_command:/opt/ros/humble /usr/bin/cmake --build /home/pi/Legacy/URC-2026/drive_ros2_ws/build/drive_teleop -- -j4 -l4
[58.638s] DEBUG:colcon.colcon_core.event_handler.log_command:Invoking command in '/home/pi/Legacy/URC-2026/drive_ros2_ws/build/drive_teleop': CMAKE_PREFIX_PATH=${CMAKE_PREFIX_PATH}:/home/pi/Legacy/URC-2026/drive_ros2_ws/install/drive_manager:/home/pi/Legacy/URC-2026/embedded_ros2_ws/install/serializer_nodes_demo:/home/pi/Legacy/URC-2026/embedded_ros2_ws/install/drive:/home/pi/Legacy/Testing/ros2_ws/install/rover_motor_command:/opt/ros/humble /usr/bin/cmake --install /home/pi/Legacy/URC-2026/drive_ros2_ws/build/drive_teleop
[59.387s] Level 1:colcon.colcon_core.environment:create_environment_scripts_only(drive_teleop)
[59.389s] DEBUG:colcon.colcon_core.event_handler.log_command:Invoked command in '/home/pi/Legacy/URC-2026/drive_ros2_ws/build/drive_teleop' returned '0': CMAKE_PREFIX_PATH=${CMAKE_PREFIX_PATH}:/home/pi/Legacy/URC-2026/drive_ros2_ws/install/drive_manager:/home/pi/Legacy/URC-2026/embedded_ros2_ws/install/serializer_nodes_demo:/home/pi/Legacy/URC-2026/embedded_ros2_ws/install/drive:/home/pi/Legacy/Testing/ros2_ws/install/rover_motor_command:/opt/ros/humble /usr/bin/cmake --install /home/pi/Legacy/URC-2026/drive_ros2_ws/build/drive_teleop
[59.403s] Level 1:colcon.colcon_core.environment:checking '/home/pi/Legacy/URC-2026/drive_ros2_ws/install/drive_teleop' for CMake module files
[59.407s] Level 1:colcon.colcon_core.environment:checking '/home/pi/Legacy/URC-2026/drive_ros2_ws/install/drive_teleop' for CMake config files
[59.411s] Level 1:colcon.colcon_core.shell:create_environment_hook('drive_teleop', 'cmake_prefix_path')
[59.412s] INFO:colcon.colcon_core.shell:Creating environment hook '/home/pi/Legacy/URC-2026/drive_ros2_ws/install/drive_teleop/share/drive_teleop/hook/cmake_prefix_path.ps1'
[59.415s] INFO:colcon.colcon_core.shell:Creating environment descriptor '/home/pi/Legacy/URC-2026/drive_ros2_ws/install/drive_teleop/share/drive_teleop/hook/cmake_prefix_path.dsv'
[59.418s] INFO:colcon.colcon_core.shell:Creating environment hook '/home/pi/Legacy/URC-2026/drive_ros2_ws/install/drive_teleop/share/drive_teleop/hook/cmake_prefix_path.sh'
[59.422s] Level 1:colcon.colcon_core.environment:checking '/home/pi/Legacy/URC-2026/drive_ros2_ws/install/drive_teleop/lib'
[59.423s] Level 1:colcon.colcon_core.shell:create_environment_hook('drive_teleop', 'ld_library_path_lib')
[59.424s] INFO:colcon.colcon_core.shell:Creating environment hook '/home/pi/Legacy/URC-2026/drive_ros2_ws/install/drive_teleop/share/drive_teleop/hook/ld_library_path_lib.ps1'
[59.427s] INFO:colcon.colcon_core.shell:Creating environment descriptor '/home/pi/Legacy/URC-2026/drive_ros2_ws/install/drive_teleop/share/drive_teleop/hook/ld_library_path_lib.dsv'
[59.428s] INFO:colcon.colcon_core.shell:Creating environment hook '/home/pi/Legacy/URC-2026/drive_ros2_ws/install/drive_teleop/share/drive_teleop/hook/ld_library_path_lib.sh'
[59.431s] Level 1:colcon.colcon_core.environment:checking '/home/pi/Legacy/URC-2026/drive_ros2_ws/install/drive_teleop/bin'
[59.431s] Level 1:colcon.colcon_core.environment:checking '/home/pi/Legacy/URC-2026/drive_ros2_ws/install/drive_teleop/lib/pkgconfig/drive_teleop.pc'
[59.433s] Level 1:colcon.colcon_core.environment:checking '/home/pi/Legacy/URC-2026/drive_ros2_ws/install/drive_teleop/lib/python3.10/site-packages'
[59.436s] Level 1:colcon.colcon_core.environment:checking '/home/pi/Legacy/URC-2026/drive_ros2_ws/install/drive_teleop/bin'
[59.438s] INFO:colcon.colcon_core.shell:Creating package script '/home/pi/Legacy/URC-2026/drive_ros2_ws/install/drive_teleop/share/drive_teleop/package.ps1'
[59.444s] INFO:colcon.colcon_core.shell:Creating package descriptor '/home/pi/Legacy/URC-2026/drive_ros2_ws/install/drive_teleop/share/drive_teleop/package.dsv'
[59.457s] INFO:colcon.colcon_core.shell:Creating package script '/home/pi/Legacy/URC-2026/drive_ros2_ws/install/drive_teleop/share/drive_teleop/package.sh'
[59.461s] INFO:colcon.colcon_core.shell:Creating package script '/home/pi/Legacy/URC-2026/drive_ros2_ws/install/drive_teleop/share/drive_teleop/package.bash'
[59.467s] INFO:colcon.colcon_core.shell:Creating package script '/home/pi/Legacy/URC-2026/drive_ros2_ws/install/drive_teleop/share/drive_teleop/package.zsh'
[59.472s] Level 1:colcon.colcon_core.environment:create_file_with_runtime_dependencies(/home/pi/Legacy/URC-2026/drive_ros2_ws/install/drive_teleop/share/colcon-core/packages/drive_teleop)
[59.478s] Level 1:colcon.colcon_core.environment:create_environment_scripts_only(drive_teleop)
[59.480s] Level 1:colcon.colcon_core.environment:checking '/home/pi/Legacy/URC-2026/drive_ros2_ws/install/drive_teleop' for CMake module files
[59.485s] Level 1:colcon.colcon_core.environment:checking '/home/pi/Legacy/URC-2026/drive_ros2_ws/install/drive_teleop' for CMake config files
[59.489s] Level 1:colcon.colcon_core.shell:create_environment_hook('drive_teleop', 'cmake_prefix_path')
[59.491s] INFO:colcon.colcon_core.shell:Creating environment hook '/home/pi/Legacy/URC-2026/drive_ros2_ws/install/drive_teleop/share/drive_teleop/hook/cmake_prefix_path.ps1'
[59.494s] INFO:colcon.colcon_core.shell:Creating environment descriptor '/home/pi/Legacy/URC-2026/drive_ros2_ws/install/drive_teleop/share/drive_teleop/hook/cmake_prefix_path.dsv'
[59.496s] INFO:colcon.colcon_core.shell:Creating environment hook '/home/pi/Legacy/URC-2026/drive_ros2_ws/install/drive_teleop/share/drive_teleop/hook/cmake_prefix_path.sh'
[59.500s] Level 1:colcon.colcon_core.environment:checking '/home/pi/Legacy/URC-2026/drive_ros2_ws/install/drive_teleop/lib'
[59.501s] Level 1:colcon.colcon_core.shell:create_environment_hook('drive_teleop', 'ld_library_path_lib')
[59.502s] INFO:colcon.colcon_core.shell:Creating environment hook '/home/pi/Legacy/URC-2026/drive_ros2_ws/install/drive_teleop/share/drive_teleop/hook/ld_library_path_lib.ps1'
[59.505s] INFO:colcon.colcon_core.shell:Creating environment descriptor '/home/pi/Legacy/URC-2026/drive_ros2_ws/install/drive_teleop/share/drive_teleop/hook/ld_library_path_lib.dsv'
[59.508s] INFO:colcon.colcon_core.shell:Creating environment hook '/home/pi/Legacy/URC-2026/drive_ros2_ws/install/drive_teleop/share/drive_teleop/hook/ld_library_path_lib.sh'
[59.510s] Level 1:colcon.colcon_core.environment:checking '/home/pi/Legacy/URC-2026/drive_ros2_ws/install/drive_teleop/bin'
[59.511s] Level 1:colcon.colcon_core.environment:checking '/home/pi/Legacy/URC-2026/drive_ros2_ws/install/drive_teleop/lib/pkgconfig/drive_teleop.pc'
[59.512s] Level 1:colcon.colcon_core.environment:checking '/home/pi/Legacy/URC-2026/drive_ros2_ws/install/drive_teleop/lib/python3.10/site-packages'
[59.514s] Level 1:colcon.colcon_core.environment:checking '/home/pi/Legacy/URC-2026/drive_ros2_ws/install/drive_teleop/bin'
[59.517s] INFO:colcon.colcon_core.shell:Creating package script '/home/pi/Legacy/URC-2026/drive_ros2_ws/install/drive_teleop/share/drive_teleop/package.ps1'
[59.521s] INFO:colcon.colcon_core.shell:Creating package descriptor '/home/pi/Legacy/URC-2026/drive_ros2_ws/install/drive_teleop/share/drive_teleop/package.dsv'
[59.524s] INFO:colcon.colcon_core.shell:Creating package script '/home/pi/Legacy/URC-2026/drive_ros2_ws/install/drive_teleop/share/drive_teleop/package.sh'
[59.527s] INFO:colcon.colcon_core.shell:Creating package script '/home/pi/Legacy/URC-2026/drive_ros2_ws/install/drive_teleop/share/drive_teleop/package.bash'
[59.531s] INFO:colcon.colcon_core.shell:Creating package script '/home/pi/Legacy/URC-2026/drive_ros2_ws/install/drive_teleop/share/drive_teleop/package.zsh'
[59.533s] Level 1:colcon.colcon_core.environment:create_file_with_runtime_dependencies(/home/pi/Legacy/URC-2026/drive_ros2_ws/install/drive_teleop/share/colcon-core/packages/drive_teleop)
[59.535s] INFO:colcon.colcon_ros.task.ament_python.build:Building ROS package in '/home/pi/Legacy/URC-2026/drive_ros2_ws/src/drive' with build type 'ament_python'
[59.536s] Level 1:colcon.colcon_core.shell:create_environment_hook('drive_manager', 'ament_prefix_path')
[59.538s] INFO:colcon.colcon_core.shell:Creating environment hook '/home/pi/Legacy/URC-2026/drive_ros2_ws/install/drive_manager/share/drive_manager/hook/ament_prefix_path.ps1'
[59.543s] INFO:colcon.colcon_core.shell:Creating environment descriptor '/home/pi/Legacy/URC-2026/drive_ros2_ws/install/drive_manager/share/drive_manager/hook/ament_prefix_path.dsv'
[59.545s] INFO:colcon.colcon_core.shell:Creating environment hook '/home/pi/Legacy/URC-2026/drive_ros2_ws/install/drive_manager/share/drive_manager/hook/ament_prefix_path.sh'
[59.549s] INFO:colcon.colcon_core.shell:Skip shell extension 'powershell' for command environment: Not usable outside of PowerShell
[59.550s] DEBUG:colcon.colcon_core.shell:Skip shell extension 'dsv' for command environment
[61.148s] INFO:colcon.colcon_core.task.python.build:Building Python package in '/home/pi/Legacy/URC-2026/drive_ros2_ws/src/drive'
[61.149s] INFO:colcon.colcon_core.shell:Skip shell extension 'powershell' for command environment: Not usable outside of PowerShell
[61.149s] DEBUG:colcon.colcon_core.shell:Skip shell extension 'dsv' for command environment
[63.822s] DEBUG:colcon.colcon_core.event_handler.log_command:Invoking command in '/home/pi/Legacy/URC-2026/drive_ros2_ws/src/drive': PYTHONPATH=/home/pi/Legacy/URC-2026/drive_ros2_ws/build/drive_manager/prefix_override:/usr/lib/python3/dist-packages/colcon_core/task/python/colcon_distutils_commands:/home/pi/Legacy/URC-2026/drive_ros2_ws/install/drive_manager/lib/python3.10/site-packages:${PYTHONPATH} /usr/bin/python3 -W ignore:setup.py install is deprecated -W ignore:easy_install command is deprecated setup.py egg_info --egg-base ../../build/drive_manager build --build-base /home/pi/Legacy/URC-2026/drive_ros2_ws/build/drive_manager/build install --record /home/pi/Legacy/URC-2026/drive_ros2_ws/build/drive_manager/install.log --single-version-externally-managed install_data
[66.421s] Level 1:colcon.colcon_core.environment:checking '/home/pi/Legacy/URC-2026/drive_ros2_ws/install/drive_manager' for CMake module files
[66.423s] DEBUG:colcon.colcon_core.event_handler.log_command:Invoked command in '/home/pi/Legacy/URC-2026/drive_ros2_ws/src/drive' returned '0': PYTHONPATH=/home/pi/Legacy/URC-2026/drive_ros2_ws/build/drive_manager/prefix_override:/usr/lib/python3/dist-packages/colcon_core/task/python/colcon_distutils_commands:/home/pi/Legacy/URC-2026/drive_ros2_ws/install/drive_manager/lib/python3.10/site-packages:${PYTHONPATH} /usr/bin/python3 -W ignore:setup.py install is deprecated -W ignore:easy_install command is deprecated setup.py egg_info --egg-base ../../build/drive_manager build --build-base /home/pi/Legacy/URC-2026/drive_ros2_ws/build/drive_manager/build install --record /home/pi/Legacy/URC-2026/drive_ros2_ws/build/drive_manager/install.log --single-version-externally-managed install_data
[66.425s] Level 1:colcon.colcon_core.environment:checking '/home/pi/Legacy/URC-2026/drive_ros2_ws/install/drive_manager' for CMake config files
[66.429s] Level 1:colcon.colcon_core.environment:checking '/home/pi/Legacy/URC-2026/drive_ros2_ws/install/drive_manager/lib'
[66.430s] Level 1:colcon.colcon_core.environment:checking '/home/pi/Legacy/URC-2026/drive_ros2_ws/install/drive_manager/bin'
[66.430s] Level 1:colcon.colcon_core.environment:checking '/home/pi/Legacy/URC-2026/drive_ros2_ws/install/drive_manager/lib/pkgconfig/drive_manager.pc'
[66.431s] Level 1:colcon.colcon_core.environment:checking '/home/pi/Legacy/URC-2026/drive_ros2_ws/install/drive_manager/lib/python3.10/site-packages'
[66.432s] Level 1:colcon.colcon_core.shell:create_environment_hook('drive_manager', 'pythonpath')
[66.433s] INFO:colcon.colcon_core.shell:Creating environment hook '/home/pi/Legacy/URC-2026/drive_ros2_ws/install/drive_manager/share/drive_manager/hook/pythonpath.ps1'
[66.435s] INFO:colcon.colcon_core.shell:Creating environment descriptor '/home/pi/Legacy/URC-2026/drive_ros2_ws/install/drive_manager/share/drive_manager/hook/pythonpath.dsv'
[66.437s] INFO:colcon.colcon_core.shell:Creating environment hook '/home/pi/Legacy/URC-2026/drive_ros2_ws/install/drive_manager/share/drive_manager/hook/pythonpath.sh'
[66.442s] Level 1:colcon.colcon_core.environment:checking '/home/pi/Legacy/URC-2026/drive_ros2_ws/install/drive_manager/bin'
[66.443s] Level 1:colcon.colcon_core.environment:create_environment_scripts_only(drive_manager)
[66.445s] INFO:colcon.colcon_core.shell:Creating package script '/home/pi/Legacy/URC-2026/drive_ros2_ws/install/drive_manager/share/drive_manager/package.ps1'
[66.448s] INFO:colcon.colcon_core.shell:Creating package descriptor '/home/pi/Legacy/URC-2026/drive_ros2_ws/install/drive_manager/share/drive_manager/package.dsv'
[66.450s] INFO:colcon.colcon_core.shell:Creating package script '/home/pi/Legacy/URC-2026/drive_ros2_ws/install/drive_manager/share/drive_manager/package.sh'
[66.453s] INFO:colcon.colcon_core.shell:Creating package script '/home/pi/Legacy/URC-2026/drive_ros2_ws/install/drive_manager/share/drive_manager/package.bash'
[66.455s] INFO:colcon.colcon_core.shell:Creating package script '/home/pi/Legacy/URC-2026/drive_ros2_ws/install/drive_manager/share/drive_manager/package.zsh'
[66.457s] Level 1:colcon.colcon_core.environment:create_file_with_runtime_dependencies(/home/pi/Legacy/URC-2026/drive_ros2_ws/install/drive_manager/share/colcon-core/packages/drive_manager)
[66.459s] DEBUG:colcon.colcon_parallel_executor.executor.parallel:closing loop
[66.463s] DEBUG:colcon.colcon_parallel_executor.executor.parallel:loop closed
[66.463s] DEBUG:colcon.colcon_parallel_executor.executor.parallel:run_until_complete finished with '0'
[66.464s] DEBUG:colcon.colcon_core.event_reactor:joining thread
[66.500s] INFO:colcon.colcon_core.plugin_system:Skipping extension 'colcon_notification.desktop_notification.notify_send': Could not find 'notify-send'
[66.501s] INFO:colcon.colcon_core.plugin_system:Skipping extension 'colcon_notification.desktop_notification.terminal_notifier': Not used on non-Darwin systems
[66.502s] INFO:colcon.colcon_core.plugin_system:Skipping extension 'colcon_notification.desktop_notification.win32': Not used on non-Windows systems
[66.502s] INFO:colcon.colcon_notification.desktop_notification:Sending desktop notification using 'notify2'
[66.508s] DEBUG:colcon.colcon_notification.desktop_notification.notify2:Failed to initialize notify2: org.freedesktop.DBus.Error.ServiceUnknown: The name org.freedesktop.Notifications was not provided by any .service files
[66.509s] DEBUG:colcon.colcon_core.event_reactor:joined thread
[66.510s] INFO:colcon.colcon_core.shell:Creating prefix script '/home/pi/Legacy/URC-2026/drive_ros2_ws/install/local_setup.ps1'
[66.516s] INFO:colcon.colcon_core.shell:Creating prefix util module '/home/pi/Legacy/URC-2026/drive_ros2_ws/install/_local_setup_util_ps1.py'
[66.525s] INFO:colcon.colcon_core.shell:Creating prefix chain script '/home/pi/Legacy/URC-2026/drive_ros2_ws/install/setup.ps1'
[66.539s] INFO:colcon.colcon_core.shell:Creating prefix script '/home/pi/Legacy/URC-2026/drive_ros2_ws/install/local_setup.sh'
[66.544s] INFO:colcon.colcon_core.shell:Creating prefix util module '/home/pi/Legacy/URC-2026/drive_ros2_ws/install/_local_setup_util_sh.py'
[66.552s] INFO:colcon.colcon_core.shell:Creating prefix chain script '/home/pi/Legacy/URC-2026/drive_ros2_ws/install/setup.sh'
[66.567s] INFO:colcon.colcon_core.shell:Creating prefix script '/home/pi/Legacy/URC-2026/drive_ros2_ws/install/local_setup.bash'
[66.571s] INFO:colcon.colcon_core.shell:Creating prefix chain script '/home/pi/Legacy/URC-2026/drive_ros2_ws/install/setup.bash'
[66.588s] INFO:colcon.colcon_core.shell:Creating prefix script '/home/pi/Legacy/URC-2026/drive_ros2_ws/install/local_setup.zsh'
[66.593s] INFO:colcon.colcon_core.shell:Creating prefix chain script '/home/pi/Legacy/URC-2026/drive_ros2_ws/install/setup.zsh'
