[0.132s] Invoking command in '/home/pi/Legacy/URC-2026/embedded_ros2_ws/build/cubemars_can': CMAKE_PREFIX_PATH=${CMAKE_PREFIX_PATH}:/home/pi/Legacy/URC-2026/embedded_ros2_ws/install/blender_motor:/home/pi/Legacy/Testing/ros2_ws/install/rover_motor_command:/home/pi/Legacy/URC-2026/drive_ros2_ws/install/drive_manager:/opt/ros/humble /usr/bin/cmake --build /home/pi/Legacy/URC-2026/embedded_ros2_ws/build/cubemars_can -- -j4 -l4
[0.284s] -- Found ament_cmake: 1.3.12 (/opt/ros/humble/share/ament_cmake/cmake)
[1.755s] -- Found rclcpp: 16.0.17 (/opt/ros/humble/share/rclcpp/cmake)
[1.943s] -- Found rosidl_generator_c: 3.1.8 (/opt/ros/humble/share/rosidl_generator_c/cmake)
[1.960s] -- Found rosidl_adapter: 3.1.8 (/opt/ros/humble/share/rosidl_adapter/cmake)
[2.006s] -- Found rosidl_generator_cpp: 3.1.8 (/opt/ros/humble/share/rosidl_generator_cpp/cmake)
[2.065s] -- Using all available rosidl_typesupport_c: rosidl_typesupport_fastrtps_c;rosidl_typesupport_introspection_c
[2.182s] -- Using all available rosidl_typesupport_cpp: rosidl_typesupport_fastrtps_cpp;rosidl_typesupport_introspection_cpp
[2.403s] -- Found rmw_implementation_cmake: 6.1.2 (/opt/ros/humble/share/rmw_implementation_cmake/cmake)
[2.415s] -- Found rmw_fastrtps_cpp: 6.2.9 (/opt/ros/humble/share/rmw_fastrtps_cpp/cmake)
[3.483s] -- Using RMW implementation 'rmw_fastrtps_cpp' as default
[3.731s] -- Found rosidl_default_generators: 1.2.0 (/opt/ros/humble/share/rosidl_default_generators/cmake)
[5.697s] -- Found ament_cmake_ros: 0.10.0 (/opt/ros/humble/share/ament_cmake_ros/cmake)
[8.169s] -- Using all available rosidl_typesupport_c: rosidl_typesupport_fastrtps_c;rosidl_typesupport_introspection_c
[9.117s] -- Using all available rosidl_typesupport_cpp: rosidl_typesupport_fastrtps_cpp;rosidl_typesupport_introspection_cpp
[9.373s] -- Found python_cmake_module: 0.10.0 (/opt/ros/humble/share/python_cmake_module/cmake)
[9.540s] -- Using PYTHON_EXECUTABLE: /usr/bin/python3
[9.541s] -- Using PYTHON_INCLUDE_DIRS: /usr/include/python3.10
[9.541s] -- Using PYTHON_LIBRARIES: /usr/lib/aarch64-linux-gnu/libpython3.10.so
[9.716s] -- Configuring done
[10.002s] -- Generating done
[10.070s] -- Build files have been written to: /home/pi/Legacy/URC-2026/embedded_ros2_ws/build/cubemars_can
[10.340s] [  2%] [34m[1mGenerating C code for ROS interfaces[0m
[10.470s] [  4%] [34m[1mGenerating C++ code for ROS interfaces[0m
[10.665s] [  4%] Built target ament_cmake_python_copy_cubemars_can
[14.176s] [35m[1mConsolidate compiler generated dependencies of target cubemars_can__rosidl_generator_c[0m
[14.325s] running egg_info
[14.330s] writing cubemars_can.egg-info/PKG-INFO
[14.344s] writing dependency_links to cubemars_can.egg-info/dependency_links.txt
[14.347s] writing top-level names to cubemars_can.egg-info/top_level.txt
[14.373s] reading manifest file 'cubemars_can.egg-info/SOURCES.txt'
[14.376s] [  6%] [32mBuilding C object CMakeFiles/cubemars_can__rosidl_generator_c.dir/rosidl_generator_c/cubemars_can/msg/detail/control_message__functions.c.o[0m
[14.388s] writing manifest file 'cubemars_can.egg-info/SOURCES.txt'
[14.536s] [  9%] [32mBuilding C object CMakeFiles/cubemars_can__rosidl_generator_c.dir/rosidl_generator_c/cubemars_can/msg/detail/controller_status__functions.c.o[0m
[14.602s] [  9%] Built target cubemars_can__cpp
[14.792s] [ 11%] [34m[1mGenerating C++ type support dispatch for ROS interfaces[0m
[14.885s] [ 11%] Built target ament_cmake_python_build_cubemars_can_egg
[15.017s] [ 13%] [34m[1mGenerating C++ type support for eProsima Fast-RTPS[0m
[15.189s] [ 15%] [34m[1mGenerating C++ introspection for ROS interfaces[0m
[15.387s] [ 18%] [32m[1mLinking C shared library libcubemars_can__rosidl_generator_c.so[0m
[16.000s] [ 18%] Built target cubemars_can__rosidl_generator_c
[16.153s] [ 20%] [34m[1mGenerating C type support for eProsima Fast-RTPS[0m
[18.075s] [35m[1mConsolidate compiler generated dependencies of target cubemars_can__rosidl_typesupport_cpp[0m
[18.287s] [ 22%] [32mBuilding CXX object CMakeFiles/cubemars_can__rosidl_typesupport_cpp.dir/rosidl_typesupport_cpp/cubemars_can/msg/control_message__type_support.cpp.o[0m
[18.528s] [35m[1mConsolidate compiler generated dependencies of target cubemars_can__rosidl_typesupport_introspection_cpp[0m
[18.730s] [ 25%] [32mBuilding CXX object CMakeFiles/cubemars_can__rosidl_typesupport_introspection_cpp.dir/rosidl_typesupport_introspection_cpp/cubemars_can/msg/detail/control_message__type_support.cpp.o[0m
[19.057s] [35m[1mConsolidate compiler generated dependencies of target cubemars_can__rosidl_typesupport_fastrtps_cpp[0m
[19.264s] [ 27%] [32mBuilding CXX object CMakeFiles/cubemars_can__rosidl_typesupport_fastrtps_cpp.dir/rosidl_typesupport_fastrtps_cpp/cubemars_can/msg/detail/dds_fastrtps/control_message__type_support.cpp.o[0m
[20.207s] [35m[1mConsolidate compiler generated dependencies of target cubemars_can__rosidl_typesupport_fastrtps_c[0m
[20.405s] [ 29%] [32mBuilding CXX object CMakeFiles/cubemars_can__rosidl_typesupport_fastrtps_c.dir/rosidl_typesupport_fastrtps_c/cubemars_can/msg/detail/control_message__type_support_c.cpp.o[0m
[22.341s] [ 31%] [32mBuilding CXX object CMakeFiles/cubemars_can__rosidl_typesupport_cpp.dir/rosidl_typesupport_cpp/cubemars_can/msg/controller_status__type_support.cpp.o[0m
[24.455s] [ 34%] [32mBuilding CXX object CMakeFiles/cubemars_can__rosidl_typesupport_introspection_cpp.dir/rosidl_typesupport_introspection_cpp/cubemars_can/msg/detail/controller_status__type_support.cpp.o[0m
[25.032s] [ 36%] [32mBuilding CXX object CMakeFiles/cubemars_can__rosidl_typesupport_fastrtps_cpp.dir/rosidl_typesupport_fastrtps_cpp/cubemars_can/msg/detail/dds_fastrtps/controller_status__type_support.cpp.o[0m
[25.040s] [ 38%] [32mBuilding CXX object CMakeFiles/cubemars_can__rosidl_typesupport_fastrtps_c.dir/rosidl_typesupport_fastrtps_c/cubemars_can/msg/detail/controller_status__type_support_c.cpp.o[0m
[26.357s] [ 40%] [32m[1mLinking CXX shared library libcubemars_can__rosidl_typesupport_cpp.so[0m
[26.903s] [ 40%] Built target cubemars_can__rosidl_typesupport_cpp
[29.010s] [ 43%] [32m[1mLinking CXX shared library libcubemars_can__rosidl_typesupport_introspection_cpp.so[0m
[29.454s] [ 43%] Built target cubemars_can__rosidl_typesupport_introspection_cpp
[29.482s] [ 45%] [32m[1mLinking CXX shared library libcubemars_can__rosidl_typesupport_fastrtps_c.so[0m
[30.272s] [ 45%] Built target cubemars_can__rosidl_typesupport_fastrtps_c
[30.282s] [ 47%] [32m[1mLinking CXX shared library libcubemars_can__rosidl_typesupport_fastrtps_cpp.so[0m
[30.790s] [ 47%] Built target cubemars_can__rosidl_typesupport_fastrtps_cpp
[30.862s] [35m[1mConsolidate compiler generated dependencies of target cubemars_can_node[0m
[31.072s] [ 50%] [32mBuilding CXX object CMakeFiles/cubemars_can_node.dir/src/cubemars_can_node.cpp.o[0m
[80.592s] [ 52%] [32mBuilding CXX object CMakeFiles/cubemars_can_node.dir/src/main.cpp.o[0m
[100.284s] [ 54%] [32m[1mLinking CXX executable cubemars_can_node[0m
[102.348s] [ 59%] Built target cubemars_can_node
[102.406s] [ 61%] [34m[1mGenerating C type support dispatch for ROS interfaces[0m
[102.410s] [ 63%] [34m[1mGenerating C introspection for ROS interfaces[0m
[103.876s] [35m[1mConsolidate compiler generated dependencies of target cubemars_can__rosidl_typesupport_c[0m
[103.999s] [ 65%] [32mBuilding CXX object CMakeFiles/cubemars_can__rosidl_typesupport_c.dir/rosidl_typesupport_c/cubemars_can/msg/control_message__type_support.cpp.o[0m
[104.008s] [ 68%] [32mBuilding CXX object CMakeFiles/cubemars_can__rosidl_typesupport_c.dir/rosidl_typesupport_c/cubemars_can/msg/controller_status__type_support.cpp.o[0m
[104.251s] [35m[1mConsolidate compiler generated dependencies of target cubemars_can__rosidl_typesupport_introspection_c[0m
[104.311s] [ 70%] [32m[1mLinking CXX shared library libcubemars_can__rosidl_typesupport_c.so[0m
[104.343s] [ 72%] [32mBuilding C object CMakeFiles/cubemars_can__rosidl_typesupport_introspection_c.dir/rosidl_typesupport_introspection_c/cubemars_can/msg/detail/controller_status__type_support.c.o[0m
[104.366s] [ 75%] [32mBuilding C object CMakeFiles/cubemars_can__rosidl_typesupport_introspection_c.dir/rosidl_typesupport_introspection_c/cubemars_can/msg/detail/control_message__type_support.c.o[0m
[104.679s] [ 77%] [32m[1mLinking C shared library libcubemars_can__rosidl_typesupport_introspection_c.so[0m
[104.716s] [ 77%] Built target cubemars_can__rosidl_typesupport_c
[104.909s] [ 77%] Built target cubemars_can__rosidl_typesupport_introspection_c
[105.045s] [ 77%] Built target cubemars_can
[105.174s] [ 79%] [34m[1mGenerating Python code for ROS interfaces[0m
[108.032s] [ 79%] Built target cubemars_can__py
[108.109s] [35m[1mConsolidate compiler generated dependencies of target cubemars_can__rosidl_generator_py[0m
[108.280s] [ 81%] [32mBuilding C object CMakeFiles/cubemars_can__rosidl_generator_py.dir/rosidl_generator_py/cubemars_can/msg/_control_message_s.c.o[0m
[108.319s] [ 84%] [32mBuilding C object CMakeFiles/cubemars_can__rosidl_generator_py.dir/rosidl_generator_py/cubemars_can/msg/_controller_status_s.c.o[0m
[109.013s] [ 86%] [32m[1mLinking C shared library rosidl_generator_py/cubemars_can/libcubemars_can__rosidl_generator_py.so[0m
[109.259s] [ 86%] Built target cubemars_can__rosidl_generator_py
[109.344s] [35m[1mConsolidate compiler generated dependencies of target cubemars_can__rosidl_typesupport_introspection_c__pyext[0m
[109.361s] [35m[1mConsolidate compiler generated dependencies of target cubemars_can__rosidl_typesupport_fastrtps_c__pyext[0m
[109.361s] [35m[1mConsolidate compiler generated dependencies of target cubemars_can__rosidl_typesupport_c__pyext[0m
[109.435s] [ 88%] [32mBuilding C object CMakeFiles/cubemars_can__rosidl_typesupport_introspection_c__pyext.dir/rosidl_generator_py/cubemars_can/_cubemars_can_s.ep.rosidl_typesupport_introspection_c.c.o[0m
[109.444s] [ 90%] [32mBuilding C object CMakeFiles/cubemars_can__rosidl_typesupport_c__pyext.dir/rosidl_generator_py/cubemars_can/_cubemars_can_s.ep.rosidl_typesupport_c.c.o[0m
[109.551s] [ 93%] [32mBuilding C object CMakeFiles/cubemars_can__rosidl_typesupport_fastrtps_c__pyext.dir/rosidl_generator_py/cubemars_can/_cubemars_can_s.ep.rosidl_typesupport_fastrtps_c.c.o[0m
[110.106s] [ 95%] [32m[1mLinking C shared library rosidl_generator_py/cubemars_can/cubemars_can_s__rosidl_typesupport_introspection_c.cpython-310-aarch64-linux-gnu.so[0m
[110.232s] [ 97%] [32m[1mLinking C shared library rosidl_generator_py/cubemars_can/cubemars_can_s__rosidl_typesupport_c.cpython-310-aarch64-linux-gnu.so[0m
[110.426s] [100%] [32m[1mLinking C shared library rosidl_generator_py/cubemars_can/cubemars_can_s__rosidl_typesupport_fastrtps_c.cpython-310-aarch64-linux-gnu.so[0m
[110.493s] [100%] Built target cubemars_can__rosidl_typesupport_introspection_c__pyext
[110.519s] [100%] Built target cubemars_can__rosidl_typesupport_c__pyext
[110.660s] [100%] Built target cubemars_can__rosidl_typesupport_fastrtps_c__pyext
[110.733s] Invoked command in '/home/pi/Legacy/URC-2026/embedded_ros2_ws/build/cubemars_can' returned '0': CMAKE_PREFIX_PATH=${CMAKE_PREFIX_PATH}:/home/pi/Legacy/URC-2026/embedded_ros2_ws/install/blender_motor:/home/pi/Legacy/Testing/ros2_ws/install/rover_motor_command:/home/pi/Legacy/URC-2026/drive_ros2_ws/install/drive_manager:/opt/ros/humble /usr/bin/cmake --build /home/pi/Legacy/URC-2026/embedded_ros2_ws/build/cubemars_can -- -j4 -l4
[110.746s] Invoking command in '/home/pi/Legacy/URC-2026/embedded_ros2_ws/build/cubemars_can': CMAKE_PREFIX_PATH=${CMAKE_PREFIX_PATH}:/home/pi/Legacy/URC-2026/embedded_ros2_ws/install/blender_motor:/home/pi/Legacy/Testing/ros2_ws/install/rover_motor_command:/home/pi/Legacy/URC-2026/drive_ros2_ws/install/drive_manager:/opt/ros/humble /usr/bin/cmake --install /home/pi/Legacy/URC-2026/embedded_ros2_ws/build/cubemars_can
[110.794s] -- Install configuration: ""
[110.795s] -- Up-to-date: /home/pi/Legacy/URC-2026/embedded_ros2_ws/install/cubemars_can/share/ament_index/resource_index/rosidl_interfaces/cubemars_can
[110.796s] -- Up-to-date: /home/pi/Legacy/URC-2026/embedded_ros2_ws/install/cubemars_can/include/cubemars_can/cubemars_can
[110.797s] -- Up-to-date: /home/pi/Legacy/URC-2026/embedded_ros2_ws/install/cubemars_can/include/cubemars_can/cubemars_can/msg
[110.798s] -- Installing: /home/pi/Legacy/URC-2026/embedded_ros2_ws/install/cubemars_can/include/cubemars_can/cubemars_can/msg/controller_status.h
[110.801s] -- Installing: /home/pi/Legacy/URC-2026/embedded_ros2_ws/install/cubemars_can/include/cubemars_can/cubemars_can/msg/control_message.h
[110.803s] -- Up-to-date: /home/pi/Legacy/URC-2026/embedded_ros2_ws/install/cubemars_can/include/cubemars_can/cubemars_can/msg/rosidl_generator_c__visibility_control.h
[110.804s] -- Up-to-date: /home/pi/Legacy/URC-2026/embedded_ros2_ws/install/cubemars_can/include/cubemars_can/cubemars_can/msg/detail
[110.806s] -- Installing: /home/pi/Legacy/URC-2026/embedded_ros2_ws/install/cubemars_can/include/cubemars_can/cubemars_can/msg/detail/control_message__functions.c
[110.808s] -- Installing: /home/pi/Legacy/URC-2026/embedded_ros2_ws/install/cubemars_can/include/cubemars_can/cubemars_can/msg/detail/controller_status__functions.c
[110.809s] -- Installing: /home/pi/Legacy/URC-2026/embedded_ros2_ws/install/cubemars_can/include/cubemars_can/cubemars_can/msg/detail/controller_status__functions.h
[110.810s] -- Installing: /home/pi/Legacy/URC-2026/embedded_ros2_ws/install/cubemars_can/include/cubemars_can/cubemars_can/msg/detail/control_message__struct.h
[110.812s] -- Installing: /home/pi/Legacy/URC-2026/embedded_ros2_ws/install/cubemars_can/include/cubemars_can/cubemars_can/msg/detail/control_message__type_support.h
[110.814s] -- Installing: /home/pi/Legacy/URC-2026/embedded_ros2_ws/install/cubemars_can/include/cubemars_can/cubemars_can/msg/detail/controller_status__type_support.h
[110.815s] -- Installing: /home/pi/Legacy/URC-2026/embedded_ros2_ws/install/cubemars_can/include/cubemars_can/cubemars_can/msg/detail/control_message__functions.h
[110.817s] -- Installing: /home/pi/Legacy/URC-2026/embedded_ros2_ws/install/cubemars_can/include/cubemars_can/cubemars_can/msg/detail/controller_status__struct.h
[110.820s] -- Up-to-date: /home/pi/Legacy/URC-2026/embedded_ros2_ws/install/cubemars_can/share/cubemars_can/environment/library_path.sh
[110.820s] -- Installing: /home/pi/Legacy/URC-2026/embedded_ros2_ws/install/cubemars_can/share/cubemars_can/environment/library_path.dsv
[110.823s] -- Installing: /home/pi/Legacy/URC-2026/embedded_ros2_ws/install/cubemars_can/lib/libcubemars_can__rosidl_generator_c.so
[110.827s] -- Set runtime path of "/home/pi/Legacy/URC-2026/embedded_ros2_ws/install/cubemars_can/lib/libcubemars_can__rosidl_generator_c.so" to ""
[110.829s] -- Up-to-date: /home/pi/Legacy/URC-2026/embedded_ros2_ws/install/cubemars_can/include/cubemars_can/cubemars_can
[110.830s] -- Up-to-date: /home/pi/Legacy/URC-2026/embedded_ros2_ws/install/cubemars_can/include/cubemars_can/cubemars_can/msg
[110.831s] -- Up-to-date: /home/pi/Legacy/URC-2026/embedded_ros2_ws/install/cubemars_can/include/cubemars_can/cubemars_can/msg/rosidl_typesupport_fastrtps_c__visibility_control.h
[110.832s] -- Up-to-date: /home/pi/Legacy/URC-2026/embedded_ros2_ws/install/cubemars_can/include/cubemars_can/cubemars_can/msg/detail
[110.833s] -- Installing: /home/pi/Legacy/URC-2026/embedded_ros2_ws/install/cubemars_can/include/cubemars_can/cubemars_can/msg/detail/controller_status__rosidl_typesupport_fastrtps_c.h
[110.834s] -- Installing: /home/pi/Legacy/URC-2026/embedded_ros2_ws/install/cubemars_can/include/cubemars_can/cubemars_can/msg/detail/control_message__rosidl_typesupport_fastrtps_c.h
[110.835s] -- Installing: /home/pi/Legacy/URC-2026/embedded_ros2_ws/install/cubemars_can/lib/libcubemars_can__rosidl_typesupport_fastrtps_c.so
[110.841s] -- Set runtime path of "/home/pi/Legacy/URC-2026/embedded_ros2_ws/install/cubemars_can/lib/libcubemars_can__rosidl_typesupport_fastrtps_c.so" to ""
[110.841s] -- Up-to-date: /home/pi/Legacy/URC-2026/embedded_ros2_ws/install/cubemars_can/include/cubemars_can/cubemars_can
[110.843s] -- Up-to-date: /home/pi/Legacy/URC-2026/embedded_ros2_ws/install/cubemars_can/include/cubemars_can/cubemars_can/msg
[110.843s] -- Installing: /home/pi/Legacy/URC-2026/embedded_ros2_ws/install/cubemars_can/include/cubemars_can/cubemars_can/msg/controller_status.hpp
[110.845s] -- Installing: /home/pi/Legacy/URC-2026/embedded_ros2_ws/install/cubemars_can/include/cubemars_can/cubemars_can/msg/control_message.hpp
[110.846s] -- Up-to-date: /home/pi/Legacy/URC-2026/embedded_ros2_ws/install/cubemars_can/include/cubemars_can/cubemars_can/msg/detail
[110.847s] -- Installing: /home/pi/Legacy/URC-2026/embedded_ros2_ws/install/cubemars_can/include/cubemars_can/cubemars_can/msg/detail/controller_status__type_support.hpp
[110.848s] -- Installing: /home/pi/Legacy/URC-2026/embedded_ros2_ws/install/cubemars_can/include/cubemars_can/cubemars_can/msg/detail/control_message__type_support.hpp
[110.850s] -- Installing: /home/pi/Legacy/URC-2026/embedded_ros2_ws/install/cubemars_can/include/cubemars_can/cubemars_can/msg/detail/controller_status__builder.hpp
[110.852s] -- Installing: /home/pi/Legacy/URC-2026/embedded_ros2_ws/install/cubemars_can/include/cubemars_can/cubemars_can/msg/detail/control_message__traits.hpp
[110.854s] -- Installing: /home/pi/Legacy/URC-2026/embedded_ros2_ws/install/cubemars_can/include/cubemars_can/cubemars_can/msg/detail/controller_status__traits.hpp
[110.856s] -- Installing: /home/pi/Legacy/URC-2026/embedded_ros2_ws/install/cubemars_can/include/cubemars_can/cubemars_can/msg/detail/controller_status__struct.hpp
[110.858s] -- Installing: /home/pi/Legacy/URC-2026/embedded_ros2_ws/install/cubemars_can/include/cubemars_can/cubemars_can/msg/detail/control_message__struct.hpp
[110.860s] -- Installing: /home/pi/Legacy/URC-2026/embedded_ros2_ws/install/cubemars_can/include/cubemars_can/cubemars_can/msg/detail/control_message__builder.hpp
[110.866s] -- Up-to-date: /home/pi/Legacy/URC-2026/embedded_ros2_ws/install/cubemars_can/include/cubemars_can/cubemars_can/msg/rosidl_generator_cpp__visibility_control.hpp
[110.866s] -- Up-to-date: /home/pi/Legacy/URC-2026/embedded_ros2_ws/install/cubemars_can/include/cubemars_can/cubemars_can
[110.867s] -- Up-to-date: /home/pi/Legacy/URC-2026/embedded_ros2_ws/install/cubemars_can/include/cubemars_can/cubemars_can/msg
[110.868s] -- Up-to-date: /home/pi/Legacy/URC-2026/embedded_ros2_ws/install/cubemars_can/include/cubemars_can/cubemars_can/msg/rosidl_typesupport_fastrtps_cpp__visibility_control.h
[110.869s] -- Up-to-date: /home/pi/Legacy/URC-2026/embedded_ros2_ws/install/cubemars_can/include/cubemars_can/cubemars_can/msg/detail
[110.870s] -- Up-to-date: /home/pi/Legacy/URC-2026/embedded_ros2_ws/install/cubemars_can/include/cubemars_can/cubemars_can/msg/detail/dds_fastrtps
[110.870s] -- Installing: /home/pi/Legacy/URC-2026/embedded_ros2_ws/install/cubemars_can/include/cubemars_can/cubemars_can/msg/detail/controller_status__rosidl_typesupport_fastrtps_cpp.hpp
[110.872s] -- Installing: /home/pi/Legacy/URC-2026/embedded_ros2_ws/install/cubemars_can/include/cubemars_can/cubemars_can/msg/detail/control_message__rosidl_typesupport_fastrtps_cpp.hpp
[110.873s] -- Installing: /home/pi/Legacy/URC-2026/embedded_ros2_ws/install/cubemars_can/lib/libcubemars_can__rosidl_typesupport_fastrtps_cpp.so
[110.876s] -- Set runtime path of "/home/pi/Legacy/URC-2026/embedded_ros2_ws/install/cubemars_can/lib/libcubemars_can__rosidl_typesupport_fastrtps_cpp.so" to ""
[110.878s] -- Up-to-date: /home/pi/Legacy/URC-2026/embedded_ros2_ws/install/cubemars_can/include/cubemars_can/cubemars_can
[110.879s] -- Up-to-date: /home/pi/Legacy/URC-2026/embedded_ros2_ws/install/cubemars_can/include/cubemars_can/cubemars_can/msg
[110.880s] -- Up-to-date: /home/pi/Legacy/URC-2026/embedded_ros2_ws/install/cubemars_can/include/cubemars_can/cubemars_can/msg/detail
[110.880s] -- Installing: /home/pi/Legacy/URC-2026/embedded_ros2_ws/install/cubemars_can/include/cubemars_can/cubemars_can/msg/detail/control_message__rosidl_typesupport_introspection_c.h
[110.881s] -- Installing: /home/pi/Legacy/URC-2026/embedded_ros2_ws/install/cubemars_can/include/cubemars_can/cubemars_can/msg/detail/control_message__type_support.c
[110.882s] -- Installing: /home/pi/Legacy/URC-2026/embedded_ros2_ws/install/cubemars_can/include/cubemars_can/cubemars_can/msg/detail/controller_status__rosidl_typesupport_introspection_c.h
[110.885s] -- Installing: /home/pi/Legacy/URC-2026/embedded_ros2_ws/install/cubemars_can/include/cubemars_can/cubemars_can/msg/detail/controller_status__type_support.c
[110.887s] -- Up-to-date: /home/pi/Legacy/URC-2026/embedded_ros2_ws/install/cubemars_can/include/cubemars_can/cubemars_can/msg/rosidl_typesupport_introspection_c__visibility_control.h
[110.889s] -- Installing: /home/pi/Legacy/URC-2026/embedded_ros2_ws/install/cubemars_can/lib/libcubemars_can__rosidl_typesupport_introspection_c.so
[110.892s] -- Set runtime path of "/home/pi/Legacy/URC-2026/embedded_ros2_ws/install/cubemars_can/lib/libcubemars_can__rosidl_typesupport_introspection_c.so" to ""
[110.893s] -- Installing: /home/pi/Legacy/URC-2026/embedded_ros2_ws/install/cubemars_can/lib/libcubemars_can__rosidl_typesupport_c.so
[110.897s] -- Set runtime path of "/home/pi/Legacy/URC-2026/embedded_ros2_ws/install/cubemars_can/lib/libcubemars_can__rosidl_typesupport_c.so" to ""
[110.899s] -- Up-to-date: /home/pi/Legacy/URC-2026/embedded_ros2_ws/install/cubemars_can/include/cubemars_can/cubemars_can
[110.899s] -- Up-to-date: /home/pi/Legacy/URC-2026/embedded_ros2_ws/install/cubemars_can/include/cubemars_can/cubemars_can/msg
[110.900s] -- Up-to-date: /home/pi/Legacy/URC-2026/embedded_ros2_ws/install/cubemars_can/include/cubemars_can/cubemars_can/msg/detail
[110.901s] -- Installing: /home/pi/Legacy/URC-2026/embedded_ros2_ws/install/cubemars_can/include/cubemars_can/cubemars_can/msg/detail/control_message__type_support.cpp
[110.903s] -- Installing: /home/pi/Legacy/URC-2026/embedded_ros2_ws/install/cubemars_can/include/cubemars_can/cubemars_can/msg/detail/control_message__rosidl_typesupport_introspection_cpp.hpp
[110.907s] -- Installing: /home/pi/Legacy/URC-2026/embedded_ros2_ws/install/cubemars_can/include/cubemars_can/cubemars_can/msg/detail/controller_status__type_support.cpp
[110.908s] -- Installing: /home/pi/Legacy/URC-2026/embedded_ros2_ws/install/cubemars_can/include/cubemars_can/cubemars_can/msg/detail/controller_status__rosidl_typesupport_introspection_cpp.hpp
[110.909s] -- Installing: /home/pi/Legacy/URC-2026/embedded_ros2_ws/install/cubemars_can/lib/libcubemars_can__rosidl_typesupport_introspection_cpp.so
[110.912s] -- Set runtime path of "/home/pi/Legacy/URC-2026/embedded_ros2_ws/install/cubemars_can/lib/libcubemars_can__rosidl_typesupport_introspection_cpp.so" to ""
[110.913s] -- Installing: /home/pi/Legacy/URC-2026/embedded_ros2_ws/install/cubemars_can/lib/libcubemars_can__rosidl_typesupport_cpp.so
[110.916s] -- Set runtime path of "/home/pi/Legacy/URC-2026/embedded_ros2_ws/install/cubemars_can/lib/libcubemars_can__rosidl_typesupport_cpp.so" to ""
[110.917s] -- Up-to-date: /home/pi/Legacy/URC-2026/embedded_ros2_ws/install/cubemars_can/share/cubemars_can/environment/pythonpath.sh
[110.918s] -- Installing: /home/pi/Legacy/URC-2026/embedded_ros2_ws/install/cubemars_can/share/cubemars_can/environment/pythonpath.dsv
[110.919s] -- Up-to-date: /home/pi/Legacy/URC-2026/embedded_ros2_ws/install/cubemars_can/local/lib/python3.10/dist-packages/cubemars_can-0.0.1-py3.10.egg-info
[110.920s] -- Installing: /home/pi/Legacy/URC-2026/embedded_ros2_ws/install/cubemars_can/local/lib/python3.10/dist-packages/cubemars_can-0.0.1-py3.10.egg-info/PKG-INFO
[110.922s] -- Installing: /home/pi/Legacy/URC-2026/embedded_ros2_ws/install/cubemars_can/local/lib/python3.10/dist-packages/cubemars_can-0.0.1-py3.10.egg-info/top_level.txt
[110.923s] -- Installing: /home/pi/Legacy/URC-2026/embedded_ros2_ws/install/cubemars_can/local/lib/python3.10/dist-packages/cubemars_can-0.0.1-py3.10.egg-info/SOURCES.txt
[110.925s] -- Installing: /home/pi/Legacy/URC-2026/embedded_ros2_ws/install/cubemars_can/local/lib/python3.10/dist-packages/cubemars_can-0.0.1-py3.10.egg-info/dependency_links.txt
[110.926s] -- Up-to-date: /home/pi/Legacy/URC-2026/embedded_ros2_ws/install/cubemars_can/local/lib/python3.10/dist-packages/cubemars_can
[110.927s] -- Installing: /home/pi/Legacy/URC-2026/embedded_ros2_ws/install/cubemars_can/local/lib/python3.10/dist-packages/cubemars_can/__init__.py
[110.929s] -- Installing: /home/pi/Legacy/URC-2026/embedded_ros2_ws/install/cubemars_can/local/lib/python3.10/dist-packages/cubemars_can/_cubemars_can_s.ep.rosidl_typesupport_introspection_c.c
[110.930s] -- Installing: /home/pi/Legacy/URC-2026/embedded_ros2_ws/install/cubemars_can/local/lib/python3.10/dist-packages/cubemars_can/cubemars_can_s__rosidl_typesupport_fastrtps_c.cpython-310-aarch64-linux-gnu.so
[110.933s] -- Installing: /home/pi/Legacy/URC-2026/embedded_ros2_ws/install/cubemars_can/local/lib/python3.10/dist-packages/cubemars_can/cubemars_can_s__rosidl_typesupport_introspection_c.cpython-310-aarch64-linux-gnu.so
[110.935s] -- Installing: /home/pi/Legacy/URC-2026/embedded_ros2_ws/install/cubemars_can/local/lib/python3.10/dist-packages/cubemars_can/libcubemars_can__rosidl_generator_py.so
[110.936s] -- Up-to-date: /home/pi/Legacy/URC-2026/embedded_ros2_ws/install/cubemars_can/local/lib/python3.10/dist-packages/cubemars_can/msg
[110.937s] -- Installing: /home/pi/Legacy/URC-2026/embedded_ros2_ws/install/cubemars_can/local/lib/python3.10/dist-packages/cubemars_can/msg/__init__.py
[110.939s] -- Installing: /home/pi/Legacy/URC-2026/embedded_ros2_ws/install/cubemars_can/local/lib/python3.10/dist-packages/cubemars_can/msg/_controller_status_s.c
[110.940s] -- Installing: /home/pi/Legacy/URC-2026/embedded_ros2_ws/install/cubemars_can/local/lib/python3.10/dist-packages/cubemars_can/msg/_control_message_s.c
[110.942s] -- Installing: /home/pi/Legacy/URC-2026/embedded_ros2_ws/install/cubemars_can/local/lib/python3.10/dist-packages/cubemars_can/msg/_controller_status.py
[110.944s] -- Installing: /home/pi/Legacy/URC-2026/embedded_ros2_ws/install/cubemars_can/local/lib/python3.10/dist-packages/cubemars_can/msg/_control_message.py
[110.946s] -- Installing: /home/pi/Legacy/URC-2026/embedded_ros2_ws/install/cubemars_can/local/lib/python3.10/dist-packages/cubemars_can/_cubemars_can_s.ep.rosidl_typesupport_c.c
[110.948s] -- Installing: /home/pi/Legacy/URC-2026/embedded_ros2_ws/install/cubemars_can/local/lib/python3.10/dist-packages/cubemars_can/cubemars_can_s__rosidl_typesupport_c.cpython-310-aarch64-linux-gnu.so
[110.950s] -- Installing: /home/pi/Legacy/URC-2026/embedded_ros2_ws/install/cubemars_can/local/lib/python3.10/dist-packages/cubemars_can/_cubemars_can_s.ep.rosidl_typesupport_fastrtps_c.c
[111.202s] Listing '/home/pi/Legacy/URC-2026/embedded_ros2_ws/install/cubemars_can/local/lib/python3.10/dist-packages/cubemars_can'...
[111.205s] Compiling '/home/pi/Legacy/URC-2026/embedded_ros2_ws/install/cubemars_can/local/lib/python3.10/dist-packages/cubemars_can/__init__.py'...
[111.207s] Listing '/home/pi/Legacy/URC-2026/embedded_ros2_ws/install/cubemars_can/local/lib/python3.10/dist-packages/cubemars_can/msg'...
[111.208s] Compiling '/home/pi/Legacy/URC-2026/embedded_ros2_ws/install/cubemars_can/local/lib/python3.10/dist-packages/cubemars_can/msg/__init__.py'...
[111.209s] Compiling '/home/pi/Legacy/URC-2026/embedded_ros2_ws/install/cubemars_can/local/lib/python3.10/dist-packages/cubemars_can/msg/_control_message.py'...
[111.210s] Compiling '/home/pi/Legacy/URC-2026/embedded_ros2_ws/install/cubemars_can/local/lib/python3.10/dist-packages/cubemars_can/msg/_controller_status.py'...
[111.237s] -- Installing: /home/pi/Legacy/URC-2026/embedded_ros2_ws/install/cubemars_can/local/lib/python3.10/dist-packages/cubemars_can/cubemars_can_s__rosidl_typesupport_fastrtps_c.cpython-310-aarch64-linux-gnu.so
[111.242s] -- Set runtime path of "/home/pi/Legacy/URC-2026/embedded_ros2_ws/install/cubemars_can/local/lib/python3.10/dist-packages/cubemars_can/cubemars_can_s__rosidl_typesupport_fastrtps_c.cpython-310-aarch64-linux-gnu.so" to ""
[111.244s] -- Installing: /home/pi/Legacy/URC-2026/embedded_ros2_ws/install/cubemars_can/local/lib/python3.10/dist-packages/cubemars_can/cubemars_can_s__rosidl_typesupport_introspection_c.cpython-310-aarch64-linux-gnu.so
[111.248s] -- Set runtime path of "/home/pi/Legacy/URC-2026/embedded_ros2_ws/install/cubemars_can/local/lib/python3.10/dist-packages/cubemars_can/cubemars_can_s__rosidl_typesupport_introspection_c.cpython-310-aarch64-linux-gnu.so" to ""
[111.250s] -- Installing: /home/pi/Legacy/URC-2026/embedded_ros2_ws/install/cubemars_can/local/lib/python3.10/dist-packages/cubemars_can/cubemars_can_s__rosidl_typesupport_c.cpython-310-aarch64-linux-gnu.so
[111.253s] -- Set runtime path of "/home/pi/Legacy/URC-2026/embedded_ros2_ws/install/cubemars_can/local/lib/python3.10/dist-packages/cubemars_can/cubemars_can_s__rosidl_typesupport_c.cpython-310-aarch64-linux-gnu.so" to ""
[111.255s] -- Installing: /home/pi/Legacy/URC-2026/embedded_ros2_ws/install/cubemars_can/lib/libcubemars_can__rosidl_generator_py.so
[111.259s] -- Set runtime path of "/home/pi/Legacy/URC-2026/embedded_ros2_ws/install/cubemars_can/lib/libcubemars_can__rosidl_generator_py.so" to ""
[111.259s] -- Installing: /home/pi/Legacy/URC-2026/embedded_ros2_ws/install/cubemars_can/share/cubemars_can/msg/ControlMessage.idl
[111.261s] -- Installing: /home/pi/Legacy/URC-2026/embedded_ros2_ws/install/cubemars_can/share/cubemars_can/msg/ControllerStatus.idl
[111.264s] -- Installing: /home/pi/Legacy/URC-2026/embedded_ros2_ws/install/cubemars_can/share/cubemars_can/msg/ControlMessage.msg
[111.265s] -- Installing: /home/pi/Legacy/URC-2026/embedded_ros2_ws/install/cubemars_can/share/cubemars_can/msg/ControllerStatus.msg
[111.268s] -- Installing: /home/pi/Legacy/URC-2026/embedded_ros2_ws/install/cubemars_can/lib/cubemars_can/cubemars_can_node
[111.302s] -- Set runtime path of "/home/pi/Legacy/URC-2026/embedded_ros2_ws/install/cubemars_can/lib/cubemars_can/cubemars_can_node" to ""
[111.303s] -- Up-to-date: /home/pi/Legacy/URC-2026/embedded_ros2_ws/install/cubemars_can/share/cubemars_can/launch
[111.303s] -- Installing: /home/pi/Legacy/URC-2026/embedded_ros2_ws/install/cubemars_can/share/cubemars_can/launch/example_launch.yaml
[111.305s] -- Up-to-date: /home/pi/Legacy/URC-2026/embedded_ros2_ws/install/cubemars_can/share/ament_index/resource_index/package_run_dependencies/cubemars_can
[111.305s] -- Installing: /home/pi/Legacy/URC-2026/embedded_ros2_ws/install/cubemars_can/share/ament_index/resource_index/parent_prefix_path/cubemars_can
[111.308s] -- Up-to-date: /home/pi/Legacy/URC-2026/embedded_ros2_ws/install/cubemars_can/share/cubemars_can/environment/ament_prefix_path.sh
[111.308s] -- Installing: /home/pi/Legacy/URC-2026/embedded_ros2_ws/install/cubemars_can/share/cubemars_can/environment/ament_prefix_path.dsv
[111.310s] -- Up-to-date: /home/pi/Legacy/URC-2026/embedded_ros2_ws/install/cubemars_can/share/cubemars_can/environment/path.sh
[111.311s] -- Installing: /home/pi/Legacy/URC-2026/embedded_ros2_ws/install/cubemars_can/share/cubemars_can/environment/path.dsv
[111.314s] -- Up-to-date: /home/pi/Legacy/URC-2026/embedded_ros2_ws/install/cubemars_can/share/cubemars_can/local_setup.bash
[111.316s] -- Up-to-date: /home/pi/Legacy/URC-2026/embedded_ros2_ws/install/cubemars_can/share/cubemars_can/local_setup.sh
[111.317s] -- Up-to-date: /home/pi/Legacy/URC-2026/embedded_ros2_ws/install/cubemars_can/share/cubemars_can/local_setup.zsh
[111.317s] -- Installing: /home/pi/Legacy/URC-2026/embedded_ros2_ws/install/cubemars_can/share/cubemars_can/local_setup.dsv
[111.318s] -- Installing: /home/pi/Legacy/URC-2026/embedded_ros2_ws/install/cubemars_can/share/cubemars_can/package.dsv
[111.319s] -- Up-to-date: /home/pi/Legacy/URC-2026/embedded_ros2_ws/install/cubemars_can/share/ament_index/resource_index/packages/cubemars_can
[111.320s] -- Up-to-date: /home/pi/Legacy/URC-2026/embedded_ros2_ws/install/cubemars_can/share/cubemars_can/cmake/export_cubemars_can__rosidl_generator_cExport.cmake
[111.321s] -- Up-to-date: /home/pi/Legacy/URC-2026/embedded_ros2_ws/install/cubemars_can/share/cubemars_can/cmake/export_cubemars_can__rosidl_generator_cExport-noconfig.cmake
[111.323s] -- Up-to-date: /home/pi/Legacy/URC-2026/embedded_ros2_ws/install/cubemars_can/share/cubemars_can/cmake/export_cubemars_can__rosidl_typesupport_fastrtps_cExport.cmake
[111.324s] -- Up-to-date: /home/pi/Legacy/URC-2026/embedded_ros2_ws/install/cubemars_can/share/cubemars_can/cmake/export_cubemars_can__rosidl_typesupport_fastrtps_cExport-noconfig.cmake
[111.325s] -- Up-to-date: /home/pi/Legacy/URC-2026/embedded_ros2_ws/install/cubemars_can/share/cubemars_can/cmake/export_cubemars_can__rosidl_generator_cppExport.cmake
[111.326s] -- Up-to-date: /home/pi/Legacy/URC-2026/embedded_ros2_ws/install/cubemars_can/share/cubemars_can/cmake/export_cubemars_can__rosidl_typesupport_fastrtps_cppExport.cmake
[111.327s] -- Up-to-date: /home/pi/Legacy/URC-2026/embedded_ros2_ws/install/cubemars_can/share/cubemars_can/cmake/export_cubemars_can__rosidl_typesupport_fastrtps_cppExport-noconfig.cmake
[111.327s] -- Up-to-date: /home/pi/Legacy/URC-2026/embedded_ros2_ws/install/cubemars_can/share/cubemars_can/cmake/cubemars_can__rosidl_typesupport_introspection_cExport.cmake
[111.328s] -- Up-to-date: /home/pi/Legacy/URC-2026/embedded_ros2_ws/install/cubemars_can/share/cubemars_can/cmake/cubemars_can__rosidl_typesupport_introspection_cExport-noconfig.cmake
[111.329s] -- Up-to-date: /home/pi/Legacy/URC-2026/embedded_ros2_ws/install/cubemars_can/share/cubemars_can/cmake/cubemars_can__rosidl_typesupport_cExport.cmake
[111.330s] -- Up-to-date: /home/pi/Legacy/URC-2026/embedded_ros2_ws/install/cubemars_can/share/cubemars_can/cmake/cubemars_can__rosidl_typesupport_cExport-noconfig.cmake
[111.331s] -- Up-to-date: /home/pi/Legacy/URC-2026/embedded_ros2_ws/install/cubemars_can/share/cubemars_can/cmake/cubemars_can__rosidl_typesupport_introspection_cppExport.cmake
[111.332s] -- Up-to-date: /home/pi/Legacy/URC-2026/embedded_ros2_ws/install/cubemars_can/share/cubemars_can/cmake/cubemars_can__rosidl_typesupport_introspection_cppExport-noconfig.cmake
[111.333s] -- Up-to-date: /home/pi/Legacy/URC-2026/embedded_ros2_ws/install/cubemars_can/share/cubemars_can/cmake/cubemars_can__rosidl_typesupport_cppExport.cmake
[111.334s] -- Up-to-date: /home/pi/Legacy/URC-2026/embedded_ros2_ws/install/cubemars_can/share/cubemars_can/cmake/cubemars_can__rosidl_typesupport_cppExport-noconfig.cmake
[111.335s] -- Up-to-date: /home/pi/Legacy/URC-2026/embedded_ros2_ws/install/cubemars_can/share/cubemars_can/cmake/export_cubemars_can__rosidl_generator_pyExport.cmake
[111.336s] -- Up-to-date: /home/pi/Legacy/URC-2026/embedded_ros2_ws/install/cubemars_can/share/cubemars_can/cmake/export_cubemars_can__rosidl_generator_pyExport-noconfig.cmake
[111.338s] -- Up-to-date: /home/pi/Legacy/URC-2026/embedded_ros2_ws/install/cubemars_can/share/cubemars_can/cmake/rosidl_cmake-extras.cmake
[111.339s] -- Up-to-date: /home/pi/Legacy/URC-2026/embedded_ros2_ws/install/cubemars_can/share/cubemars_can/cmake/ament_cmake_export_include_directories-extras.cmake
[111.340s] -- Up-to-date: /home/pi/Legacy/URC-2026/embedded_ros2_ws/install/cubemars_can/share/cubemars_can/cmake/ament_cmake_export_libraries-extras.cmake
[111.341s] -- Up-to-date: /home/pi/Legacy/URC-2026/embedded_ros2_ws/install/cubemars_can/share/cubemars_can/cmake/ament_cmake_export_targets-extras.cmake
[111.342s] -- Up-to-date: /home/pi/Legacy/URC-2026/embedded_ros2_ws/install/cubemars_can/share/cubemars_can/cmake/rosidl_cmake_export_typesupport_targets-extras.cmake
[111.343s] -- Up-to-date: /home/pi/Legacy/URC-2026/embedded_ros2_ws/install/cubemars_can/share/cubemars_can/cmake/ament_cmake_export_dependencies-extras.cmake
[111.344s] -- Up-to-date: /home/pi/Legacy/URC-2026/embedded_ros2_ws/install/cubemars_can/share/cubemars_can/cmake/rosidl_cmake_export_typesupport_libraries-extras.cmake
[111.345s] -- Up-to-date: /home/pi/Legacy/URC-2026/embedded_ros2_ws/install/cubemars_can/share/cubemars_can/cmake/cubemars_canConfig.cmake
[111.345s] -- Up-to-date: /home/pi/Legacy/URC-2026/embedded_ros2_ws/install/cubemars_can/share/cubemars_can/cmake/cubemars_canConfig-version.cmake
[111.346s] -- Up-to-date: /home/pi/Legacy/URC-2026/embedded_ros2_ws/install/cubemars_can/share/cubemars_can/package.xml
[111.366s] Invoked command in '/home/pi/Legacy/URC-2026/embedded_ros2_ws/build/cubemars_can' returned '0': CMAKE_PREFIX_PATH=${CMAKE_PREFIX_PATH}:/home/pi/Legacy/URC-2026/embedded_ros2_ws/install/blender_motor:/home/pi/Legacy/Testing/ros2_ws/install/rover_motor_command:/home/pi/Legacy/URC-2026/drive_ros2_ws/install/drive_manager:/opt/ros/humble /usr/bin/cmake --install /home/pi/Legacy/URC-2026/embedded_ros2_ws/build/cubemars_can
