[0.061s] Invoking command in '/home/pi/Legacy/URC-2026/embedded_ros2_ws/src/build/yellowjacket_can': CMAKE_PREFIX_PATH=${CMAKE_PREFIX_PATH}:/home/pi/Legacy/URC-2026/embedded_ros2_ws/install/serializer_nodes_demo:/home/pi/Legacy/URC-2026/embedded_ros2_ws/install/blender_motor:/home/pi/Legacy/Testing/ros2_ws/install/rover_motor_command:/home/pi/Legacy/URC-2026/drive_ros2_ws/install/drive_manager:/opt/ros/humble /usr/bin/cmake /home/pi/Legacy/URC-2026/embedded_ros2_ws/src/yellowjacket/yellowjacket_node -DCMAKE_INSTALL_PREFIX=/home/pi/Legacy/URC-2026/embedded_ros2_ws/src/install/yellowjacket_can
[0.645s] -- The C compiler identification is GNU 11.4.0
[1.155s] -- The CXX compiler identification is GNU 11.4.0
[1.243s] -- Detecting C compiler ABI info
[2.195s] -- Detecting C compiler ABI info - done
[2.269s] -- Check for working C compiler: /usr/bin/cc - skipped
[2.270s] -- Detecting C compile features
[2.272s] -- Detecting C compile features - done
[2.313s] -- Detecting CXX compiler ABI info
[3.328s] -- Detecting CXX compiler ABI info - done
[3.396s] -- Check for working CXX compiler: /usr/bin/c++ - skipped
[3.402s] -- Detecting CXX compile features
[3.404s] -- Detecting CXX compile features - done
[3.525s] -- Found ament_cmake: 1.3.12 (/opt/ros/humble/share/ament_cmake/cmake)
[5.106s] -- Found Python3: /usr/bin/python3 (found version "3.10.12") found components: Interpreter 
[7.022s] -- Found rclcpp: 16.0.17 (/opt/ros/humble/share/rclcpp/cmake)
[7.775s] -- Found rosidl_generator_c: 3.1.8 (/opt/ros/humble/share/rosidl_generator_c/cmake)
[7.939s] -- Found rosidl_adapter: 3.1.8 (/opt/ros/humble/share/rosidl_adapter/cmake)
[8.089s] -- Found rosidl_generator_cpp: 3.1.8 (/opt/ros/humble/share/rosidl_generator_cpp/cmake)
[8.292s] -- Using all available rosidl_typesupport_c: rosidl_typesupport_fastrtps_c;rosidl_typesupport_introspection_c
[8.528s] -- Using all available rosidl_typesupport_cpp: rosidl_typesupport_fastrtps_cpp;rosidl_typesupport_introspection_cpp
[9.344s] -- Found rmw_implementation_cmake: 6.1.2 (/opt/ros/humble/share/rmw_implementation_cmake/cmake)
[9.465s] -- Found rmw_fastrtps_cpp: 6.2.9 (/opt/ros/humble/share/rmw_fastrtps_cpp/cmake)
[10.462s] -- Found OpenSSL: /usr/lib/aarch64-linux-gnu/libcrypto.so (found version "3.0.2")  
[10.755s] -- Found FastRTPS: /opt/ros/humble/include  
[11.259s] -- Using RMW implementation 'rmw_fastrtps_cpp' as default
[11.416s] -- Looking for pthread.h
[12.000s] -- Looking for pthread.h - found
[12.009s] -- Performing Test CMAKE_HAVE_LIBC_PTHREAD
[12.748s] -- Performing Test CMAKE_HAVE_LIBC_PTHREAD - Success
[12.762s] -- Found Threads: TRUE  
[13.413s] -- Found rosidl_default_generators: 1.2.0 (/opt/ros/humble/share/rosidl_default_generators/cmake)
[13.541s] -- Found std_srvs: 4.9.0 (/opt/ros/humble/share/std_srvs/cmake)
[16.588s] -- Found ament_cmake_ros: 0.10.0 (/opt/ros/humble/share/ament_cmake_ros/cmake)
[19.338s] -- Using all available rosidl_typesupport_c: rosidl_typesupport_fastrtps_c;rosidl_typesupport_introspection_c
[20.374s] -- Using all available rosidl_typesupport_cpp: rosidl_typesupport_fastrtps_cpp;rosidl_typesupport_introspection_cpp
[20.579s] -- Found PythonInterp: /usr/bin/python3 (found suitable version "3.10.12", minimum required is "3.6") 
[20.627s] -- Found python_cmake_module: 0.10.0 (/opt/ros/humble/share/python_cmake_module/cmake)
[20.842s] -- Found PythonLibs: /usr/lib/aarch64-linux-gnu/libpython3.10.so (found suitable version "3.10.12", minimum required is "3.5") 
[20.844s] -- Using PYTHON_EXECUTABLE: /usr/bin/python3
[20.845s] -- Using PYTHON_INCLUDE_DIRS: /usr/include/python3.10
[20.846s] -- Using PYTHON_LIBRARIES: /usr/lib/aarch64-linux-gnu/libpython3.10.so
[21.023s] -- Found PythonExtra: .so  
[21.399s] -- Configuring done
[21.789s] -- Generating done
[21.877s] -- Build files have been written to: /home/pi/Legacy/URC-2026/embedded_ros2_ws/src/build/yellowjacket_can
[21.954s] Invoked command in '/home/pi/Legacy/URC-2026/embedded_ros2_ws/src/build/yellowjacket_can' returned '0': CMAKE_PREFIX_PATH=${CMAKE_PREFIX_PATH}:/home/pi/Legacy/URC-2026/embedded_ros2_ws/install/serializer_nodes_demo:/home/pi/Legacy/URC-2026/embedded_ros2_ws/install/blender_motor:/home/pi/Legacy/Testing/ros2_ws/install/rover_motor_command:/home/pi/Legacy/URC-2026/drive_ros2_ws/install/drive_manager:/opt/ros/humble /usr/bin/cmake /home/pi/Legacy/URC-2026/embedded_ros2_ws/src/yellowjacket/yellowjacket_node -DCMAKE_INSTALL_PREFIX=/home/pi/Legacy/URC-2026/embedded_ros2_ws/src/install/yellowjacket_can
[21.957s] Invoking command in '/home/pi/Legacy/URC-2026/embedded_ros2_ws/src/build/yellowjacket_can': CMAKE_PREFIX_PATH=${CMAKE_PREFIX_PATH}:/home/pi/Legacy/URC-2026/embedded_ros2_ws/install/serializer_nodes_demo:/home/pi/Legacy/URC-2026/embedded_ros2_ws/install/blender_motor:/home/pi/Legacy/Testing/ros2_ws/install/rover_motor_command:/home/pi/Legacy/URC-2026/drive_ros2_ws/install/drive_manager:/opt/ros/humble /usr/bin/cmake --build /home/pi/Legacy/URC-2026/embedded_ros2_ws/src/build/yellowjacket_can -- -j4 -l4
[22.353s] [  1%] [34m[1mGenerating C++ code for ROS interfaces[0m
[26.216s] [  1%] Built target yellowjacket_can__cpp
[26.420s] [  1%] Built target ament_cmake_python_copy_yellowjacket_can
[26.494s] [  3%] [34m[1mGenerating C++ type support for eProsima Fast-RTPS[0m
[29.446s] [  5%] [32mBuilding CXX object CMakeFiles/yellowjacket_can__rosidl_typesupport_fastrtps_cpp.dir/rosidl_typesupport_fastrtps_cpp/yellowjacket_can/msg/detail/dds_fastrtps/control_message__type_support.cpp.o[0m
[32.596s] [  6%] [32mBuilding CXX object CMakeFiles/yellowjacket_can__rosidl_typesupport_fastrtps_cpp.dir/rosidl_typesupport_fastrtps_cpp/yellowjacket_can/msg/detail/dds_fastrtps/controller_status__type_support.cpp.o[0m
[35.546s] [  8%] [32mBuilding CXX object CMakeFiles/yellowjacket_can__rosidl_typesupport_fastrtps_cpp.dir/rosidl_typesupport_fastrtps_cpp/yellowjacket_can/msg/detail/dds_fastrtps/o_drive_status__type_support.cpp.o[0m
[38.543s] [ 10%] [32mBuilding CXX object CMakeFiles/yellowjacket_can__rosidl_typesupport_fastrtps_cpp.dir/rosidl_typesupport_fastrtps_cpp/yellowjacket_can/srv/detail/dds_fastrtps/axis_state__type_support.cpp.o[0m
[41.860s] [ 11%] [32m[1mLinking CXX shared library libyellowjacket_can__rosidl_typesupport_fastrtps_cpp.so[0m
[42.357s] [ 11%] Built target yellowjacket_can__rosidl_typesupport_fastrtps_cpp
[42.447s] [ 13%] [34m[1mGenerating C++ introspection for ROS interfaces[0m
[45.052s] [ 15%] [32mBuilding CXX object CMakeFiles/yellowjacket_can__rosidl_typesupport_introspection_cpp.dir/rosidl_typesupport_introspection_cpp/yellowjacket_can/msg/detail/control_message__type_support.cpp.o[0m
[47.383s] [ 16%] [32mBuilding CXX object CMakeFiles/yellowjacket_can__rosidl_typesupport_introspection_cpp.dir/rosidl_typesupport_introspection_cpp/yellowjacket_can/msg/detail/controller_status__type_support.cpp.o[0m
[50.480s] [ 18%] [32mBuilding CXX object CMakeFiles/yellowjacket_can__rosidl_typesupport_introspection_cpp.dir/rosidl_typesupport_introspection_cpp/yellowjacket_can/msg/detail/o_drive_status__type_support.cpp.o[0m
[52.855s] [ 20%] [32mBuilding CXX object CMakeFiles/yellowjacket_can__rosidl_typesupport_introspection_cpp.dir/rosidl_typesupport_introspection_cpp/yellowjacket_can/srv/detail/axis_state__type_support.cpp.o[0m
[55.776s] [ 21%] [32m[1mLinking CXX shared library libyellowjacket_can__rosidl_typesupport_introspection_cpp.so[0m
[56.077s] [ 21%] Built target yellowjacket_can__rosidl_typesupport_introspection_cpp
[56.206s] gmake[2]: *** [CMakeFiles/ament_cmake_python_build_yellowjacket_can_egg.dir/build.make:70: CMakeFiles/ament_cmake_python_build_yellowjacket_can_egg] Interrupt
[56.213s] gmake[1]: *** [CMakeFiles/Makefile2:449: CMakeFiles/ament_cmake_python_build_yellowjacket_can_egg.dir/all] Interrupt
[56.218s] gmake: *** [Makefile:146: all] Interrupt
[56.276s] Invoked command in '/home/pi/Legacy/URC-2026/embedded_ros2_ws/src/build/yellowjacket_can' returned '-2': CMAKE_PREFIX_PATH=${CMAKE_PREFIX_PATH}:/home/pi/Legacy/URC-2026/embedded_ros2_ws/install/serializer_nodes_demo:/home/pi/Legacy/URC-2026/embedded_ros2_ws/install/blender_motor:/home/pi/Legacy/Testing/ros2_ws/install/rover_motor_command:/home/pi/Legacy/URC-2026/drive_ros2_ws/install/drive_manager:/opt/ros/humble /usr/bin/cmake --build /home/pi/Legacy/URC-2026/embedded_ros2_ws/src/build/yellowjacket_can -- -j4 -l4
