running egg_info
writing ../build/serializer_nodes_demo/serializer_nodes_demo.egg-info/PKG-INFO
writing dependency_links to ../build/serializer_nodes_demo/serializer_nodes_demo.egg-info/dependency_links.txt
writing entry points to ../build/serializer_nodes_demo/serializer_nodes_demo.egg-info/entry_points.txt
writing requirements to ../build/serializer_nodes_demo/serializer_nodes_demo.egg-info/requires.txt
writing top-level names to ../build/serializer_nodes_demo/serializer_nodes_demo.egg-info/top_level.txt
reading manifest file '../build/serializer_nodes_demo/serializer_nodes_demo.egg-info/SOURCES.txt'
writing manifest file '../build/serializer_nodes_demo/serializer_nodes_demo.egg-info/SOURCES.txt'
running build
running build_py
running install
running install_lib
running install_data
running install_egg_info
removing '/home/pi/Legacy/URC-2026/embedded_ros2_ws/src/install/serializer_nodes_demo/lib/python3.10/site-packages/serializer_nodes_demo-0.0.0-py3.10.egg-info' (and everything under it)
Copying ../build/serializer_nodes_demo/serializer_nodes_demo.egg-info to /home/pi/Legacy/URC-2026/embedded_ros2_ws/src/install/serializer_nodes_demo/lib/python3.10/site-packages/serializer_nodes_demo-0.0.0-py3.10.egg-info
running install_scripts
Installing pub_serial_node script to /home/pi/Legacy/URC-2026/embedded_ros2_ws/src/install/serializer_nodes_demo/lib/serializer_nodes_demo
Installing sub_serial_node script to /home/pi/Legacy/URC-2026/embedded_ros2_ws/src/install/serializer_nodes_demo/lib/serializer_nodes_demo
Installing test_node script to /home/pi/Legacy/URC-2026/embedded_ros2_ws/src/install/serializer_nodes_demo/lib/serializer_nodes_demo
Installing usb_serial_node script to /home/pi/Legacy/URC-2026/embedded_ros2_ws/src/install/serializer_nodes_demo/lib/serializer_nodes_demo
writing list of installed files to '/home/pi/Legacy/URC-2026/embedded_ros2_ws/src/build/serializer_nodes_demo/install.log'
