[3.591s] Invoking command in '/home/pi/Legacy/URC-2026/embedded_ros2_ws/src/serializer_nodes_demo': PYTHONPATH=/home/pi/Legacy/URC-2026/embedded_ros2_ws/src/build/serializer_nodes_demo/prefix_override:/usr/lib/python3/dist-packages/colcon_core/task/python/colcon_distutils_commands:/home/pi/Legacy/URC-2026/embedded_ros2_ws/src/install/serializer_nodes_demo/lib/python3.10/site-packages:${PYTHONPATH} /usr/bin/python3 -W ignore:setup.py install is deprecated -W ignore:easy_install command is deprecated setup.py egg_info --egg-base ../build/serializer_nodes_demo build --build-base /home/pi/Legacy/URC-2026/embedded_ros2_ws/src/build/serializer_nodes_demo/build install --record /home/pi/Legacy/URC-2026/embedded_ros2_ws/src/build/serializer_nodes_demo/install.log --single-version-externally-managed install_data
[4.970s] running egg_info
[4.973s] writing ../build/serializer_nodes_demo/serializer_nodes_demo.egg-info/PKG-INFO
[4.974s] writing dependency_links to ../build/serializer_nodes_demo/serializer_nodes_demo.egg-info/dependency_links.txt
[4.975s] writing entry points to ../build/serializer_nodes_demo/serializer_nodes_demo.egg-info/entry_points.txt
[4.976s] writing requirements to ../build/serializer_nodes_demo/serializer_nodes_demo.egg-info/requires.txt
[4.976s] writing top-level names to ../build/serializer_nodes_demo/serializer_nodes_demo.egg-info/top_level.txt
[4.985s] reading manifest file '../build/serializer_nodes_demo/serializer_nodes_demo.egg-info/SOURCES.txt'
[4.989s] writing manifest file '../build/serializer_nodes_demo/serializer_nodes_demo.egg-info/SOURCES.txt'
[4.990s] running build
[4.990s] running build_py
[4.993s] running install
[4.994s] running install_lib
[5.003s] running install_data
[5.004s] running install_egg_info
[5.012s] removing '/home/pi/Legacy/URC-2026/embedded_ros2_ws/src/install/serializer_nodes_demo/lib/python3.10/site-packages/serializer_nodes_demo-0.0.0-py3.10.egg-info' (and everything under it)
[5.014s] Copying ../build/serializer_nodes_demo/serializer_nodes_demo.egg-info to /home/pi/Legacy/URC-2026/embedded_ros2_ws/src/install/serializer_nodes_demo/lib/python3.10/site-packages/serializer_nodes_demo-0.0.0-py3.10.egg-info
[5.020s] running install_scripts
[5.111s] Installing pub_serial_node script to /home/pi/Legacy/URC-2026/embedded_ros2_ws/src/install/serializer_nodes_demo/lib/serializer_nodes_demo
[5.112s] Installing sub_serial_node script to /home/pi/Legacy/URC-2026/embedded_ros2_ws/src/install/serializer_nodes_demo/lib/serializer_nodes_demo
[5.113s] Installing test_node script to /home/pi/Legacy/URC-2026/embedded_ros2_ws/src/install/serializer_nodes_demo/lib/serializer_nodes_demo
[5.114s] Installing usb_serial_node script to /home/pi/Legacy/URC-2026/embedded_ros2_ws/src/install/serializer_nodes_demo/lib/serializer_nodes_demo
[5.116s] writing list of installed files to '/home/pi/Legacy/URC-2026/embedded_ros2_ws/src/build/serializer_nodes_demo/install.log'
[5.250s] Invoked command in '/home/pi/Legacy/URC-2026/embedded_ros2_ws/src/serializer_nodes_demo' returned '0': PYTHONPATH=/home/pi/Legacy/URC-2026/embedded_ros2_ws/src/build/serializer_nodes_demo/prefix_override:/usr/lib/python3/dist-packages/colcon_core/task/python/colcon_distutils_commands:/home/pi/Legacy/URC-2026/embedded_ros2_ws/src/install/serializer_nodes_demo/lib/python3.10/site-packages:${PYTHONPATH} /usr/bin/python3 -W ignore:setup.py install is deprecated -W ignore:easy_install command is deprecated setup.py egg_info --egg-base ../build/serializer_nodes_demo build --build-base /home/pi/Legacy/URC-2026/embedded_ros2_ws/src/build/serializer_nodes_demo/build install --record /home/pi/Legacy/URC-2026/embedded_ros2_ws/src/build/serializer_nodes_demo/install.log --single-version-externally-managed install_data
