[0.160s] Invoking command in '/home/pi/Legacy/URC-2026/embedded_ros2_ws/src/build/cubemars_can': CMAKE_PREFIX_PATH=${CMAKE_PREFIX_PATH}:/home/pi/Legacy/URC-2026/embedded_ros2_ws/install/serializer_nodes_demo:/home/pi/Legacy/URC-2026/embedded_ros2_ws/install/blender_motor:/home/pi/Legacy/Testing/ros2_ws/install/rover_motor_command:/home/pi/Legacy/URC-2026/drive_ros2_ws/install/drive_manager:/opt/ros/humble /usr/bin/cmake /home/pi/Legacy/URC-2026/embedded_ros2_ws/src/cubemars/cubemars_node -DCMAKE_INSTALL_PREFIX=/home/pi/Legacy/URC-2026/embedded_ros2_ws/src/install/cubemars_can
[1.520s] -- The C compiler identification is GNU 11.4.0
[2.365s] -- The CXX compiler identification is GNU 11.4.0
[2.439s] -- Detecting C compiler ABI info
[3.173s] -- Detecting C compiler ABI info - done
[3.210s] -- Check for working C compiler: /usr/bin/cc - skipped
[3.212s] -- Detecting C compile features
[3.216s] -- Detecting C compile features - done
[3.232s] -- Detecting CXX compiler ABI info
[3.828s] -- Detecting CXX compiler ABI info - done
[3.855s] -- Check for working CXX compiler: /usr/bin/c++ - skipped
[3.856s] -- Detecting CXX compile features
[3.857s] -- Detecting CXX compile features - done
[5.798s] -- Found ament_cmake: 1.3.12 (/opt/ros/humble/share/ament_cmake/cmake)
[7.379s] -- Found Python3: /usr/bin/python3 (found version "3.10.12") found components: Interpreter 
[9.035s] -- Found rclcpp: 16.0.17 (/opt/ros/humble/share/rclcpp/cmake)
[9.648s] -- Found rosidl_generator_c: 3.1.8 (/opt/ros/humble/share/rosidl_generator_c/cmake)
[9.723s] -- Found rosidl_adapter: 3.1.8 (/opt/ros/humble/share/rosidl_adapter/cmake)
[9.827s] -- Found rosidl_generator_cpp: 3.1.8 (/opt/ros/humble/share/rosidl_generator_cpp/cmake)
[10.037s] -- Using all available rosidl_typesupport_c: rosidl_typesupport_fastrtps_c;rosidl_typesupport_introspection_c
[10.264s] -- Using all available rosidl_typesupport_cpp: rosidl_typesupport_fastrtps_cpp;rosidl_typesupport_introspection_cpp
[10.861s] -- Found rmw_implementation_cmake: 6.1.2 (/opt/ros/humble/share/rmw_implementation_cmake/cmake)
[10.921s] -- Found rmw_fastrtps_cpp: 6.2.9 (/opt/ros/humble/share/rmw_fastrtps_cpp/cmake)
[11.852s] -- Found OpenSSL: /usr/lib/aarch64-linux-gnu/libcrypto.so (found version "3.0.2")  
[12.063s] -- Found FastRTPS: /opt/ros/humble/include  
[12.432s] -- Using RMW implementation 'rmw_fastrtps_cpp' as default
[12.581s] -- Looking for pthread.h
[13.346s] -- Looking for pthread.h - found
[13.359s] -- Performing Test CMAKE_HAVE_LIBC_PTHREAD
[13.974s] -- Performing Test CMAKE_HAVE_LIBC_PTHREAD - Success
[13.974s] -- Found Threads: TRUE  
[14.508s] -- Found rosidl_default_generators: 1.2.0 (/opt/ros/humble/share/rosidl_default_generators/cmake)
[16.895s] -- Found ament_cmake_ros: 0.10.0 (/opt/ros/humble/share/ament_cmake_ros/cmake)
[21.284s] -- Using all available rosidl_typesupport_c: rosidl_typesupport_fastrtps_c;rosidl_typesupport_introspection_c
[22.774s] -- Using all available rosidl_typesupport_cpp: rosidl_typesupport_fastrtps_cpp;rosidl_typesupport_introspection_cpp
[23.002s] -- Found PythonInterp: /usr/bin/python3 (found suitable version "3.10.12", minimum required is "3.6") 
[23.073s] -- Found python_cmake_module: 0.10.0 (/opt/ros/humble/share/python_cmake_module/cmake)
[23.366s] -- Found PythonLibs: /usr/lib/aarch64-linux-gnu/libpython3.10.so (found suitable version "3.10.12", minimum required is "3.5") 
[23.367s] -- Using PYTHON_EXECUTABLE: /usr/bin/python3
[23.368s] -- Using PYTHON_INCLUDE_DIRS: /usr/include/python3.10
[23.369s] -- Using PYTHON_LIBRARIES: /usr/lib/aarch64-linux-gnu/libpython3.10.so
[23.682s] -- Found PythonExtra: .so  
[24.066s] -- Configuring done
[26.656s] -- Generating done
[26.972s] -- Build files have been written to: /home/pi/Legacy/URC-2026/embedded_ros2_ws/src/build/cubemars_can
[27.056s] Invoked command in '/home/pi/Legacy/URC-2026/embedded_ros2_ws/src/build/cubemars_can' returned '0': CMAKE_PREFIX_PATH=${CMAKE_PREFIX_PATH}:/home/pi/Legacy/URC-2026/embedded_ros2_ws/install/serializer_nodes_demo:/home/pi/Legacy/URC-2026/embedded_ros2_ws/install/blender_motor:/home/pi/Legacy/Testing/ros2_ws/install/rover_motor_command:/home/pi/Legacy/URC-2026/drive_ros2_ws/install/drive_manager:/opt/ros/humble /usr/bin/cmake /home/pi/Legacy/URC-2026/embedded_ros2_ws/src/cubemars/cubemars_node -DCMAKE_INSTALL_PREFIX=/home/pi/Legacy/URC-2026/embedded_ros2_ws/src/install/cubemars_can
[27.058s] Invoking command in '/home/pi/Legacy/URC-2026/embedded_ros2_ws/src/build/cubemars_can': CMAKE_PREFIX_PATH=${CMAKE_PREFIX_PATH}:/home/pi/Legacy/URC-2026/embedded_ros2_ws/install/serializer_nodes_demo:/home/pi/Legacy/URC-2026/embedded_ros2_ws/install/blender_motor:/home/pi/Legacy/Testing/ros2_ws/install/rover_motor_command:/home/pi/Legacy/URC-2026/drive_ros2_ws/install/drive_manager:/opt/ros/humble /usr/bin/cmake --build /home/pi/Legacy/URC-2026/embedded_ros2_ws/src/build/cubemars_can -- -j4 -l4
[27.531s] [  2%] [34m[1mGenerating C code for ROS interfaces[0m
[27.853s] [  4%] [34m[1mGenerating C++ code for ROS interfaces[0m
[31.632s] [  6%] [32mBuilding C object CMakeFiles/cubemars_can__rosidl_generator_c.dir/rosidl_generator_c/cubemars_can/msg/detail/control_message__functions.c.o[0m
[32.341s] [  9%] [32mBuilding C object CMakeFiles/cubemars_can__rosidl_generator_c.dir/rosidl_generator_c/cubemars_can/msg/detail/controller_status__functions.c.o[0m
[32.525s] [  9%] Built target cubemars_can__cpp
[33.217s] [ 11%] [32m[1mLinking C shared library libcubemars_can__rosidl_generator_c.so[0m
[34.085s] [ 11%] Built target cubemars_can__rosidl_generator_c
[34.258s] [ 13%] [34m[1mGenerating C++ type support for eProsima Fast-RTPS[0m
[36.903s] [ 15%] [32mBuilding CXX object CMakeFiles/cubemars_can__rosidl_typesupport_fastrtps_cpp.dir/rosidl_typesupport_fastrtps_cpp/cubemars_can/msg/detail/dds_fastrtps/control_message__type_support.cpp.o[0m
[39.814s] [ 18%] [32mBuilding CXX object CMakeFiles/cubemars_can__rosidl_typesupport_fastrtps_cpp.dir/rosidl_typesupport_fastrtps_cpp/cubemars_can/msg/detail/dds_fastrtps/controller_status__type_support.cpp.o[0m
[43.174s] [ 20%] [32m[1mLinking CXX shared library libcubemars_can__rosidl_typesupport_fastrtps_cpp.so[0m
[43.705s] [ 20%] Built target cubemars_can__rosidl_typesupport_fastrtps_cpp
[43.773s] [ 22%] [34m[1mGenerating C++ introspection for ROS interfaces[0m
[45.639s] [ 25%] [32mBuilding CXX object CMakeFiles/cubemars_can__rosidl_typesupport_introspection_cpp.dir/rosidl_typesupport_introspection_cpp/cubemars_can/msg/detail/control_message__type_support.cpp.o[0m
[47.916s] [ 27%] [32mBuilding CXX object CMakeFiles/cubemars_can__rosidl_typesupport_introspection_cpp.dir/rosidl_typesupport_introspection_cpp/cubemars_can/msg/detail/controller_status__type_support.cpp.o[0m
[50.732s] [ 29%] [32m[1mLinking CXX shared library libcubemars_can__rosidl_typesupport_introspection_cpp.so[0m
[51.089s] [ 29%] Built target cubemars_can__rosidl_typesupport_introspection_cpp
[51.181s] [ 31%] [34m[1mGenerating C type support for eProsima Fast-RTPS[0m
[53.195s] [ 34%] [32mBuilding CXX object CMakeFiles/cubemars_can__rosidl_typesupport_fastrtps_c.dir/rosidl_typesupport_fastrtps_c/cubemars_can/msg/detail/control_message__type_support_c.cpp.o[0m
[55.967s] [ 36%] [32mBuilding CXX object CMakeFiles/cubemars_can__rosidl_typesupport_fastrtps_c.dir/rosidl_typesupport_fastrtps_c/cubemars_can/msg/detail/controller_status__type_support_c.cpp.o[0m
[58.586s] [ 38%] [32m[1mLinking CXX shared library libcubemars_can__rosidl_typesupport_fastrtps_c.so[0m
[59.196s] [ 38%] Built target cubemars_can__rosidl_typesupport_fastrtps_c
[59.289s] [ 40%] [34m[1mGenerating C introspection for ROS interfaces[0m
[61.438s] [ 43%] [32mBuilding C object CMakeFiles/cubemars_can__rosidl_typesupport_introspection_c.dir/rosidl_typesupport_introspection_c/cubemars_can/msg/detail/control_message__type_support.c.o[0m
[61.777s] [ 45%] [32mBuilding C object CMakeFiles/cubemars_can__rosidl_typesupport_introspection_c.dir/rosidl_typesupport_introspection_c/cubemars_can/msg/detail/controller_status__type_support.c.o[0m
[62.083s] [ 47%] [32m[1mLinking C shared library libcubemars_can__rosidl_typesupport_introspection_c.so[0m
[62.312s] [ 47%] Built target cubemars_can__rosidl_typesupport_introspection_c
[62.392s] [ 50%] [34m[1mGenerating C type support dispatch for ROS interfaces[0m
[64.252s] [ 52%] [32mBuilding CXX object CMakeFiles/cubemars_can__rosidl_typesupport_c.dir/rosidl_typesupport_c/cubemars_can/msg/control_message__type_support.cpp.o[0m
[64.528s] [ 54%] [32mBuilding CXX object CMakeFiles/cubemars_can__rosidl_typesupport_c.dir/rosidl_typesupport_c/cubemars_can/msg/controller_status__type_support.cpp.o[0m
[64.783s] [ 56%] [32m[1mLinking CXX shared library libcubemars_can__rosidl_typesupport_c.so[0m
[65.063s] [ 56%] Built target cubemars_can__rosidl_typesupport_c
[65.134s] [ 59%] [34m[1mGenerating C++ type support dispatch for ROS interfaces[0m
[66.994s] [ 61%] [32mBuilding CXX object CMakeFiles/cubemars_can__rosidl_typesupport_cpp.dir/rosidl_typesupport_cpp/cubemars_can/msg/control_message__type_support.cpp.o[0m
[69.037s] [ 63%] [32mBuilding CXX object CMakeFiles/cubemars_can__rosidl_typesupport_cpp.dir/rosidl_typesupport_cpp/cubemars_can/msg/controller_status__type_support.cpp.o[0m
[70.903s] [ 65%] [32m[1mLinking CXX shared library libcubemars_can__rosidl_typesupport_cpp.so[0m
[71.154s] [ 65%] Built target cubemars_can__rosidl_typesupport_cpp
[71.588s] [ 65%] Built target ament_cmake_python_copy_cubemars_can
[71.820s] [ 68%] [32mBuilding CXX object CMakeFiles/cubemars_can_node.dir/home/pi/Legacy/URC-2026/embedded_ros2_ws/src/cubemars/can_base/src/epoll_event_loop.cpp.o[0m
[77.349s] [ 70%] [32mBuilding CXX object CMakeFiles/cubemars_can_node.dir/home/pi/Legacy/URC-2026/embedded_ros2_ws/src/cubemars/can_base/src/socket_can.cpp.o[0m
[84.755s] [ 72%] [32mBuilding CXX object CMakeFiles/cubemars_can_node.dir/src/cubemars_can_node.cpp.o[0m
[165.419s] [ 75%] [32mBuilding CXX object CMakeFiles/cubemars_can_node.dir/src/main.cpp.o[0m
[195.426s] [ 77%] [32m[1mLinking CXX executable cubemars_can_node[0m
[198.529s] [ 77%] Built target cubemars_can_node
[201.032s] running egg_info
[201.035s] creating cubemars_can.egg-info
[201.039s] writing cubemars_can.egg-info/PKG-INFO
[201.040s] writing dependency_links to cubemars_can.egg-info/dependency_links.txt
[201.041s] writing top-level names to cubemars_can.egg-info/top_level.txt
[201.042s] writing manifest file 'cubemars_can.egg-info/SOURCES.txt'
[201.053s] reading manifest file 'cubemars_can.egg-info/SOURCES.txt'
[201.057s] writing manifest file 'cubemars_can.egg-info/SOURCES.txt'
[201.336s] [ 77%] Built target ament_cmake_python_build_cubemars_can_egg
[201.682s] [ 77%] Built target cubemars_can
[202.134s] [ 79%] [34m[1mGenerating Python code for ROS interfaces[0m
[205.552s] [ 79%] Built target cubemars_can__py
[205.732s] [ 81%] [32mBuilding C object CMakeFiles/cubemars_can__rosidl_generator_py.dir/rosidl_generator_py/cubemars_can/msg/_control_message_s.c.o[0m
[206.819s] [ 84%] [32mBuilding C object CMakeFiles/cubemars_can__rosidl_generator_py.dir/rosidl_generator_py/cubemars_can/msg/_controller_status_s.c.o[0m
[208.057s] [ 86%] [32m[1mLinking C shared library rosidl_generator_py/cubemars_can/libcubemars_can__rosidl_generator_py.so[0m
[208.515s] [ 86%] Built target cubemars_can__rosidl_generator_py
[208.958s] [ 88%] [32mBuilding C object CMakeFiles/cubemars_can__rosidl_typesupport_fastrtps_c__pyext.dir/rosidl_generator_py/cubemars_can/_cubemars_can_s.ep.rosidl_typesupport_fastrtps_c.c.o[0m
[210.112s] [ 90%] [32m[1mLinking C shared library rosidl_generator_py/cubemars_can/cubemars_can_s__rosidl_typesupport_fastrtps_c.cpython-310-aarch64-linux-gnu.so[0m
[210.509s] [ 90%] Built target cubemars_can__rosidl_typesupport_fastrtps_c__pyext
[210.772s] [ 93%] [32mBuilding C object CMakeFiles/cubemars_can__rosidl_typesupport_c__pyext.dir/rosidl_generator_py/cubemars_can/_cubemars_can_s.ep.rosidl_typesupport_c.c.o[0m
[211.646s] [ 95%] [32m[1mLinking C shared library rosidl_generator_py/cubemars_can/cubemars_can_s__rosidl_typesupport_c.cpython-310-aarch64-linux-gnu.so[0m
[212.018s] [ 95%] Built target cubemars_can__rosidl_typesupport_c__pyext
[212.328s] [ 97%] [32mBuilding C object CMakeFiles/cubemars_can__rosidl_typesupport_introspection_c__pyext.dir/rosidl_generator_py/cubemars_can/_cubemars_can_s.ep.rosidl_typesupport_introspection_c.c.o[0m
[213.451s] [100%] [32m[1mLinking C shared library rosidl_generator_py/cubemars_can/cubemars_can_s__rosidl_typesupport_introspection_c.cpython-310-aarch64-linux-gnu.so[0m
[213.757s] [100%] Built target cubemars_can__rosidl_typesupport_introspection_c__pyext
[213.893s] Invoked command in '/home/pi/Legacy/URC-2026/embedded_ros2_ws/src/build/cubemars_can' returned '0': CMAKE_PREFIX_PATH=${CMAKE_PREFIX_PATH}:/home/pi/Legacy/URC-2026/embedded_ros2_ws/install/serializer_nodes_demo:/home/pi/Legacy/URC-2026/embedded_ros2_ws/install/blender_motor:/home/pi/Legacy/Testing/ros2_ws/install/rover_motor_command:/home/pi/Legacy/URC-2026/drive_ros2_ws/install/drive_manager:/opt/ros/humble /usr/bin/cmake --build /home/pi/Legacy/URC-2026/embedded_ros2_ws/src/build/cubemars_can -- -j4 -l4
[213.895s] Invoking command in '/home/pi/Legacy/URC-2026/embedded_ros2_ws/src/build/cubemars_can': CMAKE_PREFIX_PATH=${CMAKE_PREFIX_PATH}:/home/pi/Legacy/URC-2026/embedded_ros2_ws/install/serializer_nodes_demo:/home/pi/Legacy/URC-2026/embedded_ros2_ws/install/blender_motor:/home/pi/Legacy/Testing/ros2_ws/install/rover_motor_command:/home/pi/Legacy/URC-2026/drive_ros2_ws/install/drive_manager:/opt/ros/humble /usr/bin/cmake --install /home/pi/Legacy/URC-2026/embedded_ros2_ws/src/build/cubemars_can
[214.010s] -- Install configuration: ""
[214.024s] -- Installing: /home/pi/Legacy/URC-2026/embedded_ros2_ws/src/install/cubemars_can/share/ament_index/resource_index/rosidl_interfaces/cubemars_can
[214.026s] -- Installing: /home/pi/Legacy/URC-2026/embedded_ros2_ws/src/install/cubemars_can/include/cubemars_can/cubemars_can
[214.027s] -- Installing: /home/pi/Legacy/URC-2026/embedded_ros2_ws/src/install/cubemars_can/include/cubemars_can/cubemars_can/msg
[214.028s] -- Installing: /home/pi/Legacy/URC-2026/embedded_ros2_ws/src/install/cubemars_can/include/cubemars_can/cubemars_can/msg/controller_status.h
[214.030s] -- Installing: /home/pi/Legacy/URC-2026/embedded_ros2_ws/src/install/cubemars_can/include/cubemars_can/cubemars_can/msg/control_message.h
[214.032s] -- Installing: /home/pi/Legacy/URC-2026/embedded_ros2_ws/src/install/cubemars_can/include/cubemars_can/cubemars_can/msg/rosidl_generator_c__visibility_control.h
[214.043s] -- Installing: /home/pi/Legacy/URC-2026/embedded_ros2_ws/src/install/cubemars_can/include/cubemars_can/cubemars_can/msg/detail
[214.045s] -- Installing: /home/pi/Legacy/URC-2026/embedded_ros2_ws/src/install/cubemars_can/include/cubemars_can/cubemars_can/msg/detail/control_message__functions.c
[214.046s] -- Installing: /home/pi/Legacy/URC-2026/embedded_ros2_ws/src/install/cubemars_can/include/cubemars_can/cubemars_can/msg/detail/controller_status__functions.c
[214.048s] -- Installing: /home/pi/Legacy/URC-2026/embedded_ros2_ws/src/install/cubemars_can/include/cubemars_can/cubemars_can/msg/detail/controller_status__functions.h
[214.050s] -- Installing: /home/pi/Legacy/URC-2026/embedded_ros2_ws/src/install/cubemars_can/include/cubemars_can/cubemars_can/msg/detail/control_message__struct.h
[214.052s] -- Installing: /home/pi/Legacy/URC-2026/embedded_ros2_ws/src/install/cubemars_can/include/cubemars_can/cubemars_can/msg/detail/control_message__type_support.h
[214.065s] -- Installing: /home/pi/Legacy/URC-2026/embedded_ros2_ws/src/install/cubemars_can/include/cubemars_can/cubemars_can/msg/detail/controller_status__type_support.h
[214.067s] -- Installing: /home/pi/Legacy/URC-2026/embedded_ros2_ws/src/install/cubemars_can/include/cubemars_can/cubemars_can/msg/detail/control_message__functions.h
[214.070s] -- Installing: /home/pi/Legacy/URC-2026/embedded_ros2_ws/src/install/cubemars_can/include/cubemars_can/cubemars_can/msg/detail/controller_status__struct.h
[214.074s] -- Installing: /home/pi/Legacy/URC-2026/embedded_ros2_ws/src/install/cubemars_can/share/cubemars_can/environment/library_path.sh
[214.081s] -- Installing: /home/pi/Legacy/URC-2026/embedded_ros2_ws/src/install/cubemars_can/share/cubemars_can/environment/library_path.dsv
[214.084s] -- Installing: /home/pi/Legacy/URC-2026/embedded_ros2_ws/src/install/cubemars_can/lib/libcubemars_can__rosidl_generator_c.so
[214.100s] -- Set runtime path of "/home/pi/Legacy/URC-2026/embedded_ros2_ws/src/install/cubemars_can/lib/libcubemars_can__rosidl_generator_c.so" to ""
[214.101s] -- Up-to-date: /home/pi/Legacy/URC-2026/embedded_ros2_ws/src/install/cubemars_can/include/cubemars_can/cubemars_can
[214.102s] -- Up-to-date: /home/pi/Legacy/URC-2026/embedded_ros2_ws/src/install/cubemars_can/include/cubemars_can/cubemars_can/msg
[214.103s] -- Installing: /home/pi/Legacy/URC-2026/embedded_ros2_ws/src/install/cubemars_can/include/cubemars_can/cubemars_can/msg/rosidl_typesupport_fastrtps_c__visibility_control.h
[214.103s] -- Up-to-date: /home/pi/Legacy/URC-2026/embedded_ros2_ws/src/install/cubemars_can/include/cubemars_can/cubemars_can/msg/detail
[214.104s] -- Installing: /home/pi/Legacy/URC-2026/embedded_ros2_ws/src/install/cubemars_can/include/cubemars_can/cubemars_can/msg/detail/controller_status__rosidl_typesupport_fastrtps_c.h
[214.106s] -- Installing: /home/pi/Legacy/URC-2026/embedded_ros2_ws/src/install/cubemars_can/include/cubemars_can/cubemars_can/msg/detail/control_message__rosidl_typesupport_fastrtps_c.h
[214.123s] -- Installing: /home/pi/Legacy/URC-2026/embedded_ros2_ws/src/install/cubemars_can/lib/libcubemars_can__rosidl_typesupport_fastrtps_c.so
[214.126s] -- Set runtime path of "/home/pi/Legacy/URC-2026/embedded_ros2_ws/src/install/cubemars_can/lib/libcubemars_can__rosidl_typesupport_fastrtps_c.so" to ""
[214.127s] -- Up-to-date: /home/pi/Legacy/URC-2026/embedded_ros2_ws/src/install/cubemars_can/include/cubemars_can/cubemars_can
[214.128s] -- Up-to-date: /home/pi/Legacy/URC-2026/embedded_ros2_ws/src/install/cubemars_can/include/cubemars_can/cubemars_can/msg
[214.128s] -- Installing: /home/pi/Legacy/URC-2026/embedded_ros2_ws/src/install/cubemars_can/include/cubemars_can/cubemars_can/msg/controller_status.hpp
[214.129s] -- Installing: /home/pi/Legacy/URC-2026/embedded_ros2_ws/src/install/cubemars_can/include/cubemars_can/cubemars_can/msg/control_message.hpp
[214.130s] -- Up-to-date: /home/pi/Legacy/URC-2026/embedded_ros2_ws/src/install/cubemars_can/include/cubemars_can/cubemars_can/msg/detail
[214.131s] -- Installing: /home/pi/Legacy/URC-2026/embedded_ros2_ws/src/install/cubemars_can/include/cubemars_can/cubemars_can/msg/detail/controller_status__type_support.hpp
[214.133s] -- Installing: /home/pi/Legacy/URC-2026/embedded_ros2_ws/src/install/cubemars_can/include/cubemars_can/cubemars_can/msg/detail/control_message__type_support.hpp
[214.135s] -- Installing: /home/pi/Legacy/URC-2026/embedded_ros2_ws/src/install/cubemars_can/include/cubemars_can/cubemars_can/msg/detail/controller_status__builder.hpp
[214.136s] -- Installing: /home/pi/Legacy/URC-2026/embedded_ros2_ws/src/install/cubemars_can/include/cubemars_can/cubemars_can/msg/detail/control_message__traits.hpp
[214.150s] -- Installing: /home/pi/Legacy/URC-2026/embedded_ros2_ws/src/install/cubemars_can/include/cubemars_can/cubemars_can/msg/detail/controller_status__traits.hpp
[214.151s] -- Installing: /home/pi/Legacy/URC-2026/embedded_ros2_ws/src/install/cubemars_can/include/cubemars_can/cubemars_can/msg/detail/controller_status__struct.hpp
[214.153s] -- Installing: /home/pi/Legacy/URC-2026/embedded_ros2_ws/src/install/cubemars_can/include/cubemars_can/cubemars_can/msg/detail/control_message__struct.hpp
[214.155s] -- Installing: /home/pi/Legacy/URC-2026/embedded_ros2_ws/src/install/cubemars_can/include/cubemars_can/cubemars_can/msg/detail/control_message__builder.hpp
[214.157s] -- Installing: /home/pi/Legacy/URC-2026/embedded_ros2_ws/src/install/cubemars_can/include/cubemars_can/cubemars_can/msg/rosidl_generator_cpp__visibility_control.hpp
[214.158s] -- Up-to-date: /home/pi/Legacy/URC-2026/embedded_ros2_ws/src/install/cubemars_can/include/cubemars_can/cubemars_can
[214.159s] -- Up-to-date: /home/pi/Legacy/URC-2026/embedded_ros2_ws/src/install/cubemars_can/include/cubemars_can/cubemars_can/msg
[214.160s] -- Installing: /home/pi/Legacy/URC-2026/embedded_ros2_ws/src/install/cubemars_can/include/cubemars_can/cubemars_can/msg/rosidl_typesupport_fastrtps_cpp__visibility_control.h
[214.161s] -- Up-to-date: /home/pi/Legacy/URC-2026/embedded_ros2_ws/src/install/cubemars_can/include/cubemars_can/cubemars_can/msg/detail
[214.163s] -- Installing: /home/pi/Legacy/URC-2026/embedded_ros2_ws/src/install/cubemars_can/include/cubemars_can/cubemars_can/msg/detail/dds_fastrtps
[214.163s] -- Installing: /home/pi/Legacy/URC-2026/embedded_ros2_ws/src/install/cubemars_can/include/cubemars_can/cubemars_can/msg/detail/controller_status__rosidl_typesupport_fastrtps_cpp.hpp
[214.165s] -- Installing: /home/pi/Legacy/URC-2026/embedded_ros2_ws/src/install/cubemars_can/include/cubemars_can/cubemars_can/msg/detail/control_message__rosidl_typesupport_fastrtps_cpp.hpp
[214.167s] -- Installing: /home/pi/Legacy/URC-2026/embedded_ros2_ws/src/install/cubemars_can/lib/libcubemars_can__rosidl_typesupport_fastrtps_cpp.so
[214.171s] -- Set runtime path of "/home/pi/Legacy/URC-2026/embedded_ros2_ws/src/install/cubemars_can/lib/libcubemars_can__rosidl_typesupport_fastrtps_cpp.so" to ""
[214.173s] -- Up-to-date: /home/pi/Legacy/URC-2026/embedded_ros2_ws/src/install/cubemars_can/include/cubemars_can/cubemars_can
[214.174s] -- Up-to-date: /home/pi/Legacy/URC-2026/embedded_ros2_ws/src/install/cubemars_can/include/cubemars_can/cubemars_can/msg
[214.174s] -- Up-to-date: /home/pi/Legacy/URC-2026/embedded_ros2_ws/src/install/cubemars_can/include/cubemars_can/cubemars_can/msg/detail
[214.175s] -- Installing: /home/pi/Legacy/URC-2026/embedded_ros2_ws/src/install/cubemars_can/include/cubemars_can/cubemars_can/msg/detail/control_message__rosidl_typesupport_introspection_c.h
[214.176s] -- Installing: /home/pi/Legacy/URC-2026/embedded_ros2_ws/src/install/cubemars_can/include/cubemars_can/cubemars_can/msg/detail/control_message__type_support.c
[214.178s] -- Installing: /home/pi/Legacy/URC-2026/embedded_ros2_ws/src/install/cubemars_can/include/cubemars_can/cubemars_can/msg/detail/controller_status__rosidl_typesupport_introspection_c.h
[214.179s] -- Installing: /home/pi/Legacy/URC-2026/embedded_ros2_ws/src/install/cubemars_can/include/cubemars_can/cubemars_can/msg/detail/controller_status__type_support.c
[214.181s] -- Installing: /home/pi/Legacy/URC-2026/embedded_ros2_ws/src/install/cubemars_can/include/cubemars_can/cubemars_can/msg/rosidl_typesupport_introspection_c__visibility_control.h
[214.183s] -- Installing: /home/pi/Legacy/URC-2026/embedded_ros2_ws/src/install/cubemars_can/lib/libcubemars_can__rosidl_typesupport_introspection_c.so
[214.186s] -- Set runtime path of "/home/pi/Legacy/URC-2026/embedded_ros2_ws/src/install/cubemars_can/lib/libcubemars_can__rosidl_typesupport_introspection_c.so" to ""
[214.187s] -- Installing: /home/pi/Legacy/URC-2026/embedded_ros2_ws/src/install/cubemars_can/lib/libcubemars_can__rosidl_typesupport_c.so
[214.190s] -- Set runtime path of "/home/pi/Legacy/URC-2026/embedded_ros2_ws/src/install/cubemars_can/lib/libcubemars_can__rosidl_typesupport_c.so" to ""
[214.191s] -- Up-to-date: /home/pi/Legacy/URC-2026/embedded_ros2_ws/src/install/cubemars_can/include/cubemars_can/cubemars_can
[214.191s] -- Up-to-date: /home/pi/Legacy/URC-2026/embedded_ros2_ws/src/install/cubemars_can/include/cubemars_can/cubemars_can/msg
[214.192s] -- Up-to-date: /home/pi/Legacy/URC-2026/embedded_ros2_ws/src/install/cubemars_can/include/cubemars_can/cubemars_can/msg/detail
[214.193s] -- Installing: /home/pi/Legacy/URC-2026/embedded_ros2_ws/src/install/cubemars_can/include/cubemars_can/cubemars_can/msg/detail/control_message__type_support.cpp
[214.195s] -- Installing: /home/pi/Legacy/URC-2026/embedded_ros2_ws/src/install/cubemars_can/include/cubemars_can/cubemars_can/msg/detail/control_message__rosidl_typesupport_introspection_cpp.hpp
[214.197s] -- Installing: /home/pi/Legacy/URC-2026/embedded_ros2_ws/src/install/cubemars_can/include/cubemars_can/cubemars_can/msg/detail/controller_status__type_support.cpp
[214.199s] -- Installing: /home/pi/Legacy/URC-2026/embedded_ros2_ws/src/install/cubemars_can/include/cubemars_can/cubemars_can/msg/detail/controller_status__rosidl_typesupport_introspection_cpp.hpp
[214.201s] -- Installing: /home/pi/Legacy/URC-2026/embedded_ros2_ws/src/install/cubemars_can/lib/libcubemars_can__rosidl_typesupport_introspection_cpp.so
[214.206s] -- Set runtime path of "/home/pi/Legacy/URC-2026/embedded_ros2_ws/src/install/cubemars_can/lib/libcubemars_can__rosidl_typesupport_introspection_cpp.so" to ""
[214.207s] -- Installing: /home/pi/Legacy/URC-2026/embedded_ros2_ws/src/install/cubemars_can/lib/libcubemars_can__rosidl_typesupport_cpp.so
[214.211s] -- Set runtime path of "/home/pi/Legacy/URC-2026/embedded_ros2_ws/src/install/cubemars_can/lib/libcubemars_can__rosidl_typesupport_cpp.so" to ""
[214.212s] -- Installing: /home/pi/Legacy/URC-2026/embedded_ros2_ws/src/install/cubemars_can/share/cubemars_can/environment/pythonpath.sh
[214.214s] -- Installing: /home/pi/Legacy/URC-2026/embedded_ros2_ws/src/install/cubemars_can/share/cubemars_can/environment/pythonpath.dsv
[214.216s] -- Installing: /home/pi/Legacy/URC-2026/embedded_ros2_ws/src/install/cubemars_can/local/lib/python3.10/dist-packages/cubemars_can-0.0.1-py3.10.egg-info
[214.218s] -- Installing: /home/pi/Legacy/URC-2026/embedded_ros2_ws/src/install/cubemars_can/local/lib/python3.10/dist-packages/cubemars_can-0.0.1-py3.10.egg-info/PKG-INFO
[214.220s] -- Installing: /home/pi/Legacy/URC-2026/embedded_ros2_ws/src/install/cubemars_can/local/lib/python3.10/dist-packages/cubemars_can-0.0.1-py3.10.egg-info/top_level.txt
[214.224s] -- Installing: /home/pi/Legacy/URC-2026/embedded_ros2_ws/src/install/cubemars_can/local/lib/python3.10/dist-packages/cubemars_can-0.0.1-py3.10.egg-info/SOURCES.txt
[214.225s] -- Installing: /home/pi/Legacy/URC-2026/embedded_ros2_ws/src/install/cubemars_can/local/lib/python3.10/dist-packages/cubemars_can-0.0.1-py3.10.egg-info/dependency_links.txt
[214.226s] -- Installing: /home/pi/Legacy/URC-2026/embedded_ros2_ws/src/install/cubemars_can/local/lib/python3.10/dist-packages/cubemars_can
[214.227s] -- Installing: /home/pi/Legacy/URC-2026/embedded_ros2_ws/src/install/cubemars_can/local/lib/python3.10/dist-packages/cubemars_can/__init__.py
[214.228s] -- Installing: /home/pi/Legacy/URC-2026/embedded_ros2_ws/src/install/cubemars_can/local/lib/python3.10/dist-packages/cubemars_can/_cubemars_can_s.ep.rosidl_typesupport_introspection_c.c
[214.230s] -- Installing: /home/pi/Legacy/URC-2026/embedded_ros2_ws/src/install/cubemars_can/local/lib/python3.10/dist-packages/cubemars_can/cubemars_can_s__rosidl_typesupport_fastrtps_c.cpython-310-aarch64-linux-gnu.so
[214.232s] -- Installing: /home/pi/Legacy/URC-2026/embedded_ros2_ws/src/install/cubemars_can/local/lib/python3.10/dist-packages/cubemars_can/cubemars_can_s__rosidl_typesupport_introspection_c.cpython-310-aarch64-linux-gnu.so
[214.234s] -- Installing: /home/pi/Legacy/URC-2026/embedded_ros2_ws/src/install/cubemars_can/local/lib/python3.10/dist-packages/cubemars_can/libcubemars_can__rosidl_generator_py.so
[214.236s] -- Installing: /home/pi/Legacy/URC-2026/embedded_ros2_ws/src/install/cubemars_can/local/lib/python3.10/dist-packages/cubemars_can/msg
[214.237s] -- Installing: /home/pi/Legacy/URC-2026/embedded_ros2_ws/src/install/cubemars_can/local/lib/python3.10/dist-packages/cubemars_can/msg/__init__.py
[214.239s] -- Installing: /home/pi/Legacy/URC-2026/embedded_ros2_ws/src/install/cubemars_can/local/lib/python3.10/dist-packages/cubemars_can/msg/_controller_status_s.c
[214.240s] -- Installing: /home/pi/Legacy/URC-2026/embedded_ros2_ws/src/install/cubemars_can/local/lib/python3.10/dist-packages/cubemars_can/msg/_control_message_s.c
[214.242s] -- Installing: /home/pi/Legacy/URC-2026/embedded_ros2_ws/src/install/cubemars_can/local/lib/python3.10/dist-packages/cubemars_can/msg/_controller_status.py
[214.244s] -- Installing: /home/pi/Legacy/URC-2026/embedded_ros2_ws/src/install/cubemars_can/local/lib/python3.10/dist-packages/cubemars_can/msg/_control_message.py
[214.246s] -- Installing: /home/pi/Legacy/URC-2026/embedded_ros2_ws/src/install/cubemars_can/local/lib/python3.10/dist-packages/cubemars_can/_cubemars_can_s.ep.rosidl_typesupport_c.c
[214.248s] -- Installing: /home/pi/Legacy/URC-2026/embedded_ros2_ws/src/install/cubemars_can/local/lib/python3.10/dist-packages/cubemars_can/cubemars_can_s__rosidl_typesupport_c.cpython-310-aarch64-linux-gnu.so
[214.250s] -- Installing: /home/pi/Legacy/URC-2026/embedded_ros2_ws/src/install/cubemars_can/local/lib/python3.10/dist-packages/cubemars_can/_cubemars_can_s.ep.rosidl_typesupport_fastrtps_c.c
[214.582s] Listing '/home/pi/Legacy/URC-2026/embedded_ros2_ws/src/install/cubemars_can/local/lib/python3.10/dist-packages/cubemars_can'...
[214.583s] Compiling '/home/pi/Legacy/URC-2026/embedded_ros2_ws/src/install/cubemars_can/local/lib/python3.10/dist-packages/cubemars_can/__init__.py'...
[214.585s] Listing '/home/pi/Legacy/URC-2026/embedded_ros2_ws/src/install/cubemars_can/local/lib/python3.10/dist-packages/cubemars_can/msg'...
[214.588s] Compiling '/home/pi/Legacy/URC-2026/embedded_ros2_ws/src/install/cubemars_can/local/lib/python3.10/dist-packages/cubemars_can/msg/__init__.py'...
[214.589s] Compiling '/home/pi/Legacy/URC-2026/embedded_ros2_ws/src/install/cubemars_can/local/lib/python3.10/dist-packages/cubemars_can/msg/_control_message.py'...
[214.590s] Compiling '/home/pi/Legacy/URC-2026/embedded_ros2_ws/src/install/cubemars_can/local/lib/python3.10/dist-packages/cubemars_can/msg/_controller_status.py'...
[214.622s] -- Installing: /home/pi/Legacy/URC-2026/embedded_ros2_ws/src/install/cubemars_can/local/lib/python3.10/dist-packages/cubemars_can/cubemars_can_s__rosidl_typesupport_fastrtps_c.cpython-310-aarch64-linux-gnu.so
[214.626s] -- Set runtime path of "/home/pi/Legacy/URC-2026/embedded_ros2_ws/src/install/cubemars_can/local/lib/python3.10/dist-packages/cubemars_can/cubemars_can_s__rosidl_typesupport_fastrtps_c.cpython-310-aarch64-linux-gnu.so" to ""
[214.629s] -- Installing: /home/pi/Legacy/URC-2026/embedded_ros2_ws/src/install/cubemars_can/local/lib/python3.10/dist-packages/cubemars_can/cubemars_can_s__rosidl_typesupport_introspection_c.cpython-310-aarch64-linux-gnu.so
[214.633s] -- Set runtime path of "/home/pi/Legacy/URC-2026/embedded_ros2_ws/src/install/cubemars_can/local/lib/python3.10/dist-packages/cubemars_can/cubemars_can_s__rosidl_typesupport_introspection_c.cpython-310-aarch64-linux-gnu.so" to ""
[214.635s] -- Installing: /home/pi/Legacy/URC-2026/embedded_ros2_ws/src/install/cubemars_can/local/lib/python3.10/dist-packages/cubemars_can/cubemars_can_s__rosidl_typesupport_c.cpython-310-aarch64-linux-gnu.so
[214.638s] -- Set runtime path of "/home/pi/Legacy/URC-2026/embedded_ros2_ws/src/install/cubemars_can/local/lib/python3.10/dist-packages/cubemars_can/cubemars_can_s__rosidl_typesupport_c.cpython-310-aarch64-linux-gnu.so" to ""
[214.639s] -- Installing: /home/pi/Legacy/URC-2026/embedded_ros2_ws/src/install/cubemars_can/lib/libcubemars_can__rosidl_generator_py.so
[214.642s] -- Set runtime path of "/home/pi/Legacy/URC-2026/embedded_ros2_ws/src/install/cubemars_can/lib/libcubemars_can__rosidl_generator_py.so" to ""
[214.643s] -- Installing: /home/pi/Legacy/URC-2026/embedded_ros2_ws/src/install/cubemars_can/share/cubemars_can/msg/ControlMessage.idl
[214.645s] -- Installing: /home/pi/Legacy/URC-2026/embedded_ros2_ws/src/install/cubemars_can/share/cubemars_can/msg/ControllerStatus.idl
[214.647s] -- Installing: /home/pi/Legacy/URC-2026/embedded_ros2_ws/src/install/cubemars_can/share/cubemars_can/msg/ControlMessage.msg
[214.648s] -- Installing: /home/pi/Legacy/URC-2026/embedded_ros2_ws/src/install/cubemars_can/share/cubemars_can/msg/ControllerStatus.msg
[214.650s] -- Installing: /home/pi/Legacy/URC-2026/embedded_ros2_ws/src/install/cubemars_can/lib/cubemars_can/cubemars_can_node
[214.684s] -- Set runtime path of "/home/pi/Legacy/URC-2026/embedded_ros2_ws/src/install/cubemars_can/lib/cubemars_can/cubemars_can_node" to ""
[214.684s] -- Installing: /home/pi/Legacy/URC-2026/embedded_ros2_ws/src/install/cubemars_can/share/cubemars_can/launch
[214.686s] -- Installing: /home/pi/Legacy/URC-2026/embedded_ros2_ws/src/install/cubemars_can/share/cubemars_can/launch/example_launch.yaml
[214.690s] -- Installing: /home/pi/Legacy/URC-2026/embedded_ros2_ws/src/install/cubemars_can/share/ament_index/resource_index/package_run_dependencies/cubemars_can
[214.702s] -- Installing: /home/pi/Legacy/URC-2026/embedded_ros2_ws/src/install/cubemars_can/share/ament_index/resource_index/parent_prefix_path/cubemars_can
[214.704s] -- Installing: /home/pi/Legacy/URC-2026/embedded_ros2_ws/src/install/cubemars_can/share/cubemars_can/environment/ament_prefix_path.sh
[214.706s] -- Installing: /home/pi/Legacy/URC-2026/embedded_ros2_ws/src/install/cubemars_can/share/cubemars_can/environment/ament_prefix_path.dsv
[214.707s] -- Installing: /home/pi/Legacy/URC-2026/embedded_ros2_ws/src/install/cubemars_can/share/cubemars_can/environment/path.sh
[214.709s] -- Installing: /home/pi/Legacy/URC-2026/embedded_ros2_ws/src/install/cubemars_can/share/cubemars_can/environment/path.dsv
[214.719s] -- Installing: /home/pi/Legacy/URC-2026/embedded_ros2_ws/src/install/cubemars_can/share/cubemars_can/local_setup.bash
[214.721s] -- Installing: /home/pi/Legacy/URC-2026/embedded_ros2_ws/src/install/cubemars_can/share/cubemars_can/local_setup.sh
[214.723s] -- Installing: /home/pi/Legacy/URC-2026/embedded_ros2_ws/src/install/cubemars_can/share/cubemars_can/local_setup.zsh
[214.724s] -- Installing: /home/pi/Legacy/URC-2026/embedded_ros2_ws/src/install/cubemars_can/share/cubemars_can/local_setup.dsv
[214.732s] -- Installing: /home/pi/Legacy/URC-2026/embedded_ros2_ws/src/install/cubemars_can/share/cubemars_can/package.dsv
[214.746s] -- Installing: /home/pi/Legacy/URC-2026/embedded_ros2_ws/src/install/cubemars_can/share/ament_index/resource_index/packages/cubemars_can
[214.750s] -- Installing: /home/pi/Legacy/URC-2026/embedded_ros2_ws/src/install/cubemars_can/share/cubemars_can/cmake/export_cubemars_can__rosidl_generator_cExport.cmake
[214.752s] -- Installing: /home/pi/Legacy/URC-2026/embedded_ros2_ws/src/install/cubemars_can/share/cubemars_can/cmake/export_cubemars_can__rosidl_generator_cExport-noconfig.cmake
[214.755s] -- Installing: /home/pi/Legacy/URC-2026/embedded_ros2_ws/src/install/cubemars_can/share/cubemars_can/cmake/export_cubemars_can__rosidl_typesupport_fastrtps_cExport.cmake
[214.757s] -- Installing: /home/pi/Legacy/URC-2026/embedded_ros2_ws/src/install/cubemars_can/share/cubemars_can/cmake/export_cubemars_can__rosidl_typesupport_fastrtps_cExport-noconfig.cmake
[214.772s] -- Installing: /home/pi/Legacy/URC-2026/embedded_ros2_ws/src/install/cubemars_can/share/cubemars_can/cmake/export_cubemars_can__rosidl_generator_cppExport.cmake
[214.774s] -- Installing: /home/pi/Legacy/URC-2026/embedded_ros2_ws/src/install/cubemars_can/share/cubemars_can/cmake/export_cubemars_can__rosidl_typesupport_fastrtps_cppExport.cmake
[214.776s] -- Installing: /home/pi/Legacy/URC-2026/embedded_ros2_ws/src/install/cubemars_can/share/cubemars_can/cmake/export_cubemars_can__rosidl_typesupport_fastrtps_cppExport-noconfig.cmake
[214.786s] -- Installing: /home/pi/Legacy/URC-2026/embedded_ros2_ws/src/install/cubemars_can/share/cubemars_can/cmake/cubemars_can__rosidl_typesupport_introspection_cExport.cmake
[214.788s] -- Installing: /home/pi/Legacy/URC-2026/embedded_ros2_ws/src/install/cubemars_can/share/cubemars_can/cmake/cubemars_can__rosidl_typesupport_introspection_cExport-noconfig.cmake
[214.791s] -- Installing: /home/pi/Legacy/URC-2026/embedded_ros2_ws/src/install/cubemars_can/share/cubemars_can/cmake/cubemars_can__rosidl_typesupport_cExport.cmake
[214.793s] -- Installing: /home/pi/Legacy/URC-2026/embedded_ros2_ws/src/install/cubemars_can/share/cubemars_can/cmake/cubemars_can__rosidl_typesupport_cExport-noconfig.cmake
[214.803s] -- Installing: /home/pi/Legacy/URC-2026/embedded_ros2_ws/src/install/cubemars_can/share/cubemars_can/cmake/cubemars_can__rosidl_typesupport_introspection_cppExport.cmake
[214.805s] -- Installing: /home/pi/Legacy/URC-2026/embedded_ros2_ws/src/install/cubemars_can/share/cubemars_can/cmake/cubemars_can__rosidl_typesupport_introspection_cppExport-noconfig.cmake
[214.807s] -- Installing: /home/pi/Legacy/URC-2026/embedded_ros2_ws/src/install/cubemars_can/share/cubemars_can/cmake/cubemars_can__rosidl_typesupport_cppExport.cmake
[214.809s] -- Installing: /home/pi/Legacy/URC-2026/embedded_ros2_ws/src/install/cubemars_can/share/cubemars_can/cmake/cubemars_can__rosidl_typesupport_cppExport-noconfig.cmake
[214.811s] -- Installing: /home/pi/Legacy/URC-2026/embedded_ros2_ws/src/install/cubemars_can/share/cubemars_can/cmake/export_cubemars_can__rosidl_generator_pyExport.cmake
[214.813s] -- Installing: /home/pi/Legacy/URC-2026/embedded_ros2_ws/src/install/cubemars_can/share/cubemars_can/cmake/export_cubemars_can__rosidl_generator_pyExport-noconfig.cmake
[214.815s] -- Installing: /home/pi/Legacy/URC-2026/embedded_ros2_ws/src/install/cubemars_can/share/cubemars_can/cmake/rosidl_cmake-extras.cmake
[214.817s] -- Installing: /home/pi/Legacy/URC-2026/embedded_ros2_ws/src/install/cubemars_can/share/cubemars_can/cmake/ament_cmake_export_include_directories-extras.cmake
[214.819s] -- Installing: /home/pi/Legacy/URC-2026/embedded_ros2_ws/src/install/cubemars_can/share/cubemars_can/cmake/ament_cmake_export_libraries-extras.cmake
[214.821s] -- Installing: /home/pi/Legacy/URC-2026/embedded_ros2_ws/src/install/cubemars_can/share/cubemars_can/cmake/ament_cmake_export_targets-extras.cmake
[214.823s] -- Installing: /home/pi/Legacy/URC-2026/embedded_ros2_ws/src/install/cubemars_can/share/cubemars_can/cmake/rosidl_cmake_export_typesupport_targets-extras.cmake
[214.825s] -- Installing: /home/pi/Legacy/URC-2026/embedded_ros2_ws/src/install/cubemars_can/share/cubemars_can/cmake/ament_cmake_export_dependencies-extras.cmake
[214.827s] -- Installing: /home/pi/Legacy/URC-2026/embedded_ros2_ws/src/install/cubemars_can/share/cubemars_can/cmake/rosidl_cmake_export_typesupport_libraries-extras.cmake
[214.828s] -- Installing: /home/pi/Legacy/URC-2026/embedded_ros2_ws/src/install/cubemars_can/share/cubemars_can/cmake/cubemars_canConfig.cmake
[214.832s] -- Installing: /home/pi/Legacy/URC-2026/embedded_ros2_ws/src/install/cubemars_can/share/cubemars_can/cmake/cubemars_canConfig-version.cmake
[214.835s] -- Installing: /home/pi/Legacy/URC-2026/embedded_ros2_ws/src/install/cubemars_can/share/cubemars_can/package.xml
[214.847s] Invoked command in '/home/pi/Legacy/URC-2026/embedded_ros2_ws/src/build/cubemars_can' returned '0': CMAKE_PREFIX_PATH=${CMAKE_PREFIX_PATH}:/home/pi/Legacy/URC-2026/embedded_ros2_ws/install/serializer_nodes_demo:/home/pi/Legacy/URC-2026/embedded_ros2_ws/install/blender_motor:/home/pi/Legacy/Testing/ros2_ws/install/rover_motor_command:/home/pi/Legacy/URC-2026/drive_ros2_ws/install/drive_manager:/opt/ros/humble /usr/bin/cmake --install /home/pi/Legacy/URC-2026/embedded_ros2_ws/src/build/cubemars_can
