[4.351s] Invoking command in '/home/pi/Legacy/URC-2026/embedded_ros2_ws/src/blender_motor': PYTHONPATH=/home/pi/Legacy/URC-2026/embedded_ros2_ws/build/blender_motor/prefix_override:/usr/lib/python3/dist-packages/colcon_core/task/python/colcon_distutils_commands:/home/pi/Legacy/URC-2026/embedded_ros2_ws/install/blender_motor/lib/python3.10/site-packages:${PYTHONPATH} /usr/bin/python3 -W ignore:setup.py install is deprecated -W ignore:easy_install command is deprecated setup.py egg_info --egg-base ../../build/blender_motor build --build-base /home/pi/Legacy/URC-2026/embedded_ros2_ws/build/blender_motor/build install --record /home/pi/Legacy/URC-2026/embedded_ros2_ws/build/blender_motor/install.log --single-version-externally-managed install_data
[5.787s] running egg_info
[5.790s] writing ../../build/blender_motor/blender_motor.egg-info/PKG-INFO
[5.794s] writing dependency_links to ../../build/blender_motor/blender_motor.egg-info/dependency_links.txt
[5.796s] writing entry points to ../../build/blender_motor/blender_motor.egg-info/entry_points.txt
[5.798s] writing requirements to ../../build/blender_motor/blender_motor.egg-info/requires.txt
[5.800s] writing top-level names to ../../build/blender_motor/blender_motor.egg-info/top_level.txt
[5.810s] reading manifest file '../../build/blender_motor/blender_motor.egg-info/SOURCES.txt'
[5.817s] writing manifest file '../../build/blender_motor/blender_motor.egg-info/SOURCES.txt'
[5.818s] running build
[5.819s] running build_py
[5.822s] running install
[5.824s] running install_lib
[5.832s] running install_data
[5.834s] running install_egg_info
[5.842s] removing '/home/pi/Legacy/URC-2026/embedded_ros2_ws/install/blender_motor/lib/python3.10/site-packages/blender_motor-0.0.0-py3.10.egg-info' (and everything under it)
[5.844s] Copying ../../build/blender_motor/blender_motor.egg-info to /home/pi/Legacy/URC-2026/embedded_ros2_ws/install/blender_motor/lib/python3.10/site-packages/blender_motor-0.0.0-py3.10.egg-info
[5.852s] running install_scripts
[5.941s] Installing blender_motor_node script to /home/pi/Legacy/URC-2026/embedded_ros2_ws/install/blender_motor/lib/blender_motor
[5.944s] writing list of installed files to '/home/pi/Legacy/URC-2026/embedded_ros2_ws/build/blender_motor/install.log'
[6.082s] Invoked command in '/home/pi/Legacy/URC-2026/embedded_ros2_ws/src/blender_motor' returned '0': PYTHONPATH=/home/pi/Legacy/URC-2026/embedded_ros2_ws/build/blender_motor/prefix_override:/usr/lib/python3/dist-packages/colcon_core/task/python/colcon_distutils_commands:/home/pi/Legacy/URC-2026/embedded_ros2_ws/install/blender_motor/lib/python3.10/site-packages:${PYTHONPATH} /usr/bin/python3 -W ignore:setup.py install is deprecated -W ignore:easy_install command is deprecated setup.py egg_info --egg-base ../../build/blender_motor build --build-base /home/pi/Legacy/URC-2026/embedded_ros2_ws/build/blender_motor/build install --record /home/pi/Legacy/URC-2026/embedded_ros2_ws/build/blender_motor/install.log --single-version-externally-managed install_data
