running egg_info
creating ../../build/blender_motor/blender_motor.egg-info
writing ../../build/blender_motor/blender_motor.egg-info/PKG-INFO
writing dependency_links to ../../build/blender_motor/blender_motor.egg-info/dependency_links.txt
writing entry points to ../../build/blender_motor/blender_motor.egg-info/entry_points.txt
writing requirements to ../../build/blender_motor/blender_motor.egg-info/requires.txt
writing top-level names to ../../build/blender_motor/blender_motor.egg-info/top_level.txt
writing manifest file '../../build/blender_motor/blender_motor.egg-info/SOURCES.txt'
reading manifest file '../../build/blender_motor/blender_motor.egg-info/SOURCES.txt'
writing manifest file '../../build/blender_motor/blender_motor.egg-info/SOURCES.txt'
running build
running build_py
creating /home/pi/Legacy/URC-2026/embedded_ros2_ws/build/blender_motor/build
creating /home/pi/Legacy/URC-2026/embedded_ros2_ws/build/blender_motor/build/lib
creating /home/pi/Legacy/URC-2026/embedded_ros2_ws/build/blender_motor/build/lib/blender_motor
copying blender_motor/__init__.py -> /home/pi/Legacy/URC-2026/embedded_ros2_ws/build/blender_motor/build/lib/blender_motor
copying blender_motor/blender_motor_node.py -> /home/pi/Legacy/URC-2026/embedded_ros2_ws/build/blender_motor/build/lib/blender_motor
running install
running install_lib
creating /home/pi/Legacy/URC-2026/embedded_ros2_ws/install/blender_motor/lib/python3.10/site-packages/blender_motor
copying /home/pi/Legacy/URC-2026/embedded_ros2_ws/build/blender_motor/build/lib/blender_motor/__init__.py -> /home/pi/Legacy/URC-2026/embedded_ros2_ws/install/blender_motor/lib/python3.10/site-packages/blender_motor
copying /home/pi/Legacy/URC-2026/embedded_ros2_ws/build/blender_motor/build/lib/blender_motor/blender_motor_node.py -> /home/pi/Legacy/URC-2026/embedded_ros2_ws/install/blender_motor/lib/python3.10/site-packages/blender_motor
byte-compiling /home/pi/Legacy/URC-2026/embedded_ros2_ws/install/blender_motor/lib/python3.10/site-packages/blender_motor/__init__.py to __init__.cpython-310.pyc
byte-compiling /home/pi/Legacy/URC-2026/embedded_ros2_ws/install/blender_motor/lib/python3.10/site-packages/blender_motor/blender_motor_node.py to blender_motor_node.cpython-310.pyc
running install_data
creating /home/pi/Legacy/URC-2026/embedded_ros2_ws/install/blender_motor/share/ament_index
creating /home/pi/Legacy/URC-2026/embedded_ros2_ws/install/blender_motor/share/ament_index/resource_index
creating /home/pi/Legacy/URC-2026/embedded_ros2_ws/install/blender_motor/share/ament_index/resource_index/packages
copying resource/blender_motor -> /home/pi/Legacy/URC-2026/embedded_ros2_ws/install/blender_motor/share/ament_index/resource_index/packages
copying package.xml -> /home/pi/Legacy/URC-2026/embedded_ros2_ws/install/blender_motor/share/blender_motor
creating /home/pi/Legacy/URC-2026/embedded_ros2_ws/install/blender_motor/share/blender_motor/launch
copying launch/blender_motor.launch.py -> /home/pi/Legacy/URC-2026/embedded_ros2_ws/install/blender_motor/share/blender_motor/launch
running install_egg_info
Copying ../../build/blender_motor/blender_motor.egg-info to /home/pi/Legacy/URC-2026/embedded_ros2_ws/install/blender_motor/lib/python3.10/site-packages/blender_motor-0.0.0-py3.10.egg-info
running install_scripts
Installing blender_motor_node script to /home/pi/Legacy/URC-2026/embedded_ros2_ws/install/blender_motor/lib/blender_motor
writing list of installed files to '/home/pi/Legacy/URC-2026/embedded_ros2_ws/build/blender_motor/install.log'
