[2.638s] Invoking command in '/home/pi/Legacy/URC-2026/embedded_ros2_ws/src/blender_motor': PYTHONPATH=/home/pi/Legacy/URC-2026/embedded_ros2_ws/build/blender_motor/prefix_override:/usr/lib/python3/dist-packages/colcon_core/task/python/colcon_distutils_commands:/home/pi/Legacy/URC-2026/embedded_ros2_ws/install/blender_motor/lib/python3.10/site-packages:${PYTHONPATH} /usr/bin/python3 -W ignore:setup.py install is deprecated -W ignore:easy_install command is deprecated setup.py egg_info --egg-base ../../build/blender_motor build --build-base /home/pi/Legacy/URC-2026/embedded_ros2_ws/build/blender_motor/build install --record /home/pi/Legacy/URC-2026/embedded_ros2_ws/build/blender_motor/install.log --single-version-externally-managed install_data
[3.637s] running egg_info
[3.639s] creating ../../build/blender_motor/blender_motor.egg-info
[3.640s] writing ../../build/blender_motor/blender_motor.egg-info/PKG-INFO
[3.641s] writing dependency_links to ../../build/blender_motor/blender_motor.egg-info/dependency_links.txt
[3.641s] writing entry points to ../../build/blender_motor/blender_motor.egg-info/entry_points.txt
[3.642s] writing requirements to ../../build/blender_motor/blender_motor.egg-info/requires.txt
[3.643s] writing top-level names to ../../build/blender_motor/blender_motor.egg-info/top_level.txt
[3.643s] writing manifest file '../../build/blender_motor/blender_motor.egg-info/SOURCES.txt'
[3.650s] reading manifest file '../../build/blender_motor/blender_motor.egg-info/SOURCES.txt'
[3.653s] writing manifest file '../../build/blender_motor/blender_motor.egg-info/SOURCES.txt'
[3.654s] running build
[3.654s] running build_py
[3.655s] creating /home/pi/Legacy/URC-2026/embedded_ros2_ws/build/blender_motor/build
[3.656s] creating /home/pi/Legacy/URC-2026/embedded_ros2_ws/build/blender_motor/build/lib
[3.656s] creating /home/pi/Legacy/URC-2026/embedded_ros2_ws/build/blender_motor/build/lib/blender_motor
[3.656s] copying blender_motor/__init__.py -> /home/pi/Legacy/URC-2026/embedded_ros2_ws/build/blender_motor/build/lib/blender_motor
[3.657s] copying blender_motor/blender_motor_node.py -> /home/pi/Legacy/URC-2026/embedded_ros2_ws/build/blender_motor/build/lib/blender_motor
[3.657s] running install
[3.659s] running install_lib
[3.662s] creating /home/pi/Legacy/URC-2026/embedded_ros2_ws/install/blender_motor/lib/python3.10/site-packages/blender_motor
[3.662s] copying /home/pi/Legacy/URC-2026/embedded_ros2_ws/build/blender_motor/build/lib/blender_motor/__init__.py -> /home/pi/Legacy/URC-2026/embedded_ros2_ws/install/blender_motor/lib/python3.10/site-packages/blender_motor
[3.663s] copying /home/pi/Legacy/URC-2026/embedded_ros2_ws/build/blender_motor/build/lib/blender_motor/blender_motor_node.py -> /home/pi/Legacy/URC-2026/embedded_ros2_ws/install/blender_motor/lib/python3.10/site-packages/blender_motor
[3.666s] byte-compiling /home/pi/Legacy/URC-2026/embedded_ros2_ws/install/blender_motor/lib/python3.10/site-packages/blender_motor/__init__.py to __init__.cpython-310.pyc
[3.667s] byte-compiling /home/pi/Legacy/URC-2026/embedded_ros2_ws/install/blender_motor/lib/python3.10/site-packages/blender_motor/blender_motor_node.py to blender_motor_node.cpython-310.pyc
[3.672s] running install_data
[3.672s] creating /home/pi/Legacy/URC-2026/embedded_ros2_ws/install/blender_motor/share/ament_index
[3.673s] creating /home/pi/Legacy/URC-2026/embedded_ros2_ws/install/blender_motor/share/ament_index/resource_index
[3.673s] creating /home/pi/Legacy/URC-2026/embedded_ros2_ws/install/blender_motor/share/ament_index/resource_index/packages
[3.673s] copying resource/blender_motor -> /home/pi/Legacy/URC-2026/embedded_ros2_ws/install/blender_motor/share/ament_index/resource_index/packages
[3.674s] copying package.xml -> /home/pi/Legacy/URC-2026/embedded_ros2_ws/install/blender_motor/share/blender_motor
[3.674s] creating /home/pi/Legacy/URC-2026/embedded_ros2_ws/install/blender_motor/share/blender_motor/launch
[3.675s] copying launch/blender_motor.launch.py -> /home/pi/Legacy/URC-2026/embedded_ros2_ws/install/blender_motor/share/blender_motor/launch
[3.675s] running install_egg_info
[3.682s] Copying ../../build/blender_motor/blender_motor.egg-info to /home/pi/Legacy/URC-2026/embedded_ros2_ws/install/blender_motor/lib/python3.10/site-packages/blender_motor-0.0.0-py3.10.egg-info
[3.688s] running install_scripts
[3.770s] Installing blender_motor_node script to /home/pi/Legacy/URC-2026/embedded_ros2_ws/install/blender_motor/lib/blender_motor
[3.771s] writing list of installed files to '/home/pi/Legacy/URC-2026/embedded_ros2_ws/build/blender_motor/install.log'
[3.886s] Invoked command in '/home/pi/Legacy/URC-2026/embedded_ros2_ws/src/blender_motor' returned '0': PYTHONPATH=/home/pi/Legacy/URC-2026/embedded_ros2_ws/build/blender_motor/prefix_override:/usr/lib/python3/dist-packages/colcon_core/task/python/colcon_distutils_commands:/home/pi/Legacy/URC-2026/embedded_ros2_ws/install/blender_motor/lib/python3.10/site-packages:${PYTHONPATH} /usr/bin/python3 -W ignore:setup.py install is deprecated -W ignore:easy_install command is deprecated setup.py egg_info --egg-base ../../build/blender_motor build --build-base /home/pi/Legacy/URC-2026/embedded_ros2_ws/build/blender_motor/build install --record /home/pi/Legacy/URC-2026/embedded_ros2_ws/build/blender_motor/install.log --single-version-externally-managed install_data
