[0.066s] Invoking command in '/home/pi/Legacy/URC-2026/drive_ros2_ws/build/drive_teleop': CMAKE_PREFIX_PATH=${CMAKE_PREFIX_PATH}:/home/pi/Legacy/URC-2026/drive_ros2_ws/install/drive_manager:/home/pi/Legacy/URC-2026/embedded_ros2_ws/install/drive:/home/pi/Legacy/URC-2026/embedded_ros2_ws/install/serializer_nodes_demo:/home/pi/Legacy/Testing/ros2_ws/install/rover_motor_command:/opt/ros/humble /usr/bin/cmake --build /home/pi/Legacy/URC-2026/drive_ros2_ws/build/drive_teleop -- -j4 -l4
[0.352s] [  3%] Built target drive_teleop__cpp
[0.372s] [ 12%] Built target drive_teleop__rosidl_generator_c
[0.416s] [ 12%] Built target ament_cmake_python_copy_drive_teleop
[0.489s] [ 21%] Built target drive_teleop__rosidl_typesupport_cpp
[0.509s] [ 39%] Built target drive_teleop__rosidl_typesupport_introspection_cpp
[0.510s] [ 39%] Built target drive_teleop__rosidl_typesupport_fastrtps_cpp
[0.572s] [ 48%] Built target drive_teleop__rosidl_typesupport_fastrtps_c
[0.646s] [ 60%] Built target drive_teleop__rosidl_typesupport_introspection_c
[0.650s] [ 66%] Built target drive_teleop__rosidl_typesupport_c
[0.727s] [ 72%] Built target drive_teleop_node
[0.773s] [ 72%] Built target drive_teleop
[0.905s] [ 75%] Built target drive_teleop__py
[1.033s] [ 81%] Built target drive_teleop__rosidl_generator_py
[1.177s] [ 87%] Built target drive_teleop__rosidl_typesupport_fastrtps_c__pyext
[1.193s] [ 93%] Built target drive_teleop__rosidl_typesupport_c__pyext
[1.199s] [100%] Built target drive_teleop__rosidl_typesupport_introspection_c__pyext
[1.791s] running egg_info
[1.793s] writing drive_teleop.egg-info/PKG-INFO
[1.794s] writing dependency_links to drive_teleop.egg-info/dependency_links.txt
[1.796s] writing top-level names to drive_teleop.egg-info/top_level.txt
[1.805s] reading manifest file 'drive_teleop.egg-info/SOURCES.txt'
[1.808s] writing manifest file 'drive_teleop.egg-info/SOURCES.txt'
[1.948s] [100%] Built target ament_cmake_python_build_drive_teleop_egg
[2.001s] Invoked command in '/home/pi/Legacy/URC-2026/drive_ros2_ws/build/drive_teleop' returned '0': CMAKE_PREFIX_PATH=${CMAKE_PREFIX_PATH}:/home/pi/Legacy/URC-2026/drive_ros2_ws/install/drive_manager:/home/pi/Legacy/URC-2026/embedded_ros2_ws/install/drive:/home/pi/Legacy/URC-2026/embedded_ros2_ws/install/serializer_nodes_demo:/home/pi/Legacy/Testing/ros2_ws/install/rover_motor_command:/opt/ros/humble /usr/bin/cmake --build /home/pi/Legacy/URC-2026/drive_ros2_ws/build/drive_teleop -- -j4 -l4
[2.053s] Invoking command in '/home/pi/Legacy/URC-2026/drive_ros2_ws/build/drive_teleop': CMAKE_PREFIX_PATH=${CMAKE_PREFIX_PATH}:/home/pi/Legacy/URC-2026/drive_ros2_ws/install/drive_manager:/home/pi/Legacy/URC-2026/embedded_ros2_ws/install/drive:/home/pi/Legacy/URC-2026/embedded_ros2_ws/install/serializer_nodes_demo:/home/pi/Legacy/Testing/ros2_ws/install/rover_motor_command:/opt/ros/humble /usr/bin/cmake --install /home/pi/Legacy/URC-2026/drive_ros2_ws/build/drive_teleop
[2.094s] -- Install configuration: ""
[2.095s] -- Up-to-date: /home/pi/Legacy/URC-2026/drive_ros2_ws/install/drive_teleop/share/ament_index/resource_index/rosidl_interfaces/drive_teleop
[2.095s] -- Up-to-date: /home/pi/Legacy/URC-2026/drive_ros2_ws/install/drive_teleop/include/drive_teleop/drive_teleop
[2.096s] -- Up-to-date: /home/pi/Legacy/URC-2026/drive_ros2_ws/install/drive_teleop/include/drive_teleop/drive_teleop/msg
[2.096s] -- Up-to-date: /home/pi/Legacy/URC-2026/drive_ros2_ws/install/drive_teleop/include/drive_teleop/drive_teleop/msg/drive_control_message.h
[2.097s] -- Up-to-date: /home/pi/Legacy/URC-2026/drive_ros2_ws/install/drive_teleop/include/drive_teleop/drive_teleop/msg/rosidl_generator_c__visibility_control.h
[2.097s] -- Up-to-date: /home/pi/Legacy/URC-2026/drive_ros2_ws/install/drive_teleop/include/drive_teleop/drive_teleop/msg/detail
[2.098s] -- Up-to-date: /home/pi/Legacy/URC-2026/drive_ros2_ws/install/drive_teleop/include/drive_teleop/drive_teleop/msg/detail/drive_control_message__struct.h
[2.098s] -- Up-to-date: /home/pi/Legacy/URC-2026/drive_ros2_ws/install/drive_teleop/include/drive_teleop/drive_teleop/msg/detail/drive_control_message__functions.c
[2.099s] -- Up-to-date: /home/pi/Legacy/URC-2026/drive_ros2_ws/install/drive_teleop/include/drive_teleop/drive_teleop/msg/detail/drive_control_message__type_support.h
[2.099s] -- Up-to-date: /home/pi/Legacy/URC-2026/drive_ros2_ws/install/drive_teleop/include/drive_teleop/drive_teleop/msg/detail/drive_control_message__functions.h
[2.100s] -- Up-to-date: /home/pi/Legacy/URC-2026/drive_ros2_ws/install/drive_teleop/share/drive_teleop/environment/library_path.sh
[2.100s] -- Up-to-date: /home/pi/Legacy/URC-2026/drive_ros2_ws/install/drive_teleop/share/drive_teleop/environment/library_path.dsv
[2.101s] -- Up-to-date: /home/pi/Legacy/URC-2026/drive_ros2_ws/install/drive_teleop/lib/libdrive_teleop__rosidl_generator_c.so
[2.101s] -- Up-to-date: /home/pi/Legacy/URC-2026/drive_ros2_ws/install/drive_teleop/include/drive_teleop/drive_teleop
[2.102s] -- Up-to-date: /home/pi/Legacy/URC-2026/drive_ros2_ws/install/drive_teleop/include/drive_teleop/drive_teleop/msg
[2.102s] -- Up-to-date: /home/pi/Legacy/URC-2026/drive_ros2_ws/install/drive_teleop/include/drive_teleop/drive_teleop/msg/rosidl_typesupport_fastrtps_c__visibility_control.h
[2.103s] -- Up-to-date: /home/pi/Legacy/URC-2026/drive_ros2_ws/install/drive_teleop/include/drive_teleop/drive_teleop/msg/detail
[2.103s] -- Up-to-date: /home/pi/Legacy/URC-2026/drive_ros2_ws/install/drive_teleop/include/drive_teleop/drive_teleop/msg/detail/drive_control_message__rosidl_typesupport_fastrtps_c.h
[2.104s] -- Up-to-date: /home/pi/Legacy/URC-2026/drive_ros2_ws/install/drive_teleop/lib/libdrive_teleop__rosidl_typesupport_fastrtps_c.so
[2.106s] -- Up-to-date: /home/pi/Legacy/URC-2026/drive_ros2_ws/install/drive_teleop/include/drive_teleop/drive_teleop
[2.106s] -- Up-to-date: /home/pi/Legacy/URC-2026/drive_ros2_ws/install/drive_teleop/include/drive_teleop/drive_teleop/msg
[2.107s] -- Up-to-date: /home/pi/Legacy/URC-2026/drive_ros2_ws/install/drive_teleop/include/drive_teleop/drive_teleop/msg/drive_control_message.hpp
[2.109s] -- Up-to-date: /home/pi/Legacy/URC-2026/drive_ros2_ws/install/drive_teleop/include/drive_teleop/drive_teleop/msg/detail
[2.110s] -- Up-to-date: /home/pi/Legacy/URC-2026/drive_ros2_ws/install/drive_teleop/include/drive_teleop/drive_teleop/msg/detail/drive_control_message__type_support.hpp
[2.110s] -- Up-to-date: /home/pi/Legacy/URC-2026/drive_ros2_ws/install/drive_teleop/include/drive_teleop/drive_teleop/msg/detail/drive_control_message__struct.hpp
[2.111s] -- Up-to-date: /home/pi/Legacy/URC-2026/drive_ros2_ws/install/drive_teleop/include/drive_teleop/drive_teleop/msg/detail/drive_control_message__builder.hpp
[2.111s] -- Up-to-date: /home/pi/Legacy/URC-2026/drive_ros2_ws/install/drive_teleop/include/drive_teleop/drive_teleop/msg/detail/drive_control_message__traits.hpp
[2.111s] -- Up-to-date: /home/pi/Legacy/URC-2026/drive_ros2_ws/install/drive_teleop/include/drive_teleop/drive_teleop/msg/rosidl_generator_cpp__visibility_control.hpp
[2.112s] -- Up-to-date: /home/pi/Legacy/URC-2026/drive_ros2_ws/install/drive_teleop/include/drive_teleop/drive_teleop
[2.112s] -- Up-to-date: /home/pi/Legacy/URC-2026/drive_ros2_ws/install/drive_teleop/include/drive_teleop/drive_teleop/msg
[2.113s] -- Up-to-date: /home/pi/Legacy/URC-2026/drive_ros2_ws/install/drive_teleop/include/drive_teleop/drive_teleop/msg/rosidl_typesupport_fastrtps_cpp__visibility_control.h
[2.113s] -- Up-to-date: /home/pi/Legacy/URC-2026/drive_ros2_ws/install/drive_teleop/include/drive_teleop/drive_teleop/msg/detail
[2.114s] -- Up-to-date: /home/pi/Legacy/URC-2026/drive_ros2_ws/install/drive_teleop/include/drive_teleop/drive_teleop/msg/detail/dds_fastrtps
[2.114s] -- Up-to-date: /home/pi/Legacy/URC-2026/drive_ros2_ws/install/drive_teleop/include/drive_teleop/drive_teleop/msg/detail/drive_control_message__rosidl_typesupport_fastrtps_cpp.hpp
[2.115s] -- Up-to-date: /home/pi/Legacy/URC-2026/drive_ros2_ws/install/drive_teleop/lib/libdrive_teleop__rosidl_typesupport_fastrtps_cpp.so
[2.115s] -- Up-to-date: /home/pi/Legacy/URC-2026/drive_ros2_ws/install/drive_teleop/include/drive_teleop/drive_teleop
[2.116s] -- Up-to-date: /home/pi/Legacy/URC-2026/drive_ros2_ws/install/drive_teleop/include/drive_teleop/drive_teleop/msg
[2.116s] -- Up-to-date: /home/pi/Legacy/URC-2026/drive_ros2_ws/install/drive_teleop/include/drive_teleop/drive_teleop/msg/detail
[2.117s] -- Up-to-date: /home/pi/Legacy/URC-2026/drive_ros2_ws/install/drive_teleop/include/drive_teleop/drive_teleop/msg/detail/drive_control_message__rosidl_typesupport_introspection_c.h
[2.118s] -- Up-to-date: /home/pi/Legacy/URC-2026/drive_ros2_ws/install/drive_teleop/include/drive_teleop/drive_teleop/msg/detail/drive_control_message__type_support.c
[2.119s] -- Up-to-date: /home/pi/Legacy/URC-2026/drive_ros2_ws/install/drive_teleop/include/drive_teleop/drive_teleop/msg/rosidl_typesupport_introspection_c__visibility_control.h
[2.119s] -- Up-to-date: /home/pi/Legacy/URC-2026/drive_ros2_ws/install/drive_teleop/lib/libdrive_teleop__rosidl_typesupport_introspection_c.so
[2.121s] -- Up-to-date: /home/pi/Legacy/URC-2026/drive_ros2_ws/install/drive_teleop/lib/libdrive_teleop__rosidl_typesupport_c.so
[2.122s] -- Up-to-date: /home/pi/Legacy/URC-2026/drive_ros2_ws/install/drive_teleop/include/drive_teleop/drive_teleop
[2.122s] -- Up-to-date: /home/pi/Legacy/URC-2026/drive_ros2_ws/install/drive_teleop/include/drive_teleop/drive_teleop/msg
[2.123s] -- Up-to-date: /home/pi/Legacy/URC-2026/drive_ros2_ws/install/drive_teleop/include/drive_teleop/drive_teleop/msg/detail
[2.123s] -- Up-to-date: /home/pi/Legacy/URC-2026/drive_ros2_ws/install/drive_teleop/include/drive_teleop/drive_teleop/msg/detail/drive_control_message__rosidl_typesupport_introspection_cpp.hpp
[2.124s] -- Up-to-date: /home/pi/Legacy/URC-2026/drive_ros2_ws/install/drive_teleop/include/drive_teleop/drive_teleop/msg/detail/drive_control_message__type_support.cpp
[2.125s] -- Up-to-date: /home/pi/Legacy/URC-2026/drive_ros2_ws/install/drive_teleop/lib/libdrive_teleop__rosidl_typesupport_introspection_cpp.so
[2.128s] -- Up-to-date: /home/pi/Legacy/URC-2026/drive_ros2_ws/install/drive_teleop/lib/libdrive_teleop__rosidl_typesupport_cpp.so
[2.129s] -- Up-to-date: /home/pi/Legacy/URC-2026/drive_ros2_ws/install/drive_teleop/share/drive_teleop/environment/pythonpath.sh
[2.129s] -- Up-to-date: /home/pi/Legacy/URC-2026/drive_ros2_ws/install/drive_teleop/share/drive_teleop/environment/pythonpath.dsv
[2.130s] -- Up-to-date: /home/pi/Legacy/URC-2026/drive_ros2_ws/install/drive_teleop/local/lib/python3.10/dist-packages/drive_teleop-0.0.0-py3.10.egg-info
[2.130s] -- Installing: /home/pi/Legacy/URC-2026/drive_ros2_ws/install/drive_teleop/local/lib/python3.10/dist-packages/drive_teleop-0.0.0-py3.10.egg-info/PKG-INFO
[2.131s] -- Installing: /home/pi/Legacy/URC-2026/drive_ros2_ws/install/drive_teleop/local/lib/python3.10/dist-packages/drive_teleop-0.0.0-py3.10.egg-info/top_level.txt
[2.133s] -- Installing: /home/pi/Legacy/URC-2026/drive_ros2_ws/install/drive_teleop/local/lib/python3.10/dist-packages/drive_teleop-0.0.0-py3.10.egg-info/SOURCES.txt
[2.134s] -- Installing: /home/pi/Legacy/URC-2026/drive_ros2_ws/install/drive_teleop/local/lib/python3.10/dist-packages/drive_teleop-0.0.0-py3.10.egg-info/dependency_links.txt
[2.136s] -- Up-to-date: /home/pi/Legacy/URC-2026/drive_ros2_ws/install/drive_teleop/local/lib/python3.10/dist-packages/drive_teleop
[2.144s] -- Up-to-date: /home/pi/Legacy/URC-2026/drive_ros2_ws/install/drive_teleop/local/lib/python3.10/dist-packages/drive_teleop/drive_teleop_s__rosidl_typesupport_fastrtps_c.cpython-310-aarch64-linux-gnu.so
[2.144s] -- Up-to-date: /home/pi/Legacy/URC-2026/drive_ros2_ws/install/drive_teleop/local/lib/python3.10/dist-packages/drive_teleop/__init__.py
[2.145s] -- Up-to-date: /home/pi/Legacy/URC-2026/drive_ros2_ws/install/drive_teleop/local/lib/python3.10/dist-packages/drive_teleop/drive_teleop_s__rosidl_typesupport_c.cpython-310-aarch64-linux-gnu.so
[2.146s] -- Up-to-date: /home/pi/Legacy/URC-2026/drive_ros2_ws/install/drive_teleop/local/lib/python3.10/dist-packages/drive_teleop/_drive_teleop_s.ep.rosidl_typesupport_c.c
[2.146s] -- Up-to-date: /home/pi/Legacy/URC-2026/drive_ros2_ws/install/drive_teleop/local/lib/python3.10/dist-packages/drive_teleop/_drive_teleop_s.ep.rosidl_typesupport_fastrtps_c.c
[2.146s] -- Up-to-date: /home/pi/Legacy/URC-2026/drive_ros2_ws/install/drive_teleop/local/lib/python3.10/dist-packages/drive_teleop/msg
[2.147s] -- Up-to-date: /home/pi/Legacy/URC-2026/drive_ros2_ws/install/drive_teleop/local/lib/python3.10/dist-packages/drive_teleop/msg/__init__.py
[2.147s] -- Up-to-date: /home/pi/Legacy/URC-2026/drive_ros2_ws/install/drive_teleop/local/lib/python3.10/dist-packages/drive_teleop/msg/_drive_control_message.py
[2.148s] -- Up-to-date: /home/pi/Legacy/URC-2026/drive_ros2_ws/install/drive_teleop/local/lib/python3.10/dist-packages/drive_teleop/msg/_drive_control_message_s.c
[2.148s] -- Up-to-date: /home/pi/Legacy/URC-2026/drive_ros2_ws/install/drive_teleop/local/lib/python3.10/dist-packages/drive_teleop/_drive_teleop_s.ep.rosidl_typesupport_introspection_c.c
[2.149s] -- Up-to-date: /home/pi/Legacy/URC-2026/drive_ros2_ws/install/drive_teleop/local/lib/python3.10/dist-packages/drive_teleop/drive_teleop_s__rosidl_typesupport_introspection_c.cpython-310-aarch64-linux-gnu.so
[2.149s] -- Up-to-date: /home/pi/Legacy/URC-2026/drive_ros2_ws/install/drive_teleop/local/lib/python3.10/dist-packages/drive_teleop/libdrive_teleop__rosidl_generator_py.so
[2.337s] Listing '/home/pi/Legacy/URC-2026/drive_ros2_ws/install/drive_teleop/local/lib/python3.10/dist-packages/drive_teleop'...
[2.339s] Listing '/home/pi/Legacy/URC-2026/drive_ros2_ws/install/drive_teleop/local/lib/python3.10/dist-packages/drive_teleop/msg'...
[2.362s] -- Up-to-date: /home/pi/Legacy/URC-2026/drive_ros2_ws/install/drive_teleop/local/lib/python3.10/dist-packages/drive_teleop/drive_teleop_s__rosidl_typesupport_fastrtps_c.cpython-310-aarch64-linux-gnu.so
[2.364s] -- Up-to-date: /home/pi/Legacy/URC-2026/drive_ros2_ws/install/drive_teleop/local/lib/python3.10/dist-packages/drive_teleop/drive_teleop_s__rosidl_typesupport_introspection_c.cpython-310-aarch64-linux-gnu.so
[2.368s] -- Up-to-date: /home/pi/Legacy/URC-2026/drive_ros2_ws/install/drive_teleop/local/lib/python3.10/dist-packages/drive_teleop/drive_teleop_s__rosidl_typesupport_c.cpython-310-aarch64-linux-gnu.so
[2.371s] -- Up-to-date: /home/pi/Legacy/URC-2026/drive_ros2_ws/install/drive_teleop/lib/libdrive_teleop__rosidl_generator_py.so
[2.373s] -- Up-to-date: /home/pi/Legacy/URC-2026/drive_ros2_ws/install/drive_teleop/share/drive_teleop/msg/DriveControlMessage.idl
[2.373s] -- Up-to-date: /home/pi/Legacy/URC-2026/drive_ros2_ws/install/drive_teleop/share/drive_teleop/msg/DriveControlMessage.msg
[2.374s] -- Up-to-date: /home/pi/Legacy/URC-2026/drive_ros2_ws/install/drive_teleop/lib/drive_teleop/drive_teleop_node
[2.376s] -- Up-to-date: /home/pi/Legacy/URC-2026/drive_ros2_ws/install/drive_teleop/share/ament_index/resource_index/package_run_dependencies/drive_teleop
[2.377s] -- Up-to-date: /home/pi/Legacy/URC-2026/drive_ros2_ws/install/drive_teleop/share/ament_index/resource_index/parent_prefix_path/drive_teleop
[2.378s] -- Up-to-date: /home/pi/Legacy/URC-2026/drive_ros2_ws/install/drive_teleop/share/drive_teleop/environment/ament_prefix_path.sh
[2.378s] -- Up-to-date: /home/pi/Legacy/URC-2026/drive_ros2_ws/install/drive_teleop/share/drive_teleop/environment/ament_prefix_path.dsv
[2.379s] -- Up-to-date: /home/pi/Legacy/URC-2026/drive_ros2_ws/install/drive_teleop/share/drive_teleop/environment/path.sh
[2.379s] -- Up-to-date: /home/pi/Legacy/URC-2026/drive_ros2_ws/install/drive_teleop/share/drive_teleop/environment/path.dsv
[2.380s] -- Up-to-date: /home/pi/Legacy/URC-2026/drive_ros2_ws/install/drive_teleop/share/drive_teleop/local_setup.bash
[2.380s] -- Up-to-date: /home/pi/Legacy/URC-2026/drive_ros2_ws/install/drive_teleop/share/drive_teleop/local_setup.sh
[2.380s] -- Up-to-date: /home/pi/Legacy/URC-2026/drive_ros2_ws/install/drive_teleop/share/drive_teleop/local_setup.zsh
[2.381s] -- Up-to-date: /home/pi/Legacy/URC-2026/drive_ros2_ws/install/drive_teleop/share/drive_teleop/local_setup.dsv
[2.381s] -- Installing: /home/pi/Legacy/URC-2026/drive_ros2_ws/install/drive_teleop/share/drive_teleop/package.dsv
[2.382s] -- Up-to-date: /home/pi/Legacy/URC-2026/drive_ros2_ws/install/drive_teleop/share/ament_index/resource_index/packages/drive_teleop
[2.383s] -- Up-to-date: /home/pi/Legacy/URC-2026/drive_ros2_ws/install/drive_teleop/share/drive_teleop/cmake/export_drive_teleop__rosidl_generator_cExport.cmake
[2.383s] -- Up-to-date: /home/pi/Legacy/URC-2026/drive_ros2_ws/install/drive_teleop/share/drive_teleop/cmake/export_drive_teleop__rosidl_generator_cExport-noconfig.cmake
[2.384s] -- Up-to-date: /home/pi/Legacy/URC-2026/drive_ros2_ws/install/drive_teleop/share/drive_teleop/cmake/export_drive_teleop__rosidl_typesupport_fastrtps_cExport.cmake
[2.385s] -- Up-to-date: /home/pi/Legacy/URC-2026/drive_ros2_ws/install/drive_teleop/share/drive_teleop/cmake/export_drive_teleop__rosidl_typesupport_fastrtps_cExport-noconfig.cmake
[2.386s] -- Up-to-date: /home/pi/Legacy/URC-2026/drive_ros2_ws/install/drive_teleop/share/drive_teleop/cmake/export_drive_teleop__rosidl_generator_cppExport.cmake
[2.387s] -- Up-to-date: /home/pi/Legacy/URC-2026/drive_ros2_ws/install/drive_teleop/share/drive_teleop/cmake/export_drive_teleop__rosidl_typesupport_fastrtps_cppExport.cmake
[2.387s] -- Up-to-date: /home/pi/Legacy/URC-2026/drive_ros2_ws/install/drive_teleop/share/drive_teleop/cmake/export_drive_teleop__rosidl_typesupport_fastrtps_cppExport-noconfig.cmake
[2.388s] -- Up-to-date: /home/pi/Legacy/URC-2026/drive_ros2_ws/install/drive_teleop/share/drive_teleop/cmake/drive_teleop__rosidl_typesupport_introspection_cExport.cmake
[2.389s] -- Up-to-date: /home/pi/Legacy/URC-2026/drive_ros2_ws/install/drive_teleop/share/drive_teleop/cmake/drive_teleop__rosidl_typesupport_introspection_cExport-noconfig.cmake
[2.389s] -- Up-to-date: /home/pi/Legacy/URC-2026/drive_ros2_ws/install/drive_teleop/share/drive_teleop/cmake/drive_teleop__rosidl_typesupport_cExport.cmake
[2.390s] -- Up-to-date: /home/pi/Legacy/URC-2026/drive_ros2_ws/install/drive_teleop/share/drive_teleop/cmake/drive_teleop__rosidl_typesupport_cExport-noconfig.cmake
[2.391s] -- Up-to-date: /home/pi/Legacy/URC-2026/drive_ros2_ws/install/drive_teleop/share/drive_teleop/cmake/drive_teleop__rosidl_typesupport_introspection_cppExport.cmake
[2.391s] -- Up-to-date: /home/pi/Legacy/URC-2026/drive_ros2_ws/install/drive_teleop/share/drive_teleop/cmake/drive_teleop__rosidl_typesupport_introspection_cppExport-noconfig.cmake
[2.392s] -- Up-to-date: /home/pi/Legacy/URC-2026/drive_ros2_ws/install/drive_teleop/share/drive_teleop/cmake/drive_teleop__rosidl_typesupport_cppExport.cmake
[2.393s] -- Up-to-date: /home/pi/Legacy/URC-2026/drive_ros2_ws/install/drive_teleop/share/drive_teleop/cmake/drive_teleop__rosidl_typesupport_cppExport-noconfig.cmake
[2.394s] -- Up-to-date: /home/pi/Legacy/URC-2026/drive_ros2_ws/install/drive_teleop/share/drive_teleop/cmake/export_drive_teleop__rosidl_generator_pyExport.cmake
[2.394s] -- Up-to-date: /home/pi/Legacy/URC-2026/drive_ros2_ws/install/drive_teleop/share/drive_teleop/cmake/export_drive_teleop__rosidl_generator_pyExport-noconfig.cmake
[2.395s] -- Up-to-date: /home/pi/Legacy/URC-2026/drive_ros2_ws/install/drive_teleop/share/drive_teleop/cmake/rosidl_cmake-extras.cmake
[2.395s] -- Up-to-date: /home/pi/Legacy/URC-2026/drive_ros2_ws/install/drive_teleop/share/drive_teleop/cmake/ament_cmake_export_dependencies-extras.cmake
[2.396s] -- Up-to-date: /home/pi/Legacy/URC-2026/drive_ros2_ws/install/drive_teleop/share/drive_teleop/cmake/ament_cmake_export_include_directories-extras.cmake
[2.396s] -- Up-to-date: /home/pi/Legacy/URC-2026/drive_ros2_ws/install/drive_teleop/share/drive_teleop/cmake/ament_cmake_export_libraries-extras.cmake
[2.396s] -- Up-to-date: /home/pi/Legacy/URC-2026/drive_ros2_ws/install/drive_teleop/share/drive_teleop/cmake/ament_cmake_export_targets-extras.cmake
[2.397s] -- Up-to-date: /home/pi/Legacy/URC-2026/drive_ros2_ws/install/drive_teleop/share/drive_teleop/cmake/rosidl_cmake_export_typesupport_targets-extras.cmake
[2.398s] -- Up-to-date: /home/pi/Legacy/URC-2026/drive_ros2_ws/install/drive_teleop/share/drive_teleop/cmake/rosidl_cmake_export_typesupport_libraries-extras.cmake
[2.398s] -- Up-to-date: /home/pi/Legacy/URC-2026/drive_ros2_ws/install/drive_teleop/share/drive_teleop/cmake/drive_teleopConfig.cmake
[2.399s] -- Up-to-date: /home/pi/Legacy/URC-2026/drive_ros2_ws/install/drive_teleop/share/drive_teleop/cmake/drive_teleopConfig-version.cmake
[2.399s] -- Up-to-date: /home/pi/Legacy/URC-2026/drive_ros2_ws/install/drive_teleop/share/drive_teleop/package.xml
[2.406s] Invoked command in '/home/pi/Legacy/URC-2026/drive_ros2_ws/build/drive_teleop' returned '0': CMAKE_PREFIX_PATH=${CMAKE_PREFIX_PATH}:/home/pi/Legacy/URC-2026/drive_ros2_ws/install/drive_manager:/home/pi/Legacy/URC-2026/embedded_ros2_ws/install/drive:/home/pi/Legacy/URC-2026/embedded_ros2_ws/install/serializer_nodes_demo:/home/pi/Legacy/Testing/ros2_ws/install/rover_motor_command:/opt/ros/humble /usr/bin/cmake --install /home/pi/Legacy/URC-2026/drive_ros2_ws/build/drive_teleop
