[0.133s] Invoking command in '/home/pi/Legacy/URC-2026/embedded_ros2_ws/build/cubemars_can': CMAKE_PREFIX_PATH=${CMAKE_PREFIX_PATH}:/home/pi/Legacy/URC-2026/embedded_ros2_ws/install/blender_motor:/home/pi/Legacy/Testing/ros2_ws/install/rover_motor_command:/home/pi/Legacy/URC-2026/drive_ros2_ws/install/drive_manager:/opt/ros/humble /usr/bin/cmake --build /home/pi/Legacy/URC-2026/embedded_ros2_ws/build/cubemars_can -- -j4 -l4
[0.284s] -- Found ament_cmake: 1.3.12 (/opt/ros/humble/share/ament_cmake/cmake)
[1.919s] -- Found rclcpp: 16.0.17 (/opt/ros/humble/share/rclcpp/cmake)
[2.276s] -- Found rosidl_generator_c: 3.1.8 (/opt/ros/humble/share/rosidl_generator_c/cmake)
[2.289s] -- Found rosidl_adapter: 3.1.8 (/opt/ros/humble/share/rosidl_adapter/cmake)
[2.357s] -- Found rosidl_generator_cpp: 3.1.8 (/opt/ros/humble/share/rosidl_generator_cpp/cmake)
[2.464s] -- Using all available rosidl_typesupport_c: rosidl_typesupport_fastrtps_c;rosidl_typesupport_introspection_c
[2.589s] -- Using all available rosidl_typesupport_cpp: rosidl_typesupport_fastrtps_cpp;rosidl_typesupport_introspection_cpp
[2.983s] -- Found rmw_implementation_cmake: 6.1.2 (/opt/ros/humble/share/rmw_implementation_cmake/cmake)
[2.993s] -- Found rmw_fastrtps_cpp: 6.2.9 (/opt/ros/humble/share/rmw_fastrtps_cpp/cmake)
[3.702s] -- Using RMW implementation 'rmw_fastrtps_cpp' as default
[4.036s] -- Found rosidl_default_generators: 1.2.0 (/opt/ros/humble/share/rosidl_default_generators/cmake)
[6.304s] -- Found ament_cmake_ros: 0.10.0 (/opt/ros/humble/share/ament_cmake_ros/cmake)
[8.687s] -- Using all available rosidl_typesupport_c: rosidl_typesupport_fastrtps_c;rosidl_typesupport_introspection_c
[9.878s] -- Using all available rosidl_typesupport_cpp: rosidl_typesupport_fastrtps_cpp;rosidl_typesupport_introspection_cpp
[10.244s] -- Found python_cmake_module: 0.10.0 (/opt/ros/humble/share/python_cmake_module/cmake)
[10.552s] -- Using PYTHON_EXECUTABLE: /usr/bin/python3
[10.553s] -- Using PYTHON_INCLUDE_DIRS: /usr/include/python3.10
[10.554s] -- Using PYTHON_LIBRARIES: /usr/lib/aarch64-linux-gnu/libpython3.10.so
[10.695s] -- Configuring done
[10.995s] -- Generating done
[11.083s] -- Build files have been written to: /home/pi/Legacy/URC-2026/embedded_ros2_ws/build/cubemars_can
[11.476s] [  2%] [34m[1mGenerating C code for ROS interfaces[0m
[11.729s] [  4%] [34m[1mGenerating C++ code for ROS interfaces[0m
[11.876s] [  4%] Built target ament_cmake_python_copy_cubemars_can
[15.486s] running egg_info
[15.491s] writing cubemars_can.egg-info/PKG-INFO
[15.494s] writing dependency_links to cubemars_can.egg-info/dependency_links.txt
[15.496s] writing top-level names to cubemars_can.egg-info/top_level.txt
[15.510s] reading manifest file 'cubemars_can.egg-info/SOURCES.txt'
[15.515s] writing manifest file 'cubemars_can.egg-info/SOURCES.txt'
[15.811s] [  4%] Built target ament_cmake_python_build_cubemars_can_egg
[15.816s] [  4%] Built target cubemars_can__cpp
[15.935s] [  6%] [34m[1mGenerating C++ type support for eProsima Fast-RTPS[0m
[15.936s] [  9%] [34m[1mGenerating C++ type support dispatch for ROS interfaces[0m
[16.028s] [35m[1mConsolidate compiler generated dependencies of target cubemars_can__rosidl_generator_c[0m
[16.081s] [ 11%] [34m[1mGenerating C++ introspection for ROS interfaces[0m
[16.200s] [ 13%] [32mBuilding C object CMakeFiles/cubemars_can__rosidl_generator_c.dir/rosidl_generator_c/cubemars_can/msg/detail/control_message__functions.c.o[0m
[16.836s] [ 15%] [32mBuilding C object CMakeFiles/cubemars_can__rosidl_generator_c.dir/rosidl_generator_c/cubemars_can/msg/detail/controller_status__functions.c.o[0m
[17.508s] [ 18%] [32m[1mLinking C shared library libcubemars_can__rosidl_generator_c.so[0m
[18.067s] [ 18%] Built target cubemars_can__rosidl_generator_c
[18.241s] [ 20%] [34m[1mGenerating C type support for eProsima Fast-RTPS[0m
[18.575s] [35m[1mConsolidate compiler generated dependencies of target cubemars_can__rosidl_typesupport_cpp[0m
[18.809s] [ 22%] [32mBuilding CXX object CMakeFiles/cubemars_can__rosidl_typesupport_cpp.dir/rosidl_typesupport_cpp/cubemars_can/msg/control_message__type_support.cpp.o[0m
[19.290s] [35m[1mConsolidate compiler generated dependencies of target cubemars_can__rosidl_typesupport_introspection_cpp[0m
[19.466s] [35m[1mConsolidate compiler generated dependencies of target cubemars_can__rosidl_typesupport_fastrtps_cpp[0m
[19.525s] [ 25%] [32mBuilding CXX object CMakeFiles/cubemars_can__rosidl_typesupport_introspection_cpp.dir/rosidl_typesupport_introspection_cpp/cubemars_can/msg/detail/control_message__type_support.cpp.o[0m
[19.650s] [ 27%] [32mBuilding CXX object CMakeFiles/cubemars_can__rosidl_typesupport_fastrtps_cpp.dir/rosidl_typesupport_fastrtps_cpp/cubemars_can/msg/detail/dds_fastrtps/control_message__type_support.cpp.o[0m
[21.738s] [35m[1mConsolidate compiler generated dependencies of target cubemars_can__rosidl_typesupport_fastrtps_c[0m
[21.965s] [ 29%] [32mBuilding CXX object CMakeFiles/cubemars_can__rosidl_typesupport_fastrtps_c.dir/rosidl_typesupport_fastrtps_c/cubemars_can/msg/detail/control_message__type_support_c.cpp.o[0m
[22.452s] [ 31%] [32mBuilding CXX object CMakeFiles/cubemars_can__rosidl_typesupport_cpp.dir/rosidl_typesupport_cpp/cubemars_can/msg/controller_status__type_support.cpp.o[0m
[24.448s] [ 34%] [32mBuilding CXX object CMakeFiles/cubemars_can__rosidl_typesupport_introspection_cpp.dir/rosidl_typesupport_introspection_cpp/cubemars_can/msg/detail/controller_status__type_support.cpp.o[0m
[24.465s] [ 36%] [32mBuilding CXX object CMakeFiles/cubemars_can__rosidl_typesupport_fastrtps_cpp.dir/rosidl_typesupport_fastrtps_cpp/cubemars_can/msg/detail/dds_fastrtps/controller_status__type_support.cpp.o[0m
[25.868s] [ 38%] [32m[1mLinking CXX shared library libcubemars_can__rosidl_typesupport_cpp.so[0m
[25.964s] [ 40%] [32mBuilding CXX object CMakeFiles/cubemars_can__rosidl_typesupport_fastrtps_c.dir/rosidl_typesupport_fastrtps_c/cubemars_can/msg/detail/controller_status__type_support_c.cpp.o[0m
[26.251s] [ 40%] Built target cubemars_can__rosidl_typesupport_cpp
[26.340s] [ 43%] [34m[1mGenerating C introspection for ROS interfaces[0m
[29.088s] [ 45%] [32m[1mLinking CXX shared library libcubemars_can__rosidl_typesupport_introspection_cpp.so[0m
[29.306s] [ 47%] [32m[1mLinking CXX shared library libcubemars_can__rosidl_typesupport_fastrtps_cpp.so[0m
[29.644s] [ 47%] Built target cubemars_can__rosidl_typesupport_introspection_cpp
[29.782s] [ 50%] [34m[1mGenerating C type support dispatch for ROS interfaces[0m
[30.092s] [ 50%] Built target cubemars_can__rosidl_typesupport_fastrtps_cpp
[30.156s] [35m[1mConsolidate compiler generated dependencies of target cubemars_can__rosidl_typesupport_introspection_c[0m
[30.192s] [35m[1mConsolidate compiler generated dependencies of target cubemars_can_node[0m
[30.366s] [ 52%] [32mBuilding C object CMakeFiles/cubemars_can__rosidl_typesupport_introspection_c.dir/rosidl_typesupport_introspection_c/cubemars_can/msg/detail/control_message__type_support.c.o[0m
[30.457s] [ 54%] [32mBuilding CXX object CMakeFiles/cubemars_can_node.dir/src/cubemars_can_node.cpp.o[0m
[30.482s] [ 56%] [32m[1mLinking CXX shared library libcubemars_can__rosidl_typesupport_fastrtps_c.so[0m
[30.932s] [ 59%] [32mBuilding C object CMakeFiles/cubemars_can__rosidl_typesupport_introspection_c.dir/rosidl_typesupport_introspection_c/cubemars_can/msg/detail/controller_status__type_support.c.o[0m
[31.244s] [ 59%] Built target cubemars_can__rosidl_typesupport_fastrtps_c
[31.393s] [ 61%] [32mBuilding CXX object CMakeFiles/cubemars_can_node.dir/src/main.cpp.o[0m
[31.494s] [ 63%] [32m[1mLinking C shared library libcubemars_can__rosidl_typesupport_introspection_c.so[0m
[31.870s] [ 63%] Built target cubemars_can__rosidl_typesupport_introspection_c
[32.678s] [35m[1mConsolidate compiler generated dependencies of target cubemars_can__rosidl_typesupport_c[0m
[32.834s] [ 65%] [32mBuilding CXX object CMakeFiles/cubemars_can__rosidl_typesupport_c.dir/rosidl_typesupport_c/cubemars_can/msg/control_message__type_support.cpp.o[0m
[32.862s] [ 68%] [32mBuilding CXX object CMakeFiles/cubemars_can__rosidl_typesupport_c.dir/rosidl_typesupport_c/cubemars_can/msg/controller_status__type_support.cpp.o[0m
[33.272s] [ 70%] [32m[1mLinking CXX shared library libcubemars_can__rosidl_typesupport_c.so[0m
[33.663s] [ 70%] Built target cubemars_can__rosidl_typesupport_c
[33.907s] [ 70%] Built target cubemars_can
[34.237s] [ 72%] [34m[1mGenerating Python code for ROS interfaces[0m
[39.279s] [ 72%] Built target cubemars_can__py
[39.421s] [35m[1mConsolidate compiler generated dependencies of target cubemars_can__rosidl_generator_py[0m
[39.617s] [ 75%] [32mBuilding C object CMakeFiles/cubemars_can__rosidl_generator_py.dir/rosidl_generator_py/cubemars_can/msg/_control_message_s.c.o[0m
[39.690s] [ 77%] [32mBuilding C object CMakeFiles/cubemars_can__rosidl_generator_py.dir/rosidl_generator_py/cubemars_can/msg/_controller_status_s.c.o[0m
[41.048s] [ 79%] [32m[1mLinking C shared library rosidl_generator_py/cubemars_can/libcubemars_can__rosidl_generator_py.so[0m
[41.414s] [ 79%] Built target cubemars_can__rosidl_generator_py
[41.559s] [35m[1mConsolidate compiler generated dependencies of target cubemars_can__rosidl_typesupport_fastrtps_c__pyext[0m
[41.709s] [ 81%] [32mBuilding C object CMakeFiles/cubemars_can__rosidl_typesupport_fastrtps_c__pyext.dir/rosidl_generator_py/cubemars_can/_cubemars_can_s.ep.rosidl_typesupport_fastrtps_c.c.o[0m
[42.694s] [ 84%] [32m[1mLinking C shared library rosidl_generator_py/cubemars_can/cubemars_can_s__rosidl_typesupport_fastrtps_c.cpython-310-aarch64-linux-gnu.so[0m
[42.740s] [35m[1mConsolidate compiler generated dependencies of target cubemars_can__rosidl_typesupport_introspection_c__pyext[0m
[42.934s] [ 86%] [32mBuilding C object CMakeFiles/cubemars_can__rosidl_typesupport_introspection_c__pyext.dir/rosidl_generator_py/cubemars_can/_cubemars_can_s.ep.rosidl_typesupport_introspection_c.c.o[0m
[43.207s] [ 86%] Built target cubemars_can__rosidl_typesupport_fastrtps_c__pyext
[43.385s] [35m[1mConsolidate compiler generated dependencies of target cubemars_can__rosidl_typesupport_c__pyext[0m
[43.605s] [ 88%] [32mBuilding C object CMakeFiles/cubemars_can__rosidl_typesupport_c__pyext.dir/rosidl_generator_py/cubemars_can/_cubemars_can_s.ep.rosidl_typesupport_c.c.o[0m
[44.254s] [ 90%] [32m[1mLinking C shared library rosidl_generator_py/cubemars_can/cubemars_can_s__rosidl_typesupport_introspection_c.cpython-310-aarch64-linux-gnu.so[0m
[44.601s] [ 90%] Built target cubemars_can__rosidl_typesupport_introspection_c__pyext
[44.855s] [ 93%] [32m[1mLinking C shared library rosidl_generator_py/cubemars_can/cubemars_can_s__rosidl_typesupport_c.cpython-310-aarch64-linux-gnu.so[0m
[45.307s] [ 93%] Built target cubemars_can__rosidl_typesupport_c__pyext
[83.123s] [ 95%] [32m[1mLinking CXX executable cubemars_can_node[0m
[84.996s] [100%] Built target cubemars_can_node
[85.052s] Invoked command in '/home/pi/Legacy/URC-2026/embedded_ros2_ws/build/cubemars_can' returned '0': CMAKE_PREFIX_PATH=${CMAKE_PREFIX_PATH}:/home/pi/Legacy/URC-2026/embedded_ros2_ws/install/blender_motor:/home/pi/Legacy/Testing/ros2_ws/install/rover_motor_command:/home/pi/Legacy/URC-2026/drive_ros2_ws/install/drive_manager:/opt/ros/humble /usr/bin/cmake --build /home/pi/Legacy/URC-2026/embedded_ros2_ws/build/cubemars_can -- -j4 -l4
[85.062s] Invoking command in '/home/pi/Legacy/URC-2026/embedded_ros2_ws/build/cubemars_can': CMAKE_PREFIX_PATH=${CMAKE_PREFIX_PATH}:/home/pi/Legacy/URC-2026/embedded_ros2_ws/install/blender_motor:/home/pi/Legacy/Testing/ros2_ws/install/rover_motor_command:/home/pi/Legacy/URC-2026/drive_ros2_ws/install/drive_manager:/opt/ros/humble /usr/bin/cmake --install /home/pi/Legacy/URC-2026/embedded_ros2_ws/build/cubemars_can
[85.099s] -- Install configuration: ""
[85.100s] -- Up-to-date: /home/pi/Legacy/URC-2026/embedded_ros2_ws/install/cubemars_can/share/ament_index/resource_index/rosidl_interfaces/cubemars_can
[85.101s] -- Up-to-date: /home/pi/Legacy/URC-2026/embedded_ros2_ws/install/cubemars_can/include/cubemars_can/cubemars_can
[85.102s] -- Up-to-date: /home/pi/Legacy/URC-2026/embedded_ros2_ws/install/cubemars_can/include/cubemars_can/cubemars_can/msg
[85.102s] -- Installing: /home/pi/Legacy/URC-2026/embedded_ros2_ws/install/cubemars_can/include/cubemars_can/cubemars_can/msg/controller_status.h
[85.104s] -- Installing: /home/pi/Legacy/URC-2026/embedded_ros2_ws/install/cubemars_can/include/cubemars_can/cubemars_can/msg/control_message.h
[85.105s] -- Up-to-date: /home/pi/Legacy/URC-2026/embedded_ros2_ws/install/cubemars_can/include/cubemars_can/cubemars_can/msg/rosidl_generator_c__visibility_control.h
[85.106s] -- Up-to-date: /home/pi/Legacy/URC-2026/embedded_ros2_ws/install/cubemars_can/include/cubemars_can/cubemars_can/msg/detail
[85.106s] -- Installing: /home/pi/Legacy/URC-2026/embedded_ros2_ws/install/cubemars_can/include/cubemars_can/cubemars_can/msg/detail/control_message__functions.c
[85.108s] -- Installing: /home/pi/Legacy/URC-2026/embedded_ros2_ws/install/cubemars_can/include/cubemars_can/cubemars_can/msg/detail/controller_status__functions.c
[85.109s] -- Installing: /home/pi/Legacy/URC-2026/embedded_ros2_ws/install/cubemars_can/include/cubemars_can/cubemars_can/msg/detail/controller_status__functions.h
[85.111s] -- Installing: /home/pi/Legacy/URC-2026/embedded_ros2_ws/install/cubemars_can/include/cubemars_can/cubemars_can/msg/detail/control_message__struct.h
[85.113s] -- Installing: /home/pi/Legacy/URC-2026/embedded_ros2_ws/install/cubemars_can/include/cubemars_can/cubemars_can/msg/detail/control_message__type_support.h
[85.114s] -- Installing: /home/pi/Legacy/URC-2026/embedded_ros2_ws/install/cubemars_can/include/cubemars_can/cubemars_can/msg/detail/controller_status__type_support.h
[85.116s] -- Installing: /home/pi/Legacy/URC-2026/embedded_ros2_ws/install/cubemars_can/include/cubemars_can/cubemars_can/msg/detail/control_message__functions.h
[85.117s] -- Installing: /home/pi/Legacy/URC-2026/embedded_ros2_ws/install/cubemars_can/include/cubemars_can/cubemars_can/msg/detail/controller_status__struct.h
[85.119s] -- Up-to-date: /home/pi/Legacy/URC-2026/embedded_ros2_ws/install/cubemars_can/share/cubemars_can/environment/library_path.sh
[85.120s] -- Installing: /home/pi/Legacy/URC-2026/embedded_ros2_ws/install/cubemars_can/share/cubemars_can/environment/library_path.dsv
[85.122s] -- Installing: /home/pi/Legacy/URC-2026/embedded_ros2_ws/install/cubemars_can/lib/libcubemars_can__rosidl_generator_c.so
[85.125s] -- Set runtime path of "/home/pi/Legacy/URC-2026/embedded_ros2_ws/install/cubemars_can/lib/libcubemars_can__rosidl_generator_c.so" to ""
[85.126s] -- Up-to-date: /home/pi/Legacy/URC-2026/embedded_ros2_ws/install/cubemars_can/include/cubemars_can/cubemars_can
[85.127s] -- Up-to-date: /home/pi/Legacy/URC-2026/embedded_ros2_ws/install/cubemars_can/include/cubemars_can/cubemars_can/msg
[85.128s] -- Up-to-date: /home/pi/Legacy/URC-2026/embedded_ros2_ws/install/cubemars_can/include/cubemars_can/cubemars_can/msg/rosidl_typesupport_fastrtps_c__visibility_control.h
[85.128s] -- Up-to-date: /home/pi/Legacy/URC-2026/embedded_ros2_ws/install/cubemars_can/include/cubemars_can/cubemars_can/msg/detail
[85.128s] -- Installing: /home/pi/Legacy/URC-2026/embedded_ros2_ws/install/cubemars_can/include/cubemars_can/cubemars_can/msg/detail/controller_status__rosidl_typesupport_fastrtps_c.h
[85.129s] -- Installing: /home/pi/Legacy/URC-2026/embedded_ros2_ws/install/cubemars_can/include/cubemars_can/cubemars_can/msg/detail/control_message__rosidl_typesupport_fastrtps_c.h
[85.132s] -- Installing: /home/pi/Legacy/URC-2026/embedded_ros2_ws/install/cubemars_can/lib/libcubemars_can__rosidl_typesupport_fastrtps_c.so
[85.136s] -- Set runtime path of "/home/pi/Legacy/URC-2026/embedded_ros2_ws/install/cubemars_can/lib/libcubemars_can__rosidl_typesupport_fastrtps_c.so" to ""
[85.136s] -- Up-to-date: /home/pi/Legacy/URC-2026/embedded_ros2_ws/install/cubemars_can/include/cubemars_can/cubemars_can
[85.137s] -- Up-to-date: /home/pi/Legacy/URC-2026/embedded_ros2_ws/install/cubemars_can/include/cubemars_can/cubemars_can/msg
[85.137s] -- Installing: /home/pi/Legacy/URC-2026/embedded_ros2_ws/install/cubemars_can/include/cubemars_can/cubemars_can/msg/controller_status.hpp
[85.138s] -- Installing: /home/pi/Legacy/URC-2026/embedded_ros2_ws/install/cubemars_can/include/cubemars_can/cubemars_can/msg/control_message.hpp
[85.139s] -- Up-to-date: /home/pi/Legacy/URC-2026/embedded_ros2_ws/install/cubemars_can/include/cubemars_can/cubemars_can/msg/detail
[85.140s] -- Installing: /home/pi/Legacy/URC-2026/embedded_ros2_ws/install/cubemars_can/include/cubemars_can/cubemars_can/msg/detail/controller_status__type_support.hpp
[85.142s] -- Installing: /home/pi/Legacy/URC-2026/embedded_ros2_ws/install/cubemars_can/include/cubemars_can/cubemars_can/msg/detail/control_message__type_support.hpp
[85.143s] -- Installing: /home/pi/Legacy/URC-2026/embedded_ros2_ws/install/cubemars_can/include/cubemars_can/cubemars_can/msg/detail/controller_status__builder.hpp
[85.144s] -- Installing: /home/pi/Legacy/URC-2026/embedded_ros2_ws/install/cubemars_can/include/cubemars_can/cubemars_can/msg/detail/control_message__traits.hpp
[85.146s] -- Installing: /home/pi/Legacy/URC-2026/embedded_ros2_ws/install/cubemars_can/include/cubemars_can/cubemars_can/msg/detail/controller_status__traits.hpp
[85.148s] -- Installing: /home/pi/Legacy/URC-2026/embedded_ros2_ws/install/cubemars_can/include/cubemars_can/cubemars_can/msg/detail/controller_status__struct.hpp
[85.149s] -- Installing: /home/pi/Legacy/URC-2026/embedded_ros2_ws/install/cubemars_can/include/cubemars_can/cubemars_can/msg/detail/control_message__struct.hpp
[85.151s] -- Installing: /home/pi/Legacy/URC-2026/embedded_ros2_ws/install/cubemars_can/include/cubemars_can/cubemars_can/msg/detail/control_message__builder.hpp
[85.153s] -- Up-to-date: /home/pi/Legacy/URC-2026/embedded_ros2_ws/install/cubemars_can/include/cubemars_can/cubemars_can/msg/rosidl_generator_cpp__visibility_control.hpp
[85.153s] -- Up-to-date: /home/pi/Legacy/URC-2026/embedded_ros2_ws/install/cubemars_can/include/cubemars_can/cubemars_can
[85.154s] -- Up-to-date: /home/pi/Legacy/URC-2026/embedded_ros2_ws/install/cubemars_can/include/cubemars_can/cubemars_can/msg
[85.155s] -- Up-to-date: /home/pi/Legacy/URC-2026/embedded_ros2_ws/install/cubemars_can/include/cubemars_can/cubemars_can/msg/rosidl_typesupport_fastrtps_cpp__visibility_control.h
[85.155s] -- Up-to-date: /home/pi/Legacy/URC-2026/embedded_ros2_ws/install/cubemars_can/include/cubemars_can/cubemars_can/msg/detail
[85.156s] -- Up-to-date: /home/pi/Legacy/URC-2026/embedded_ros2_ws/install/cubemars_can/include/cubemars_can/cubemars_can/msg/detail/dds_fastrtps
[85.156s] -- Installing: /home/pi/Legacy/URC-2026/embedded_ros2_ws/install/cubemars_can/include/cubemars_can/cubemars_can/msg/detail/controller_status__rosidl_typesupport_fastrtps_cpp.hpp
[85.157s] -- Installing: /home/pi/Legacy/URC-2026/embedded_ros2_ws/install/cubemars_can/include/cubemars_can/cubemars_can/msg/detail/control_message__rosidl_typesupport_fastrtps_cpp.hpp
[85.160s] -- Installing: /home/pi/Legacy/URC-2026/embedded_ros2_ws/install/cubemars_can/lib/libcubemars_can__rosidl_typesupport_fastrtps_cpp.so
[85.163s] -- Set runtime path of "/home/pi/Legacy/URC-2026/embedded_ros2_ws/install/cubemars_can/lib/libcubemars_can__rosidl_typesupport_fastrtps_cpp.so" to ""
[85.164s] -- Up-to-date: /home/pi/Legacy/URC-2026/embedded_ros2_ws/install/cubemars_can/include/cubemars_can/cubemars_can
[85.165s] -- Up-to-date: /home/pi/Legacy/URC-2026/embedded_ros2_ws/install/cubemars_can/include/cubemars_can/cubemars_can/msg
[85.165s] -- Up-to-date: /home/pi/Legacy/URC-2026/embedded_ros2_ws/install/cubemars_can/include/cubemars_can/cubemars_can/msg/detail
[85.165s] -- Installing: /home/pi/Legacy/URC-2026/embedded_ros2_ws/install/cubemars_can/include/cubemars_can/cubemars_can/msg/detail/control_message__rosidl_typesupport_introspection_c.h
[85.167s] -- Installing: /home/pi/Legacy/URC-2026/embedded_ros2_ws/install/cubemars_can/include/cubemars_can/cubemars_can/msg/detail/control_message__type_support.c
[85.168s] -- Installing: /home/pi/Legacy/URC-2026/embedded_ros2_ws/install/cubemars_can/include/cubemars_can/cubemars_can/msg/detail/controller_status__rosidl_typesupport_introspection_c.h
[85.170s] -- Installing: /home/pi/Legacy/URC-2026/embedded_ros2_ws/install/cubemars_can/include/cubemars_can/cubemars_can/msg/detail/controller_status__type_support.c
[85.172s] -- Up-to-date: /home/pi/Legacy/URC-2026/embedded_ros2_ws/install/cubemars_can/include/cubemars_can/cubemars_can/msg/rosidl_typesupport_introspection_c__visibility_control.h
[85.173s] -- Installing: /home/pi/Legacy/URC-2026/embedded_ros2_ws/install/cubemars_can/lib/libcubemars_can__rosidl_typesupport_introspection_c.so
[85.176s] -- Set runtime path of "/home/pi/Legacy/URC-2026/embedded_ros2_ws/install/cubemars_can/lib/libcubemars_can__rosidl_typesupport_introspection_c.so" to ""
[85.178s] -- Installing: /home/pi/Legacy/URC-2026/embedded_ros2_ws/install/cubemars_can/lib/libcubemars_can__rosidl_typesupport_c.so
[85.180s] -- Set runtime path of "/home/pi/Legacy/URC-2026/embedded_ros2_ws/install/cubemars_can/lib/libcubemars_can__rosidl_typesupport_c.so" to ""
[85.181s] -- Up-to-date: /home/pi/Legacy/URC-2026/embedded_ros2_ws/install/cubemars_can/include/cubemars_can/cubemars_can
[85.182s] -- Up-to-date: /home/pi/Legacy/URC-2026/embedded_ros2_ws/install/cubemars_can/include/cubemars_can/cubemars_can/msg
[85.182s] -- Up-to-date: /home/pi/Legacy/URC-2026/embedded_ros2_ws/install/cubemars_can/include/cubemars_can/cubemars_can/msg/detail
[85.182s] -- Installing: /home/pi/Legacy/URC-2026/embedded_ros2_ws/install/cubemars_can/include/cubemars_can/cubemars_can/msg/detail/control_message__type_support.cpp
[85.183s] -- Installing: /home/pi/Legacy/URC-2026/embedded_ros2_ws/install/cubemars_can/include/cubemars_can/cubemars_can/msg/detail/control_message__rosidl_typesupport_introspection_cpp.hpp
[85.185s] -- Installing: /home/pi/Legacy/URC-2026/embedded_ros2_ws/install/cubemars_can/include/cubemars_can/cubemars_can/msg/detail/controller_status__type_support.cpp
[85.187s] -- Installing: /home/pi/Legacy/URC-2026/embedded_ros2_ws/install/cubemars_can/include/cubemars_can/cubemars_can/msg/detail/controller_status__rosidl_typesupport_introspection_cpp.hpp
[85.189s] -- Installing: /home/pi/Legacy/URC-2026/embedded_ros2_ws/install/cubemars_can/lib/libcubemars_can__rosidl_typesupport_introspection_cpp.so
[85.192s] -- Set runtime path of "/home/pi/Legacy/URC-2026/embedded_ros2_ws/install/cubemars_can/lib/libcubemars_can__rosidl_typesupport_introspection_cpp.so" to ""
[85.194s] -- Installing: /home/pi/Legacy/URC-2026/embedded_ros2_ws/install/cubemars_can/lib/libcubemars_can__rosidl_typesupport_cpp.so
[85.197s] -- Set runtime path of "/home/pi/Legacy/URC-2026/embedded_ros2_ws/install/cubemars_can/lib/libcubemars_can__rosidl_typesupport_cpp.so" to ""
[85.197s] -- Up-to-date: /home/pi/Legacy/URC-2026/embedded_ros2_ws/install/cubemars_can/share/cubemars_can/environment/pythonpath.sh
[85.198s] -- Installing: /home/pi/Legacy/URC-2026/embedded_ros2_ws/install/cubemars_can/share/cubemars_can/environment/pythonpath.dsv
[85.199s] -- Up-to-date: /home/pi/Legacy/URC-2026/embedded_ros2_ws/install/cubemars_can/local/lib/python3.10/dist-packages/cubemars_can-0.0.1-py3.10.egg-info
[85.200s] -- Installing: /home/pi/Legacy/URC-2026/embedded_ros2_ws/install/cubemars_can/local/lib/python3.10/dist-packages/cubemars_can-0.0.1-py3.10.egg-info/PKG-INFO
[85.201s] -- Installing: /home/pi/Legacy/URC-2026/embedded_ros2_ws/install/cubemars_can/local/lib/python3.10/dist-packages/cubemars_can-0.0.1-py3.10.egg-info/top_level.txt
[85.203s] -- Installing: /home/pi/Legacy/URC-2026/embedded_ros2_ws/install/cubemars_can/local/lib/python3.10/dist-packages/cubemars_can-0.0.1-py3.10.egg-info/SOURCES.txt
[85.204s] -- Installing: /home/pi/Legacy/URC-2026/embedded_ros2_ws/install/cubemars_can/local/lib/python3.10/dist-packages/cubemars_can-0.0.1-py3.10.egg-info/dependency_links.txt
[85.206s] -- Up-to-date: /home/pi/Legacy/URC-2026/embedded_ros2_ws/install/cubemars_can/local/lib/python3.10/dist-packages/cubemars_can
[85.207s] -- Installing: /home/pi/Legacy/URC-2026/embedded_ros2_ws/install/cubemars_can/local/lib/python3.10/dist-packages/cubemars_can/__init__.py
[85.208s] -- Installing: /home/pi/Legacy/URC-2026/embedded_ros2_ws/install/cubemars_can/local/lib/python3.10/dist-packages/cubemars_can/_cubemars_can_s.ep.rosidl_typesupport_introspection_c.c
[85.210s] -- Installing: /home/pi/Legacy/URC-2026/embedded_ros2_ws/install/cubemars_can/local/lib/python3.10/dist-packages/cubemars_can/cubemars_can_s__rosidl_typesupport_fastrtps_c.cpython-310-aarch64-linux-gnu.so
[85.212s] -- Installing: /home/pi/Legacy/URC-2026/embedded_ros2_ws/install/cubemars_can/local/lib/python3.10/dist-packages/cubemars_can/cubemars_can_s__rosidl_typesupport_introspection_c.cpython-310-aarch64-linux-gnu.so
[85.213s] -- Installing: /home/pi/Legacy/URC-2026/embedded_ros2_ws/install/cubemars_can/local/lib/python3.10/dist-packages/cubemars_can/libcubemars_can__rosidl_generator_py.so
[85.215s] -- Up-to-date: /home/pi/Legacy/URC-2026/embedded_ros2_ws/install/cubemars_can/local/lib/python3.10/dist-packages/cubemars_can/msg
[85.216s] -- Installing: /home/pi/Legacy/URC-2026/embedded_ros2_ws/install/cubemars_can/local/lib/python3.10/dist-packages/cubemars_can/msg/__init__.py
[85.217s] -- Installing: /home/pi/Legacy/URC-2026/embedded_ros2_ws/install/cubemars_can/local/lib/python3.10/dist-packages/cubemars_can/msg/_controller_status_s.c
[85.219s] -- Installing: /home/pi/Legacy/URC-2026/embedded_ros2_ws/install/cubemars_can/local/lib/python3.10/dist-packages/cubemars_can/msg/_control_message_s.c
[85.220s] -- Installing: /home/pi/Legacy/URC-2026/embedded_ros2_ws/install/cubemars_can/local/lib/python3.10/dist-packages/cubemars_can/msg/_controller_status.py
[85.222s] -- Installing: /home/pi/Legacy/URC-2026/embedded_ros2_ws/install/cubemars_can/local/lib/python3.10/dist-packages/cubemars_can/msg/_control_message.py
[85.223s] -- Installing: /home/pi/Legacy/URC-2026/embedded_ros2_ws/install/cubemars_can/local/lib/python3.10/dist-packages/cubemars_can/_cubemars_can_s.ep.rosidl_typesupport_c.c
[85.225s] -- Installing: /home/pi/Legacy/URC-2026/embedded_ros2_ws/install/cubemars_can/local/lib/python3.10/dist-packages/cubemars_can/cubemars_can_s__rosidl_typesupport_c.cpython-310-aarch64-linux-gnu.so
[85.227s] -- Installing: /home/pi/Legacy/URC-2026/embedded_ros2_ws/install/cubemars_can/local/lib/python3.10/dist-packages/cubemars_can/_cubemars_can_s.ep.rosidl_typesupport_fastrtps_c.c
[85.456s] Listing '/home/pi/Legacy/URC-2026/embedded_ros2_ws/install/cubemars_can/local/lib/python3.10/dist-packages/cubemars_can'...
[85.458s] Compiling '/home/pi/Legacy/URC-2026/embedded_ros2_ws/install/cubemars_can/local/lib/python3.10/dist-packages/cubemars_can/__init__.py'...
[85.459s] Listing '/home/pi/Legacy/URC-2026/embedded_ros2_ws/install/cubemars_can/local/lib/python3.10/dist-packages/cubemars_can/msg'...
[85.460s] Compiling '/home/pi/Legacy/URC-2026/embedded_ros2_ws/install/cubemars_can/local/lib/python3.10/dist-packages/cubemars_can/msg/__init__.py'...
[85.461s] Compiling '/home/pi/Legacy/URC-2026/embedded_ros2_ws/install/cubemars_can/local/lib/python3.10/dist-packages/cubemars_can/msg/_control_message.py'...
[85.462s] Compiling '/home/pi/Legacy/URC-2026/embedded_ros2_ws/install/cubemars_can/local/lib/python3.10/dist-packages/cubemars_can/msg/_controller_status.py'...
[85.487s] -- Installing: /home/pi/Legacy/URC-2026/embedded_ros2_ws/install/cubemars_can/local/lib/python3.10/dist-packages/cubemars_can/cubemars_can_s__rosidl_typesupport_fastrtps_c.cpython-310-aarch64-linux-gnu.so
[85.490s] -- Set runtime path of "/home/pi/Legacy/URC-2026/embedded_ros2_ws/install/cubemars_can/local/lib/python3.10/dist-packages/cubemars_can/cubemars_can_s__rosidl_typesupport_fastrtps_c.cpython-310-aarch64-linux-gnu.so" to ""
[85.492s] -- Installing: /home/pi/Legacy/URC-2026/embedded_ros2_ws/install/cubemars_can/local/lib/python3.10/dist-packages/cubemars_can/cubemars_can_s__rosidl_typesupport_introspection_c.cpython-310-aarch64-linux-gnu.so
[85.495s] -- Set runtime path of "/home/pi/Legacy/URC-2026/embedded_ros2_ws/install/cubemars_can/local/lib/python3.10/dist-packages/cubemars_can/cubemars_can_s__rosidl_typesupport_introspection_c.cpython-310-aarch64-linux-gnu.so" to ""
[85.497s] -- Installing: /home/pi/Legacy/URC-2026/embedded_ros2_ws/install/cubemars_can/local/lib/python3.10/dist-packages/cubemars_can/cubemars_can_s__rosidl_typesupport_c.cpython-310-aarch64-linux-gnu.so
[85.500s] -- Set runtime path of "/home/pi/Legacy/URC-2026/embedded_ros2_ws/install/cubemars_can/local/lib/python3.10/dist-packages/cubemars_can/cubemars_can_s__rosidl_typesupport_c.cpython-310-aarch64-linux-gnu.so" to ""
[85.501s] -- Installing: /home/pi/Legacy/URC-2026/embedded_ros2_ws/install/cubemars_can/lib/libcubemars_can__rosidl_generator_py.so
[85.504s] -- Set runtime path of "/home/pi/Legacy/URC-2026/embedded_ros2_ws/install/cubemars_can/lib/libcubemars_can__rosidl_generator_py.so" to ""
[85.505s] -- Installing: /home/pi/Legacy/URC-2026/embedded_ros2_ws/install/cubemars_can/share/cubemars_can/msg/ControlMessage.idl
[85.506s] -- Installing: /home/pi/Legacy/URC-2026/embedded_ros2_ws/install/cubemars_can/share/cubemars_can/msg/ControllerStatus.idl
[85.508s] -- Installing: /home/pi/Legacy/URC-2026/embedded_ros2_ws/install/cubemars_can/share/cubemars_can/msg/ControlMessage.msg
[85.509s] -- Installing: /home/pi/Legacy/URC-2026/embedded_ros2_ws/install/cubemars_can/share/cubemars_can/msg/ControllerStatus.msg
[85.512s] -- Installing: /home/pi/Legacy/URC-2026/embedded_ros2_ws/install/cubemars_can/lib/cubemars_can/cubemars_can_node
[85.542s] -- Set runtime path of "/home/pi/Legacy/URC-2026/embedded_ros2_ws/install/cubemars_can/lib/cubemars_can/cubemars_can_node" to ""
[85.543s] -- Up-to-date: /home/pi/Legacy/URC-2026/embedded_ros2_ws/install/cubemars_can/share/cubemars_can/launch
[85.543s] -- Installing: /home/pi/Legacy/URC-2026/embedded_ros2_ws/install/cubemars_can/share/cubemars_can/launch/example_launch.yaml
[85.545s] -- Up-to-date: /home/pi/Legacy/URC-2026/embedded_ros2_ws/install/cubemars_can/share/ament_index/resource_index/package_run_dependencies/cubemars_can
[85.545s] -- Installing: /home/pi/Legacy/URC-2026/embedded_ros2_ws/install/cubemars_can/share/ament_index/resource_index/parent_prefix_path/cubemars_can
[85.547s] -- Up-to-date: /home/pi/Legacy/URC-2026/embedded_ros2_ws/install/cubemars_can/share/cubemars_can/environment/ament_prefix_path.sh
[85.548s] -- Installing: /home/pi/Legacy/URC-2026/embedded_ros2_ws/install/cubemars_can/share/cubemars_can/environment/ament_prefix_path.dsv
[85.549s] -- Up-to-date: /home/pi/Legacy/URC-2026/embedded_ros2_ws/install/cubemars_can/share/cubemars_can/environment/path.sh
[85.550s] -- Installing: /home/pi/Legacy/URC-2026/embedded_ros2_ws/install/cubemars_can/share/cubemars_can/environment/path.dsv
[85.551s] -- Up-to-date: /home/pi/Legacy/URC-2026/embedded_ros2_ws/install/cubemars_can/share/cubemars_can/local_setup.bash
[85.552s] -- Up-to-date: /home/pi/Legacy/URC-2026/embedded_ros2_ws/install/cubemars_can/share/cubemars_can/local_setup.sh
[85.553s] -- Up-to-date: /home/pi/Legacy/URC-2026/embedded_ros2_ws/install/cubemars_can/share/cubemars_can/local_setup.zsh
[85.553s] -- Installing: /home/pi/Legacy/URC-2026/embedded_ros2_ws/install/cubemars_can/share/cubemars_can/local_setup.dsv
[85.554s] -- Installing: /home/pi/Legacy/URC-2026/embedded_ros2_ws/install/cubemars_can/share/cubemars_can/package.dsv
[85.556s] -- Up-to-date: /home/pi/Legacy/URC-2026/embedded_ros2_ws/install/cubemars_can/share/ament_index/resource_index/packages/cubemars_can
[85.557s] -- Up-to-date: /home/pi/Legacy/URC-2026/embedded_ros2_ws/install/cubemars_can/share/cubemars_can/cmake/export_cubemars_can__rosidl_generator_cExport.cmake
[85.558s] -- Up-to-date: /home/pi/Legacy/URC-2026/embedded_ros2_ws/install/cubemars_can/share/cubemars_can/cmake/export_cubemars_can__rosidl_generator_cExport-noconfig.cmake
[85.559s] -- Up-to-date: /home/pi/Legacy/URC-2026/embedded_ros2_ws/install/cubemars_can/share/cubemars_can/cmake/export_cubemars_can__rosidl_typesupport_fastrtps_cExport.cmake
[85.559s] -- Up-to-date: /home/pi/Legacy/URC-2026/embedded_ros2_ws/install/cubemars_can/share/cubemars_can/cmake/export_cubemars_can__rosidl_typesupport_fastrtps_cExport-noconfig.cmake
[85.560s] -- Up-to-date: /home/pi/Legacy/URC-2026/embedded_ros2_ws/install/cubemars_can/share/cubemars_can/cmake/export_cubemars_can__rosidl_generator_cppExport.cmake
[85.561s] -- Up-to-date: /home/pi/Legacy/URC-2026/embedded_ros2_ws/install/cubemars_can/share/cubemars_can/cmake/export_cubemars_can__rosidl_typesupport_fastrtps_cppExport.cmake
[85.562s] -- Up-to-date: /home/pi/Legacy/URC-2026/embedded_ros2_ws/install/cubemars_can/share/cubemars_can/cmake/export_cubemars_can__rosidl_typesupport_fastrtps_cppExport-noconfig.cmake
[85.563s] -- Up-to-date: /home/pi/Legacy/URC-2026/embedded_ros2_ws/install/cubemars_can/share/cubemars_can/cmake/cubemars_can__rosidl_typesupport_introspection_cExport.cmake
[85.564s] -- Up-to-date: /home/pi/Legacy/URC-2026/embedded_ros2_ws/install/cubemars_can/share/cubemars_can/cmake/cubemars_can__rosidl_typesupport_introspection_cExport-noconfig.cmake
[85.565s] -- Up-to-date: /home/pi/Legacy/URC-2026/embedded_ros2_ws/install/cubemars_can/share/cubemars_can/cmake/cubemars_can__rosidl_typesupport_cExport.cmake
[85.565s] -- Up-to-date: /home/pi/Legacy/URC-2026/embedded_ros2_ws/install/cubemars_can/share/cubemars_can/cmake/cubemars_can__rosidl_typesupport_cExport-noconfig.cmake
[85.566s] -- Up-to-date: /home/pi/Legacy/URC-2026/embedded_ros2_ws/install/cubemars_can/share/cubemars_can/cmake/cubemars_can__rosidl_typesupport_introspection_cppExport.cmake
[85.567s] -- Up-to-date: /home/pi/Legacy/URC-2026/embedded_ros2_ws/install/cubemars_can/share/cubemars_can/cmake/cubemars_can__rosidl_typesupport_introspection_cppExport-noconfig.cmake
[85.568s] -- Up-to-date: /home/pi/Legacy/URC-2026/embedded_ros2_ws/install/cubemars_can/share/cubemars_can/cmake/cubemars_can__rosidl_typesupport_cppExport.cmake
[85.569s] -- Up-to-date: /home/pi/Legacy/URC-2026/embedded_ros2_ws/install/cubemars_can/share/cubemars_can/cmake/cubemars_can__rosidl_typesupport_cppExport-noconfig.cmake
[85.570s] -- Up-to-date: /home/pi/Legacy/URC-2026/embedded_ros2_ws/install/cubemars_can/share/cubemars_can/cmake/export_cubemars_can__rosidl_generator_pyExport.cmake
[85.571s] -- Up-to-date: /home/pi/Legacy/URC-2026/embedded_ros2_ws/install/cubemars_can/share/cubemars_can/cmake/export_cubemars_can__rosidl_generator_pyExport-noconfig.cmake
[85.571s] -- Up-to-date: /home/pi/Legacy/URC-2026/embedded_ros2_ws/install/cubemars_can/share/cubemars_can/cmake/rosidl_cmake-extras.cmake
[85.572s] -- Up-to-date: /home/pi/Legacy/URC-2026/embedded_ros2_ws/install/cubemars_can/share/cubemars_can/cmake/ament_cmake_export_include_directories-extras.cmake
[85.573s] -- Up-to-date: /home/pi/Legacy/URC-2026/embedded_ros2_ws/install/cubemars_can/share/cubemars_can/cmake/ament_cmake_export_libraries-extras.cmake
[85.573s] -- Up-to-date: /home/pi/Legacy/URC-2026/embedded_ros2_ws/install/cubemars_can/share/cubemars_can/cmake/ament_cmake_export_targets-extras.cmake
[85.574s] -- Up-to-date: /home/pi/Legacy/URC-2026/embedded_ros2_ws/install/cubemars_can/share/cubemars_can/cmake/rosidl_cmake_export_typesupport_targets-extras.cmake
[85.575s] -- Up-to-date: /home/pi/Legacy/URC-2026/embedded_ros2_ws/install/cubemars_can/share/cubemars_can/cmake/ament_cmake_export_dependencies-extras.cmake
[85.576s] -- Up-to-date: /home/pi/Legacy/URC-2026/embedded_ros2_ws/install/cubemars_can/share/cubemars_can/cmake/rosidl_cmake_export_typesupport_libraries-extras.cmake
[85.576s] -- Up-to-date: /home/pi/Legacy/URC-2026/embedded_ros2_ws/install/cubemars_can/share/cubemars_can/cmake/cubemars_canConfig.cmake
[85.577s] -- Up-to-date: /home/pi/Legacy/URC-2026/embedded_ros2_ws/install/cubemars_can/share/cubemars_can/cmake/cubemars_canConfig-version.cmake
[85.577s] -- Up-to-date: /home/pi/Legacy/URC-2026/embedded_ros2_ws/install/cubemars_can/share/cubemars_can/package.xml
[85.585s] Invoked command in '/home/pi/Legacy/URC-2026/embedded_ros2_ws/build/cubemars_can' returned '0': CMAKE_PREFIX_PATH=${CMAKE_PREFIX_PATH}:/home/pi/Legacy/URC-2026/embedded_ros2_ws/install/blender_motor:/home/pi/Legacy/Testing/ros2_ws/install/rover_motor_command:/home/pi/Legacy/URC-2026/drive_ros2_ws/install/drive_manager:/opt/ros/humble /usr/bin/cmake --install /home/pi/Legacy/URC-2026/embedded_ros2_ws/build/cubemars_can
