[0.116s] Invoking command in '/home/pi/Legacy/URC-2026/embedded_ros2_ws/build/odrive_can': CMAKE_PREFIX_PATH=${CMAKE_PREFIX_PATH}:/home/pi/Legacy/URC-2026/embedded_ros2_ws/install/blender_motor:/home/pi/Legacy/Testing/ros2_ws/install/rover_motor_command:/home/pi/Legacy/URC-2026/drive_ros2_ws/install/drive_manager:/opt/ros/humble /usr/bin/cmake --build /home/pi/Legacy/URC-2026/embedded_ros2_ws/build/odrive_can -- -j4 -l4
[0.264s] -- Found ament_cmake: 1.3.12 (/opt/ros/humble/share/ament_cmake/cmake)
[1.470s] -- Found rclcpp: 16.0.17 (/opt/ros/humble/share/rclcpp/cmake)
[1.757s] -- Found rosidl_generator_c: 3.1.8 (/opt/ros/humble/share/rosidl_generator_c/cmake)
[1.773s] -- Found rosidl_adapter: 3.1.8 (/opt/ros/humble/share/rosidl_adapter/cmake)
[1.810s] -- Found rosidl_generator_cpp: 3.1.8 (/opt/ros/humble/share/rosidl_generator_cpp/cmake)
[1.860s] -- Using all available rosidl_typesupport_c: rosidl_typesupport_fastrtps_c;rosidl_typesupport_introspection_c
[1.933s] -- Using all available rosidl_typesupport_cpp: rosidl_typesupport_fastrtps_cpp;rosidl_typesupport_introspection_cpp
[2.184s] -- Found rmw_implementation_cmake: 6.1.2 (/opt/ros/humble/share/rmw_implementation_cmake/cmake)
[2.206s] -- Found rmw_fastrtps_cpp: 6.2.9 (/opt/ros/humble/share/rmw_fastrtps_cpp/cmake)
[3.149s] -- Using RMW implementation 'rmw_fastrtps_cpp' as default
[3.423s] -- Found rosidl_default_generators: 1.2.0 (/opt/ros/humble/share/rosidl_default_generators/cmake)
[3.465s] -- Found std_srvs: 4.9.0 (/opt/ros/humble/share/std_srvs/cmake)
[6.014s] -- Found ament_cmake_ros: 0.10.0 (/opt/ros/humble/share/ament_cmake_ros/cmake)
[8.208s] -- Using all available rosidl_typesupport_c: rosidl_typesupport_fastrtps_c;rosidl_typesupport_introspection_c
[9.268s] -- Using all available rosidl_typesupport_cpp: rosidl_typesupport_fastrtps_cpp;rosidl_typesupport_introspection_cpp
[9.494s] -- Found python_cmake_module: 0.10.0 (/opt/ros/humble/share/python_cmake_module/cmake)
[9.693s] -- Using PYTHON_EXECUTABLE: /usr/bin/python3
[9.694s] -- Using PYTHON_INCLUDE_DIRS: /usr/include/python3.10
[9.695s] -- Using PYTHON_LIBRARIES: /usr/lib/aarch64-linux-gnu/libpython3.10.so
[9.911s] -- Configuring done
[10.367s] -- Generating done
[10.456s] -- Build files have been written to: /home/pi/Legacy/URC-2026/embedded_ros2_ws/build/odrive_can
[10.783s] [  1%] [34m[1mGenerating C code for ROS interfaces[0m
[10.902s] [  3%] [34m[1mGenerating C++ code for ROS interfaces[0m
[11.060s] [  3%] Built target ament_cmake_python_copy_odrive_can
[14.496s] running egg_info
[14.512s] writing odrive_can.egg-info/PKG-INFO
[14.516s] writing dependency_links to odrive_can.egg-info/dependency_links.txt
[14.521s] writing top-level names to odrive_can.egg-info/top_level.txt
[14.550s] reading manifest file 'odrive_can.egg-info/SOURCES.txt'
[14.554s] writing manifest file 'odrive_can.egg-info/SOURCES.txt'
[14.833s] [  3%] Built target ament_cmake_python_build_odrive_can_egg
[15.925s] [  3%] Built target odrive_can__cpp
[16.071s] [  5%] [34m[1mGenerating C++ type support dispatch for ROS interfaces[0m
[16.094s] [  6%] [34m[1mGenerating C++ type support for eProsima Fast-RTPS[0m
[16.520s] [  8%] [34m[1mGenerating C++ introspection for ROS interfaces[0m
[17.940s] [35m[1mConsolidate compiler generated dependencies of target odrive_can__rosidl_generator_c[0m
[18.124s] [ 10%] [32mBuilding C object CMakeFiles/odrive_can__rosidl_generator_c.dir/rosidl_generator_c/odrive_can/msg/detail/control_message__functions.c.o[0m
[18.856s] [ 11%] [32mBuilding C object CMakeFiles/odrive_can__rosidl_generator_c.dir/rosidl_generator_c/odrive_can/msg/detail/controller_status__functions.c.o[0m
[19.651s] [ 13%] [32mBuilding C object CMakeFiles/odrive_can__rosidl_generator_c.dir/rosidl_generator_c/odrive_can/msg/detail/o_drive_status__functions.c.o[0m
[20.078s] [35m[1mConsolidate compiler generated dependencies of target odrive_can__rosidl_typesupport_cpp[0m
[20.333s] [ 15%] [32mBuilding CXX object CMakeFiles/odrive_can__rosidl_typesupport_cpp.dir/rosidl_typesupport_cpp/odrive_can/msg/control_message__type_support.cpp.o[0m
[20.415s] [ 16%] [32mBuilding C object CMakeFiles/odrive_can__rosidl_generator_c.dir/rosidl_generator_c/odrive_can/srv/detail/axis_state__functions.c.o[0m
[21.489s] [ 18%] [32m[1mLinking C shared library libodrive_can__rosidl_generator_c.so[0m
[21.503s] [35m[1mConsolidate compiler generated dependencies of target odrive_can__rosidl_typesupport_introspection_cpp[0m
[21.665s] [ 20%] [32mBuilding CXX object CMakeFiles/odrive_can__rosidl_typesupport_introspection_cpp.dir/rosidl_typesupport_introspection_cpp/odrive_can/msg/detail/control_message__type_support.cpp.o[0m
[22.049s] [ 20%] Built target odrive_can__rosidl_generator_c
[22.142s] [ 21%] [32mBuilding CXX object CMakeFiles/odrive_can__rosidl_typesupport_cpp.dir/rosidl_typesupport_cpp/odrive_can/msg/controller_status__type_support.cpp.o[0m
[22.356s] [35m[1mConsolidate compiler generated dependencies of target odrive_can__rosidl_typesupport_fastrtps_cpp[0m
[22.626s] [ 23%] [32mBuilding CXX object CMakeFiles/odrive_can__rosidl_typesupport_fastrtps_cpp.dir/rosidl_typesupport_fastrtps_cpp/odrive_can/msg/detail/dds_fastrtps/control_message__type_support.cpp.o[0m
[24.261s] [ 25%] [32mBuilding CXX object CMakeFiles/odrive_can__rosidl_typesupport_cpp.dir/rosidl_typesupport_cpp/odrive_can/msg/o_drive_status__type_support.cpp.o[0m
[26.957s] [ 26%] [32mBuilding CXX object CMakeFiles/odrive_can__rosidl_typesupport_introspection_cpp.dir/rosidl_typesupport_introspection_cpp/odrive_can/msg/detail/controller_status__type_support.cpp.o[0m
[27.749s] [ 28%] [32mBuilding CXX object CMakeFiles/odrive_can__rosidl_typesupport_fastrtps_cpp.dir/rosidl_typesupport_fastrtps_cpp/odrive_can/msg/detail/dds_fastrtps/controller_status__type_support.cpp.o[0m
[27.803s] [ 30%] [32mBuilding CXX object CMakeFiles/odrive_can__rosidl_typesupport_cpp.dir/rosidl_typesupport_cpp/odrive_can/srv/axis_state__type_support.cpp.o[0m
[30.669s] [ 31%] [32m[1mLinking CXX shared library libodrive_can__rosidl_typesupport_cpp.so[0m
[30.796s] [ 33%] [32mBuilding CXX object CMakeFiles/odrive_can__rosidl_typesupport_introspection_cpp.dir/rosidl_typesupport_introspection_cpp/odrive_can/msg/detail/o_drive_status__type_support.cpp.o[0m
[31.026s] [ 33%] Built target odrive_can__rosidl_typesupport_cpp
[31.316s] [ 35%] [32mBuilding CXX object CMakeFiles/odrive_can__rosidl_typesupport_fastrtps_cpp.dir/rosidl_typesupport_fastrtps_cpp/odrive_can/msg/detail/dds_fastrtps/o_drive_status__type_support.cpp.o[0m
[33.039s] [ 36%] [32mBuilding CXX object CMakeFiles/odrive_can__rosidl_typesupport_introspection_cpp.dir/rosidl_typesupport_introspection_cpp/odrive_can/srv/detail/axis_state__type_support.cpp.o[0m
[33.712s] [ 38%] [32mBuilding CXX object CMakeFiles/odrive_can__rosidl_typesupport_fastrtps_cpp.dir/rosidl_typesupport_fastrtps_cpp/odrive_can/srv/detail/dds_fastrtps/axis_state__type_support.cpp.o[0m
[35.714s] [ 40%] [32m[1mLinking CXX shared library libodrive_can__rosidl_typesupport_introspection_cpp.so[0m
[35.978s] [ 40%] Built target odrive_can__rosidl_typesupport_introspection_cpp
[36.495s] [ 41%] [32m[1mLinking CXX shared library libodrive_can__rosidl_typesupport_fastrtps_cpp.so[0m
[36.937s] [ 41%] Built target odrive_can__rosidl_typesupport_fastrtps_cpp
[36.996s] [ 43%] [34m[1mGenerating C type support dispatch for ROS interfaces[0m
[38.791s] [35m[1mConsolidate compiler generated dependencies of target odrive_can__rosidl_typesupport_c[0m
[38.868s] [ 45%] [32mBuilding CXX object CMakeFiles/odrive_can__rosidl_typesupport_c.dir/rosidl_typesupport_c/odrive_can/msg/control_message__type_support.cpp.o[0m
[39.054s] [ 46%] [32mBuilding CXX object CMakeFiles/odrive_can__rosidl_typesupport_c.dir/rosidl_typesupport_c/odrive_can/msg/controller_status__type_support.cpp.o[0m
[39.232s] [ 48%] [32mBuilding CXX object CMakeFiles/odrive_can__rosidl_typesupport_c.dir/rosidl_typesupport_c/odrive_can/msg/o_drive_status__type_support.cpp.o[0m
[39.420s] [ 50%] [32mBuilding CXX object CMakeFiles/odrive_can__rosidl_typesupport_c.dir/rosidl_typesupport_c/odrive_can/srv/axis_state__type_support.cpp.o[0m
[39.611s] [ 51%] [32m[1mLinking CXX shared library libodrive_can__rosidl_typesupport_c.so[0m
[39.829s] [ 51%] Built target odrive_can__rosidl_typesupport_c
[39.895s] [35m[1mConsolidate compiler generated dependencies of target odrive_can_node[0m
[40.052s] [ 53%] [32mBuilding CXX object CMakeFiles/odrive_can_node.dir/src/odrive_can_node.cpp.o[0m
[100.971s] [ 55%] [32mBuilding CXX object CMakeFiles/odrive_can_node.dir/src/main.cpp.o[0m
[120.697s] [ 56%] [32m[1mLinking CXX executable odrive_can_node[0m
[123.041s] [ 60%] Built target odrive_can_node
[123.096s] [ 63%] [34m[1mGenerating C introspection for ROS interfaces[0m
[123.096s] [ 63%] [34m[1mGenerating C type support for eProsima Fast-RTPS[0m
[124.822s] [35m[1mConsolidate compiler generated dependencies of target odrive_can__rosidl_typesupport_introspection_c[0m
[124.888s] [ 65%] [32mBuilding C object CMakeFiles/odrive_can__rosidl_typesupport_introspection_c.dir/rosidl_typesupport_introspection_c/odrive_can/msg/detail/control_message__type_support.c.o[0m
[124.896s] [ 66%] [32mBuilding C object CMakeFiles/odrive_can__rosidl_typesupport_introspection_c.dir/rosidl_typesupport_introspection_c/odrive_can/msg/detail/controller_status__type_support.c.o[0m
[124.898s] [ 68%] [32mBuilding C object CMakeFiles/odrive_can__rosidl_typesupport_introspection_c.dir/rosidl_typesupport_introspection_c/odrive_can/msg/detail/o_drive_status__type_support.c.o[0m
[124.920s] [35m[1mConsolidate compiler generated dependencies of target odrive_can__rosidl_typesupport_fastrtps_c[0m
[125.010s] [ 70%] [32mBuilding CXX object CMakeFiles/odrive_can__rosidl_typesupport_fastrtps_c.dir/rosidl_typesupport_fastrtps_c/odrive_can/msg/detail/control_message__type_support_c.cpp.o[0m
[125.104s] [ 71%] [32mBuilding C object CMakeFiles/odrive_can__rosidl_typesupport_introspection_c.dir/rosidl_typesupport_introspection_c/odrive_can/srv/detail/axis_state__type_support.c.o[0m
[125.109s] [ 73%] [32mBuilding CXX object CMakeFiles/odrive_can__rosidl_typesupport_fastrtps_c.dir/rosidl_typesupport_fastrtps_c/odrive_can/msg/detail/controller_status__type_support_c.cpp.o[0m
[125.117s] [ 75%] [32mBuilding CXX object CMakeFiles/odrive_can__rosidl_typesupport_fastrtps_c.dir/rosidl_typesupport_fastrtps_c/odrive_can/msg/detail/o_drive_status__type_support_c.cpp.o[0m
[125.312s] [ 76%] [32m[1mLinking C shared library libodrive_can__rosidl_typesupport_introspection_c.so[0m
[125.483s] [ 76%] Built target odrive_can__rosidl_typesupport_introspection_c
[126.888s] [ 78%] [32mBuilding CXX object CMakeFiles/odrive_can__rosidl_typesupport_fastrtps_c.dir/rosidl_typesupport_fastrtps_c/odrive_can/srv/detail/axis_state__type_support_c.cpp.o[0m
[128.346s] [ 80%] [32m[1mLinking CXX shared library libodrive_can__rosidl_typesupport_fastrtps_c.so[0m
[128.708s] [ 80%] Built target odrive_can__rosidl_typesupport_fastrtps_c
[128.816s] [ 80%] Built target odrive_can
[128.928s] [ 81%] [34m[1mGenerating Python code for ROS interfaces[0m
[131.670s] [ 81%] Built target odrive_can__py
[131.728s] [35m[1mConsolidate compiler generated dependencies of target odrive_can__rosidl_generator_py[0m
[131.815s] [ 83%] [32mBuilding C object CMakeFiles/odrive_can__rosidl_generator_py.dir/rosidl_generator_py/odrive_can/msg/_control_message_s.c.o[0m
[131.820s] [ 86%] [32mBuilding C object CMakeFiles/odrive_can__rosidl_generator_py.dir/rosidl_generator_py/odrive_can/msg/_controller_status_s.c.o[0m
[131.821s] [ 86%] [32mBuilding C object CMakeFiles/odrive_can__rosidl_generator_py.dir/rosidl_generator_py/odrive_can/msg/_o_drive_status_s.c.o[0m
[131.831s] [ 88%] [32mBuilding C object CMakeFiles/odrive_can__rosidl_generator_py.dir/rosidl_generator_py/odrive_can/srv/_axis_state_s.c.o[0m
[132.411s] [ 90%] [32m[1mLinking C shared library rosidl_generator_py/odrive_can/libodrive_can__rosidl_generator_py.so[0m
[132.611s] [ 90%] Built target odrive_can__rosidl_generator_py
[132.671s] [35m[1mConsolidate compiler generated dependencies of target odrive_can__rosidl_typesupport_fastrtps_c__pyext[0m
[132.673s] [35m[1mConsolidate compiler generated dependencies of target odrive_can__rosidl_typesupport_introspection_c__pyext[0m
[132.674s] [35m[1mConsolidate compiler generated dependencies of target odrive_can__rosidl_typesupport_c__pyext[0m
[132.745s] [ 93%] [32mBuilding C object CMakeFiles/odrive_can__rosidl_typesupport_introspection_c__pyext.dir/rosidl_generator_py/odrive_can/_odrive_can_s.ep.rosidl_typesupport_introspection_c.c.o[0m
[132.746s] [ 93%] [32mBuilding C object CMakeFiles/odrive_can__rosidl_typesupport_fastrtps_c__pyext.dir/rosidl_generator_py/odrive_can/_odrive_can_s.ep.rosidl_typesupport_fastrtps_c.c.o[0m
[132.752s] [ 95%] [32mBuilding C object CMakeFiles/odrive_can__rosidl_typesupport_c__pyext.dir/rosidl_generator_py/odrive_can/_odrive_can_s.ep.rosidl_typesupport_c.c.o[0m
[133.285s] [ 96%] [32m[1mLinking C shared library rosidl_generator_py/odrive_can/odrive_can_s__rosidl_typesupport_c.cpython-310-aarch64-linux-gnu.so[0m
[133.302s] [ 98%] [32m[1mLinking C shared library rosidl_generator_py/odrive_can/odrive_can_s__rosidl_typesupport_introspection_c.cpython-310-aarch64-linux-gnu.so[0m
[133.341s] [100%] [32m[1mLinking C shared library rosidl_generator_py/odrive_can/odrive_can_s__rosidl_typesupport_fastrtps_c.cpython-310-aarch64-linux-gnu.so[0m
[133.483s] [100%] Built target odrive_can__rosidl_typesupport_c__pyext
[133.506s] [100%] Built target odrive_can__rosidl_typesupport_introspection_c__pyext
[133.548s] [100%] Built target odrive_can__rosidl_typesupport_fastrtps_c__pyext
[133.602s] Invoked command in '/home/pi/Legacy/URC-2026/embedded_ros2_ws/build/odrive_can' returned '0': CMAKE_PREFIX_PATH=${CMAKE_PREFIX_PATH}:/home/pi/Legacy/URC-2026/embedded_ros2_ws/install/blender_motor:/home/pi/Legacy/Testing/ros2_ws/install/rover_motor_command:/home/pi/Legacy/URC-2026/drive_ros2_ws/install/drive_manager:/opt/ros/humble /usr/bin/cmake --build /home/pi/Legacy/URC-2026/embedded_ros2_ws/build/odrive_can -- -j4 -l4
[133.610s] Invoking command in '/home/pi/Legacy/URC-2026/embedded_ros2_ws/build/odrive_can': CMAKE_PREFIX_PATH=${CMAKE_PREFIX_PATH}:/home/pi/Legacy/URC-2026/embedded_ros2_ws/install/blender_motor:/home/pi/Legacy/Testing/ros2_ws/install/rover_motor_command:/home/pi/Legacy/URC-2026/drive_ros2_ws/install/drive_manager:/opt/ros/humble /usr/bin/cmake --install /home/pi/Legacy/URC-2026/embedded_ros2_ws/build/odrive_can
[133.647s] -- Install configuration: ""
[133.647s] -- Up-to-date: /home/pi/Legacy/URC-2026/embedded_ros2_ws/install/odrive_can/share/ament_index/resource_index/rosidl_interfaces/odrive_can
[133.648s] -- Up-to-date: /home/pi/Legacy/URC-2026/embedded_ros2_ws/install/odrive_can/include/odrive_can/odrive_can
[133.648s] -- Up-to-date: /home/pi/Legacy/URC-2026/embedded_ros2_ws/install/odrive_can/include/odrive_can/odrive_can/msg
[133.649s] -- Installing: /home/pi/Legacy/URC-2026/embedded_ros2_ws/install/odrive_can/include/odrive_can/odrive_can/msg/o_drive_status.h
[133.651s] -- Installing: /home/pi/Legacy/URC-2026/embedded_ros2_ws/install/odrive_can/include/odrive_can/odrive_can/msg/controller_status.h
[133.652s] -- Installing: /home/pi/Legacy/URC-2026/embedded_ros2_ws/install/odrive_can/include/odrive_can/odrive_can/msg/control_message.h
[133.653s] -- Up-to-date: /home/pi/Legacy/URC-2026/embedded_ros2_ws/install/odrive_can/include/odrive_can/odrive_can/msg/rosidl_generator_c__visibility_control.h
[133.653s] -- Up-to-date: /home/pi/Legacy/URC-2026/embedded_ros2_ws/install/odrive_can/include/odrive_can/odrive_can/msg/detail
[133.654s] -- Installing: /home/pi/Legacy/URC-2026/embedded_ros2_ws/install/odrive_can/include/odrive_can/odrive_can/msg/detail/control_message__functions.c
[133.655s] -- Installing: /home/pi/Legacy/URC-2026/embedded_ros2_ws/install/odrive_can/include/odrive_can/odrive_can/msg/detail/o_drive_status__functions.c
[133.656s] -- Installing: /home/pi/Legacy/URC-2026/embedded_ros2_ws/install/odrive_can/include/odrive_can/odrive_can/msg/detail/controller_status__functions.c
[133.658s] -- Installing: /home/pi/Legacy/URC-2026/embedded_ros2_ws/install/odrive_can/include/odrive_can/odrive_can/msg/detail/o_drive_status__struct.h
[133.659s] -- Installing: /home/pi/Legacy/URC-2026/embedded_ros2_ws/install/odrive_can/include/odrive_can/odrive_can/msg/detail/o_drive_status__type_support.h
[133.660s] -- Installing: /home/pi/Legacy/URC-2026/embedded_ros2_ws/install/odrive_can/include/odrive_can/odrive_can/msg/detail/controller_status__functions.h
[133.662s] -- Installing: /home/pi/Legacy/URC-2026/embedded_ros2_ws/install/odrive_can/include/odrive_can/odrive_can/msg/detail/o_drive_status__functions.h
[133.663s] -- Installing: /home/pi/Legacy/URC-2026/embedded_ros2_ws/install/odrive_can/include/odrive_can/odrive_can/msg/detail/control_message__struct.h
[133.664s] -- Installing: /home/pi/Legacy/URC-2026/embedded_ros2_ws/install/odrive_can/include/odrive_can/odrive_can/msg/detail/control_message__type_support.h
[133.666s] -- Installing: /home/pi/Legacy/URC-2026/embedded_ros2_ws/install/odrive_can/include/odrive_can/odrive_can/msg/detail/controller_status__type_support.h
[133.667s] -- Installing: /home/pi/Legacy/URC-2026/embedded_ros2_ws/install/odrive_can/include/odrive_can/odrive_can/msg/detail/control_message__functions.h
[133.668s] -- Installing: /home/pi/Legacy/URC-2026/embedded_ros2_ws/install/odrive_can/include/odrive_can/odrive_can/msg/detail/controller_status__struct.h
[133.669s] -- Up-to-date: /home/pi/Legacy/URC-2026/embedded_ros2_ws/install/odrive_can/include/odrive_can/odrive_can/srv
[133.670s] -- Installing: /home/pi/Legacy/URC-2026/embedded_ros2_ws/install/odrive_can/include/odrive_can/odrive_can/srv/axis_state.h
[133.671s] -- Up-to-date: /home/pi/Legacy/URC-2026/embedded_ros2_ws/install/odrive_can/include/odrive_can/odrive_can/srv/detail
[133.671s] -- Installing: /home/pi/Legacy/URC-2026/embedded_ros2_ws/install/odrive_can/include/odrive_can/odrive_can/srv/detail/axis_state__struct.h
[133.673s] -- Installing: /home/pi/Legacy/URC-2026/embedded_ros2_ws/install/odrive_can/include/odrive_can/odrive_can/srv/detail/axis_state__functions.h
[133.674s] -- Installing: /home/pi/Legacy/URC-2026/embedded_ros2_ws/install/odrive_can/include/odrive_can/odrive_can/srv/detail/axis_state__type_support.h
[133.675s] -- Installing: /home/pi/Legacy/URC-2026/embedded_ros2_ws/install/odrive_can/include/odrive_can/odrive_can/srv/detail/axis_state__functions.c
[133.677s] -- Up-to-date: /home/pi/Legacy/URC-2026/embedded_ros2_ws/install/odrive_can/share/odrive_can/environment/library_path.sh
[133.678s] -- Installing: /home/pi/Legacy/URC-2026/embedded_ros2_ws/install/odrive_can/share/odrive_can/environment/library_path.dsv
[133.680s] -- Installing: /home/pi/Legacy/URC-2026/embedded_ros2_ws/install/odrive_can/lib/libodrive_can__rosidl_generator_c.so
[133.683s] -- Set runtime path of "/home/pi/Legacy/URC-2026/embedded_ros2_ws/install/odrive_can/lib/libodrive_can__rosidl_generator_c.so" to ""
[133.683s] -- Up-to-date: /home/pi/Legacy/URC-2026/embedded_ros2_ws/install/odrive_can/include/odrive_can/odrive_can
[133.683s] -- Up-to-date: /home/pi/Legacy/URC-2026/embedded_ros2_ws/install/odrive_can/include/odrive_can/odrive_can/msg
[133.684s] -- Up-to-date: /home/pi/Legacy/URC-2026/embedded_ros2_ws/install/odrive_can/include/odrive_can/odrive_can/msg/rosidl_typesupport_fastrtps_c__visibility_control.h
[133.684s] -- Up-to-date: /home/pi/Legacy/URC-2026/embedded_ros2_ws/install/odrive_can/include/odrive_can/odrive_can/msg/detail
[133.684s] -- Installing: /home/pi/Legacy/URC-2026/embedded_ros2_ws/install/odrive_can/include/odrive_can/odrive_can/msg/detail/controller_status__rosidl_typesupport_fastrtps_c.h
[133.686s] -- Installing: /home/pi/Legacy/URC-2026/embedded_ros2_ws/install/odrive_can/include/odrive_can/odrive_can/msg/detail/control_message__rosidl_typesupport_fastrtps_c.h
[133.687s] -- Installing: /home/pi/Legacy/URC-2026/embedded_ros2_ws/install/odrive_can/include/odrive_can/odrive_can/msg/detail/o_drive_status__rosidl_typesupport_fastrtps_c.h
[133.688s] -- Up-to-date: /home/pi/Legacy/URC-2026/embedded_ros2_ws/install/odrive_can/include/odrive_can/odrive_can/srv
[133.689s] -- Up-to-date: /home/pi/Legacy/URC-2026/embedded_ros2_ws/install/odrive_can/include/odrive_can/odrive_can/srv/detail
[133.689s] -- Installing: /home/pi/Legacy/URC-2026/embedded_ros2_ws/install/odrive_can/include/odrive_can/odrive_can/srv/detail/axis_state__rosidl_typesupport_fastrtps_c.h
[133.692s] -- Installing: /home/pi/Legacy/URC-2026/embedded_ros2_ws/install/odrive_can/lib/libodrive_can__rosidl_typesupport_fastrtps_c.so
[133.695s] -- Set runtime path of "/home/pi/Legacy/URC-2026/embedded_ros2_ws/install/odrive_can/lib/libodrive_can__rosidl_typesupport_fastrtps_c.so" to ""
[133.695s] -- Up-to-date: /home/pi/Legacy/URC-2026/embedded_ros2_ws/install/odrive_can/include/odrive_can/odrive_can
[133.696s] -- Up-to-date: /home/pi/Legacy/URC-2026/embedded_ros2_ws/install/odrive_can/include/odrive_can/odrive_can/msg
[133.696s] -- Installing: /home/pi/Legacy/URC-2026/embedded_ros2_ws/install/odrive_can/include/odrive_can/odrive_can/msg/controller_status.hpp
[133.697s] -- Installing: /home/pi/Legacy/URC-2026/embedded_ros2_ws/install/odrive_can/include/odrive_can/odrive_can/msg/control_message.hpp
[133.698s] -- Up-to-date: /home/pi/Legacy/URC-2026/embedded_ros2_ws/install/odrive_can/include/odrive_can/odrive_can/msg/detail
[133.699s] -- Installing: /home/pi/Legacy/URC-2026/embedded_ros2_ws/install/odrive_can/include/odrive_can/odrive_can/msg/detail/controller_status__type_support.hpp
[133.700s] -- Installing: /home/pi/Legacy/URC-2026/embedded_ros2_ws/install/odrive_can/include/odrive_can/odrive_can/msg/detail/control_message__type_support.hpp
[133.702s] -- Installing: /home/pi/Legacy/URC-2026/embedded_ros2_ws/install/odrive_can/include/odrive_can/odrive_can/msg/detail/controller_status__builder.hpp
[133.703s] -- Installing: /home/pi/Legacy/URC-2026/embedded_ros2_ws/install/odrive_can/include/odrive_can/odrive_can/msg/detail/o_drive_status__builder.hpp
[133.704s] -- Installing: /home/pi/Legacy/URC-2026/embedded_ros2_ws/install/odrive_can/include/odrive_can/odrive_can/msg/detail/control_message__traits.hpp
[133.705s] -- Installing: /home/pi/Legacy/URC-2026/embedded_ros2_ws/install/odrive_can/include/odrive_can/odrive_can/msg/detail/o_drive_status__traits.hpp
[133.707s] -- Installing: /home/pi/Legacy/URC-2026/embedded_ros2_ws/install/odrive_can/include/odrive_can/odrive_can/msg/detail/controller_status__traits.hpp
[133.708s] -- Installing: /home/pi/Legacy/URC-2026/embedded_ros2_ws/install/odrive_can/include/odrive_can/odrive_can/msg/detail/o_drive_status__struct.hpp
[133.709s] -- Installing: /home/pi/Legacy/URC-2026/embedded_ros2_ws/install/odrive_can/include/odrive_can/odrive_can/msg/detail/controller_status__struct.hpp
[133.711s] -- Installing: /home/pi/Legacy/URC-2026/embedded_ros2_ws/install/odrive_can/include/odrive_can/odrive_can/msg/detail/control_message__struct.hpp
[133.712s] -- Installing: /home/pi/Legacy/URC-2026/embedded_ros2_ws/install/odrive_can/include/odrive_can/odrive_can/msg/detail/o_drive_status__type_support.hpp
[133.713s] -- Installing: /home/pi/Legacy/URC-2026/embedded_ros2_ws/install/odrive_can/include/odrive_can/odrive_can/msg/detail/control_message__builder.hpp
[133.715s] -- Installing: /home/pi/Legacy/URC-2026/embedded_ros2_ws/install/odrive_can/include/odrive_can/odrive_can/msg/o_drive_status.hpp
[133.716s] -- Up-to-date: /home/pi/Legacy/URC-2026/embedded_ros2_ws/install/odrive_can/include/odrive_can/odrive_can/msg/rosidl_generator_cpp__visibility_control.hpp
[133.716s] -- Up-to-date: /home/pi/Legacy/URC-2026/embedded_ros2_ws/install/odrive_can/include/odrive_can/odrive_can/srv
[133.717s] -- Installing: /home/pi/Legacy/URC-2026/embedded_ros2_ws/install/odrive_can/include/odrive_can/odrive_can/srv/axis_state.hpp
[133.718s] -- Up-to-date: /home/pi/Legacy/URC-2026/embedded_ros2_ws/install/odrive_can/include/odrive_can/odrive_can/srv/detail
[133.718s] -- Installing: /home/pi/Legacy/URC-2026/embedded_ros2_ws/install/odrive_can/include/odrive_can/odrive_can/srv/detail/axis_state__traits.hpp
[133.719s] -- Installing: /home/pi/Legacy/URC-2026/embedded_ros2_ws/install/odrive_can/include/odrive_can/odrive_can/srv/detail/axis_state__builder.hpp
[133.721s] -- Installing: /home/pi/Legacy/URC-2026/embedded_ros2_ws/install/odrive_can/include/odrive_can/odrive_can/srv/detail/axis_state__type_support.hpp
[133.722s] -- Installing: /home/pi/Legacy/URC-2026/embedded_ros2_ws/install/odrive_can/include/odrive_can/odrive_can/srv/detail/axis_state__struct.hpp
[133.723s] -- Up-to-date: /home/pi/Legacy/URC-2026/embedded_ros2_ws/install/odrive_can/include/odrive_can/odrive_can
[133.724s] -- Up-to-date: /home/pi/Legacy/URC-2026/embedded_ros2_ws/install/odrive_can/include/odrive_can/odrive_can/msg
[133.724s] -- Up-to-date: /home/pi/Legacy/URC-2026/embedded_ros2_ws/install/odrive_can/include/odrive_can/odrive_can/msg/rosidl_typesupport_fastrtps_cpp__visibility_control.h
[133.724s] -- Up-to-date: /home/pi/Legacy/URC-2026/embedded_ros2_ws/install/odrive_can/include/odrive_can/odrive_can/msg/detail
[133.725s] -- Up-to-date: /home/pi/Legacy/URC-2026/embedded_ros2_ws/install/odrive_can/include/odrive_can/odrive_can/msg/detail/dds_fastrtps
[133.725s] -- Installing: /home/pi/Legacy/URC-2026/embedded_ros2_ws/install/odrive_can/include/odrive_can/odrive_can/msg/detail/controller_status__rosidl_typesupport_fastrtps_cpp.hpp
[133.727s] -- Installing: /home/pi/Legacy/URC-2026/embedded_ros2_ws/install/odrive_can/include/odrive_can/odrive_can/msg/detail/control_message__rosidl_typesupport_fastrtps_cpp.hpp
[133.728s] -- Installing: /home/pi/Legacy/URC-2026/embedded_ros2_ws/install/odrive_can/include/odrive_can/odrive_can/msg/detail/o_drive_status__rosidl_typesupport_fastrtps_cpp.hpp
[133.730s] -- Up-to-date: /home/pi/Legacy/URC-2026/embedded_ros2_ws/install/odrive_can/include/odrive_can/odrive_can/srv
[133.730s] -- Up-to-date: /home/pi/Legacy/URC-2026/embedded_ros2_ws/install/odrive_can/include/odrive_can/odrive_can/srv/detail
[133.730s] -- Up-to-date: /home/pi/Legacy/URC-2026/embedded_ros2_ws/install/odrive_can/include/odrive_can/odrive_can/srv/detail/dds_fastrtps
[133.731s] -- Installing: /home/pi/Legacy/URC-2026/embedded_ros2_ws/install/odrive_can/include/odrive_can/odrive_can/srv/detail/axis_state__rosidl_typesupport_fastrtps_cpp.hpp
[133.734s] -- Installing: /home/pi/Legacy/URC-2026/embedded_ros2_ws/install/odrive_can/lib/libodrive_can__rosidl_typesupport_fastrtps_cpp.so
[133.737s] -- Set runtime path of "/home/pi/Legacy/URC-2026/embedded_ros2_ws/install/odrive_can/lib/libodrive_can__rosidl_typesupport_fastrtps_cpp.so" to ""
[133.737s] -- Up-to-date: /home/pi/Legacy/URC-2026/embedded_ros2_ws/install/odrive_can/include/odrive_can/odrive_can
[133.738s] -- Up-to-date: /home/pi/Legacy/URC-2026/embedded_ros2_ws/install/odrive_can/include/odrive_can/odrive_can/msg
[133.738s] -- Up-to-date: /home/pi/Legacy/URC-2026/embedded_ros2_ws/install/odrive_can/include/odrive_can/odrive_can/msg/detail
[133.738s] -- Installing: /home/pi/Legacy/URC-2026/embedded_ros2_ws/install/odrive_can/include/odrive_can/odrive_can/msg/detail/o_drive_status__rosidl_typesupport_introspection_c.h
[133.740s] -- Installing: /home/pi/Legacy/URC-2026/embedded_ros2_ws/install/odrive_can/include/odrive_can/odrive_can/msg/detail/control_message__rosidl_typesupport_introspection_c.h
[133.741s] -- Installing: /home/pi/Legacy/URC-2026/embedded_ros2_ws/install/odrive_can/include/odrive_can/odrive_can/msg/detail/control_message__type_support.c
[133.743s] -- Installing: /home/pi/Legacy/URC-2026/embedded_ros2_ws/install/odrive_can/include/odrive_can/odrive_can/msg/detail/controller_status__rosidl_typesupport_introspection_c.h
[133.744s] -- Installing: /home/pi/Legacy/URC-2026/embedded_ros2_ws/install/odrive_can/include/odrive_can/odrive_can/msg/detail/o_drive_status__type_support.c
[133.745s] -- Installing: /home/pi/Legacy/URC-2026/embedded_ros2_ws/install/odrive_can/include/odrive_can/odrive_can/msg/detail/controller_status__type_support.c
[133.747s] -- Up-to-date: /home/pi/Legacy/URC-2026/embedded_ros2_ws/install/odrive_can/include/odrive_can/odrive_can/msg/rosidl_typesupport_introspection_c__visibility_control.h
[133.747s] -- Up-to-date: /home/pi/Legacy/URC-2026/embedded_ros2_ws/install/odrive_can/include/odrive_can/odrive_can/srv
[133.748s] -- Up-to-date: /home/pi/Legacy/URC-2026/embedded_ros2_ws/install/odrive_can/include/odrive_can/odrive_can/srv/detail
[133.748s] -- Installing: /home/pi/Legacy/URC-2026/embedded_ros2_ws/install/odrive_can/include/odrive_can/odrive_can/srv/detail/axis_state__type_support.c
[133.749s] -- Installing: /home/pi/Legacy/URC-2026/embedded_ros2_ws/install/odrive_can/include/odrive_can/odrive_can/srv/detail/axis_state__rosidl_typesupport_introspection_c.h
[133.752s] -- Installing: /home/pi/Legacy/URC-2026/embedded_ros2_ws/install/odrive_can/lib/libodrive_can__rosidl_typesupport_introspection_c.so
[133.754s] -- Set runtime path of "/home/pi/Legacy/URC-2026/embedded_ros2_ws/install/odrive_can/lib/libodrive_can__rosidl_typesupport_introspection_c.so" to ""
[133.755s] -- Installing: /home/pi/Legacy/URC-2026/embedded_ros2_ws/install/odrive_can/lib/libodrive_can__rosidl_typesupport_c.so
[133.758s] -- Set runtime path of "/home/pi/Legacy/URC-2026/embedded_ros2_ws/install/odrive_can/lib/libodrive_can__rosidl_typesupport_c.so" to ""
[133.759s] -- Up-to-date: /home/pi/Legacy/URC-2026/embedded_ros2_ws/install/odrive_can/include/odrive_can/odrive_can
[133.759s] -- Up-to-date: /home/pi/Legacy/URC-2026/embedded_ros2_ws/install/odrive_can/include/odrive_can/odrive_can/msg
[133.760s] -- Up-to-date: /home/pi/Legacy/URC-2026/embedded_ros2_ws/install/odrive_can/include/odrive_can/odrive_can/msg/detail
[133.760s] -- Installing: /home/pi/Legacy/URC-2026/embedded_ros2_ws/install/odrive_can/include/odrive_can/odrive_can/msg/detail/control_message__type_support.cpp
[133.761s] -- Installing: /home/pi/Legacy/URC-2026/embedded_ros2_ws/install/odrive_can/include/odrive_can/odrive_can/msg/detail/control_message__rosidl_typesupport_introspection_cpp.hpp
[133.763s] -- Installing: /home/pi/Legacy/URC-2026/embedded_ros2_ws/install/odrive_can/include/odrive_can/odrive_can/msg/detail/controller_status__type_support.cpp
[133.764s] -- Installing: /home/pi/Legacy/URC-2026/embedded_ros2_ws/install/odrive_can/include/odrive_can/odrive_can/msg/detail/controller_status__rosidl_typesupport_introspection_cpp.hpp
[133.766s] -- Installing: /home/pi/Legacy/URC-2026/embedded_ros2_ws/install/odrive_can/include/odrive_can/odrive_can/msg/detail/o_drive_status__type_support.cpp
[133.767s] -- Installing: /home/pi/Legacy/URC-2026/embedded_ros2_ws/install/odrive_can/include/odrive_can/odrive_can/msg/detail/o_drive_status__rosidl_typesupport_introspection_cpp.hpp
[133.768s] -- Up-to-date: /home/pi/Legacy/URC-2026/embedded_ros2_ws/install/odrive_can/include/odrive_can/odrive_can/srv
[133.769s] -- Up-to-date: /home/pi/Legacy/URC-2026/embedded_ros2_ws/install/odrive_can/include/odrive_can/odrive_can/srv/detail
[133.769s] -- Installing: /home/pi/Legacy/URC-2026/embedded_ros2_ws/install/odrive_can/include/odrive_can/odrive_can/srv/detail/axis_state__rosidl_typesupport_introspection_cpp.hpp
[133.771s] -- Installing: /home/pi/Legacy/URC-2026/embedded_ros2_ws/install/odrive_can/include/odrive_can/odrive_can/srv/detail/axis_state__type_support.cpp
[133.773s] -- Installing: /home/pi/Legacy/URC-2026/embedded_ros2_ws/install/odrive_can/lib/libodrive_can__rosidl_typesupport_introspection_cpp.so
[133.776s] -- Set runtime path of "/home/pi/Legacy/URC-2026/embedded_ros2_ws/install/odrive_can/lib/libodrive_can__rosidl_typesupport_introspection_cpp.so" to ""
[133.777s] -- Installing: /home/pi/Legacy/URC-2026/embedded_ros2_ws/install/odrive_can/lib/libodrive_can__rosidl_typesupport_cpp.so
[133.779s] -- Set runtime path of "/home/pi/Legacy/URC-2026/embedded_ros2_ws/install/odrive_can/lib/libodrive_can__rosidl_typesupport_cpp.so" to ""
[133.780s] -- Up-to-date: /home/pi/Legacy/URC-2026/embedded_ros2_ws/install/odrive_can/share/odrive_can/environment/pythonpath.sh
[133.780s] -- Installing: /home/pi/Legacy/URC-2026/embedded_ros2_ws/install/odrive_can/share/odrive_can/environment/pythonpath.dsv
[133.781s] -- Up-to-date: /home/pi/Legacy/URC-2026/embedded_ros2_ws/install/odrive_can/local/lib/python3.10/dist-packages/odrive_can-0.0.1-py3.10.egg-info
[133.782s] -- Installing: /home/pi/Legacy/URC-2026/embedded_ros2_ws/install/odrive_can/local/lib/python3.10/dist-packages/odrive_can-0.0.1-py3.10.egg-info/PKG-INFO
[133.783s] -- Installing: /home/pi/Legacy/URC-2026/embedded_ros2_ws/install/odrive_can/local/lib/python3.10/dist-packages/odrive_can-0.0.1-py3.10.egg-info/top_level.txt
[133.785s] -- Installing: /home/pi/Legacy/URC-2026/embedded_ros2_ws/install/odrive_can/local/lib/python3.10/dist-packages/odrive_can-0.0.1-py3.10.egg-info/SOURCES.txt
[133.786s] -- Installing: /home/pi/Legacy/URC-2026/embedded_ros2_ws/install/odrive_can/local/lib/python3.10/dist-packages/odrive_can-0.0.1-py3.10.egg-info/dependency_links.txt
[133.788s] -- Up-to-date: /home/pi/Legacy/URC-2026/embedded_ros2_ws/install/odrive_can/local/lib/python3.10/dist-packages/odrive_can
[133.788s] -- Installing: /home/pi/Legacy/URC-2026/embedded_ros2_ws/install/odrive_can/local/lib/python3.10/dist-packages/odrive_can/odrive_can_s__rosidl_typesupport_introspection_c.cpython-310-aarch64-linux-gnu.so
[133.790s] -- Installing: /home/pi/Legacy/URC-2026/embedded_ros2_ws/install/odrive_can/local/lib/python3.10/dist-packages/odrive_can/__init__.py
[133.791s] -- Installing: /home/pi/Legacy/URC-2026/embedded_ros2_ws/install/odrive_can/local/lib/python3.10/dist-packages/odrive_can/_odrive_can_s.ep.rosidl_typesupport_introspection_c.c
[133.793s] -- Installing: /home/pi/Legacy/URC-2026/embedded_ros2_ws/install/odrive_can/local/lib/python3.10/dist-packages/odrive_can/_odrive_can_s.ep.rosidl_typesupport_c.c
[133.794s] -- Installing: /home/pi/Legacy/URC-2026/embedded_ros2_ws/install/odrive_can/local/lib/python3.10/dist-packages/odrive_can/odrive_can_s__rosidl_typesupport_c.cpython-310-aarch64-linux-gnu.so
[133.796s] -- Installing: /home/pi/Legacy/URC-2026/embedded_ros2_ws/install/odrive_can/local/lib/python3.10/dist-packages/odrive_can/libodrive_can__rosidl_generator_py.so
[133.798s] -- Up-to-date: /home/pi/Legacy/URC-2026/embedded_ros2_ws/install/odrive_can/local/lib/python3.10/dist-packages/odrive_can/msg
[133.798s] -- Installing: /home/pi/Legacy/URC-2026/embedded_ros2_ws/install/odrive_can/local/lib/python3.10/dist-packages/odrive_can/msg/__init__.py
[133.799s] -- Installing: /home/pi/Legacy/URC-2026/embedded_ros2_ws/install/odrive_can/local/lib/python3.10/dist-packages/odrive_can/msg/_controller_status_s.c
[133.801s] -- Installing: /home/pi/Legacy/URC-2026/embedded_ros2_ws/install/odrive_can/local/lib/python3.10/dist-packages/odrive_can/msg/_control_message_s.c
[133.802s] -- Installing: /home/pi/Legacy/URC-2026/embedded_ros2_ws/install/odrive_can/local/lib/python3.10/dist-packages/odrive_can/msg/_o_drive_status_s.c
[133.803s] -- Installing: /home/pi/Legacy/URC-2026/embedded_ros2_ws/install/odrive_can/local/lib/python3.10/dist-packages/odrive_can/msg/_controller_status.py
[133.804s] -- Installing: /home/pi/Legacy/URC-2026/embedded_ros2_ws/install/odrive_can/local/lib/python3.10/dist-packages/odrive_can/msg/_control_message.py
[133.806s] -- Installing: /home/pi/Legacy/URC-2026/embedded_ros2_ws/install/odrive_can/local/lib/python3.10/dist-packages/odrive_can/msg/_o_drive_status.py
[133.807s] -- Installing: /home/pi/Legacy/URC-2026/embedded_ros2_ws/install/odrive_can/local/lib/python3.10/dist-packages/odrive_can/odrive_can_s__rosidl_typesupport_fastrtps_c.cpython-310-aarch64-linux-gnu.so
[133.809s] -- Installing: /home/pi/Legacy/URC-2026/embedded_ros2_ws/install/odrive_can/local/lib/python3.10/dist-packages/odrive_can/_odrive_can_s.ep.rosidl_typesupport_fastrtps_c.c
[133.810s] -- Up-to-date: /home/pi/Legacy/URC-2026/embedded_ros2_ws/install/odrive_can/local/lib/python3.10/dist-packages/odrive_can/srv
[133.811s] -- Installing: /home/pi/Legacy/URC-2026/embedded_ros2_ws/install/odrive_can/local/lib/python3.10/dist-packages/odrive_can/srv/__init__.py
[133.812s] -- Installing: /home/pi/Legacy/URC-2026/embedded_ros2_ws/install/odrive_can/local/lib/python3.10/dist-packages/odrive_can/srv/_axis_state.py
[133.813s] -- Installing: /home/pi/Legacy/URC-2026/embedded_ros2_ws/install/odrive_can/local/lib/python3.10/dist-packages/odrive_can/srv/_axis_state_s.c
[134.024s] Listing '/home/pi/Legacy/URC-2026/embedded_ros2_ws/install/odrive_can/local/lib/python3.10/dist-packages/odrive_can'...
[134.026s] Compiling '/home/pi/Legacy/URC-2026/embedded_ros2_ws/install/odrive_can/local/lib/python3.10/dist-packages/odrive_can/__init__.py'...
[134.027s] Listing '/home/pi/Legacy/URC-2026/embedded_ros2_ws/install/odrive_can/local/lib/python3.10/dist-packages/odrive_can/msg'...
[134.027s] Compiling '/home/pi/Legacy/URC-2026/embedded_ros2_ws/install/odrive_can/local/lib/python3.10/dist-packages/odrive_can/msg/__init__.py'...
[134.028s] Compiling '/home/pi/Legacy/URC-2026/embedded_ros2_ws/install/odrive_can/local/lib/python3.10/dist-packages/odrive_can/msg/_control_message.py'...
[134.029s] Compiling '/home/pi/Legacy/URC-2026/embedded_ros2_ws/install/odrive_can/local/lib/python3.10/dist-packages/odrive_can/msg/_controller_status.py'...
[134.030s] Compiling '/home/pi/Legacy/URC-2026/embedded_ros2_ws/install/odrive_can/local/lib/python3.10/dist-packages/odrive_can/msg/_o_drive_status.py'...
[134.031s] Listing '/home/pi/Legacy/URC-2026/embedded_ros2_ws/install/odrive_can/local/lib/python3.10/dist-packages/odrive_can/srv'...
[134.032s] Compiling '/home/pi/Legacy/URC-2026/embedded_ros2_ws/install/odrive_can/local/lib/python3.10/dist-packages/odrive_can/srv/__init__.py'...
[134.033s] Compiling '/home/pi/Legacy/URC-2026/embedded_ros2_ws/install/odrive_can/local/lib/python3.10/dist-packages/odrive_can/srv/_axis_state.py'...
[134.051s] -- Installing: /home/pi/Legacy/URC-2026/embedded_ros2_ws/install/odrive_can/local/lib/python3.10/dist-packages/odrive_can/odrive_can_s__rosidl_typesupport_fastrtps_c.cpython-310-aarch64-linux-gnu.so
[134.054s] -- Set runtime path of "/home/pi/Legacy/URC-2026/embedded_ros2_ws/install/odrive_can/local/lib/python3.10/dist-packages/odrive_can/odrive_can_s__rosidl_typesupport_fastrtps_c.cpython-310-aarch64-linux-gnu.so" to ""
[134.056s] -- Installing: /home/pi/Legacy/URC-2026/embedded_ros2_ws/install/odrive_can/local/lib/python3.10/dist-packages/odrive_can/odrive_can_s__rosidl_typesupport_introspection_c.cpython-310-aarch64-linux-gnu.so
[134.059s] -- Set runtime path of "/home/pi/Legacy/URC-2026/embedded_ros2_ws/install/odrive_can/local/lib/python3.10/dist-packages/odrive_can/odrive_can_s__rosidl_typesupport_introspection_c.cpython-310-aarch64-linux-gnu.so" to ""
[134.061s] -- Installing: /home/pi/Legacy/URC-2026/embedded_ros2_ws/install/odrive_can/local/lib/python3.10/dist-packages/odrive_can/odrive_can_s__rosidl_typesupport_c.cpython-310-aarch64-linux-gnu.so
[134.065s] -- Set runtime path of "/home/pi/Legacy/URC-2026/embedded_ros2_ws/install/odrive_can/local/lib/python3.10/dist-packages/odrive_can/odrive_can_s__rosidl_typesupport_c.cpython-310-aarch64-linux-gnu.so" to ""
[134.066s] -- Installing: /home/pi/Legacy/URC-2026/embedded_ros2_ws/install/odrive_can/lib/libodrive_can__rosidl_generator_py.so
[134.070s] -- Set runtime path of "/home/pi/Legacy/URC-2026/embedded_ros2_ws/install/odrive_can/lib/libodrive_can__rosidl_generator_py.so" to ""
[134.070s] -- Installing: /home/pi/Legacy/URC-2026/embedded_ros2_ws/install/odrive_can/share/odrive_can/msg/ControlMessage.idl
[134.071s] -- Installing: /home/pi/Legacy/URC-2026/embedded_ros2_ws/install/odrive_can/share/odrive_can/msg/ControllerStatus.idl
[134.073s] -- Up-to-date: /home/pi/Legacy/URC-2026/embedded_ros2_ws/install/odrive_can/share/odrive_can/msg/ODriveStatus.idl
[134.073s] -- Up-to-date: /home/pi/Legacy/URC-2026/embedded_ros2_ws/install/odrive_can/share/odrive_can/srv/AxisState.idl
[134.074s] -- Installing: /home/pi/Legacy/URC-2026/embedded_ros2_ws/install/odrive_can/share/odrive_can/msg/ControlMessage.msg
[134.075s] -- Installing: /home/pi/Legacy/URC-2026/embedded_ros2_ws/install/odrive_can/share/odrive_can/msg/ControllerStatus.msg
[134.076s] -- Up-to-date: /home/pi/Legacy/URC-2026/embedded_ros2_ws/install/odrive_can/share/odrive_can/msg/ODriveStatus.msg
[134.077s] -- Up-to-date: /home/pi/Legacy/URC-2026/embedded_ros2_ws/install/odrive_can/share/odrive_can/srv/AxisState.srv
[134.077s] -- Up-to-date: /home/pi/Legacy/URC-2026/embedded_ros2_ws/install/odrive_can/share/odrive_can/srv/AxisState_Request.msg
[134.078s] -- Up-to-date: /home/pi/Legacy/URC-2026/embedded_ros2_ws/install/odrive_can/share/odrive_can/srv/AxisState_Response.msg
[134.079s] -- Installing: /home/pi/Legacy/URC-2026/embedded_ros2_ws/install/odrive_can/lib/odrive_can/odrive_can_node
[134.120s] -- Set runtime path of "/home/pi/Legacy/URC-2026/embedded_ros2_ws/install/odrive_can/lib/odrive_can/odrive_can_node" to ""
[134.120s] -- Up-to-date: /home/pi/Legacy/URC-2026/embedded_ros2_ws/install/odrive_can/share/odrive_can/launch
[134.121s] -- Up-to-date: /home/pi/Legacy/URC-2026/embedded_ros2_ws/install/odrive_can/share/odrive_can/launch/example_launch.yaml
[134.121s] -- Up-to-date: /home/pi/Legacy/URC-2026/embedded_ros2_ws/install/odrive_can/share/ament_index/resource_index/package_run_dependencies/odrive_can
[134.122s] -- Installing: /home/pi/Legacy/URC-2026/embedded_ros2_ws/install/odrive_can/share/ament_index/resource_index/parent_prefix_path/odrive_can
[134.123s] -- Up-to-date: /home/pi/Legacy/URC-2026/embedded_ros2_ws/install/odrive_can/share/odrive_can/environment/ament_prefix_path.sh
[134.123s] -- Installing: /home/pi/Legacy/URC-2026/embedded_ros2_ws/install/odrive_can/share/odrive_can/environment/ament_prefix_path.dsv
[134.125s] -- Up-to-date: /home/pi/Legacy/URC-2026/embedded_ros2_ws/install/odrive_can/share/odrive_can/environment/path.sh
[134.125s] -- Installing: /home/pi/Legacy/URC-2026/embedded_ros2_ws/install/odrive_can/share/odrive_can/environment/path.dsv
[134.127s] -- Up-to-date: /home/pi/Legacy/URC-2026/embedded_ros2_ws/install/odrive_can/share/odrive_can/local_setup.bash
[134.127s] -- Up-to-date: /home/pi/Legacy/URC-2026/embedded_ros2_ws/install/odrive_can/share/odrive_can/local_setup.sh
[134.128s] -- Up-to-date: /home/pi/Legacy/URC-2026/embedded_ros2_ws/install/odrive_can/share/odrive_can/local_setup.zsh
[134.128s] -- Installing: /home/pi/Legacy/URC-2026/embedded_ros2_ws/install/odrive_can/share/odrive_can/local_setup.dsv
[134.129s] -- Installing: /home/pi/Legacy/URC-2026/embedded_ros2_ws/install/odrive_can/share/odrive_can/package.dsv
[134.131s] -- Up-to-date: /home/pi/Legacy/URC-2026/embedded_ros2_ws/install/odrive_can/share/ament_index/resource_index/packages/odrive_can
[134.131s] -- Up-to-date: /home/pi/Legacy/URC-2026/embedded_ros2_ws/install/odrive_can/share/odrive_can/cmake/export_odrive_can__rosidl_generator_cExport.cmake
[134.132s] -- Up-to-date: /home/pi/Legacy/URC-2026/embedded_ros2_ws/install/odrive_can/share/odrive_can/cmake/export_odrive_can__rosidl_generator_cExport-noconfig.cmake
[134.133s] -- Up-to-date: /home/pi/Legacy/URC-2026/embedded_ros2_ws/install/odrive_can/share/odrive_can/cmake/export_odrive_can__rosidl_typesupport_fastrtps_cExport.cmake
[134.133s] -- Up-to-date: /home/pi/Legacy/URC-2026/embedded_ros2_ws/install/odrive_can/share/odrive_can/cmake/export_odrive_can__rosidl_typesupport_fastrtps_cExport-noconfig.cmake
[134.134s] -- Up-to-date: /home/pi/Legacy/URC-2026/embedded_ros2_ws/install/odrive_can/share/odrive_can/cmake/export_odrive_can__rosidl_generator_cppExport.cmake
[134.135s] -- Up-to-date: /home/pi/Legacy/URC-2026/embedded_ros2_ws/install/odrive_can/share/odrive_can/cmake/export_odrive_can__rosidl_typesupport_fastrtps_cppExport.cmake
[134.135s] -- Up-to-date: /home/pi/Legacy/URC-2026/embedded_ros2_ws/install/odrive_can/share/odrive_can/cmake/export_odrive_can__rosidl_typesupport_fastrtps_cppExport-noconfig.cmake
[134.136s] -- Up-to-date: /home/pi/Legacy/URC-2026/embedded_ros2_ws/install/odrive_can/share/odrive_can/cmake/odrive_can__rosidl_typesupport_introspection_cExport.cmake
[134.137s] -- Up-to-date: /home/pi/Legacy/URC-2026/embedded_ros2_ws/install/odrive_can/share/odrive_can/cmake/odrive_can__rosidl_typesupport_introspection_cExport-noconfig.cmake
[134.138s] -- Up-to-date: /home/pi/Legacy/URC-2026/embedded_ros2_ws/install/odrive_can/share/odrive_can/cmake/odrive_can__rosidl_typesupport_cExport.cmake
[134.138s] -- Up-to-date: /home/pi/Legacy/URC-2026/embedded_ros2_ws/install/odrive_can/share/odrive_can/cmake/odrive_can__rosidl_typesupport_cExport-noconfig.cmake
[134.139s] -- Up-to-date: /home/pi/Legacy/URC-2026/embedded_ros2_ws/install/odrive_can/share/odrive_can/cmake/odrive_can__rosidl_typesupport_introspection_cppExport.cmake
[134.140s] -- Up-to-date: /home/pi/Legacy/URC-2026/embedded_ros2_ws/install/odrive_can/share/odrive_can/cmake/odrive_can__rosidl_typesupport_introspection_cppExport-noconfig.cmake
[134.141s] -- Up-to-date: /home/pi/Legacy/URC-2026/embedded_ros2_ws/install/odrive_can/share/odrive_can/cmake/odrive_can__rosidl_typesupport_cppExport.cmake
[134.141s] -- Up-to-date: /home/pi/Legacy/URC-2026/embedded_ros2_ws/install/odrive_can/share/odrive_can/cmake/odrive_can__rosidl_typesupport_cppExport-noconfig.cmake
[134.142s] -- Up-to-date: /home/pi/Legacy/URC-2026/embedded_ros2_ws/install/odrive_can/share/odrive_can/cmake/export_odrive_can__rosidl_generator_pyExport.cmake
[134.143s] -- Up-to-date: /home/pi/Legacy/URC-2026/embedded_ros2_ws/install/odrive_can/share/odrive_can/cmake/export_odrive_can__rosidl_generator_pyExport-noconfig.cmake
[134.143s] -- Up-to-date: /home/pi/Legacy/URC-2026/embedded_ros2_ws/install/odrive_can/share/odrive_can/cmake/rosidl_cmake-extras.cmake
[134.143s] -- Up-to-date: /home/pi/Legacy/URC-2026/embedded_ros2_ws/install/odrive_can/share/odrive_can/cmake/ament_cmake_export_include_directories-extras.cmake
[134.144s] -- Up-to-date: /home/pi/Legacy/URC-2026/embedded_ros2_ws/install/odrive_can/share/odrive_can/cmake/ament_cmake_export_libraries-extras.cmake
[134.144s] -- Up-to-date: /home/pi/Legacy/URC-2026/embedded_ros2_ws/install/odrive_can/share/odrive_can/cmake/ament_cmake_export_targets-extras.cmake
[134.145s] -- Up-to-date: /home/pi/Legacy/URC-2026/embedded_ros2_ws/install/odrive_can/share/odrive_can/cmake/rosidl_cmake_export_typesupport_targets-extras.cmake
[134.145s] -- Up-to-date: /home/pi/Legacy/URC-2026/embedded_ros2_ws/install/odrive_can/share/odrive_can/cmake/ament_cmake_export_dependencies-extras.cmake
[134.146s] -- Up-to-date: /home/pi/Legacy/URC-2026/embedded_ros2_ws/install/odrive_can/share/odrive_can/cmake/rosidl_cmake_export_typesupport_libraries-extras.cmake
[134.146s] -- Up-to-date: /home/pi/Legacy/URC-2026/embedded_ros2_ws/install/odrive_can/share/odrive_can/cmake/odrive_canConfig.cmake
[134.147s] -- Up-to-date: /home/pi/Legacy/URC-2026/embedded_ros2_ws/install/odrive_can/share/odrive_can/cmake/odrive_canConfig-version.cmake
[134.147s] -- Up-to-date: /home/pi/Legacy/URC-2026/embedded_ros2_ws/install/odrive_can/share/odrive_can/package.xml
[134.156s] Invoked command in '/home/pi/Legacy/URC-2026/embedded_ros2_ws/build/odrive_can' returned '0': CMAKE_PREFIX_PATH=${CMAKE_PREFIX_PATH}:/home/pi/Legacy/URC-2026/embedded_ros2_ws/install/blender_motor:/home/pi/Legacy/Testing/ros2_ws/install/rover_motor_command:/home/pi/Legacy/URC-2026/drive_ros2_ws/install/drive_manager:/opt/ros/humble /usr/bin/cmake --install /home/pi/Legacy/URC-2026/embedded_ros2_ws/build/odrive_can
